******************************************************************************
            TI ARM Clang Linker PC v4.0.4                      
******************************************************************************
>> Linked Wed Apr 22 15:18:57 2026

OUTPUT FILE NAME:   <ECE319K_Lab9H.out>
ENTRY POINT SYMBOL: "_c_int00_noargs"  address: 0001a919


MEMORY CONFIGURATION

         name            origin    length      used     unused   attr    fill
----------------------  --------  ---------  --------  --------  ----  --------
  FLASH                 00000000   00020000  0001ade0  00005220  R  X
  SRAM                  20200000   00008000  000008fd  00007703  RW X
  BCR_CONFIG            41c00000   00000080  00000000  00000080  R   
  BSL_CONFIG            41c00100   00000080  00000000  00000080  R   


SEGMENT ALLOCATION MAP

run origin  load origin   length   init length attrs members
----------  ----------- ---------- ----------- ----- -------
00000000    00000000    0001ade0   0001ade0    r-x
  00000000    00000000    000000c0   000000c0    r-- .intvecs
  000000c0    000000c0    00016960   00016960    r-- .rodata
  00016a20    00016a20    00004320   00004320    r-x .text
  0001ad40    0001ad40    00000008   00000008    r-- .init_array
  0001ad48    0001ad48    00000098   00000098    r-- .cinit
20200000    20200000    00000700   00000000    rw-
  20200000    20200000    00000315   00000000    rw- .data
  20200318    20200318    00000200   00000000    rw- .sysmem
  20200518    20200518    000001e8   00000000    rw- .bss
20207e00    20207e00    00000200   00000000    rw-
  20207e00    20207e00    00000200   00000000    rw- .stack


SECTION ALLOCATION MAP

 output                                  attributes/
section   page    origin      length       input sections
--------  ----  ----------  ----------   ----------------
.intvecs   0    00000000    000000c0     
                  00000000    000000c0     startup_mspm0g3507_ticlang.o (.intvecs)

.binit     0    00000000    00000000     

.text      0    00016a20    00004320     
                  00016a20    00000868     libc.a : _printfi.c.obj (.text:__TI_printfi_nofloat)
                  00017288    00000210     ST7735.o (.text._Z17ST7735_DrawBitmapssPKtss)
                  00017498    000001b4     Clock.o (.text._Z15Clock_Init80MHzi)
                  0001764c    000001a0     ST7735.o (.text._Z16ST7735_DrawCharSsscssh)
                  000177ec    00000184     game_structs.o (.text._ZN8WinState7displayEP4Game)
                  00017970    00000170     game_structs.o (.text._ZN18RoundFeedbackState7displayEP4Game)
                  00017ae0    00000154     libc.a : fopen.c.obj (.text._openfile)
                  00017c34    0000014c     connors_display_helper.o (.text._Z25CDH_DrawBitmapTransparentssPKtsstbb)
                  00017d80    00000124     connors_display_helper.o (.text._Z16CDH_DrawBitmap2xssPKtss)
                  00017ea4    00000118     ST7735.o (.text._Z15ST7735_FillRectsssst)
                  00017fbc    00000114     libc.a : memory.c.obj (.text.aligned_alloc)
                  000180d0    00000110     game_structs.o (.text._ZN9Atk1State7displayEP4Game)
                  000181e0    00000110     game_structs.o (.text._ZN9Atk2State7displayEP4Game)
                  000182f0    00000110     game_structs.o (.text._ZN9Atk3State7displayEP4Game)
                  00018400    00000100     game_structs.o (.text._ZN18RoundFeedbackState7onEnterEP4Game)
                  00018500    000000f8     SPI.o (.text._Z8SPI_Initv)
                  000185f8    000000f4     ST7735.o (.text._Z18ST7735_SetRotationh)
                  000186ec    000000ec     libsysbm.a : add_device.c.obj (.text.add_device)
                  000187d8    000000e8     libc.a : memory.c.obj (.text.free)
                  000188c0    000000e0     game_structs.o (.text._ZN18SwitchOffenceState7displayEP4Game)
                  000189a0    000000e0     libc.a : setvbuf.c.obj (.text.setvbuf)
                  00018a80    000000d0     ST7735.o (.text._Z14ST7735_OutCharc)
                  00018b50    000000a2     ST7735.o (.text._ZL11commandListPKh)
                  00018bf2    00000002     libclang_rt.builtins.a : aeabi_div0.c.obj (.text.__aeabi_idiv0)
                  00018bf4    000000a2                            : udivmoddi4.S.obj (.text)
                  00018c96    00000002                            : aeabi_div0.c.obj (.text.__aeabi_ldiv0)
                  00018c98    000000a0     ST7735.o (.text._Z17ST7735_InitPrintf10initRFlags)
                  00018d38    000000a0     libsysbm.a : open.c.obj (.text.open)
                  00018dd8    00000098     ST7735.o (.text._Z12ST7735_InitR10initRFlags)
                  00018e70    00000094     Timer.o (.text._Z15TimerG12_IntArmjj)
                  00018f04    00000090     connors_display_helper.o (.text._Z14CDH_DrawStringttPcsii)
                  00018f94    0000008c     accel_read.o (.text._Z14ReadDirectionsv)
                  00019020    00000088     ST7735.o (.text._ZL13setAddrWindowhhhh)
                  000190a8    00000088     game_structs.o (.text._ZN9Atk1State5logicEP4Game)
                  00019130    00000088     libc.a : strcmp-armv6m.S.obj (.text:strcmp)
                  000191b8    00000086     game_structs.o (.text._ZN9Atk2State5logicEP4Game)
                  0001923e    00000084     ST7735.o (.text._Z17ST7735_DrawStringttPcs)
                  000192c2    00000002     libc.a : _lock.c.obj (.text._nop)
                  000192c4    00000080     accel_read.o (.text._Z12ADC_ReadBothPiS_)
                  00019344    0000007e     game_structs.o (.text._ZN18SwitchOffenceState5logicEP4Game)
                  000193c2    00000002     --HOLE-- [fill = 0]
                  000193c4    0000007c     LaunchPad.o (.text._Z14LaunchPad_Initv)
                  00019440    0000007c     game_structs.o (.text._ZN9Atk3State5logicEP4Game)
                  000194bc    0000007c     libc.a : fclose.c.obj (.text.__TI_closefile)
                  00019538    0000007c            : copy_decompress_lzss.c.obj (.text:decompress:lzss)
                  000195b4    00000078     accel_read.o (.text._Z9ADC0_Initv)
                  0001962c    00000078     accel_read.o (.text._Z9ADC1_Initv)
                  000196a4    00000078     game_structs.o (.text._ZN4Game4initEv)
                  0001971c    00000074     accel_read.o (.text._Z9Calibratev)
                  00019790    00000070     ST7735.o (.text._Z16ST7735_DrawPixelsst)
                  00019800    00000070     game_structs.o (.text._ZN9Atk1State7onEnterEP4Game)
                  00019870    00000070     game_structs.o (.text._ZN9Atk2State7onEnterEP4Game)
                  000198e0    00000070     game_structs.o (.text._ZN9Atk3State7onEnterEP4Game)
                  00019950    0000006c     libsysbm.a : hostlseek.c.obj (.text.HOSTlseek)
                  000199bc    0000006c                : hostrename.c.obj (.text.HOSTrename)
                  00019a28    0000006c     libc.a : getdevice.c.obj (.text.getdevice)
                  00019a94    00000068     game_structs.o (.text._ZN10StartState7displayEP4Game)
                  00019afc    00000068     game_structs.o (.text._ZN4Game10directionsEv)
                  00019b64    00000064     libc.a : memory.c.obj (.text.split)
                  00019bc8    00000060     libsysbm.a : hostopen.c.obj (.text.HOSTopen)
                  00019c28    00000060     game_structs.o (.text._ZN10StartState5logicEP4Game)
                  00019c88    0000005e     Lab9HMain.o (.text._ZN4GameC2Ev)
                  00019ce6    00000002     --HOLE-- [fill = 0]
                  00019ce8    00000058     libsysbm.a : hostread.c.obj (.text.HOSTread)
                  00019d40    00000058                : hostwrite.c.obj (.text.HOSTwrite)
                  00019d98    00000058     Lab9HMain.o (.text.TIMG12_IRQHandler)
                  00019df0    00000058     Lab9HMain.o (.text.main)
                  00019e48    00000056     game_structs.o (.text._ZN18RoundFeedbackState5logicEP4Game)
                  00019e9e    00000002     --HOLE-- [fill = 0]
                  00019ea0    00000056     libclang_rt.builtins.a : aeabi_idivmod.S.obj (.text.__aeabi_idivmod)
                  00019ef6    00000002     --HOLE-- [fill = 0]
                  00019ef8    00000054     game_structs.o (.text._ZN18SwitchOffenceState7onEnterEP4Game)
                  00019f4c    00000054     libc.a : autoinit.c.obj (.text:__TI_auto_init_nobinit)
                  00019fa0    00000052            : fflush.c.obj (.text.__TI_doflush)
                  00019ff2    00000002     --HOLE-- [fill = 0]
                  00019ff4    00000050     Sound.o (.text._Z10Sound_Initv)
                  0001a044    00000050     connors_display_helper.o (.text._Z11CDH_OutUDecttjsii)
                  0001a094    00000050     libsysbm.a : close.c.obj (.text.close)
                  0001a0e4    0000004e     game_structs.o (.text._ZN4Game12switchStatesEi)
                  0001a132    00000002     --HOLE-- [fill = 0]
                  0001a134    0000004c     libc.a : snprintf.c.obj (.text.snprintf)
                  0001a180    00000048     libsysbm.a : hostclose.c.obj (.text.HOSTclose)
                  0001a1c8    00000048                : hostunlink.c.obj (.text.HOSTunlink)
                  0001a210    00000048     SPI.o (.text._Z14SPI_OutCommandc)
                  0001a258    00000044     Sound.o (.text.SysTick_Handler)
                  0001a29c    00000044     Sound.o (.text._Z14SysTick_IntArmjj)
                  0001a2e0    00000040     Sound.o (.text._Z11Sound_StartPKhj)
                  0001a320    00000040     SPI.o (.text._Z9SPI_Resetv)
                  0001a360    00000040     libclang_rt.builtins.a : aeabi_uidivmod.S.obj (.text.__aeabi_uidivmod)
                  0001a3a0    00000040     libc.a : fopen.c.obj (.text._search_fp)
                  0001a3e0    00000040            : atoi.c.obj (.text.atoi)
                  0001a420    0000003e     game_structs.o (.text._ZN8WinState5logicEP4Game)
                  0001a45e    0000003c     game_structs.o (.text._ZN5State7displayEP4Game)
                  0001a49a    00000002     --HOLE-- [fill = 0]
                  0001a49c    0000003a     libclang_rt.builtins.a : muldsi3.S.obj (.text.__muldsi3)
                  0001a4d6    00000002     --HOLE-- [fill = 0]
                  0001a4d8    00000038     SPI.o (.text._Z11SPI_OutDatac)
                  0001a510    00000038     LaunchPad.o (.text._Z15ActivatePortA_Bv)
                  0001a548    00000036     game_structs.o (.text._ZN4Game11updateStateEv)
                  0001a57e    00000034     ST7735.o (.text._Z12ST7735_writeiPKcj)
                  0001a5b2    00000002     --HOLE-- [fill = 0]
                  0001a5b4    00000034     Clock.o (.text._Z14Clock_Delay1msj)
                  0001a5e8    00000034     ST7735.o (.text._Z16ST7735_SetCursorjj)
                  0001a61c    00000034     game_structs.o (.text._ZN4Game10get_inputsEv)
                  0001a650    00000034     libc.a : fopen.c.obj (.text.__TI_cleanup)
                  0001a684    00000034     libsysbm.a : trgmsg.c.obj (.text.__TI_readmsg)
                  0001a6b8    00000034                : trgmsg.c.obj (.text.__TI_writemsg)
                  0001a6ec    00000034     libc.a : exit.c.obj (.text.exit)
                  0001a720    00000034            : getdevice.c.obj (.text.finddevice)
                  0001a754    00000034            : fopen.c.obj (.text.freopen)
                  0001a788    00000030     ST7735.o (.text._ZL10commonInitPKh)
                  0001a7b8    00000030     game_structs.o (.text._ZN10StartStateC2Ev)
                  0001a7e8    00000030     libc.a : snprintf.c.obj (.text._outs)
                  0001a818    00000030            : fopen.c.obj (.text.fopen)
                  0001a848    0000002c     ST7735.o (.text._Z17ST7735_FillScreent)
                  0001a874    0000002c     libsysbm.a : unlink.c.obj (.text.unlink)
                  0001a8a0    00000028     game_structs.o (.text._ZN18RoundFeedbackStateC2Ev)
                  0001a8c8    00000028     libc.a : memory.c.obj (.text.free_list_insert)
                  0001a8f0    00000028     libsysbm.a : write.c.obj (.text.write)
                  0001a918    00000028     libc.a : boot_cortex_m.c.obj (.text:_c_int00_noargs)
                  0001a940    00000024     game_structs.o (.text._ZN18SwitchOffenceStateC2Ev)
                  0001a964    00000024     game_structs.o (.text._ZN9Atk1StateC2Ev)
                  0001a988    00000024     game_structs.o (.text._ZN9Atk2StateC2Ev)
                  0001a9ac    00000024     game_structs.o (.text._ZN9Atk3StateC2Ev)
                  0001a9d0    00000024     libclang_rt.builtins.a : muldi3.S.obj (.text.__muldi3)
                  0001a9f4    00000022     libc.a : memccpy.c.obj (.text.memccpy)
                  0001aa16    00000002     --HOLE-- [fill = 0]
                  0001aa18    00000020     Sound.o (.text._Z8DAC5_Outj)
                  0001aa38    00000020     game_structs.o (.text._ZN8WinStateC2Ev)
                  0001aa58    0000001e     ST7735.o (.text._ZL9pushColort)
                  0001aa76    00000002     --HOLE-- [fill = 0]
                  0001aa78    0000001e     libclang_rt.builtins.a : ashldi3.S.obj (.text.__ashldi3)
                  0001aa96    00000002     --HOLE-- [fill = 0]
                  0001aa98    0000001c     startup_mspm0g3507_ticlang.o (.text.Default_Handler)
                  0001aab4    0000001c     startup_mspm0g3507_ticlang.o (.text.HardFault_Handler)
                  0001aad0    0000001c     game_structs.o (.text._ZN5StateC2Ev)
                  0001aaec    0000001c     libc.a : memory.c.obj (.text.free_list_remove)
                  0001ab08    0000001a     game_structs.o (.text._ZN10StartState7onEnterEP4Game)
                  0001ab22    00000018     libc.a : snprintf.c.obj (.text._outc)
                  0001ab3a    00000016     ST7735.o (.text._Z11ST7735_openPKcji)
                  0001ab50    00000016     ST7735.o (.text._Z11ST7735_readiPcj)
                  0001ab66    00000016     libc.a : copy_zero_init.c.obj (.text:decompress:ZI:__TI_zero_init_nomemset)
                  0001ab7c    00000014     Sound.o (.text._Z10Sound_Bellv)
                  0001ab90    00000014     Sound.o (.text._Z10Sound_Missv)
                  0001aba4    00000014     Sound.o (.text._Z10Sound_Tickv)
                  0001abb8    00000014     Sound.o (.text._Z9Sound_Hitv)
                  0001abcc    00000014     libclang_rt.builtins.a : aeabi_uldivmod.S.obj (.text.__aeabi_uldivmod)
                  0001abe0    00000012     libc.a : memcpy16.S.obj (.text:TI_memcpy_small)
                  0001abf2    00000012            : copy_decompress_none.c.obj (.text:decompress:none)
                  0001ac04    00000010     Clock.o (.text._Z11Clock_Delayj)
                  0001ac14    00000010     game_structs.o (.text._ZN5State7onEnterEP4Game)
                  0001ac24    00000010     Lab9HMain.o (.text.__cxx_global_var_init)
                  0001ac34    00000010     libc.a : wcslen.c.obj (.text.wcslen)
                  0001ac44    0000000e            : memory.c.obj (.text.OUTLINED_FUNCTION_0)
                  0001ac52    0000000e     ST7735.o (.text._Z12ST7735_lseekili)
                  0001ac60    0000000e     libclang_rt.builtins.a : aeabi_memset.S.obj (.text.__aeabi_memset)
                  0001ac6e    0000000e     libsysbm.a : hostrename.c.obj (.text.strcpy)
                  0001ac7c    0000000e     libc.a : _printfi.c.obj (.text.strlen)
                  0001ac8a    0000000e     libsysbm.a : hostrename.c.obj (.text.strlen)
                  0001ac98    0000000e     libc.a : memset16.S.obj (.text:TI_memset_small)
                  0001aca6    00000002     --HOLE-- [fill = 0]
                  0001aca8    0000000c     Clock.o (.text._Z10Clock_Freqv)
                  0001acb4    0000000c     ST7735.o (.text._Z13ST7735_renamePKcS0_)
                  0001acc0    0000000c     libclang_rt.builtins.a : aeabi_memset.S.obj (.text.__aeabi_memclr)
                  0001accc    0000000c     libc.a : memory.c.obj (.text.malloc)
                  0001acd8    0000000a     ST7735.o (.text._Z12ST7735_closei)
                  0001ace2    0000000a     ST7735.o (.text._Z13ST7735_unlinkPKc)
                  0001acec    0000000a     Lab9HMain.o (.text._Z8PLL_Initv)
                  0001acf6    0000000a     game_structs.o (.text._ZN5State5logicEP4Game)
                  0001ad00    0000000a     game_structs.o (.text._ZN8WinState7onEnterEP4Game)
                  0001ad0a    00000008     Lab9HMain.o (.text._GLOBAL__sub_I_Lab9HMain.cpp)
                  0001ad12    00000002     --HOLE-- [fill = 0]
                  0001ad14    00000008     libc.a : aeabi_portable.c.obj (.text.__aeabi_errno_addr)
                  0001ad1c    00000008     libclang_rt.builtins.a : aeabi_memcpy.S.obj (.text.__aeabi_memcpy)
                  0001ad24    00000008     libsysbm.a : remove.c.obj (.text.remove)
                  0001ad2c    00000006     libc.a : exit.c.obj (.text:abort)
                  0001ad32    00000004     libsysbm.a : hostexit.c.obj (.text.HOSTexit)
                  0001ad36    00000004     startup_mspm0g3507_ticlang.o (.text.Reset_Handler)
                  0001ad3a    00000004     libc.a : pre_init.c.obj (.text._system_pre_init)
                  0001ad3e    00000002     --HOLE-- [fill = 0]

.cinit     0    0001ad48    00000098     
                  0001ad48    00000071     (.cinit..data.load) [load image, compression = lzss]
                  0001adb9    00000003     --HOLE-- [fill = 0]
                  0001adbc    0000000c     (__TI_handler_table)
                  0001adc8    00000008     (.cinit..bss.load) [load image, compression = zero_init]
                  0001add0    00000010     (__TI_cinit_table)

.rodata    0    000000c0    00016960     
                  000000c0    00007080     game_structs.o (.rodata._ZL7valvano)
                  00007140    00004002     Sound.o (.rodata._ZL11boxing_bell)
                  0000b142    000036b0     game_structs.o (.rodata._ZL8yerballi)
                  0000e7f2    00002440     game_structs.o (.rodata._ZL14boxing_ring_bg)
                  00010c32    00002328     game_structs.o (.rodata._ZL12cover_splash)
                  00012f5a    00001974     Sound.o (.rodata._ZL3hit)
                  000148ce    00001734     Sound.o (.rodata._ZL4miss)
                  00016002    000004fb     ST7735.o (.rodata._ZL4Font)
                  000164fd    000001a6     Sound.o (.rodata._ZL4tick)
                  000166a3    0000000d     ST7735.o (.rodata._ZL10Rcmd2green)
                  000166b0    00000101     libc.a : aeabi_ctype.S.obj (.rodata:__aeabi_ctype_table_)
                  000167b1    0000003b     ST7735.o (.rodata._ZL5Rcmd1)
                  000167ec    0000002b     ST7735.o (.rodata._ZL5Rcmd3)
                  00016817    0000001a     game_structs.o (.rodata.str1.12459122091221191539.1)
                  00016831    00000016     ST7735.o (.rodata.str1.14736978382213673245.1)
                  00016847    00000015     game_structs.o (.rodata.str1.13835767611687241610.1)
                  0001685c    00000015     game_structs.o (.rodata.str1.6340018968352854695.1)
                  00016871    00000002     game_structs.o (.rodata.str1.14592636505333487246.1)
                  00016873    00000001     --HOLE-- [fill = 0]
                  00016874    00000014     game_structs.o (.rodata._ZTV10StartState)
                  00016888    00000014     game_structs.o (.rodata._ZTV18RoundFeedbackState)
                  0001689c    00000014     game_structs.o (.rodata._ZTV18SwitchOffenceState)
                  000168b0    00000014     game_structs.o (.rodata._ZTV5State)
                  000168c4    00000014     game_structs.o (.rodata._ZTV8WinState)
                  000168d8    00000014     game_structs.o (.rodata._ZTV9Atk1State)
                  000168ec    00000014     game_structs.o (.rodata._ZTV9Atk2State)
                  00016900    00000014     game_structs.o (.rodata._ZTV9Atk3State)
                  00016914    00000014     game_structs.o (.rodata.str1.13031987076347950009.1)
                  00016928    00000014     game_structs.o (.rodata.str1.9776997114013541529.1)
                  0001693c    00000013     game_structs.o (.rodata.str1.15856950605285521293.1)
                  0001694f    00000013     game_structs.o (.rodata.str1.9634431226793688465.1)
                  00016962    00000012     game_structs.o (.rodata.str1.7480764971921489808.1)
                  00016974    00000011     libc.a : _printfi.c.obj (.rodata.str1.10348868589481759720.1)
                  00016985    00000011            : _printfi.c.obj (.rodata.str1.15363888844622738466.1)
                  00016996    0000000f     game_structs.o (.rodata.str1.1876938374215399292.1)
                  000169a5    0000000d     ST7735.o (.rodata._ZL8Rcmd2red)
                  000169b2    0000000a     game_structs.o (.rodata.str1.4999439703787095262.1)
                  000169bc    00000009     game_structs.o (.rodata.str1.9079934376650958619.1)
                  000169c5    00000008     game_structs.o (.rodata.str1.15918645729875841078.1)
                  000169cd    00000008     game_structs.o (.rodata.str1.3295804324984720742.1)
                  000169d5    00000008     ST7735.o (.rodata.str1.7209918599617305731.1)
                  000169dd    00000008     game_structs.o (.rodata.str1.756431122810206414.1)
                  000169e5    00000007     ST7735.o (.rodata.str1.10208736415454880443.1)
                  000169ec    00000007     game_structs.o (.rodata.str1.17679974583974502919.1)
                  000169f3    00000007     ST7735.o (.rodata.str1.8723687351022562626.1)
                  000169fa    00000006     game_structs.o (.rodata.str1.10821656762219671030.1)
                  00016a00    00000005     game_structs.o (.rodata.str1.13661545893789683143.1)
                  00016a05    00000005     game_structs.o (.rodata.str1.9463065910988973633.1)
                  00016a0a    00000004     connors_display_helper.o (.rodata.str1.16435377500231430742.1)
                  00016a0e    00000002     ST7735.o (.rodata.str1.18358205720993799461.1)
                  00016a10    00000002     game_structs.o (.rodata.str1.6443231148109387488.1)
                  00016a12    0000000e     --HOLE-- [fill = 0]

.init_array 
*          0    0001ad40    00000008     
                  0001ad40    00000004     Lab9HMain.o (.init_array)
                  0001ad44    00000004     --HOLE-- [fill = 0]

.data      0    20200000    00000315     UNINITIALIZED
                  20200000    00000128     Lab9HMain.o (.data.game)
                  20200128    000000f0     libc.a : defs.c.obj (.data._ftable)
                  20200218    00000078     libsysbm.a : host_device.c.obj (.data._device)
                  20200290    00000050                : host_device.c.obj (.data._stream)
                  202002e0    00000008     libc.a : exit.c.obj (.data..L_MergedGlobals)
                  202002e8    00000004     Clock.o (.data.BusFreq)
                  202002ec    00000004     ST7735.o (.data.StX)
                  202002f0    00000004     ST7735.o (.data.StY)
                  202002f4    00000004     libc.a : defs.c.obj (.data.__TI_ft_end)
                  202002f8    00000004            : aeabi_portable.c.obj (.data.__aeabi_errno)
                  202002fc    00000004            : _lock.c.obj (.data._lock)
                  20200300    00000004            : _lock.c.obj (.data._unlock)
                  20200304    00000002     ST7735.o (.data.StTextColor)
                  20200306    00000002     ST7735.o (.data._ZL6_width)
                  20200308    00000002     ST7735.o (.data._ZL7_height)
                  2020030a    00000001     accel_read.o (.data.d1)
                  2020030b    00000001     accel_read.o (.data.d2)
                  2020030c    00000001     libsysbm.a : add_device.c.obj (.data.add_device.device_init)
                  2020030d    00000003     --HOLE--
                  20200310    00000001     libc.a : memory.c.obj (.data.memory_is_initialized)
                  20200311    00000003     --HOLE--
                  20200314    00000001     libsysbm.a : open.c.obj (.data.open.stream_init)

.sysmem    0    20200318    00000200     UNINITIALIZED
                  20200318    00000010     libc.a : memory.c.obj (.sysmem)
                  20200328    000001f0     --HOLE--

.bss       0    20200518    000001e8     UNINITIALIZED
                  20200518    00000120     libsysbm.a : trgmsg.c.obj (.bss:_CIOBUF_)
                  20200638    000000a0     libc.a : defs.c.obj (.bss.__TI_tmpnams)
                  202006d8    00000008     libsysbm.a : hostopen.c.obj (.bss.parmbuf)
                  202006e0    00000004     accel_read.o (.bss.REST_P1)
                  202006e4    00000004     accel_read.o (.bss.REST_P2)
                  202006e8    00000004     Sound.o (.bss.SoundArr)
                  202006ec    00000004     Sound.o (.bss.SoundCount)
                  202006f0    00000004     accel_read.o (.bss.r1)
                  202006f4    00000004     accel_read.o (.bss.r2)
                  202006f8    00000004     libc.a : memory.c.obj (.bss.sys_free)
                  202006fc    00000001     ST7735.o (.bss._ZL8ColStart)
                  202006fd    00000001     ST7735.o (.bss._ZL8Rotation)
                  202006fe    00000001     ST7735.o (.bss._ZL8RowStart)
                  202006ff    00000001     ST7735.o (.bss._ZL8TabColor)

.stack     0    20207e00    00000200     UNINITIALIZED
                  20207e00    00000004     libc.a : boot_cortex_m.c.obj (.stack)
                  20207e04    000001fc     --HOLE--

__llvm_prf_cnts 
*          0    20200000    00000000     UNINITIALIZED

__llvm_prf_bits 
*          0    20200000    00000000     UNINITIALIZED

MODULE SUMMARY

       Module                         code    ro data   rw data
       ------                         ----    -------   -------
    .\
       game_structs.o                 4162    61489     0      
       Sound.o                        392     29264     8      
       ST7735.o                       2846    1449      18     
       connors_display_helper.o       848     4         0      
       accel_read.o                   624     0         18     
       Lab9HMain.o                    304     4         296    
       Clock.o                        516     0         4      
       SPI.o                          440     0         0      
       LaunchPad.o                    180     0         0      
       Timer.o                        148     0         0      
    +--+------------------------------+-------+---------+---------+
       Total:                         10460   92210     344    
                                                               
    .\ticlang\
       startup_mspm0g3507_ticlang.o   60      192       0      
    +--+------------------------------+-------+---------+---------+
       Total:                         60      192       0      
                                                               
    C:\ti\ccs2030\ccs\tools\compiler\ti-cgt-armllvm_4.0.4.LTS\lib\armv6m-ti-none-eabi/c/libc.a
       _printfi.c.obj                 2166    34        0      
       memory.c.obj                   702     0         5      
       fopen.c.obj                    556     0         0      
       defs.c.obj                     0       0         404    
       aeabi_ctype.S.obj              0       257       0      
       setvbuf.c.obj                  224     0         0      
       getdevice.c.obj                160     0         0      
       snprintf.c.obj                 148     0         0      
       strcmp-armv6m.S.obj            136     0         0      
       copy_decompress_lzss.c.obj     124     0         0      
       fclose.c.obj                   124     0         0      
       autoinit.c.obj                 84      0         0      
       fflush.c.obj                   82      0         0      
       exit.c.obj                     58      0         8      
       atoi.c.obj                     64      0         0      
       boot_cortex_m.c.obj            40      0         0      
       memccpy.c.obj                  34      0         0      
       copy_zero_init.c.obj           22      0         0      
       copy_decompress_none.c.obj     18      0         0      
       memcpy16.S.obj                 18      0         0      
       wcslen.c.obj                   16      0         0      
       memset16.S.obj                 14      0         0      
       aeabi_portable.c.obj           8       0         4      
       _lock.c.obj                    2       0         8      
       pre_init.c.obj                 4       0         0      
    +--+------------------------------+-------+---------+---------+
       Total:                         4804    291       429    
                                                               
    C:\ti\ccs2030\ccs\tools\compiler\ti-cgt-armllvm_4.0.4.LTS\lib\armv6m-ti-none-eabi/c/libsysbm.a
       trgmsg.c.obj                   104     0         288    
       add_device.c.obj               236     0         1      
       host_device.c.obj              0       0         200    
       open.c.obj                     160     0         1      
       hostrename.c.obj               136     0         0      
       hostlseek.c.obj                108     0         0      
       hostopen.c.obj                 96      0         8      
       hostread.c.obj                 88      0         0      
       hostwrite.c.obj                88      0         0      
       close.c.obj                    80      0         0      
       hostclose.c.obj                72      0         0      
       hostunlink.c.obj               72      0         0      
       unlink.c.obj                   44      0         0      
       write.c.obj                    40      0         0      
       remove.c.obj                   8       0         0      
       hostexit.c.obj                 4       0         0      
    +--+------------------------------+-------+---------+---------+
       Total:                         1336    0         498    
                                                               
    C:\ti\ccs2030\ccs\tools\compiler\ti-cgt-armllvm_4.0.4.LTS\lib\armv6m-ti-none-eabi/libclang_rt.builtins.a
       udivmoddi4.S.obj               162     0         0      
       aeabi_idivmod.S.obj            86      0         0      
       aeabi_uidivmod.S.obj           64      0         0      
       muldsi3.S.obj                  58      0         0      
       muldi3.S.obj                   36      0         0      
       ashldi3.S.obj                  30      0         0      
       aeabi_memset.S.obj             26      0         0      
       aeabi_uldivmod.S.obj           20      0         0      
       aeabi_memcpy.S.obj             8       0         0      
       aeabi_div0.c.obj               4       0         0      
    +--+------------------------------+-------+---------+---------+
       Total:                         494     0         0      
                                                               
       Heap:                          0       0         512    
       Stack:                         0       0         512    
       Linker Generated:              0       149       0      
    +--+------------------------------+-------+---------+---------+
       Grand Total:                   17154   92842     2295   


LINKER GENERATED COPY TABLES

__TI_cinit_table @ 0001add0 records: 2, size/record: 8, table size: 16
	.data: load addr=0001ad48, load size=00000071 bytes, run addr=20200000, run size=00000315 bytes, compression=lzss
	.bss: load addr=0001adc8, load size=00000008 bytes, run addr=20200518, run size=000001e8 bytes, compression=zero_init


LINKER GENERATED HANDLER TABLE

__TI_handler_table @ 0001adbc records: 3, size/record: 4, table size: 12
	index: 0, handler: __TI_decompress_lzss
	index: 1, handler: __TI_decompress_none
	index: 2, handler: __TI_zero_init


GLOBAL SYMBOLS: SORTED ALPHABETICALLY BY Name 

address   name                                   
-------   ----                                   
0001aa99  ADC0_IRQHandler                        
0001aa99  ADC1_IRQHandler                        
0001aa99  AES_IRQHandler                         
202002e8  BusFreq                                
0001ad32  C$$EXIT                                
0001a6e5  C$$IO$$                                
0001aa99  CANFD0_IRQHandler                      
0001aa99  DAC0_IRQHandler                        
0001aa99  DMA_IRQHandler                         
0001aa99  Default_Handler                        
0001aa99  GROUP0_IRQHandler                      
0001aa99  GROUP1_IRQHandler                      
0001a181  HOSTclose                              
0001ad33  HOSTexit                               
00019951  HOSTlseek                              
00019bc9  HOSTopen                               
00019ce9  HOSTread                               
000199bd  HOSTrename                             
0001a1c9  HOSTunlink                             
00019d41  HOSTwrite                              
0001aab5  HardFault_Handler                      
0001aa99  I2C0_IRQHandler                        
0001aa99  I2C1_IRQHandler                        
0001aa99  NMI_Handler                            
0001aa99  PendSV_Handler                         
202006e0  REST_P1                                
202006e4  REST_P2                                
0001aa99  RTC_IRQHandler                         
0001ad37  Reset_Handler                          
0001ad40  SHT$$INIT_ARRAY$$Base                  
0001ad44  SHT$$INIT_ARRAY$$Limit                 
0001aa99  SPI0_IRQHandler                        
0001aa99  SPI1_IRQHandler                        
0001aa99  SVC_Handler                            
202006e8  SoundArr                               
202006ec  SoundCount                             
20200304  StTextColor                            
202002ec  StX                                    
202002f0  StY                                    
0001a259  SysTick_Handler                        
0001aa99  TIMA0_IRQHandler                       
0001aa99  TIMA1_IRQHandler                       
0001aa99  TIMG0_IRQHandler                       
00019d99  TIMG12_IRQHandler                      
0001aa99  TIMG6_IRQHandler                       
0001aa99  TIMG7_IRQHandler                       
0001aa99  TIMG8_IRQHandler                       
0001abe1  TI_memcpy_small                        
0001ac99  TI_memset_small                        
0001aa99  UART0_IRQHandler                       
0001aa99  UART1_IRQHandler                       
0001aa99  UART2_IRQHandler                       
0001aa99  UART3_IRQHandler                       
20200518  _CIOBUF_                               
0001aca9  _Z10Clock_Freqv                        
0001ab7d  _Z10Sound_Bellv                        
00019ff5  _Z10Sound_Initv                        
0001ab91  _Z10Sound_Missv                        
0001aba5  _Z10Sound_Tickv                        
0001a045  _Z11CDH_OutUDecttjsii                  
0001ac05  _Z11Clock_Delayj                       
0001a4d9  _Z11SPI_OutDatac                       
0001ab3b  _Z11ST7735_openPKcji                   
0001ab51  _Z11ST7735_readiPcj                    
0001a2e1  _Z11Sound_StartPKhj                    
000192c5  _Z12ADC_ReadBothPiS_                   
00018dd9  _Z12ST7735_InitR10initRFlags           
0001acd9  _Z12ST7735_closei                      
0001ac53  _Z12ST7735_lseekili                    
0001a57f  _Z12ST7735_writeiPKcj                  
0001acb5  _Z13ST7735_renamePKcS0_                
0001ace3  _Z13ST7735_unlinkPKc                   
00018f05  _Z14CDH_DrawStringttPcsii              
0001a5b5  _Z14Clock_Delay1msj                    
000193c5  _Z14LaunchPad_Initv                    
00018f95  _Z14ReadDirectionsv                    
0001a211  _Z14SPI_OutCommandc                    
00018a81  _Z14ST7735_OutCharc                    
0001a29d  _Z14SysTick_IntArmjj                   
0001a511  _Z15ActivatePortA_Bv                   
00017499  _Z15Clock_Init80MHzi                   
00017ea5  _Z15ST7735_FillRectsssst               
00018e71  _Z15TimerG12_IntArmjj                  
00017d81  _Z16CDH_DrawBitmap2xssPKtss            
0001764d  _Z16ST7735_DrawCharSsscssh             
00019791  _Z16ST7735_DrawPixelsst                
0001a5e9  _Z16ST7735_SetCursorjj                 
00017289  _Z17ST7735_DrawBitmapssPKtss           
0001923f  _Z17ST7735_DrawStringttPcs             
0001a849  _Z17ST7735_FillScreent                 
00018c99  _Z17ST7735_InitPrintf10initRFlags      
000185f9  _Z18ST7735_SetRotationh                
00017c35  _Z25CDH_DrawBitmapTransparentssPKtsstbb
0001aa19  _Z8DAC5_Outj                           
0001aced  _Z8PLL_Initv                           
00018501  _Z8SPI_Initv                           
000195b5  _Z9ADC0_Initv                          
0001962d  _Z9ADC1_Initv                          
0001971d  _Z9Calibratev                          
0001a321  _Z9SPI_Resetv                          
0001abb9  _Z9Sound_Hitv                          
00019c29  _ZN10StartState5logicEP4Game           
00019a95  _ZN10StartState7displayEP4Game         
0001ab09  _ZN10StartState7onEnterEP4Game         
0001a7b9  _ZN10StartStateC1Ev                    
0001a7b9  _ZN10StartStateC2Ev                    
00019e49  _ZN18RoundFeedbackState5logicEP4Game   
00017971  _ZN18RoundFeedbackState7displayEP4Game 
00018401  _ZN18RoundFeedbackState7onEnterEP4Game 
0001a8a1  _ZN18RoundFeedbackStateC1Ev            
0001a8a1  _ZN18RoundFeedbackStateC2Ev            
00019345  _ZN18SwitchOffenceState5logicEP4Game   
000188c1  _ZN18SwitchOffenceState7displayEP4Game 
00019ef9  _ZN18SwitchOffenceState7onEnterEP4Game 
0001a941  _ZN18SwitchOffenceStateC1Ev            
0001a941  _ZN18SwitchOffenceStateC2Ev            
00019afd  _ZN4Game10directionsEv                 
0001a61d  _ZN4Game10get_inputsEv                 
0001a549  _ZN4Game11updateStateEv                
0001a0e5  _ZN4Game12switchStatesEi               
000196a5  _ZN4Game4initEv                        
00019c89  _ZN4GameC2Ev                           
0001acf7  _ZN5State5logicEP4Game                 
0001a45f  _ZN5State7displayEP4Game               
0001ac15  _ZN5State7onEnterEP4Game               
0001aad1  _ZN5StateC2Ev                          
0001a421  _ZN8WinState5logicEP4Game              
000177ed  _ZN8WinState7displayEP4Game            
0001ad01  _ZN8WinState7onEnterEP4Game            
0001aa39  _ZN8WinStateC1Ev                       
0001aa39  _ZN8WinStateC2Ev                       
000190a9  _ZN9Atk1State5logicEP4Game             
000180d1  _ZN9Atk1State7displayEP4Game           
00019801  _ZN9Atk1State7onEnterEP4Game           
0001a965  _ZN9Atk1StateC1Ev                      
0001a965  _ZN9Atk1StateC2Ev                      
000191b9  _ZN9Atk2State5logicEP4Game             
000181e1  _ZN9Atk2State7displayEP4Game           
00019871  _ZN9Atk2State7onEnterEP4Game           
0001a989  _ZN9Atk2StateC1Ev                      
0001a989  _ZN9Atk2StateC2Ev                      
00019441  _ZN9Atk3State5logicEP4Game             
000182f1  _ZN9Atk3State7displayEP4Game           
000198e1  _ZN9Atk3State7onEnterEP4Game           
0001a9ad  _ZN9Atk3StateC1Ev                      
0001a9ad  _ZN9Atk3StateC2Ev                      
00016874  _ZTV10StartState                       
00016888  _ZTV18RoundFeedbackState               
0001689c  _ZTV18SwitchOffenceState               
000168b0  _ZTV5State                             
000168c4  _ZTV8WinState                          
000168d8  _ZTV9Atk1State                         
000168ec  _ZTV9Atk2State                         
00016900  _ZTV9Atk3State                         
20200518  __CIOBUF_                              
20208000  __STACK_END                            
00000200  __STACK_SIZE                           
00000200  __SYSMEM_SIZE                          
00000000  __TI_ATRegion0_region_sz               
00000000  __TI_ATRegion0_src_addr                
00000000  __TI_ATRegion0_trg_addr                
00000000  __TI_ATRegion1_region_sz               
00000000  __TI_ATRegion1_src_addr                
00000000  __TI_ATRegion1_trg_addr                
00000000  __TI_ATRegion2_region_sz               
00000000  __TI_ATRegion2_src_addr                
00000000  __TI_ATRegion2_trg_addr                
0001add0  __TI_CINIT_Base                        
0001ade0  __TI_CINIT_Limit                       
0001ade0  __TI_CINIT_Warm                        
0001adbc  __TI_Handler_Table_Base                
0001adc8  __TI_Handler_Table_Limit               
00019f4d  __TI_auto_init_nobinit                 
0001a651  __TI_cleanup                           
202002e0  __TI_cleanup_ptr                       
000194bd  __TI_closefile                         
00019539  __TI_decompress_lzss                   
0001abf3  __TI_decompress_none                   
00019fa1  __TI_doflush                           
202002e4  __TI_dtors_ptr                         
202002f4  __TI_ft_end                            
ffffffff  __TI_pprof_out_hndl                    
00016a21  __TI_printfi_nofloat                   
ffffffff  __TI_prof_data_size                    
ffffffff  __TI_prof_data_start                   
0001a685  __TI_readmsg                           
00000000  __TI_static_base__                     
20200638  __TI_tmpnams                           
0001a6b9  __TI_writemsg                          
0001ab67  __TI_zero_init_nomemset                
000166b0  __aeabi_ctype_table_                   
000166b0  __aeabi_ctype_table_C                  
202002f8  __aeabi_errno                          
0001ad15  __aeabi_errno_addr                     
00019ea1  __aeabi_idiv                           
00018bf3  __aeabi_idiv0                          
00019ea1  __aeabi_idivmod                        
00018c97  __aeabi_ldiv0                          
0001aa79  __aeabi_llsl                           
0001a9d1  __aeabi_lmul                           
0001acc1  __aeabi_memclr                         
0001acc1  __aeabi_memclr4                        
0001acc1  __aeabi_memclr8                        
0001ad1d  __aeabi_memcpy                         
0001ad1d  __aeabi_memcpy4                        
0001ad1d  __aeabi_memcpy8                        
0001ac61  __aeabi_memset                         
0001ac61  __aeabi_memset4                        
0001ac61  __aeabi_memset8                        
0001a361  __aeabi_uidiv                          
0001a361  __aeabi_uidivmod                       
0001abcd  __aeabi_uldivmod                       
0001aa79  __ashldi3                              
ffffffff  __binit__                              
UNDEFED   __mpu_init                             
0001a9d1  __muldi3                               
0001a49d  __muldsi3                              
20207e00  __stack                                
20200000  __start___llvm_prf_bits                
20200000  __start___llvm_prf_cnts                
20200000  __stop___llvm_prf_bits                 
20200000  __stop___llvm_prf_cnts                 
00018bf5  __udivmoddi4                           
0001a919  _c_int00_noargs                        
20200218  _device                                
20200128  _ftable                                
202002fc  _lock                                  
000192c3  _nop                                   
20200290  _stream                                
20200318  _sys_memory                            
UNDEFED   _system_post_cinit                     
0001ad3b  _system_pre_init                       
20200300  _unlock                                
0001ad2d  abort                                  
000186ed  add_device                             
00017fbd  aligned_alloc                          
0001a3e1  atoi                                   
ffffffff  binit                                  
0001a095  close                                  
2020030a  d1                                     
2020030b  d2                                     
0001a6ed  exit                                   
0001a721  finddevice                             
0001a819  fopen                                  
000187d9  free                                   
0001a755  freopen                                
20200000  game                                   
00019a29  getdevice                              
00000000  interruptVectors                       
00019df1  main                                   
0001accd  malloc                                 
00017fbd  memalign                               
0001a9f5  memccpy                                
00018d39  open                                   
202006d8  parmbuf                                
202006f0  r1                                     
202006f4  r2                                     
0001ad25  remove                                 
000189a1  setvbuf                                
0001a135  snprintf                               
00019131  strcmp                                 
0001a875  unlink                                 
0001ac35  wcslen                                 
0001a8f1  write                                  


GLOBAL SYMBOLS: SORTED BY Symbol Address 

address   name                                   
-------   ----                                   
00000000  __TI_ATRegion0_region_sz               
00000000  __TI_ATRegion0_src_addr                
00000000  __TI_ATRegion0_trg_addr                
00000000  __TI_ATRegion1_region_sz               
00000000  __TI_ATRegion1_src_addr                
00000000  __TI_ATRegion1_trg_addr                
00000000  __TI_ATRegion2_region_sz               
00000000  __TI_ATRegion2_src_addr                
00000000  __TI_ATRegion2_trg_addr                
00000000  __TI_static_base__                     
00000000  interruptVectors                       
00000200  __STACK_SIZE                           
00000200  __SYSMEM_SIZE                          
000166b0  __aeabi_ctype_table_                   
000166b0  __aeabi_ctype_table_C                  
00016874  _ZTV10StartState                       
00016888  _ZTV18RoundFeedbackState               
0001689c  _ZTV18SwitchOffenceState               
000168b0  _ZTV5State                             
000168c4  _ZTV8WinState                          
000168d8  _ZTV9Atk1State                         
000168ec  _ZTV9Atk2State                         
00016900  _ZTV9Atk3State                         
00016a21  __TI_printfi_nofloat                   
00017289  _Z17ST7735_DrawBitmapssPKtss           
00017499  _Z15Clock_Init80MHzi                   
0001764d  _Z16ST7735_DrawCharSsscssh             
000177ed  _ZN8WinState7displayEP4Game            
00017971  _ZN18RoundFeedbackState7displayEP4Game 
00017c35  _Z25CDH_DrawBitmapTransparentssPKtsstbb
00017d81  _Z16CDH_DrawBitmap2xssPKtss            
00017ea5  _Z15ST7735_FillRectsssst               
00017fbd  aligned_alloc                          
00017fbd  memalign                               
000180d1  _ZN9Atk1State7displayEP4Game           
000181e1  _ZN9Atk2State7displayEP4Game           
000182f1  _ZN9Atk3State7displayEP4Game           
00018401  _ZN18RoundFeedbackState7onEnterEP4Game 
00018501  _Z8SPI_Initv                           
000185f9  _Z18ST7735_SetRotationh                
000186ed  add_device                             
000187d9  free                                   
000188c1  _ZN18SwitchOffenceState7displayEP4Game 
000189a1  setvbuf                                
00018a81  _Z14ST7735_OutCharc                    
00018bf3  __aeabi_idiv0                          
00018bf5  __udivmoddi4                           
00018c97  __aeabi_ldiv0                          
00018c99  _Z17ST7735_InitPrintf10initRFlags      
00018d39  open                                   
00018dd9  _Z12ST7735_InitR10initRFlags           
00018e71  _Z15TimerG12_IntArmjj                  
00018f05  _Z14CDH_DrawStringttPcsii              
00018f95  _Z14ReadDirectionsv                    
000190a9  _ZN9Atk1State5logicEP4Game             
00019131  strcmp                                 
000191b9  _ZN9Atk2State5logicEP4Game             
0001923f  _Z17ST7735_DrawStringttPcs             
000192c3  _nop                                   
000192c5  _Z12ADC_ReadBothPiS_                   
00019345  _ZN18SwitchOffenceState5logicEP4Game   
000193c5  _Z14LaunchPad_Initv                    
00019441  _ZN9Atk3State5logicEP4Game             
000194bd  __TI_closefile                         
00019539  __TI_decompress_lzss                   
000195b5  _Z9ADC0_Initv                          
0001962d  _Z9ADC1_Initv                          
000196a5  _ZN4Game4initEv                        
0001971d  _Z9Calibratev                          
00019791  _Z16ST7735_DrawPixelsst                
00019801  _ZN9Atk1State7onEnterEP4Game           
00019871  _ZN9Atk2State7onEnterEP4Game           
000198e1  _ZN9Atk3State7onEnterEP4Game           
00019951  HOSTlseek                              
000199bd  HOSTrename                             
00019a29  getdevice                              
00019a95  _ZN10StartState7displayEP4Game         
00019afd  _ZN4Game10directionsEv                 
00019bc9  HOSTopen                               
00019c29  _ZN10StartState5logicEP4Game           
00019c89  _ZN4GameC2Ev                           
00019ce9  HOSTread                               
00019d41  HOSTwrite                              
00019d99  TIMG12_IRQHandler                      
00019df1  main                                   
00019e49  _ZN18RoundFeedbackState5logicEP4Game   
00019ea1  __aeabi_idiv                           
00019ea1  __aeabi_idivmod                        
00019ef9  _ZN18SwitchOffenceState7onEnterEP4Game 
00019f4d  __TI_auto_init_nobinit                 
00019fa1  __TI_doflush                           
00019ff5  _Z10Sound_Initv                        
0001a045  _Z11CDH_OutUDecttjsii                  
0001a095  close                                  
0001a0e5  _ZN4Game12switchStatesEi               
0001a135  snprintf                               
0001a181  HOSTclose                              
0001a1c9  HOSTunlink                             
0001a211  _Z14SPI_OutCommandc                    
0001a259  SysTick_Handler                        
0001a29d  _Z14SysTick_IntArmjj                   
0001a2e1  _Z11Sound_StartPKhj                    
0001a321  _Z9SPI_Resetv                          
0001a361  __aeabi_uidiv                          
0001a361  __aeabi_uidivmod                       
0001a3e1  atoi                                   
0001a421  _ZN8WinState5logicEP4Game              
0001a45f  _ZN5State7displayEP4Game               
0001a49d  __muldsi3                              
0001a4d9  _Z11SPI_OutDatac                       
0001a511  _Z15ActivatePortA_Bv                   
0001a549  _ZN4Game11updateStateEv                
0001a57f  _Z12ST7735_writeiPKcj                  
0001a5b5  _Z14Clock_Delay1msj                    
0001a5e9  _Z16ST7735_SetCursorjj                 
0001a61d  _ZN4Game10get_inputsEv                 
0001a651  __TI_cleanup                           
0001a685  __TI_readmsg                           
0001a6b9  __TI_writemsg                          
0001a6e5  C$$IO$$                                
0001a6ed  exit                                   
0001a721  finddevice                             
0001a755  freopen                                
0001a7b9  _ZN10StartStateC1Ev                    
0001a7b9  _ZN10StartStateC2Ev                    
0001a819  fopen                                  
0001a849  _Z17ST7735_FillScreent                 
0001a875  unlink                                 
0001a8a1  _ZN18RoundFeedbackStateC1Ev            
0001a8a1  _ZN18RoundFeedbackStateC2Ev            
0001a8f1  write                                  
0001a919  _c_int00_noargs                        
0001a941  _ZN18SwitchOffenceStateC1Ev            
0001a941  _ZN18SwitchOffenceStateC2Ev            
0001a965  _ZN9Atk1StateC1Ev                      
0001a965  _ZN9Atk1StateC2Ev                      
0001a989  _ZN9Atk2StateC1Ev                      
0001a989  _ZN9Atk2StateC2Ev                      
0001a9ad  _ZN9Atk3StateC1Ev                      
0001a9ad  _ZN9Atk3StateC2Ev                      
0001a9d1  __aeabi_lmul                           
0001a9d1  __muldi3                               
0001a9f5  memccpy                                
0001aa19  _Z8DAC5_Outj                           
0001aa39  _ZN8WinStateC1Ev                       
0001aa39  _ZN8WinStateC2Ev                       
0001aa79  __aeabi_llsl                           
0001aa79  __ashldi3                              
0001aa99  ADC0_IRQHandler                        
0001aa99  ADC1_IRQHandler                        
0001aa99  AES_IRQHandler                         
0001aa99  CANFD0_IRQHandler                      
0001aa99  DAC0_IRQHandler                        
0001aa99  DMA_IRQHandler                         
0001aa99  Default_Handler                        
0001aa99  GROUP0_IRQHandler                      
0001aa99  GROUP1_IRQHandler                      
0001aa99  I2C0_IRQHandler                        
0001aa99  I2C1_IRQHandler                        
0001aa99  NMI_Handler                            
0001aa99  PendSV_Handler                         
0001aa99  RTC_IRQHandler                         
0001aa99  SPI0_IRQHandler                        
0001aa99  SPI1_IRQHandler                        
0001aa99  SVC_Handler                            
0001aa99  TIMA0_IRQHandler                       
0001aa99  TIMA1_IRQHandler                       
0001aa99  TIMG0_IRQHandler                       
0001aa99  TIMG6_IRQHandler                       
0001aa99  TIMG7_IRQHandler                       
0001aa99  TIMG8_IRQHandler                       
0001aa99  UART0_IRQHandler                       
0001aa99  UART1_IRQHandler                       
0001aa99  UART2_IRQHandler                       
0001aa99  UART3_IRQHandler                       
0001aab5  HardFault_Handler                      
0001aad1  _ZN5StateC2Ev                          
0001ab09  _ZN10StartState7onEnterEP4Game         
0001ab3b  _Z11ST7735_openPKcji                   
0001ab51  _Z11ST7735_readiPcj                    
0001ab67  __TI_zero_init_nomemset                
0001ab7d  _Z10Sound_Bellv                        
0001ab91  _Z10Sound_Missv                        
0001aba5  _Z10Sound_Tickv                        
0001abb9  _Z9Sound_Hitv                          
0001abcd  __aeabi_uldivmod                       
0001abe1  TI_memcpy_small                        
0001abf3  __TI_decompress_none                   
0001ac05  _Z11Clock_Delayj                       
0001ac15  _ZN5State7onEnterEP4Game               
0001ac35  wcslen                                 
0001ac53  _Z12ST7735_lseekili                    
0001ac61  __aeabi_memset                         
0001ac61  __aeabi_memset4                        
0001ac61  __aeabi_memset8                        
0001ac99  TI_memset_small                        
0001aca9  _Z10Clock_Freqv                        
0001acb5  _Z13ST7735_renamePKcS0_                
0001acc1  __aeabi_memclr                         
0001acc1  __aeabi_memclr4                        
0001acc1  __aeabi_memclr8                        
0001accd  malloc                                 
0001acd9  _Z12ST7735_closei                      
0001ace3  _Z13ST7735_unlinkPKc                   
0001aced  _Z8PLL_Initv                           
0001acf7  _ZN5State5logicEP4Game                 
0001ad01  _ZN8WinState7onEnterEP4Game            
0001ad15  __aeabi_errno_addr                     
0001ad1d  __aeabi_memcpy                         
0001ad1d  __aeabi_memcpy4                        
0001ad1d  __aeabi_memcpy8                        
0001ad25  remove                                 
0001ad2d  abort                                  
0001ad32  C$$EXIT                                
0001ad33  HOSTexit                               
0001ad37  Reset_Handler                          
0001ad3b  _system_pre_init                       
0001ad40  SHT$$INIT_ARRAY$$Base                  
0001ad44  SHT$$INIT_ARRAY$$Limit                 
0001adbc  __TI_Handler_Table_Base                
0001adc8  __TI_Handler_Table_Limit               
0001add0  __TI_CINIT_Base                        
0001ade0  __TI_CINIT_Limit                       
0001ade0  __TI_CINIT_Warm                        
20200000  __start___llvm_prf_bits                
20200000  __start___llvm_prf_cnts                
20200000  __stop___llvm_prf_bits                 
20200000  __stop___llvm_prf_cnts                 
20200000  game                                   
20200128  _ftable                                
20200218  _device                                
20200290  _stream                                
202002e0  __TI_cleanup_ptr                       
202002e4  __TI_dtors_ptr                         
202002e8  BusFreq                                
202002ec  StX                                    
202002f0  StY                                    
202002f4  __TI_ft_end                            
202002f8  __aeabi_errno                          
202002fc  _lock                                  
20200300  _unlock                                
20200304  StTextColor                            
2020030a  d1                                     
2020030b  d2                                     
20200318  _sys_memory                            
20200518  _CIOBUF_                               
20200518  __CIOBUF_                              
20200638  __TI_tmpnams                           
202006d8  parmbuf                                
202006e0  REST_P1                                
202006e4  REST_P2                                
202006e8  SoundArr                               
202006ec  SoundCount                             
202006f0  r1                                     
202006f4  r2                                     
20207e00  __stack                                
20208000  __STACK_END                            
ffffffff  __TI_pprof_out_hndl                    
ffffffff  __TI_prof_data_size                    
ffffffff  __TI_prof_data_start                   
ffffffff  __binit__                              
ffffffff  binit                                  
UNDEFED   __mpu_init                             
UNDEFED   _system_post_cinit                     

[264 symbols]
