******************************************************************************
            TI ARM Clang Linker PC v4.0.4                      
******************************************************************************
>> Linked Thu Apr 16 12:30:45 2026

OUTPUT FILE NAME:   <ECE319K_Lab9H.out>
ENTRY POINT SYMBOL: "_c_int00_noargs"  address: 00018141


MEMORY CONFIGURATION

         name            origin    length      used     unused   attr    fill
----------------------  --------  ---------  --------  --------  ----  --------
  FLASH                 00000000   00020000  00018690  00007970  R  X
  SRAM                  20200000   00008000  000008b5  0000774b  RW X
  BCR_CONFIG            41c00000   00000080  00000000  00000080  R   
  BSL_CONFIG            41c00100   00000080  00000000  00000080  R   


SEGMENT ALLOCATION MAP

run origin  load origin   length   init length attrs members
----------  ----------- ---------- ----------- ----- -------
00000000    00000000    00018690   00018690    r-x
  00000000    00000000    000000c0   000000c0    r-- .intvecs
  000000c0    000000c0    00014a00   00014a00    r-- .rodata
  00014ac0    00014ac0    00003b30   00003b30    r-x .text
  000185f0    000185f0    00000008   00000008    r-- .init_array
  000185f8    000185f8    00000098   00000098    r-- .cinit
20200000    20200000    000006b8   00000000    rw-
  20200000    20200000    000002dd   00000000    rw- .data
  202002e0    202002e0    00000200   00000000    rw- .sysmem
  202004e0    202004e0    000001d8   00000000    rw- .bss
20207e00    20207e00    00000200   00000000    rw-
  20207e00    20207e00    00000200   00000000    rw- .stack


SECTION ALLOCATION MAP

 output                                  attributes/
section   page    origin      length       input sections
--------  ----  ----------  ----------   ----------------
.intvecs   0    00000000    000000c0     
                  00000000    000000c0     startup_mspm0g3507_ticlang.o (.intvecs)

.binit     0    00000000    00000000     

.text      0    00014ac0    00003b30     
                  00014ac0    00000868     libc.a : _printfi.c.obj (.text:__TI_printfi_nofloat)
                  00015328    00000210     ST7735.o (.text._Z17ST7735_DrawBitmapssPKtss)
                  00015538    000001b4     Clock.o (.text._Z15Clock_Init80MHzi)
                  000156ec    000001a0     ST7735.o (.text._Z16ST7735_DrawCharSsscssh)
                  0001588c    00000154     libc.a : fopen.c.obj (.text._openfile)
                  000159e0    00000128     TExaS.o (.text._Z8ADC_InitP10ADC12_Regsjj)
                  00015b08    00000124     connors_display_helper.o (.text._Z16CDH_DrawBitmap2xssPKtss)
                  00015c2c    00000118     ST7735.o (.text._Z15ST7735_FillRectsssst)
                  00015d44    00000114     libc.a : memory.c.obj (.text.aligned_alloc)
                  00015e58    000000f8     SPI.o (.text._Z8SPI_Initv)
                  00015f50    000000f4     ST7735.o (.text._Z18ST7735_SetRotationh)
                  00016044    000000ec     libsysbm.a : add_device.c.obj (.text.add_device)
                  00016130    000000ea     connors_display_helper.o (.text._Z25CDH_DrawBitmapTransparentssPKtsst)
                  0001621a    00000002     Sound.o (.text.SysTick_Handler)
                  0001621c    000000e8     TExaS.o (.text._Z9UART_Initv)
                  00016304    000000e8     libc.a : memory.c.obj (.text.free)
                  000163ec    000000e4     game_structs.o (.text._ZN9Atk1State7displayEP4Game)
                  000164d0    000000e0     libc.a : setvbuf.c.obj (.text.setvbuf)
                  000165b0    000000d0     ST7735.o (.text._Z14ST7735_OutCharc)
                  00016680    000000bc     game_structs.o (.text._ZN18SwitchOffenceState7displayEP4Game)
                  0001673c    000000a8     Timer.o (.text._Z14TimerG7_IntArmtjj)
                  000167e4    000000a2     ST7735.o (.text._ZL11commandListPKh)
                  00016886    00000002     Sound.o (.text._Z10Sound_Initv)
                  00016888    000000a2     libclang_rt.builtins.a : udivmoddi4.S.obj (.text)
                  0001692a    00000002                            : aeabi_div0.c.obj (.text.__aeabi_idiv0)
                  0001692c    000000a0     ST7735.o (.text._Z17ST7735_InitPrintf10initRFlags)
                  000169cc    000000a0     libsysbm.a : open.c.obj (.text.open)
                  00016a6c    00000098     ST7735.o (.text._Z12ST7735_InitR10initRFlags)
                  00016b04    00000094     Timer.o (.text._Z15TimerG12_IntArmjj)
                  00016b98    0000008e     connors_display_helper.o (.text._Z14CDH_DrawStringttPcsii)
                  00016c26    00000002     libclang_rt.builtins.a : aeabi_div0.c.obj (.text.__aeabi_ldiv0)
                  00016c28    00000088     ST7735.o (.text._ZL13setAddrWindowhhhh)
                  00016cb0    00000088     libc.a : strcmp-armv6m.S.obj (.text:strcmp)
                  00016d38    00000084     ST7735.o (.text._Z17ST7735_DrawStringttPcs)
                  00016dbc    00000084     Lab9HMain.o (.text.main)
                  00016e40    0000007c     LaunchPad.o (.text._Z14LaunchPad_Initv)
                  00016ebc    0000007c     SlidePot.o (.text._ZN8SlidePot4InitEv)
                  00016f38    0000007c     libc.a : fclose.c.obj (.text.__TI_closefile)
                  00016fb4    0000007c            : copy_decompress_lzss.c.obj (.text:decompress:lzss)
                  00017030    00000070     ST7735.o (.text._Z16ST7735_DrawPixelsst)
                  000170a0    0000006c     libsysbm.a : hostlseek.c.obj (.text.HOSTlseek)
                  0001710c    0000006c                : hostrename.c.obj (.text.HOSTrename)
                  00017178    0000006c     libc.a : getdevice.c.obj (.text.getdevice)
                  000171e4    0000006a     game_structs.o (.text._ZN9Atk3State5logicEP4Game)
                  0001724e    00000002     libc.a : _lock.c.obj (.text._nop)
                  00017250    00000068     game_structs.o (.text._ZN10StartState7displayEP4Game)
                  000172b8    00000064     libc.a : memory.c.obj (.text.split)
                  0001731c    00000062     game_structs.o (.text._ZN9Atk2State5logicEP4Game)
                  0001737e    00000002     --HOLE-- [fill = 0]
                  00017380    00000060     libsysbm.a : hostopen.c.obj (.text.HOSTopen)
                  000173e0    00000060     game_structs.o (.text._ZN18SwitchOffenceState5logicEP4Game)
                  00017440    00000058     libsysbm.a : hostread.c.obj (.text.HOSTread)
                  00017498    00000058                : hostwrite.c.obj (.text.HOSTwrite)
                  000174f0    00000058     TExaS.o (.text._Z10TExaS_InitP10ADC12_RegsjPFhvE)
                  00017548    00000056     libclang_rt.builtins.a : aeabi_idivmod.S.obj (.text.__aeabi_idivmod)
                  0001759e    00000002     --HOLE-- [fill = 0]
                  000175a0    00000054     game_structs.o (.text._ZN4Game4initEv)
                  000175f4    00000054     game_structs.o (.text._ZN9Atk1State7onEnterEP4Game)
                  00017648    00000054     libc.a : autoinit.c.obj (.text:__TI_auto_init_nobinit)
                  0001769c    00000052     game_structs.o (.text._ZN9Atk1State5logicEP4Game)
                  000176ee    00000052     libc.a : fflush.c.obj (.text.__TI_doflush)
                  00017740    00000050     connors_display_helper.o (.text._Z11CDH_OutUDecttjsii)
                  00017790    00000050     libsysbm.a : close.c.obj (.text.close)
                  000177e0    0000004c     game_structs.o (.text._ZN18SwitchOffenceState7onEnterEP4Game)
                  0001782c    0000004c     game_structs.o (.text._ZN4Game12switchStatesEi)
                  00017878    0000004c     libc.a : snprintf.c.obj (.text.snprintf)
                  000178c4    0000004a     Lab9HMain.o (.text._ZN4GameC2Ev)
                  0001790e    00000002     --HOLE-- [fill = 0]
                  00017910    00000048     libsysbm.a : hostclose.c.obj (.text.HOSTclose)
                  00017958    00000048                : hostunlink.c.obj (.text.HOSTunlink)
                  000179a0    00000048     SPI.o (.text._Z14SPI_OutCommandc)
                  000179e8    00000046     game_structs.o (.text._ZN10StartState5logicEP4Game)
                  00017a2e    00000002     --HOLE-- [fill = 0]
                  00017a30    00000044     Lab9HMain.o (.text.TIMG12_IRQHandler)
                  00017a74    00000040     TExaS.o (.text.TIMG7_IRQHandler)
                  00017ab4    00000040     SPI.o (.text._Z9SPI_Resetv)
                  00017af4    00000040     libclang_rt.builtins.a : aeabi_uidivmod.S.obj (.text.__aeabi_uidivmod)
                  00017b34    00000040     libc.a : fopen.c.obj (.text._search_fp)
                  00017b74    00000040            : atoi.c.obj (.text.atoi)
                  00017bb4    0000003c     game_structs.o (.text._ZN5State7displayEP4Game)
                  00017bf0    0000003c     game_structs.o (.text._ZN8WinState7displayEP4Game)
                  00017c2c    0000003c     game_structs.o (.text._ZN9Atk2State7displayEP4Game)
                  00017c68    0000003c     game_structs.o (.text._ZN9Atk3State7displayEP4Game)
                  00017ca4    0000003a     libclang_rt.builtins.a : muldsi3.S.obj (.text.__muldsi3)
                  00017cde    00000002     --HOLE-- [fill = 0]
                  00017ce0    00000038     SPI.o (.text._Z11SPI_OutDatac)
                  00017d18    00000038     LaunchPad.o (.text._Z15ActivatePortA_Bv)
                  00017d50    00000034     ST7735.o (.text._Z12ST7735_writeiPKcj)
                  00017d84    00000034     Clock.o (.text._Z14Clock_Delay1msj)
                  00017db8    00000034     ST7735.o (.text._Z16ST7735_SetCursorjj)
                  00017dec    00000034     LED.o (.text._Z8LED_Initv)
                  00017e20    00000034     libc.a : fopen.c.obj (.text.__TI_cleanup)
                  00017e54    00000034     libsysbm.a : trgmsg.c.obj (.text.__TI_readmsg)
                  00017e88    00000034                : trgmsg.c.obj (.text.__TI_writemsg)
                  00017ebc    00000034     libc.a : exit.c.obj (.text.exit)
                  00017ef0    00000034            : getdevice.c.obj (.text.finddevice)
                  00017f24    00000034            : fopen.c.obj (.text.freopen)
                  00017f58    00000030     ST7735.o (.text._ZL10commonInitPKh)
                  00017f88    00000030     game_structs.o (.text._ZN10StartStateC2Ev)
                  00017fb8    00000030     game_structs.o (.text._ZN4Game10get_inputsEv)
                  00017fe8    00000030     libc.a : snprintf.c.obj (.text._outs)
                  00018018    00000030            : fopen.c.obj (.text.fopen)
                  00018048    0000002c     ST7735.o (.text._Z17ST7735_FillScreent)
                  00018074    0000002c     libsysbm.a : unlink.c.obj (.text.unlink)
                  000180a0    00000028     Switch.o (.text._Z11Switch_Initv)
                  000180c8    00000028     TExaS.o (.text._Z9ADC_StartP10ADC12_Regs)
                  000180f0    00000028     libc.a : memory.c.obj (.text.free_list_insert)
                  00018118    00000028     libsysbm.a : write.c.obj (.text.write)
                  00018140    00000028     libc.a : boot_cortex_m.c.obj (.text:_c_int00_noargs)
                  00018168    00000024     game_structs.o (.text._ZN18SwitchOffenceStateC2Ev)
                  0001818c    00000024     game_structs.o (.text._ZN9Atk1StateC2Ev)
                  000181b0    00000024     game_structs.o (.text._ZN9Atk2StateC2Ev)
                  000181d4    00000024     game_structs.o (.text._ZN9Atk3StateC2Ev)
                  000181f8    00000024     libclang_rt.builtins.a : muldi3.S.obj (.text.__muldi3)
                  0001821c    00000022     game_structs.o (.text._ZN8WinState5logicEP4Game)
                  0001823e    00000022     libc.a : memccpy.c.obj (.text.memccpy)
                  00018260    00000020     game_structs.o (.text._ZN8WinStateC2Ev)
                  00018280    0000001e     ST7735.o (.text._ZL9pushColort)
                  0001829e    00000002     --HOLE-- [fill = 0]
                  000182a0    0000001e     libclang_rt.builtins.a : ashldi3.S.obj (.text.__ashldi3)
                  000182be    00000002     --HOLE-- [fill = 0]
                  000182c0    0000001c     startup_mspm0g3507_ticlang.o (.text.Default_Handler)
                  000182dc    0000001c     startup_mspm0g3507_ticlang.o (.text.HardFault_Handler)
                  000182f8    0000001c     libc.a : memory.c.obj (.text.free_list_remove)
                  00018314    0000001a     SlidePot.o (.text._ZN8SlidePotC2Ejj)
                  0001832e    0000001a     game_structs.o (.text._ZN9Atk2State7onEnterEP4Game)
                  00018348    00000018     game_structs.o (.text._ZN5StateC2Ev)
                  00018360    00000018     Lab9HMain.o (.text.__cxx_global_var_init)
                  00018378    00000018     libc.a : snprintf.c.obj (.text._outc)
                  00018390    00000016     ST7735.o (.text._Z11ST7735_openPKcji)
                  000183a6    00000016     ST7735.o (.text._Z11ST7735_readiPcj)
                  000183bc    00000016     game_structs.o (.text._ZN4Game11updateStateEv)
                  000183d2    00000016     libc.a : copy_zero_init.c.obj (.text:decompress:ZI:__TI_zero_init_nomemset)
                  000183e8    00000014     game_structs.o (.text._ZN9Atk3State7onEnterEP4Game)
                  000183fc    00000014     libclang_rt.builtins.a : aeabi_uldivmod.S.obj (.text.__aeabi_uldivmod)
                  00018410    00000012     libc.a : memcpy16.S.obj (.text:TI_memcpy_small)
                  00018422    00000012            : copy_decompress_none.c.obj (.text:decompress:none)
                  00018434    00000010     Clock.o (.text._Z11Clock_Delayj)
                  00018444    00000010     Lab9HMain.o (.text._Z28TExaS_LaunchPadLogicPB27PB26v)
                  00018454    00000010     game_structs.o (.text._ZN10StartState7onEnterEP4Game)
                  00018464    00000010     game_structs.o (.text._ZN5State7onEnterEP4Game)
                  00018474    00000010     game_structs.o (.text._ZN8WinState7onEnterEP4Game)
                  00018484    00000010     Lab9HMain.o (.text.__cxx_global_var_init.1)
                  00018494    00000010     libc.a : wcslen.c.obj (.text.wcslen)
                  000184a4    0000000e            : memory.c.obj (.text.OUTLINED_FUNCTION_0)
                  000184b2    0000000e     ST7735.o (.text._Z12ST7735_lseekili)
                  000184c0    0000000e     libclang_rt.builtins.a : aeabi_memset.S.obj (.text.__aeabi_memset)
                  000184ce    0000000e     libsysbm.a : hostrename.c.obj (.text.strcpy)
                  000184dc    0000000e     libc.a : _printfi.c.obj (.text.strlen)
                  000184ea    0000000e     libsysbm.a : hostrename.c.obj (.text.strlen)
                  000184f8    0000000e     libc.a : memset16.S.obj (.text:TI_memset_small)
                  00018506    0000000c     Lab9HMain.o (.text._GLOBAL__sub_I_Lab9HMain.cpp)
                  00018512    00000002     --HOLE-- [fill = 0]
                  00018514    0000000c     Clock.o (.text._Z10Clock_Freqv)
                  00018520    0000000c     ST7735.o (.text._Z13ST7735_renamePKcS0_)
                  0001852c    0000000c     libclang_rt.builtins.a : aeabi_memset.S.obj (.text.__aeabi_memclr)
                  00018538    0000000c     libc.a : memory.c.obj (.text.malloc)
                  00018544    0000000a     ST7735.o (.text._Z12ST7735_closei)
                  0001854e    0000000a     ST7735.o (.text._Z13ST7735_unlinkPKc)
                  00018558    0000000a     Lab9HMain.o (.text._Z8PLL_Initv)
                  00018562    0000000a     game_structs.o (.text._ZN10StartState10play_soundEP4Game)
                  0001856c    0000000a     game_structs.o (.text._ZN18SwitchOffenceState10play_soundEP4Game)
                  00018576    0000000a     game_structs.o (.text._ZN4Game10directionsEv)
                  00018580    0000000a     game_structs.o (.text._ZN5State10play_soundEP4Game)
                  0001858a    0000000a     game_structs.o (.text._ZN5State5logicEP4Game)
                  00018594    0000000a     game_structs.o (.text._ZN8WinState10play_soundEP4Game)
                  0001859e    0000000a     game_structs.o (.text._ZN9Atk1State10play_soundEP4Game)
                  000185a8    0000000a     game_structs.o (.text._ZN9Atk2State10play_soundEP4Game)
                  000185b2    0000000a     game_structs.o (.text._ZN9Atk3State10play_soundEP4Game)
                  000185bc    00000008     libc.a : aeabi_portable.c.obj (.text.__aeabi_errno_addr)
                  000185c4    00000008     libclang_rt.builtins.a : aeabi_memcpy.S.obj (.text.__aeabi_memcpy)
                  000185cc    00000008     libsysbm.a : remove.c.obj (.text.remove)
                  000185d4    00000006     libc.a : exit.c.obj (.text:abort)
                  000185da    00000004     libsysbm.a : hostexit.c.obj (.text.HOSTexit)
                  000185de    00000004     startup_mspm0g3507_ticlang.o (.text.Reset_Handler)
                  000185e2    00000004     libc.a : pre_init.c.obj (.text._system_pre_init)
                  000185e6    0000000a     --HOLE-- [fill = 0]

.cinit     0    000185f8    00000098     
                  000185f8    00000071     (.cinit..data.load) [load image, compression = lzss]
                  00018669    00000003     --HOLE-- [fill = 0]
                  0001866c    0000000c     (__TI_handler_table)
                  00018678    00000008     (.cinit..bss.load) [load image, compression = zero_init]
                  00018680    00000010     (__TI_cinit_table)

.rodata    0    000000c0    00014a00     
                  000000c0    0000a8c0     game_structs.o (.rodata._ZL7valvano)
                  0000a980    00005208     game_structs.o (.rodata._ZL8yerballi)
                  0000fb88    00002440     game_structs.o (.rodata._ZL14boxing_ring_bg)
                  00011fc8    00002328     game_structs.o (.rodata._ZL12cover_splash)
                  000142f0    000004fb     ST7735.o (.rodata._ZL4Font)
                  000147eb    00000005     game_structs.o (.rodata.str1.15856950605285521293.1)
                  000147f0    00000101     libc.a : aeabi_ctype.S.obj (.rodata:__aeabi_ctype_table_)
                  000148f1    0000003b     ST7735.o (.rodata._ZL5Rcmd1)
                  0001492c    0000002b     ST7735.o (.rodata._ZL5Rcmd3)
                  00014957    00000001     --HOLE-- [fill = 0]
                  00014958    00000018     game_structs.o (.rodata._ZTV10StartState)
                  00014970    00000018     game_structs.o (.rodata._ZTV18SwitchOffenceState)
                  00014988    00000018     game_structs.o (.rodata._ZTV5State)
                  000149a0    00000018     game_structs.o (.rodata._ZTV8WinState)
                  000149b8    00000018     game_structs.o (.rodata._ZTV9Atk1State)
                  000149d0    00000018     game_structs.o (.rodata._ZTV9Atk2State)
                  000149e8    00000018     game_structs.o (.rodata._ZTV9Atk3State)
                  00014a00    00000016     ST7735.o (.rodata.str1.14736978382213673245.1)
                  00014a16    00000015     game_structs.o (.rodata.str1.13835767611687241610.1)
                  00014a2b    00000015     game_structs.o (.rodata.str1.6340018968352854695.1)
                  00014a40    00000011     libc.a : _printfi.c.obj (.rodata.str1.10348868589481759720.1)
                  00014a51    00000011            : _printfi.c.obj (.rodata.str1.15363888844622738466.1)
                  00014a62    0000000d     ST7735.o (.rodata._ZL10Rcmd2green)
                  00014a6f    0000000d     ST7735.o (.rodata._ZL8Rcmd2red)
                  00014a7c    00000009     game_structs.o (.rodata.str1.15918645729875841078.1)
                  00014a85    00000009     game_structs.o (.rodata.str1.1876938374215399292.1)
                  00014a8e    00000008     ST7735.o (.rodata.str1.7209918599617305731.1)
                  00014a96    00000007     ST7735.o (.rodata.str1.10208736415454880443.1)
                  00014a9d    00000007     ST7735.o (.rodata.str1.8723687351022562626.1)
                  00014aa4    00000005     game_structs.o (.rodata.str1.9079934376650958619.1)
                  00014aa9    00000005     game_structs.o (.rodata.str1.9776997114013541529.1)
                  00014aae    00000004     connors_display_helper.o (.rodata.str1.16435377500231430742.1)
                  00014ab2    00000004     game_structs.o (.rodata.str1.756431122810206414.1)
                  00014ab6    00000002     ST7735.o (.rodata.str1.18358205720993799461.1)
                  00014ab8    00000002     game_structs.o (.rodata.str1.3295804324984720742.1)
                  00014aba    00000006     --HOLE-- [fill = 0]

.init_array 
*          0    000185f0    00000008     
                  000185f0    00000004     Lab9HMain.o (.init_array)
                  000185f4    00000004     --HOLE-- [fill = 0]

.data      0    20200000    000002dd     UNINITIALIZED
                  20200000    000000f0     libc.a : defs.c.obj (.data._ftable)
                  202000f0    000000dc     Lab9HMain.o (.data.game)
                  202001cc    00000078     libsysbm.a : host_device.c.obj (.data._device)
                  20200244    00000050                : host_device.c.obj (.data._stream)
                  20200294    00000014     Lab9HMain.o (.data.Sensor)
                  202002a8    00000008     libc.a : exit.c.obj (.data..L_MergedGlobals)
                  202002b0    00000004     Clock.o (.data.BusFreq)
                  202002b4    00000004     ST7735.o (.data.StX)
                  202002b8    00000004     ST7735.o (.data.StY)
                  202002bc    00000004     libc.a : defs.c.obj (.data.__TI_ft_end)
                  202002c0    00000004            : aeabi_portable.c.obj (.data.__aeabi_errno)
                  202002c4    00000004            : _lock.c.obj (.data._lock)
                  202002c8    00000004            : _lock.c.obj (.data._unlock)
                  202002cc    00000002     ST7735.o (.data.StTextColor)
                  202002ce    00000002     ST7735.o (.data._ZL6_width)
                  202002d0    00000002     ST7735.o (.data._ZL7_height)
                  202002d2    00000002     --HOLE--
                  202002d4    00000001     libsysbm.a : add_device.c.obj (.data.add_device.device_init)
                  202002d5    00000003     --HOLE--
                  202002d8    00000001     libc.a : memory.c.obj (.data.memory_is_initialized)
                  202002d9    00000003     --HOLE--
                  202002dc    00000001     libsysbm.a : open.c.obj (.data.open.stream_init)

.sysmem    0    202002e0    00000200     UNINITIALIZED
                  202002e0    00000010     libc.a : memory.c.obj (.sysmem)
                  202002f0    000001f0     --HOLE--

.bss       0    202004e0    000001d8     UNINITIALIZED
                  202004e0    00000120     libsysbm.a : trgmsg.c.obj (.bss:_CIOBUF_)
                  20200600    000000a0     libc.a : defs.c.obj (.bss.__TI_tmpnams)
                  202006a0    00000008     libsysbm.a : hostopen.c.obj (.bss.parmbuf)
                  202006a8    00000004     TExaS.o (.bss.TExaSLogic)
                  202006ac    00000004     TExaS.o (.bss.TExaSadc)
                  202006b0    00000004     libc.a : memory.c.obj (.bss.sys_free)
                  202006b4    00000001     ST7735.o (.bss._ZL8ColStart)
                  202006b5    00000001     ST7735.o (.bss._ZL8Rotation)
                  202006b6    00000001     ST7735.o (.bss._ZL8RowStart)
                  202006b7    00000001     ST7735.o (.bss._ZL8TabColor)

.stack     0    20207e00    00000200     UNINITIALIZED
                  20207e00    00000004     libc.a : boot_cortex_m.c.obj (.stack)
                  20207e04    000001fc     --HOLE--

__llvm_prf_cnts 
*          0    20200000    00000000     UNINITIALIZED

__llvm_prf_bits 
*          0    20200000    00000000     UNINITIALIZED

MODULE SUMMARY

       Module                         code    ro data   rw data
       ------                         ----    -------   -------
    .\
       game_structs.o                 2068    82729     0      
       ST7735.o                       2846    1449      18     
       connors_display_helper.o       748     4         0      
       TExaS.o                        720     0         8      
       Lab9HMain.o                    352     4         240    
       Clock.o                        516     0         4      
       SPI.o                          440     0         0      
       Timer.o                        316     0         0      
       LaunchPad.o                    180     0         0      
       SlidePot.o                     150     0         0      
       LED.o                          52      0         0      
       Switch.o                       40      0         0      
       Sound.o                        4       0         0      
    +--+------------------------------+-------+---------+---------+
       Total:                         8432    84186     270    
                                                               
    .\ticlang\
       startup_mspm0g3507_ticlang.o   60      192       0      
    +--+------------------------------+-------+---------+---------+
       Total:                         60      192       0      
                                                               
    C:\ti\ccs2030\ccs\tools\compiler\ti-cgt-armllvm_4.0.4.LTS\lib\armv6m-ti-none-eabi/c/libc.a
       _printfi.c.obj                 2166    34        0      
       memory.c.obj                   702     0         5      
       fopen.c.obj                    556     0         0      
       defs.c.obj                     0       0         404    
       aeabi_ctype.S.obj              0       257       0      
       setvbuf.c.obj                  224     0         0      
       getdevice.c.obj                160     0         0      
       snprintf.c.obj                 148     0         0      
       strcmp-armv6m.S.obj            136     0         0      
       copy_decompress_lzss.c.obj     124     0         0      
       fclose.c.obj                   124     0         0      
       autoinit.c.obj                 84      0         0      
       fflush.c.obj                   82      0         0      
       exit.c.obj                     58      0         8      
       atoi.c.obj                     64      0         0      
       boot_cortex_m.c.obj            40      0         0      
       memccpy.c.obj                  34      0         0      
       copy_zero_init.c.obj           22      0         0      
       copy_decompress_none.c.obj     18      0         0      
       memcpy16.S.obj                 18      0         0      
       wcslen.c.obj                   16      0         0      
       memset16.S.obj                 14      0         0      
       aeabi_portable.c.obj           8       0         4      
       _lock.c.obj                    2       0         8      
       pre_init.c.obj                 4       0         0      
    +--+------------------------------+-------+---------+---------+
       Total:                         4804    291       429    
                                                               
    C:\ti\ccs2030\ccs\tools\compiler\ti-cgt-armllvm_4.0.4.LTS\lib\armv6m-ti-none-eabi/c/libsysbm.a
       trgmsg.c.obj                   104     0         288    
       add_device.c.obj               236     0         1      
       host_device.c.obj              0       0         200    
       open.c.obj                     160     0         1      
       hostrename.c.obj               136     0         0      
       hostlseek.c.obj                108     0         0      
       hostopen.c.obj                 96      0         8      
       hostread.c.obj                 88      0         0      
       hostwrite.c.obj                88      0         0      
       close.c.obj                    80      0         0      
       hostclose.c.obj                72      0         0      
       hostunlink.c.obj               72      0         0      
       unlink.c.obj                   44      0         0      
       write.c.obj                    40      0         0      
       remove.c.obj                   8       0         0      
       hostexit.c.obj                 4       0         0      
    +--+------------------------------+-------+---------+---------+
       Total:                         1336    0         498    
                                                               
    C:\ti\ccs2030\ccs\tools\compiler\ti-cgt-armllvm_4.0.4.LTS\lib\armv6m-ti-none-eabi/libclang_rt.builtins.a
       udivmoddi4.S.obj               162     0         0      
       aeabi_idivmod.S.obj            86      0         0      
       aeabi_uidivmod.S.obj           64      0         0      
       muldsi3.S.obj                  58      0         0      
       muldi3.S.obj                   36      0         0      
       ashldi3.S.obj                  30      0         0      
       aeabi_memset.S.obj             26      0         0      
       aeabi_uldivmod.S.obj           20      0         0      
       aeabi_memcpy.S.obj             8       0         0      
       aeabi_div0.c.obj               4       0         0      
    +--+------------------------------+-------+---------+---------+
       Total:                         494     0         0      
                                                               
       Heap:                          0       0         512    
       Stack:                         0       0         512    
       Linker Generated:              0       149       0      
    +--+------------------------------+-------+---------+---------+
       Grand Total:                   15126   84818     2221   


LINKER GENERATED COPY TABLES

__TI_cinit_table @ 00018680 records: 2, size/record: 8, table size: 16
	.data: load addr=000185f8, load size=00000071 bytes, run addr=20200000, run size=000002dd bytes, compression=lzss
	.bss: load addr=00018678, load size=00000008 bytes, run addr=202004e0, run size=000001d8 bytes, compression=zero_init


LINKER GENERATED HANDLER TABLE

__TI_handler_table @ 0001866c records: 3, size/record: 4, table size: 12
	index: 0, handler: __TI_decompress_lzss
	index: 1, handler: __TI_decompress_none
	index: 2, handler: __TI_zero_init


GLOBAL SYMBOLS: SORTED ALPHABETICALLY BY Name 

address   name                                      
-------   ----                                      
000182c1  ADC0_IRQHandler                           
000182c1  ADC1_IRQHandler                           
000182c1  AES_IRQHandler                            
202002b0  BusFreq                                   
000185da  C$$EXIT                                   
00017eb5  C$$IO$$                                   
000182c1  CANFD0_IRQHandler                         
000182c1  DAC0_IRQHandler                           
000182c1  DMA_IRQHandler                            
000182c1  Default_Handler                           
000182c1  GROUP0_IRQHandler                         
000182c1  GROUP1_IRQHandler                         
00017911  HOSTclose                                 
000185db  HOSTexit                                  
000170a1  HOSTlseek                                 
00017381  HOSTopen                                  
00017441  HOSTread                                  
0001710d  HOSTrename                                
00017959  HOSTunlink                                
00017499  HOSTwrite                                 
000182dd  HardFault_Handler                         
000182c1  I2C0_IRQHandler                           
000182c1  I2C1_IRQHandler                           
000182c1  NMI_Handler                               
000182c1  PendSV_Handler                            
000182c1  RTC_IRQHandler                            
000185df  Reset_Handler                             
000185f0  SHT$$INIT_ARRAY$$Base                     
000185f4  SHT$$INIT_ARRAY$$Limit                    
000182c1  SPI0_IRQHandler                           
000182c1  SPI1_IRQHandler                           
000182c1  SVC_Handler                               
20200294  Sensor                                    
202002cc  StTextColor                               
202002b4  StX                                       
202002b8  StY                                       
0001621b  SysTick_Handler                           
202006a8  TExaSLogic                                
202006ac  TExaSadc                                  
000182c1  TIMA0_IRQHandler                          
000182c1  TIMA1_IRQHandler                          
000182c1  TIMG0_IRQHandler                          
00017a31  TIMG12_IRQHandler                         
000182c1  TIMG6_IRQHandler                          
00017a75  TIMG7_IRQHandler                          
000182c1  TIMG8_IRQHandler                          
00018411  TI_memcpy_small                           
000184f9  TI_memset_small                           
000182c1  UART0_IRQHandler                          
000182c1  UART1_IRQHandler                          
000182c1  UART2_IRQHandler                          
000182c1  UART3_IRQHandler                          
202004e0  _CIOBUF_                                  
00018515  _Z10Clock_Freqv                           
00016887  _Z10Sound_Initv                           
000174f1  _Z10TExaS_InitP10ADC12_RegsjPFhvE         
00017741  _Z11CDH_OutUDecttjsii                     
00018435  _Z11Clock_Delayj                          
00017ce1  _Z11SPI_OutDatac                          
00018391  _Z11ST7735_openPKcji                      
000183a7  _Z11ST7735_readiPcj                       
000180a1  _Z11Switch_Initv                          
00016a6d  _Z12ST7735_InitR10initRFlags              
00018545  _Z12ST7735_closei                         
000184b3  _Z12ST7735_lseekili                       
00017d51  _Z12ST7735_writeiPKcj                     
00018521  _Z13ST7735_renamePKcS0_                   
0001854f  _Z13ST7735_unlinkPKc                      
00016b99  _Z14CDH_DrawStringttPcsii                 
00017d85  _Z14Clock_Delay1msj                       
00016e41  _Z14LaunchPad_Initv                       
000179a1  _Z14SPI_OutCommandc                       
000165b1  _Z14ST7735_OutCharc                       
0001673d  _Z14TimerG7_IntArmtjj                     
00017d19  _Z15ActivatePortA_Bv                      
00015539  _Z15Clock_Init80MHzi                      
00015c2d  _Z15ST7735_FillRectsssst                  
00016b05  _Z15TimerG12_IntArmjj                     
00015b09  _Z16CDH_DrawBitmap2xssPKtss               
000156ed  _Z16ST7735_DrawCharSsscssh                
00017031  _Z16ST7735_DrawPixelsst                   
00017db9  _Z16ST7735_SetCursorjj                    
00015329  _Z17ST7735_DrawBitmapssPKtss              
00016d39  _Z17ST7735_DrawStringttPcs                
00018049  _Z17ST7735_FillScreent                    
0001692d  _Z17ST7735_InitPrintf10initRFlags         
00015f51  _Z18ST7735_SetRotationh                   
00016131  _Z25CDH_DrawBitmapTransparentssPKtsst     
00018445  _Z28TExaS_LaunchPadLogicPB27PB26v         
000159e1  _Z8ADC_InitP10ADC12_Regsjj                
00017ded  _Z8LED_Initv                              
00018559  _Z8PLL_Initv                              
00015e59  _Z8SPI_Initv                              
000180c9  _Z9ADC_StartP10ADC12_Regs                 
00017ab5  _Z9SPI_Resetv                             
0001621d  _Z9UART_Initv                             
00018563  _ZN10StartState10play_soundEP4Game        
000179e9  _ZN10StartState5logicEP4Game              
00017251  _ZN10StartState7displayEP4Game            
00018455  _ZN10StartState7onEnterEP4Game            
00017f89  _ZN10StartStateC1Ev                       
00017f89  _ZN10StartStateC2Ev                       
0001856d  _ZN18SwitchOffenceState10play_soundEP4Game
000173e1  _ZN18SwitchOffenceState5logicEP4Game      
00016681  _ZN18SwitchOffenceState7displayEP4Game    
000177e1  _ZN18SwitchOffenceState7onEnterEP4Game    
00018169  _ZN18SwitchOffenceStateC1Ev               
00018169  _ZN18SwitchOffenceStateC2Ev               
00018577  _ZN4Game10directionsEv                    
00017fb9  _ZN4Game10get_inputsEv                    
000183bd  _ZN4Game11updateStateEv                   
0001782d  _ZN4Game12switchStatesEi                  
000175a1  _ZN4Game4initEv                           
000178c5  _ZN4GameC2Ev                              
00018581  _ZN5State10play_soundEP4Game              
0001858b  _ZN5State5logicEP4Game                    
00017bb5  _ZN5State7displayEP4Game                  
00018465  _ZN5State7onEnterEP4Game                  
00018349  _ZN5StateC2Ev                             
00016ebd  _ZN8SlidePot4InitEv                       
00018315  _ZN8SlidePotC1Ejj                         
00018315  _ZN8SlidePotC2Ejj                         
00018595  _ZN8WinState10play_soundEP4Game           
0001821d  _ZN8WinState5logicEP4Game                 
00017bf1  _ZN8WinState7displayEP4Game               
00018475  _ZN8WinState7onEnterEP4Game               
00018261  _ZN8WinStateC1Ev                          
00018261  _ZN8WinStateC2Ev                          
0001859f  _ZN9Atk1State10play_soundEP4Game          
0001769d  _ZN9Atk1State5logicEP4Game                
000163ed  _ZN9Atk1State7displayEP4Game              
000175f5  _ZN9Atk1State7onEnterEP4Game              
0001818d  _ZN9Atk1StateC1Ev                         
0001818d  _ZN9Atk1StateC2Ev                         
000185a9  _ZN9Atk2State10play_soundEP4Game          
0001731d  _ZN9Atk2State5logicEP4Game                
00017c2d  _ZN9Atk2State7displayEP4Game              
0001832f  _ZN9Atk2State7onEnterEP4Game              
000181b1  _ZN9Atk2StateC1Ev                         
000181b1  _ZN9Atk2StateC2Ev                         
000185b3  _ZN9Atk3State10play_soundEP4Game          
000171e5  _ZN9Atk3State5logicEP4Game                
00017c69  _ZN9Atk3State7displayEP4Game              
000183e9  _ZN9Atk3State7onEnterEP4Game              
000181d5  _ZN9Atk3StateC1Ev                         
000181d5  _ZN9Atk3StateC2Ev                         
00014958  _ZTV10StartState                          
00014970  _ZTV18SwitchOffenceState                  
00014988  _ZTV5State                                
000149a0  _ZTV8WinState                             
000149b8  _ZTV9Atk1State                            
000149d0  _ZTV9Atk2State                            
000149e8  _ZTV9Atk3State                            
202004e0  __CIOBUF_                                 
20208000  __STACK_END                               
00000200  __STACK_SIZE                              
00000200  __SYSMEM_SIZE                             
00000000  __TI_ATRegion0_region_sz                  
00000000  __TI_ATRegion0_src_addr                   
00000000  __TI_ATRegion0_trg_addr                   
00000000  __TI_ATRegion1_region_sz                  
00000000  __TI_ATRegion1_src_addr                   
00000000  __TI_ATRegion1_trg_addr                   
00000000  __TI_ATRegion2_region_sz                  
00000000  __TI_ATRegion2_src_addr                   
00000000  __TI_ATRegion2_trg_addr                   
00018680  __TI_CINIT_Base                           
00018690  __TI_CINIT_Limit                          
00018690  __TI_CINIT_Warm                           
0001866c  __TI_Handler_Table_Base                   
00018678  __TI_Handler_Table_Limit                  
00017649  __TI_auto_init_nobinit                    
00017e21  __TI_cleanup                              
202002a8  __TI_cleanup_ptr                          
00016f39  __TI_closefile                            
00016fb5  __TI_decompress_lzss                      
00018423  __TI_decompress_none                      
000176ef  __TI_doflush                              
202002ac  __TI_dtors_ptr                            
202002bc  __TI_ft_end                               
ffffffff  __TI_pprof_out_hndl                       
00014ac1  __TI_printfi_nofloat                      
ffffffff  __TI_prof_data_size                       
ffffffff  __TI_prof_data_start                      
00017e55  __TI_readmsg                              
00000000  __TI_static_base__                        
20200600  __TI_tmpnams                              
00017e89  __TI_writemsg                             
000183d3  __TI_zero_init_nomemset                   
000147f0  __aeabi_ctype_table_                      
000147f0  __aeabi_ctype_table_C                     
202002c0  __aeabi_errno                             
000185bd  __aeabi_errno_addr                        
00017549  __aeabi_idiv                              
0001692b  __aeabi_idiv0                             
00017549  __aeabi_idivmod                           
00016c27  __aeabi_ldiv0                             
000182a1  __aeabi_llsl                              
000181f9  __aeabi_lmul                              
0001852d  __aeabi_memclr                            
0001852d  __aeabi_memclr4                           
0001852d  __aeabi_memclr8                           
000185c5  __aeabi_memcpy                            
000185c5  __aeabi_memcpy4                           
000185c5  __aeabi_memcpy8                           
000184c1  __aeabi_memset                            
000184c1  __aeabi_memset4                           
000184c1  __aeabi_memset8                           
00017af5  __aeabi_uidiv                             
00017af5  __aeabi_uidivmod                          
000183fd  __aeabi_uldivmod                          
000182a1  __ashldi3                                 
ffffffff  __binit__                                 
UNDEFED   __mpu_init                                
000181f9  __muldi3                                  
00017ca5  __muldsi3                                 
20207e00  __stack                                   
20200000  __start___llvm_prf_bits                   
20200000  __start___llvm_prf_cnts                   
20200000  __stop___llvm_prf_bits                    
20200000  __stop___llvm_prf_cnts                    
00016889  __udivmoddi4                              
00018141  _c_int00_noargs                           
202001cc  _device                                   
20200000  _ftable                                   
202002c4  _lock                                     
0001724f  _nop                                      
20200244  _stream                                   
202002e0  _sys_memory                               
UNDEFED   _system_post_cinit                        
000185e3  _system_pre_init                          
202002c8  _unlock                                   
000185d5  abort                                     
00016045  add_device                                
00015d45  aligned_alloc                             
00017b75  atoi                                      
ffffffff  binit                                     
00017791  close                                     
00017ebd  exit                                      
00017ef1  finddevice                                
00018019  fopen                                     
00016305  free                                      
00017f25  freopen                                   
202000f0  game                                      
00017179  getdevice                                 
00000000  interruptVectors                          
00016dbd  main                                      
00018539  malloc                                    
00015d45  memalign                                  
0001823f  memccpy                                   
000169cd  open                                      
202006a0  parmbuf                                   
000185cd  remove                                    
000164d1  setvbuf                                   
00017879  snprintf                                  
00016cb1  strcmp                                    
00018075  unlink                                    
00018495  wcslen                                    
00018119  write                                     


GLOBAL SYMBOLS: SORTED BY Symbol Address 

address   name                                      
-------   ----                                      
00000000  __TI_ATRegion0_region_sz                  
00000000  __TI_ATRegion0_src_addr                   
00000000  __TI_ATRegion0_trg_addr                   
00000000  __TI_ATRegion1_region_sz                  
00000000  __TI_ATRegion1_src_addr                   
00000000  __TI_ATRegion1_trg_addr                   
00000000  __TI_ATRegion2_region_sz                  
00000000  __TI_ATRegion2_src_addr                   
00000000  __TI_ATRegion2_trg_addr                   
00000000  __TI_static_base__                        
00000000  interruptVectors                          
00000200  __STACK_SIZE                              
00000200  __SYSMEM_SIZE                             
000147f0  __aeabi_ctype_table_                      
000147f0  __aeabi_ctype_table_C                     
00014958  _ZTV10StartState                          
00014970  _ZTV18SwitchOffenceState                  
00014988  _ZTV5State                                
000149a0  _ZTV8WinState                             
000149b8  _ZTV9Atk1State                            
000149d0  _ZTV9Atk2State                            
000149e8  _ZTV9Atk3State                            
00014ac1  __TI_printfi_nofloat                      
00015329  _Z17ST7735_DrawBitmapssPKtss              
00015539  _Z15Clock_Init80MHzi                      
000156ed  _Z16ST7735_DrawCharSsscssh                
000159e1  _Z8ADC_InitP10ADC12_Regsjj                
00015b09  _Z16CDH_DrawBitmap2xssPKtss               
00015c2d  _Z15ST7735_FillRectsssst                  
00015d45  aligned_alloc                             
00015d45  memalign                                  
00015e59  _Z8SPI_Initv                              
00015f51  _Z18ST7735_SetRotationh                   
00016045  add_device                                
00016131  _Z25CDH_DrawBitmapTransparentssPKtsst     
0001621b  SysTick_Handler                           
0001621d  _Z9UART_Initv                             
00016305  free                                      
000163ed  _ZN9Atk1State7displayEP4Game              
000164d1  setvbuf                                   
000165b1  _Z14ST7735_OutCharc                       
00016681  _ZN18SwitchOffenceState7displayEP4Game    
0001673d  _Z14TimerG7_IntArmtjj                     
00016887  _Z10Sound_Initv                           
00016889  __udivmoddi4                              
0001692b  __aeabi_idiv0                             
0001692d  _Z17ST7735_InitPrintf10initRFlags         
000169cd  open                                      
00016a6d  _Z12ST7735_InitR10initRFlags              
00016b05  _Z15TimerG12_IntArmjj                     
00016b99  _Z14CDH_DrawStringttPcsii                 
00016c27  __aeabi_ldiv0                             
00016cb1  strcmp                                    
00016d39  _Z17ST7735_DrawStringttPcs                
00016dbd  main                                      
00016e41  _Z14LaunchPad_Initv                       
00016ebd  _ZN8SlidePot4InitEv                       
00016f39  __TI_closefile                            
00016fb5  __TI_decompress_lzss                      
00017031  _Z16ST7735_DrawPixelsst                   
000170a1  HOSTlseek                                 
0001710d  HOSTrename                                
00017179  getdevice                                 
000171e5  _ZN9Atk3State5logicEP4Game                
0001724f  _nop                                      
00017251  _ZN10StartState7displayEP4Game            
0001731d  _ZN9Atk2State5logicEP4Game                
00017381  HOSTopen                                  
000173e1  _ZN18SwitchOffenceState5logicEP4Game      
00017441  HOSTread                                  
00017499  HOSTwrite                                 
000174f1  _Z10TExaS_InitP10ADC12_RegsjPFhvE         
00017549  __aeabi_idiv                              
00017549  __aeabi_idivmod                           
000175a1  _ZN4Game4initEv                           
000175f5  _ZN9Atk1State7onEnterEP4Game              
00017649  __TI_auto_init_nobinit                    
0001769d  _ZN9Atk1State5logicEP4Game                
000176ef  __TI_doflush                              
00017741  _Z11CDH_OutUDecttjsii                     
00017791  close                                     
000177e1  _ZN18SwitchOffenceState7onEnterEP4Game    
0001782d  _ZN4Game12switchStatesEi                  
00017879  snprintf                                  
000178c5  _ZN4GameC2Ev                              
00017911  HOSTclose                                 
00017959  HOSTunlink                                
000179a1  _Z14SPI_OutCommandc                       
000179e9  _ZN10StartState5logicEP4Game              
00017a31  TIMG12_IRQHandler                         
00017a75  TIMG7_IRQHandler                          
00017ab5  _Z9SPI_Resetv                             
00017af5  __aeabi_uidiv                             
00017af5  __aeabi_uidivmod                          
00017b75  atoi                                      
00017bb5  _ZN5State7displayEP4Game                  
00017bf1  _ZN8WinState7displayEP4Game               
00017c2d  _ZN9Atk2State7displayEP4Game              
00017c69  _ZN9Atk3State7displayEP4Game              
00017ca5  __muldsi3                                 
00017ce1  _Z11SPI_OutDatac                          
00017d19  _Z15ActivatePortA_Bv                      
00017d51  _Z12ST7735_writeiPKcj                     
00017d85  _Z14Clock_Delay1msj                       
00017db9  _Z16ST7735_SetCursorjj                    
00017ded  _Z8LED_Initv                              
00017e21  __TI_cleanup                              
00017e55  __TI_readmsg                              
00017e89  __TI_writemsg                             
00017eb5  C$$IO$$                                   
00017ebd  exit                                      
00017ef1  finddevice                                
00017f25  freopen                                   
00017f89  _ZN10StartStateC1Ev                       
00017f89  _ZN10StartStateC2Ev                       
00017fb9  _ZN4Game10get_inputsEv                    
00018019  fopen                                     
00018049  _Z17ST7735_FillScreent                    
00018075  unlink                                    
000180a1  _Z11Switch_Initv                          
000180c9  _Z9ADC_StartP10ADC12_Regs                 
00018119  write                                     
00018141  _c_int00_noargs                           
00018169  _ZN18SwitchOffenceStateC1Ev               
00018169  _ZN18SwitchOffenceStateC2Ev               
0001818d  _ZN9Atk1StateC1Ev                         
0001818d  _ZN9Atk1StateC2Ev                         
000181b1  _ZN9Atk2StateC1Ev                         
000181b1  _ZN9Atk2StateC2Ev                         
000181d5  _ZN9Atk3StateC1Ev                         
000181d5  _ZN9Atk3StateC2Ev                         
000181f9  __aeabi_lmul                              
000181f9  __muldi3                                  
0001821d  _ZN8WinState5logicEP4Game                 
0001823f  memccpy                                   
00018261  _ZN8WinStateC1Ev                          
00018261  _ZN8WinStateC2Ev                          
000182a1  __aeabi_llsl                              
000182a1  __ashldi3                                 
000182c1  ADC0_IRQHandler                           
000182c1  ADC1_IRQHandler                           
000182c1  AES_IRQHandler                            
000182c1  CANFD0_IRQHandler                         
000182c1  DAC0_IRQHandler                           
000182c1  DMA_IRQHandler                            
000182c1  Default_Handler                           
000182c1  GROUP0_IRQHandler                         
000182c1  GROUP1_IRQHandler                         
000182c1  I2C0_IRQHandler                           
000182c1  I2C1_IRQHandler                           
000182c1  NMI_Handler                               
000182c1  PendSV_Handler                            
000182c1  RTC_IRQHandler                            
000182c1  SPI0_IRQHandler                           
000182c1  SPI1_IRQHandler                           
000182c1  SVC_Handler                               
000182c1  TIMA0_IRQHandler                          
000182c1  TIMA1_IRQHandler                          
000182c1  TIMG0_IRQHandler                          
000182c1  TIMG6_IRQHandler                          
000182c1  TIMG8_IRQHandler                          
000182c1  UART0_IRQHandler                          
000182c1  UART1_IRQHandler                          
000182c1  UART2_IRQHandler                          
000182c1  UART3_IRQHandler                          
000182dd  HardFault_Handler                         
00018315  _ZN8SlidePotC1Ejj                         
00018315  _ZN8SlidePotC2Ejj                         
0001832f  _ZN9Atk2State7onEnterEP4Game              
00018349  _ZN5StateC2Ev                             
00018391  _Z11ST7735_openPKcji                      
000183a7  _Z11ST7735_readiPcj                       
000183bd  _ZN4Game11updateStateEv                   
000183d3  __TI_zero_init_nomemset                   
000183e9  _ZN9Atk3State7onEnterEP4Game              
000183fd  __aeabi_uldivmod                          
00018411  TI_memcpy_small                           
00018423  __TI_decompress_none                      
00018435  _Z11Clock_Delayj                          
00018445  _Z28TExaS_LaunchPadLogicPB27PB26v         
00018455  _ZN10StartState7onEnterEP4Game            
00018465  _ZN5State7onEnterEP4Game                  
00018475  _ZN8WinState7onEnterEP4Game               
00018495  wcslen                                    
000184b3  _Z12ST7735_lseekili                       
000184c1  __aeabi_memset                            
000184c1  __aeabi_memset4                           
000184c1  __aeabi_memset8                           
000184f9  TI_memset_small                           
00018515  _Z10Clock_Freqv                           
00018521  _Z13ST7735_renamePKcS0_                   
0001852d  __aeabi_memclr                            
0001852d  __aeabi_memclr4                           
0001852d  __aeabi_memclr8                           
00018539  malloc                                    
00018545  _Z12ST7735_closei                         
0001854f  _Z13ST7735_unlinkPKc                      
00018559  _Z8PLL_Initv                              
00018563  _ZN10StartState10play_soundEP4Game        
0001856d  _ZN18SwitchOffenceState10play_soundEP4Game
00018577  _ZN4Game10directionsEv                    
00018581  _ZN5State10play_soundEP4Game              
0001858b  _ZN5State5logicEP4Game                    
00018595  _ZN8WinState10play_soundEP4Game           
0001859f  _ZN9Atk1State10play_soundEP4Game          
000185a9  _ZN9Atk2State10play_soundEP4Game          
000185b3  _ZN9Atk3State10play_soundEP4Game          
000185bd  __aeabi_errno_addr                        
000185c5  __aeabi_memcpy                            
000185c5  __aeabi_memcpy4                           
000185c5  __aeabi_memcpy8                           
000185cd  remove                                    
000185d5  abort                                     
000185da  C$$EXIT                                   
000185db  HOSTexit                                  
000185df  Reset_Handler                             
000185e3  _system_pre_init                          
000185f0  SHT$$INIT_ARRAY$$Base                     
000185f4  SHT$$INIT_ARRAY$$Limit                    
0001866c  __TI_Handler_Table_Base                   
00018678  __TI_Handler_Table_Limit                  
00018680  __TI_CINIT_Base                           
00018690  __TI_CINIT_Limit                          
00018690  __TI_CINIT_Warm                           
20200000  __start___llvm_prf_bits                   
20200000  __start___llvm_prf_cnts                   
20200000  __stop___llvm_prf_bits                    
20200000  __stop___llvm_prf_cnts                    
20200000  _ftable                                   
202000f0  game                                      
202001cc  _device                                   
20200244  _stream                                   
20200294  Sensor                                    
202002a8  __TI_cleanup_ptr                          
202002ac  __TI_dtors_ptr                            
202002b0  BusFreq                                   
202002b4  StX                                       
202002b8  StY                                       
202002bc  __TI_ft_end                               
202002c0  __aeabi_errno                             
202002c4  _lock                                     
202002c8  _unlock                                   
202002cc  StTextColor                               
202002e0  _sys_memory                               
202004e0  _CIOBUF_                                  
202004e0  __CIOBUF_                                 
20200600  __TI_tmpnams                              
202006a0  parmbuf                                   
202006a8  TExaSLogic                                
202006ac  TExaSadc                                  
20207e00  __stack                                   
20208000  __STACK_END                               
ffffffff  __TI_pprof_out_hndl                       
ffffffff  __TI_prof_data_size                       
ffffffff  __TI_prof_data_start                      
ffffffff  __binit__                                 
ffffffff  binit                                     
UNDEFED   __mpu_init                                
UNDEFED   _system_post_cinit                        

[259 symbols]
