<?xml version="1.0" encoding="ISO-8859-1" ?>
<link_info>
   <banner>TI ARM Clang Linker PC v4.0.4.LTS</banner>
   <copyright>Copyright (c) 1996-2018 Texas Instruments Incorporated</copyright>
   <command_line>C:\ti\ccs2030\ccs\tools\compiler\ti-cgt-armllvm_4.0.4.LTS\bin\tiarmlnk -IC:\ti\ccs2030\ccs\tools\compiler\ti-cgt-armllvm_4.0.4.LTS\lib -o ECE319K_Lab9H.out -mECE319K_Lab9H.map --heap_size=512 --stack_size=512 -iC:/Users/conno/OneDrive/Documents/1_School/UT/319H/ECE319K_Lab9H/Debug/syscfg -iC:/ti/ccs2030/ccs/tools/compiler/ti-cgt-armllvm_4.0.4.LTS/lib --diag_wrap=off --display_error_number --warn_sections --xml_link_info=ECE319K_Lab9H_linkInfo.xml --rom_model ./Clock.o ./LED.o ./Lab9HMain.o ./LaunchPad.o ./NES - Punch-Out!! - Miscellaneous - Boxing Rings.o ./SPI.o ./ST7735.o ./SlidePot.o ./SmallFont.o ./Sound.o ./Switch.o ./TExaS.o ./Timer.o ./connors_display_helper.o ./game_structs.o ./gameimages.o ./valvano.o ./valvano_punch.o ./valvano_rgb565.o ./yerballi.o ./yerballi_rgb565.o ./images/pipedreams/PipeSound.o ./ticlang/startup_mspm0g3507_ticlang.o ../mspm0g3507.cmd -lC:/ti/mspm0_sdk_2_06_00_05/source/ti/driverlib/lib/ticlang/m0p/mspm0g1x0x_g3x0x/driverlib.a -llibc.a --start-group -llibc++.a -llibc++abi.a -llibc.a -llibsys.a -llibsysbm.a -llibclang_rt.builtins.a -llibclang_rt.profile.a --end-group --cg_opt_level=0</command_line>
   <link_time>0x69e68002</link_time>
   <link_errors>0x0</link_errors>
   <output_file>C:\Users\conno\OneDrive\Documents\1_School\UT\319H\ECE319K_Lab9H\Debug\ECE319K_Lab9H.out</output_file>
   <entry_point>
      <name>_c_int00_noargs</name>
      <address>0x1a7c1</address>
   </entry_point>
   <input_file_list>
      <input_file id="fl-1">
         <path>C:\Users\conno\OneDrive\Documents\1_School\UT\319H\ECE319K_Lab9H\Debug\.\</path>
         <kind>object</kind>
         <file>Clock.o</file>
         <name>Clock.o</name>
      </input_file>
      <input_file id="fl-2">
         <path>C:\Users\conno\OneDrive\Documents\1_School\UT\319H\ECE319K_Lab9H\Debug\.\</path>
         <kind>object</kind>
         <file>LED.o</file>
         <name>LED.o</name>
      </input_file>
      <input_file id="fl-3">
         <path>C:\Users\conno\OneDrive\Documents\1_School\UT\319H\ECE319K_Lab9H\Debug\.\</path>
         <kind>object</kind>
         <file>Lab9HMain.o</file>
         <name>Lab9HMain.o</name>
      </input_file>
      <input_file id="fl-4">
         <path>C:\Users\conno\OneDrive\Documents\1_School\UT\319H\ECE319K_Lab9H\Debug\.\</path>
         <kind>object</kind>
         <file>LaunchPad.o</file>
         <name>LaunchPad.o</name>
      </input_file>
      <input_file id="fl-5">
         <path>C:\Users\conno\OneDrive\Documents\1_School\UT\319H\ECE319K_Lab9H\Debug\.\</path>
         <kind>object</kind>
         <file>NES - Punch-Out!! - Miscellaneous - Boxing Rings.o</file>
         <name>NES - Punch-Out!! - Miscellaneous - Boxing Rings.o</name>
      </input_file>
      <input_file id="fl-6">
         <path>C:\Users\conno\OneDrive\Documents\1_School\UT\319H\ECE319K_Lab9H\Debug\.\</path>
         <kind>object</kind>
         <file>SPI.o</file>
         <name>SPI.o</name>
      </input_file>
      <input_file id="fl-7">
         <path>C:\Users\conno\OneDrive\Documents\1_School\UT\319H\ECE319K_Lab9H\Debug\.\</path>
         <kind>object</kind>
         <file>ST7735.o</file>
         <name>ST7735.o</name>
      </input_file>
      <input_file id="fl-8">
         <path>C:\Users\conno\OneDrive\Documents\1_School\UT\319H\ECE319K_Lab9H\Debug\.\</path>
         <kind>object</kind>
         <file>SlidePot.o</file>
         <name>SlidePot.o</name>
      </input_file>
      <input_file id="fl-9">
         <path>C:\Users\conno\OneDrive\Documents\1_School\UT\319H\ECE319K_Lab9H\Debug\.\</path>
         <kind>object</kind>
         <file>SmallFont.o</file>
         <name>SmallFont.o</name>
      </input_file>
      <input_file id="fl-a">
         <path>C:\Users\conno\OneDrive\Documents\1_School\UT\319H\ECE319K_Lab9H\Debug\.\</path>
         <kind>object</kind>
         <file>Sound.o</file>
         <name>Sound.o</name>
      </input_file>
      <input_file id="fl-b">
         <path>C:\Users\conno\OneDrive\Documents\1_School\UT\319H\ECE319K_Lab9H\Debug\.\</path>
         <kind>object</kind>
         <file>Switch.o</file>
         <name>Switch.o</name>
      </input_file>
      <input_file id="fl-c">
         <path>C:\Users\conno\OneDrive\Documents\1_School\UT\319H\ECE319K_Lab9H\Debug\.\</path>
         <kind>object</kind>
         <file>TExaS.o</file>
         <name>TExaS.o</name>
      </input_file>
      <input_file id="fl-d">
         <path>C:\Users\conno\OneDrive\Documents\1_School\UT\319H\ECE319K_Lab9H\Debug\.\</path>
         <kind>object</kind>
         <file>Timer.o</file>
         <name>Timer.o</name>
      </input_file>
      <input_file id="fl-e">
         <path>C:\Users\conno\OneDrive\Documents\1_School\UT\319H\ECE319K_Lab9H\Debug\.\</path>
         <kind>object</kind>
         <file>connors_display_helper.o</file>
         <name>connors_display_helper.o</name>
      </input_file>
      <input_file id="fl-f">
         <path>C:\Users\conno\OneDrive\Documents\1_School\UT\319H\ECE319K_Lab9H\Debug\.\</path>
         <kind>object</kind>
         <file>game_structs.o</file>
         <name>game_structs.o</name>
      </input_file>
      <input_file id="fl-10">
         <path>C:\Users\conno\OneDrive\Documents\1_School\UT\319H\ECE319K_Lab9H\Debug\.\</path>
         <kind>object</kind>
         <file>gameimages.o</file>
         <name>gameimages.o</name>
      </input_file>
      <input_file id="fl-11">
         <path>C:\Users\conno\OneDrive\Documents\1_School\UT\319H\ECE319K_Lab9H\Debug\.\</path>
         <kind>object</kind>
         <file>valvano.o</file>
         <name>valvano.o</name>
      </input_file>
      <input_file id="fl-12">
         <path>C:\Users\conno\OneDrive\Documents\1_School\UT\319H\ECE319K_Lab9H\Debug\.\</path>
         <kind>object</kind>
         <file>valvano_punch.o</file>
         <name>valvano_punch.o</name>
      </input_file>
      <input_file id="fl-13">
         <path>C:\Users\conno\OneDrive\Documents\1_School\UT\319H\ECE319K_Lab9H\Debug\.\</path>
         <kind>object</kind>
         <file>valvano_rgb565.o</file>
         <name>valvano_rgb565.o</name>
      </input_file>
      <input_file id="fl-14">
         <path>C:\Users\conno\OneDrive\Documents\1_School\UT\319H\ECE319K_Lab9H\Debug\.\</path>
         <kind>object</kind>
         <file>yerballi.o</file>
         <name>yerballi.o</name>
      </input_file>
      <input_file id="fl-15">
         <path>C:\Users\conno\OneDrive\Documents\1_School\UT\319H\ECE319K_Lab9H\Debug\.\</path>
         <kind>object</kind>
         <file>yerballi_rgb565.o</file>
         <name>yerballi_rgb565.o</name>
      </input_file>
      <input_file id="fl-16">
         <path>C:\Users\conno\OneDrive\Documents\1_School\UT\319H\ECE319K_Lab9H\Debug\.\images\pipedreams\</path>
         <kind>object</kind>
         <file>PipeSound.o</file>
         <name>PipeSound.o</name>
      </input_file>
      <input_file id="fl-17">
         <path>C:\Users\conno\OneDrive\Documents\1_School\UT\319H\ECE319K_Lab9H\Debug\.\ticlang\</path>
         <kind>object</kind>
         <file>startup_mspm0g3507_ticlang.o</file>
         <name>startup_mspm0g3507_ticlang.o</name>
      </input_file>
      <input_file id="fl-23">
         <path>C:\Users\conno\OneDrive\Documents\1_School\UT\319H\ECE319K_Lab9H\Debug\</path>
         <kind>object</kind>
         <file>&lt;internal&gt;</file>
         <name>&lt;internal&gt;</name>
      </input_file>
      <input_file id="fl-3a">
         <path>C:\ti\ccs2030\ccs\tools\compiler\ti-cgt-armllvm_4.0.4.LTS\lib\armv6m-ti-none-eabi\c\</path>
         <kind>archive</kind>
         <file>libc.a</file>
         <name>snprintf.c.obj</name>
      </input_file>
      <input_file id="fl-3b">
         <path>C:\ti\ccs2030\ccs\tools\compiler\ti-cgt-armllvm_4.0.4.LTS\lib\armv6m-ti-none-eabi\c\</path>
         <kind>archive</kind>
         <file>libc.a</file>
         <name>fopen.c.obj</name>
      </input_file>
      <input_file id="fl-3c">
         <path>C:\ti\ccs2030\ccs\tools\compiler\ti-cgt-armllvm_4.0.4.LTS\lib\armv6m-ti-none-eabi\c\</path>
         <kind>archive</kind>
         <file>libc.a</file>
         <name>setvbuf.c.obj</name>
      </input_file>
      <input_file id="fl-3d">
         <path>C:\ti\ccs2030\ccs\tools\compiler\ti-cgt-armllvm_4.0.4.LTS\lib\armv6m-ti-none-eabi\c\</path>
         <kind>archive</kind>
         <file>libc.a</file>
         <name>aeabi_portable.c.obj</name>
      </input_file>
      <input_file id="fl-3e">
         <path>C:\ti\ccs2030\ccs\tools\compiler\ti-cgt-armllvm_4.0.4.LTS\lib\armv6m-ti-none-eabi\c\</path>
         <kind>archive</kind>
         <file>libc.a</file>
         <name>exit.c.obj</name>
      </input_file>
      <input_file id="fl-3f">
         <path>C:\ti\ccs2030\ccs\tools\compiler\ti-cgt-armllvm_4.0.4.LTS\lib\armv6m-ti-none-eabi\c\</path>
         <kind>archive</kind>
         <file>libc.a</file>
         <name>_lock.c.obj</name>
      </input_file>
      <input_file id="fl-40">
         <path>C:\ti\ccs2030\ccs\tools\compiler\ti-cgt-armllvm_4.0.4.LTS\lib\armv6m-ti-none-eabi\c\</path>
         <kind>archive</kind>
         <file>libc.a</file>
         <name>assert.c.obj</name>
      </input_file>
      <input_file id="fl-41">
         <path>C:\ti\ccs2030\ccs\tools\compiler\ti-cgt-armllvm_4.0.4.LTS\lib\armv6m-ti-none-eabi\c\</path>
         <kind>archive</kind>
         <file>libc.a</file>
         <name>defs.c.obj</name>
      </input_file>
      <input_file id="fl-42">
         <path>C:\ti\ccs2030\ccs\tools\compiler\ti-cgt-armllvm_4.0.4.LTS\lib\armv6m-ti-none-eabi\c\</path>
         <kind>archive</kind>
         <file>libc.a</file>
         <name>memory.c.obj</name>
      </input_file>
      <input_file id="fl-43">
         <path>C:\ti\ccs2030\ccs\tools\compiler\ti-cgt-armllvm_4.0.4.LTS\lib\armv6m-ti-none-eabi\c\</path>
         <kind>archive</kind>
         <file>libc.a</file>
         <name>boot_cortex_m.c.obj</name>
      </input_file>
      <input_file id="fl-44">
         <path>C:\ti\ccs2030\ccs\tools\compiler\ti-cgt-armllvm_4.0.4.LTS\lib\armv6m-ti-none-eabi\c\</path>
         <kind>archive</kind>
         <file>libc.a</file>
         <name>mathacl_init.c.obj</name>
      </input_file>
      <input_file id="fl-45">
         <path>C:\ti\ccs2030\ccs\tools\compiler\ti-cgt-armllvm_4.0.4.LTS\lib\armv6m-ti-none-eabi\c\</path>
         <kind>archive</kind>
         <file>libc.a</file>
         <name>autoinit.c.obj</name>
      </input_file>
      <input_file id="fl-46">
         <path>C:\ti\ccs2030\ccs\tools\compiler\ti-cgt-armllvm_4.0.4.LTS\lib\armv6m-ti-none-eabi\c\</path>
         <kind>archive</kind>
         <file>libc.a</file>
         <name>pre_init.c.obj</name>
      </input_file>
      <input_file id="fl-47">
         <path>C:\ti\ccs2030\ccs\tools\compiler\ti-cgt-armllvm_4.0.4.LTS\lib\armv6m-ti-none-eabi\c\</path>
         <kind>archive</kind>
         <file>libc.a</file>
         <name>cpy_tbl.c.obj</name>
      </input_file>
      <input_file id="fl-48">
         <path>C:\ti\ccs2030\ccs\tools\compiler\ti-cgt-armllvm_4.0.4.LTS\lib\armv6m-ti-none-eabi\c\</path>
         <kind>archive</kind>
         <file>libc.a</file>
         <name>copy_zero_init.c.obj</name>
      </input_file>
      <input_file id="fl-49">
         <path>C:\ti\ccs2030\ccs\tools\compiler\ti-cgt-armllvm_4.0.4.LTS\lib\armv6m-ti-none-eabi\c\</path>
         <kind>archive</kind>
         <file>libc.a</file>
         <name>copy_decompress_none.c.obj</name>
      </input_file>
      <input_file id="fl-4a">
         <path>C:\ti\ccs2030\ccs\tools\compiler\ti-cgt-armllvm_4.0.4.LTS\lib\armv6m-ti-none-eabi\c\</path>
         <kind>archive</kind>
         <file>libc.a</file>
         <name>copy_decompress_lzss.c.obj</name>
      </input_file>
      <input_file id="fl-4b">
         <path>C:\ti\ccs2030\ccs\tools\compiler\ti-cgt-armllvm_4.0.4.LTS\lib\armv6m-ti-none-eabi\c\</path>
         <kind>archive</kind>
         <file>libc.a</file>
         <name>_printfi.c.obj</name>
      </input_file>
      <input_file id="fl-4c">
         <path>C:\ti\ccs2030\ccs\tools\compiler\ti-cgt-armllvm_4.0.4.LTS\lib\armv6m-ti-none-eabi\c\</path>
         <kind>archive</kind>
         <file>libc.a</file>
         <name>sprintf.c.obj</name>
      </input_file>
      <input_file id="fl-4d">
         <path>C:\ti\ccs2030\ccs\tools\compiler\ti-cgt-armllvm_4.0.4.LTS\lib\armv6m-ti-none-eabi\c\</path>
         <kind>archive</kind>
         <file>libc.a</file>
         <name>fclose.c.obj</name>
      </input_file>
      <input_file id="fl-4e">
         <path>C:\ti\ccs2030\ccs\tools\compiler\ti-cgt-armllvm_4.0.4.LTS\lib\armv6m-ti-none-eabi\c\</path>
         <kind>archive</kind>
         <file>libc.a</file>
         <name>fflush.c.obj</name>
      </input_file>
      <input_file id="fl-4f">
         <path>C:\ti\ccs2030\ccs\tools\compiler\ti-cgt-armllvm_4.0.4.LTS\lib\armv6m-ti-none-eabi\c\</path>
         <kind>archive</kind>
         <file>libc.a</file>
         <name>fputs.c.obj</name>
      </input_file>
      <input_file id="fl-50">
         <path>C:\ti\ccs2030\ccs\tools\compiler\ti-cgt-armllvm_4.0.4.LTS\lib\armv6m-ti-none-eabi\c\</path>
         <kind>archive</kind>
         <file>libc.a</file>
         <name>_io_perm.c.obj</name>
      </input_file>
      <input_file id="fl-51">
         <path>C:\ti\ccs2030\ccs\tools\compiler\ti-cgt-armllvm_4.0.4.LTS\lib\armv6m-ti-none-eabi\c\</path>
         <kind>archive</kind>
         <file>libc.a</file>
         <name>_ltoa.c.obj</name>
      </input_file>
      <input_file id="fl-52">
         <path>C:\ti\ccs2030\ccs\tools\compiler\ti-cgt-armllvm_4.0.4.LTS\lib\armv6m-ti-none-eabi\c\</path>
         <kind>archive</kind>
         <file>libc.a</file>
         <name>args_main.c.obj</name>
      </input_file>
      <input_file id="fl-53">
         <path>C:\ti\ccs2030\ccs\tools\compiler\ti-cgt-armllvm_4.0.4.LTS\lib\armv6m-ti-none-eabi\c\</path>
         <kind>archive</kind>
         <file>libc.a</file>
         <name>atoi.c.obj</name>
      </input_file>
      <input_file id="fl-54">
         <path>C:\ti\ccs2030\ccs\tools\compiler\ti-cgt-armllvm_4.0.4.LTS\lib\armv6m-ti-none-eabi\c\</path>
         <kind>archive</kind>
         <file>libc.a</file>
         <name>memccpy.c.obj</name>
      </input_file>
      <input_file id="fl-55">
         <path>C:\ti\ccs2030\ccs\tools\compiler\ti-cgt-armllvm_4.0.4.LTS\lib\armv6m-ti-none-eabi\c\</path>
         <kind>archive</kind>
         <file>libc.a</file>
         <name>s_frexp.c.obj</name>
      </input_file>
      <input_file id="fl-56">
         <path>C:\ti\ccs2030\ccs\tools\compiler\ti-cgt-armllvm_4.0.4.LTS\lib\armv6m-ti-none-eabi\c\</path>
         <kind>archive</kind>
         <file>libc.a</file>
         <name>s_scalbn.c.obj</name>
      </input_file>
      <input_file id="fl-57">
         <path>C:\ti\ccs2030\ccs\tools\compiler\ti-cgt-armllvm_4.0.4.LTS\lib\armv6m-ti-none-eabi\c\</path>
         <kind>archive</kind>
         <file>libc.a</file>
         <name>wcslen.c.obj</name>
      </input_file>
      <input_file id="fl-58">
         <path>C:\ti\ccs2030\ccs\tools\compiler\ti-cgt-armllvm_4.0.4.LTS\lib\armv6m-ti-none-eabi\c\</path>
         <kind>archive</kind>
         <file>libc.a</file>
         <name>fseek.c.obj</name>
      </input_file>
      <input_file id="fl-59">
         <path>C:\ti\ccs2030\ccs\tools\compiler\ti-cgt-armllvm_4.0.4.LTS\lib\armv6m-ti-none-eabi\c\</path>
         <kind>archive</kind>
         <file>libc.a</file>
         <name>aeabi_ctype.S.obj</name>
      </input_file>
      <input_file id="fl-f9">
         <path>C:\ti\ccs2030\ccs\tools\compiler\ti-cgt-armllvm_4.0.4.LTS\lib\armv6m-ti-none-eabi\c\</path>
         <kind>archive</kind>
         <file>libsysbm.a</file>
         <name>hostexit.c.obj</name>
      </input_file>
      <input_file id="fl-fa">
         <path>C:\ti\ccs2030\ccs\tools\compiler\ti-cgt-armllvm_4.0.4.LTS\lib\armv6m-ti-none-eabi\c\</path>
         <kind>archive</kind>
         <file>libsysbm.a</file>
         <name>write.c.obj</name>
      </input_file>
      <input_file id="fl-fb">
         <path>C:\ti\ccs2030\ccs\tools\compiler\ti-cgt-armllvm_4.0.4.LTS\lib\armv6m-ti-none-eabi\c\</path>
         <kind>archive</kind>
         <file>libsysbm.a</file>
         <name>host_device.c.obj</name>
      </input_file>
      <input_file id="fl-fc">
         <path>C:\ti\ccs2030\ccs\tools\compiler\ti-cgt-armllvm_4.0.4.LTS\lib\armv6m-ti-none-eabi\c\</path>
         <kind>archive</kind>
         <file>libsysbm.a</file>
         <name>remove.c.obj</name>
      </input_file>
      <input_file id="fl-fd">
         <path>C:\ti\ccs2030\ccs\tools\compiler\ti-cgt-armllvm_4.0.4.LTS\lib\armv6m-ti-none-eabi\c\</path>
         <kind>archive</kind>
         <file>libsysbm.a</file>
         <name>open.c.obj</name>
      </input_file>
      <input_file id="fl-fe">
         <path>C:\ti\ccs2030\ccs\tools\compiler\ti-cgt-armllvm_4.0.4.LTS\lib\armv6m-ti-none-eabi\c\</path>
         <kind>archive</kind>
         <file>libsysbm.a</file>
         <name>lseek.c.obj</name>
      </input_file>
      <input_file id="fl-ff">
         <path>C:\ti\ccs2030\ccs\tools\compiler\ti-cgt-armllvm_4.0.4.LTS\lib\armv6m-ti-none-eabi\c\</path>
         <kind>archive</kind>
         <file>libsysbm.a</file>
         <name>close.c.obj</name>
      </input_file>
      <input_file id="fl-100">
         <path>C:\ti\ccs2030\ccs\tools\compiler\ti-cgt-armllvm_4.0.4.LTS\lib\armv6m-ti-none-eabi\c\</path>
         <kind>archive</kind>
         <file>libsysbm.a</file>
         <name>add_device.c.obj</name>
      </input_file>
      <input_file id="fl-101">
         <path>C:\ti\ccs2030\ccs\tools\compiler\ti-cgt-armllvm_4.0.4.LTS\lib\armv6m-ti-none-eabi\c\</path>
         <kind>archive</kind>
         <file>libsysbm.a</file>
         <name>unlink.c.obj</name>
      </input_file>
      <input_file id="fl-102">
         <path>C:\ti\ccs2030\ccs\tools\compiler\ti-cgt-armllvm_4.0.4.LTS\lib\armv6m-ti-none-eabi\c\</path>
         <kind>archive</kind>
         <file>libsysbm.a</file>
         <name>hostclose.c.obj</name>
      </input_file>
      <input_file id="fl-103">
         <path>C:\ti\ccs2030\ccs\tools\compiler\ti-cgt-armllvm_4.0.4.LTS\lib\armv6m-ti-none-eabi\c\</path>
         <kind>archive</kind>
         <file>libsysbm.a</file>
         <name>hostlseek.c.obj</name>
      </input_file>
      <input_file id="fl-104">
         <path>C:\ti\ccs2030\ccs\tools\compiler\ti-cgt-armllvm_4.0.4.LTS\lib\armv6m-ti-none-eabi\c\</path>
         <kind>archive</kind>
         <file>libsysbm.a</file>
         <name>hostopen.c.obj</name>
      </input_file>
      <input_file id="fl-105">
         <path>C:\ti\ccs2030\ccs\tools\compiler\ti-cgt-armllvm_4.0.4.LTS\lib\armv6m-ti-none-eabi\c\</path>
         <kind>archive</kind>
         <file>libsysbm.a</file>
         <name>hostread.c.obj</name>
      </input_file>
      <input_file id="fl-106">
         <path>C:\ti\ccs2030\ccs\tools\compiler\ti-cgt-armllvm_4.0.4.LTS\lib\armv6m-ti-none-eabi\c\</path>
         <kind>archive</kind>
         <file>libsysbm.a</file>
         <name>hostrename.c.obj</name>
      </input_file>
      <input_file id="fl-107">
         <path>C:\ti\ccs2030\ccs\tools\compiler\ti-cgt-armllvm_4.0.4.LTS\lib\armv6m-ti-none-eabi\c\</path>
         <kind>archive</kind>
         <file>libsysbm.a</file>
         <name>hostunlink.c.obj</name>
      </input_file>
      <input_file id="fl-108">
         <path>C:\ti\ccs2030\ccs\tools\compiler\ti-cgt-armllvm_4.0.4.LTS\lib\armv6m-ti-none-eabi\c\</path>
         <kind>archive</kind>
         <file>libsysbm.a</file>
         <name>hostwrite.c.obj</name>
      </input_file>
      <input_file id="fl-109">
         <path>C:\ti\ccs2030\ccs\tools\compiler\ti-cgt-armllvm_4.0.4.LTS\lib\armv6m-ti-none-eabi\c\</path>
         <kind>archive</kind>
         <file>libsysbm.a</file>
         <name>trgmsg.c.obj</name>
      </input_file>
      <input_file id="fl-10a">
         <path>C:\ti\ccs2030\ccs\tools\compiler\ti-cgt-armllvm_4.0.4.LTS\lib\armv6m-ti-none-eabi\</path>
         <kind>archive</kind>
         <file>libclang_rt.builtins.a</file>
         <name>adddf3.S.obj</name>
      </input_file>
      <input_file id="fl-10b">
         <path>C:\ti\ccs2030\ccs\tools\compiler\ti-cgt-armllvm_4.0.4.LTS\lib\armv6m-ti-none-eabi\</path>
         <kind>archive</kind>
         <file>libclang_rt.builtins.a</file>
         <name>muldf3.S.obj</name>
      </input_file>
      <input_file id="fl-10c">
         <path>C:\ti\ccs2030\ccs\tools\compiler\ti-cgt-armllvm_4.0.4.LTS\lib\armv6m-ti-none-eabi\</path>
         <kind>archive</kind>
         <file>libclang_rt.builtins.a</file>
         <name>muldsi3.S.obj</name>
      </input_file>
      <input_file id="fl-10d">
         <path>C:\ti\ccs2030\ccs\tools\compiler\ti-cgt-armllvm_4.0.4.LTS\lib\armv6m-ti-none-eabi\</path>
         <kind>archive</kind>
         <file>libclang_rt.builtins.a</file>
         <name>divdf3.S.obj</name>
      </input_file>
      <input_file id="fl-10e">
         <path>C:\ti\ccs2030\ccs\tools\compiler\ti-cgt-armllvm_4.0.4.LTS\lib\armv6m-ti-none-eabi\</path>
         <kind>archive</kind>
         <file>libclang_rt.builtins.a</file>
         <name>fixdfsi.S.obj</name>
      </input_file>
      <input_file id="fl-10f">
         <path>C:\ti\ccs2030\ccs\tools\compiler\ti-cgt-armllvm_4.0.4.LTS\lib\armv6m-ti-none-eabi\</path>
         <kind>archive</kind>
         <file>libclang_rt.builtins.a</file>
         <name>floatsidf.S.obj</name>
      </input_file>
      <input_file id="fl-110">
         <path>C:\ti\ccs2030\ccs\tools\compiler\ti-cgt-armllvm_4.0.4.LTS\lib\armv6m-ti-none-eabi\</path>
         <kind>archive</kind>
         <file>libclang_rt.builtins.a</file>
         <name>floatunsidf.S.obj</name>
      </input_file>
      <input_file id="fl-111">
         <path>C:\ti\ccs2030\ccs\tools\compiler\ti-cgt-armllvm_4.0.4.LTS\lib\armv6m-ti-none-eabi\</path>
         <kind>archive</kind>
         <file>libclang_rt.builtins.a</file>
         <name>muldi3.S.obj</name>
      </input_file>
      <input_file id="fl-112">
         <path>C:\ti\ccs2030\ccs\tools\compiler\ti-cgt-armllvm_4.0.4.LTS\lib\armv6m-ti-none-eabi\</path>
         <kind>archive</kind>
         <file>libclang_rt.builtins.a</file>
         <name>truncdfsf2.S.obj</name>
      </input_file>
      <input_file id="fl-113">
         <path>C:\ti\ccs2030\ccs\tools\compiler\ti-cgt-armllvm_4.0.4.LTS\lib\armv6m-ti-none-eabi\</path>
         <kind>archive</kind>
         <file>libclang_rt.builtins.a</file>
         <name>aeabi_dcmp.S.obj</name>
      </input_file>
      <input_file id="fl-114">
         <path>C:\ti\ccs2030\ccs\tools\compiler\ti-cgt-armllvm_4.0.4.LTS\lib\armv6m-ti-none-eabi\</path>
         <kind>archive</kind>
         <file>libclang_rt.builtins.a</file>
         <name>aeabi_idivmod.S.obj</name>
      </input_file>
      <input_file id="fl-115">
         <path>C:\ti\ccs2030\ccs\tools\compiler\ti-cgt-armllvm_4.0.4.LTS\lib\armv6m-ti-none-eabi\</path>
         <kind>archive</kind>
         <file>libclang_rt.builtins.a</file>
         <name>aeabi_memcpy.S.obj</name>
      </input_file>
      <input_file id="fl-116">
         <path>C:\ti\ccs2030\ccs\tools\compiler\ti-cgt-armllvm_4.0.4.LTS\lib\armv6m-ti-none-eabi\</path>
         <kind>archive</kind>
         <file>libclang_rt.builtins.a</file>
         <name>aeabi_memset.S.obj</name>
      </input_file>
      <input_file id="fl-117">
         <path>C:\ti\ccs2030\ccs\tools\compiler\ti-cgt-armllvm_4.0.4.LTS\lib\armv6m-ti-none-eabi\</path>
         <kind>archive</kind>
         <file>libclang_rt.builtins.a</file>
         <name>aeabi_uidivmod.S.obj</name>
      </input_file>
      <input_file id="fl-118">
         <path>C:\ti\ccs2030\ccs\tools\compiler\ti-cgt-armllvm_4.0.4.LTS\lib\armv6m-ti-none-eabi\</path>
         <kind>archive</kind>
         <file>libclang_rt.builtins.a</file>
         <name>aeabi_uldivmod.S.obj</name>
      </input_file>
      <input_file id="fl-119">
         <path>C:\ti\ccs2030\ccs\tools\compiler\ti-cgt-armllvm_4.0.4.LTS\lib\armv6m-ti-none-eabi\</path>
         <kind>archive</kind>
         <file>libclang_rt.builtins.a</file>
         <name>udivmoddi4.S.obj</name>
      </input_file>
      <input_file id="fl-11a">
         <path>C:\ti\ccs2030\ccs\tools\compiler\ti-cgt-armllvm_4.0.4.LTS\lib\armv6m-ti-none-eabi\</path>
         <kind>archive</kind>
         <file>libclang_rt.builtins.a</file>
         <name>ashldi3.S.obj</name>
      </input_file>
      <input_file id="fl-11b">
         <path>C:\ti\ccs2030\ccs\tools\compiler\ti-cgt-armllvm_4.0.4.LTS\lib\armv6m-ti-none-eabi\</path>
         <kind>archive</kind>
         <file>libclang_rt.builtins.a</file>
         <name>comparedf2.c.obj</name>
      </input_file>
      <input_file id="fl-11c">
         <path>C:\ti\ccs2030\ccs\tools\compiler\ti-cgt-armllvm_4.0.4.LTS\lib\armv6m-ti-none-eabi\</path>
         <kind>archive</kind>
         <file>libclang_rt.builtins.a</file>
         <name>aeabi_div0.c.obj</name>
      </input_file>
      <input_file id="fl-11d">
         <path>C:\ti\ccs2030\ccs\tools\compiler\ti-cgt-armllvm_4.0.4.LTS\lib\armv6m-ti-none-eabi\c\</path>
         <kind>archive</kind>
         <file>libc.a</file>
         <name>getdevice.c.obj</name>
      </input_file>
      <input_file id="fl-11e">
         <path>C:\ti\ccs2030\ccs\tools\compiler\ti-cgt-armllvm_4.0.4.LTS\lib\armv6m-ti-none-eabi\c\</path>
         <kind>archive</kind>
         <file>libc.a</file>
         <name>memcpy16.S.obj</name>
      </input_file>
      <input_file id="fl-11f">
         <path>C:\ti\ccs2030\ccs\tools\compiler\ti-cgt-armllvm_4.0.4.LTS\lib\armv6m-ti-none-eabi\c\</path>
         <kind>archive</kind>
         <file>libc.a</file>
         <name>memset16.S.obj</name>
      </input_file>
      <input_file id="fl-120">
         <path>C:\ti\ccs2030\ccs\tools\compiler\ti-cgt-armllvm_4.0.4.LTS\lib\armv6m-ti-none-eabi\c\</path>
         <kind>archive</kind>
         <file>libc.a</file>
         <name>strcmp-armv6m.S.obj</name>
      </input_file>
   </input_file_list>
   <object_component_list>
      <object_component id="oc-18">
         <name>.intvecs</name>
         <load_address>0x0</load_address>
         <readonly>true</readonly>
         <run_address>0x0</run_address>
         <size>0xc0</size>
         <alignment>0x4</alignment>
         <input_file_ref idref="fl-17"/>
      </object_component>
      <object_component id="oc-289">
         <name>.text:__TI_printfi_nofloat</name>
         <load_address>0x16880</load_address>
         <readonly>true</readonly>
         <executable>true</executable>
         <run_address>0x16880</run_address>
         <size>0x868</size>
         <alignment>0x4</alignment>
         <input_file_ref idref="fl-4b"/>
      </object_component>
      <object_component id="oc-24c">
         <name>.text._Z17ST7735_DrawBitmapssPKtss</name>
         <load_address>0x170e8</load_address>
         <readonly>true</readonly>
         <executable>true</executable>
         <run_address>0x170e8</run_address>
         <size>0x210</size>
         <alignment>0x4</alignment>
         <input_file_ref idref="fl-7"/>
      </object_component>
      <object_component id="oc-ef">
         <name>.text._Z15Clock_Init80MHzi</name>
         <load_address>0x172f8</load_address>
         <readonly>true</readonly>
         <executable>true</executable>
         <run_address>0x172f8</run_address>
         <size>0x1b4</size>
         <alignment>0x4</alignment>
         <input_file_ref idref="fl-1"/>
      </object_component>
      <object_component id="oc-1dd">
         <name>.text._Z16ST7735_DrawCharSsscssh</name>
         <load_address>0x174ac</load_address>
         <readonly>true</readonly>
         <executable>true</executable>
         <run_address>0x174ac</run_address>
         <size>0x1a0</size>
         <alignment>0x4</alignment>
         <input_file_ref idref="fl-7"/>
      </object_component>
      <object_component id="oc-1f3">
         <name>.text._ZN8WinState7onEnterEP4Game</name>
         <load_address>0x1764c</load_address>
         <readonly>true</readonly>
         <executable>true</executable>
         <run_address>0x1764c</run_address>
         <size>0x19c</size>
         <alignment>0x4</alignment>
         <input_file_ref idref="fl-f"/>
      </object_component>
      <object_component id="oc-166">
         <name>.text._openfile</name>
         <load_address>0x177e8</load_address>
         <readonly>true</readonly>
         <executable>true</executable>
         <run_address>0x177e8</run_address>
         <size>0x154</size>
         <alignment>0x4</alignment>
         <input_file_ref idref="fl-3b"/>
      </object_component>
      <object_component id="oc-24d">
         <name>.text._Z25CDH_DrawBitmapTransparentssPKtsstbb</name>
         <load_address>0x1793c</load_address>
         <readonly>true</readonly>
         <executable>true</executable>
         <run_address>0x1793c</run_address>
         <size>0x14c</size>
         <alignment>0x2</alignment>
         <input_file_ref idref="fl-e"/>
      </object_component>
      <object_component id="oc-129">
         <name>.text._Z8ADC_InitP10ADC12_Regsjj</name>
         <load_address>0x17a88</load_address>
         <readonly>true</readonly>
         <executable>true</executable>
         <run_address>0x17a88</run_address>
         <size>0x128</size>
         <alignment>0x4</alignment>
         <input_file_ref idref="fl-c"/>
      </object_component>
      <object_component id="oc-23f">
         <name>.text._Z16CDH_DrawBitmap2xssPKtss</name>
         <load_address>0x17bb0</load_address>
         <readonly>true</readonly>
         <executable>true</executable>
         <run_address>0x17bb0</run_address>
         <size>0x124</size>
         <alignment>0x2</alignment>
         <input_file_ref idref="fl-e"/>
      </object_component>
      <object_component id="oc-1f9">
         <name>.text._ZN18RoundFeedbackState7displayEP4Game</name>
         <load_address>0x17cd4</load_address>
         <readonly>true</readonly>
         <executable>true</executable>
         <run_address>0x17cd4</run_address>
         <size>0x124</size>
         <alignment>0x4</alignment>
         <input_file_ref idref="fl-f"/>
      </object_component>
      <object_component id="oc-116">
         <name>.text._Z15ST7735_FillRectsssst</name>
         <load_address>0x17df8</load_address>
         <readonly>true</readonly>
         <executable>true</executable>
         <run_address>0x17df8</run_address>
         <size>0x118</size>
         <alignment>0x4</alignment>
         <input_file_ref idref="fl-7"/>
      </object_component>
      <object_component id="oc-1db">
         <name>.text.aligned_alloc</name>
         <load_address>0x17f10</load_address>
         <readonly>true</readonly>
         <executable>true</executable>
         <run_address>0x17f10</run_address>
         <size>0x114</size>
         <alignment>0x4</alignment>
         <input_file_ref idref="fl-42"/>
      </object_component>
      <object_component id="oc-1e9">
         <name>.text._ZN9Atk1State7displayEP4Game</name>
         <load_address>0x18024</load_address>
         <readonly>true</readonly>
         <executable>true</executable>
         <run_address>0x18024</run_address>
         <size>0x110</size>
         <alignment>0x4</alignment>
         <input_file_ref idref="fl-f"/>
      </object_component>
      <object_component id="oc-1ed">
         <name>.text._ZN9Atk2State7displayEP4Game</name>
         <load_address>0x18134</load_address>
         <readonly>true</readonly>
         <executable>true</executable>
         <run_address>0x18134</run_address>
         <size>0x110</size>
         <alignment>0x4</alignment>
         <input_file_ref idref="fl-f"/>
      </object_component>
      <object_component id="oc-1f1">
         <name>.text._ZN9Atk3State7displayEP4Game</name>
         <load_address>0x18244</load_address>
         <readonly>true</readonly>
         <executable>true</executable>
         <run_address>0x18244</run_address>
         <size>0x110</size>
         <alignment>0x4</alignment>
         <input_file_ref idref="fl-f"/>
      </object_component>
      <object_component id="oc-197">
         <name>.text._Z8SPI_Initv</name>
         <load_address>0x18354</load_address>
         <readonly>true</readonly>
         <executable>true</executable>
         <run_address>0x18354</run_address>
         <size>0xf8</size>
         <alignment>0x4</alignment>
         <input_file_ref idref="fl-6"/>
      </object_component>
      <object_component id="oc-b3">
         <name>.text._Z18ST7735_SetRotationh</name>
         <load_address>0x1844c</load_address>
         <readonly>true</readonly>
         <executable>true</executable>
         <run_address>0x1844c</run_address>
         <size>0xf4</size>
         <alignment>0x4</alignment>
         <input_file_ref idref="fl-7"/>
      </object_component>
      <object_component id="oc-1f7">
         <name>.text._ZN18RoundFeedbackState7onEnterEP4Game</name>
         <load_address>0x18540</load_address>
         <readonly>true</readonly>
         <executable>true</executable>
         <run_address>0x18540</run_address>
         <size>0xf0</size>
         <alignment>0x4</alignment>
         <input_file_ref idref="fl-f"/>
      </object_component>
      <object_component id="oc-f8">
         <name>.text.add_device</name>
         <load_address>0x18630</load_address>
         <readonly>true</readonly>
         <executable>true</executable>
         <run_address>0x18630</run_address>
         <size>0xec</size>
         <alignment>0x4</alignment>
         <input_file_ref idref="fl-100"/>
      </object_component>
      <object_component id="oc-12b">
         <name>.text._Z9UART_Initv</name>
         <load_address>0x1871c</load_address>
         <readonly>true</readonly>
         <executable>true</executable>
         <run_address>0x1871c</run_address>
         <size>0xe8</size>
         <alignment>0x4</alignment>
         <input_file_ref idref="fl-c"/>
      </object_component>
      <object_component id="oc-16f">
         <name>.text.free</name>
         <load_address>0x18804</load_address>
         <readonly>true</readonly>
         <executable>true</executable>
         <run_address>0x18804</run_address>
         <size>0xe8</size>
         <alignment>0x4</alignment>
         <input_file_ref idref="fl-42"/>
      </object_component>
      <object_component id="oc-1fd">
         <name>.text._ZN18SwitchOffenceState7displayEP4Game</name>
         <load_address>0x188ec</load_address>
         <readonly>true</readonly>
         <executable>true</executable>
         <run_address>0x188ec</run_address>
         <size>0xe0</size>
         <alignment>0x4</alignment>
         <input_file_ref idref="fl-f"/>
      </object_component>
      <object_component id="oc-103">
         <name>.text.setvbuf</name>
         <load_address>0x189cc</load_address>
         <readonly>true</readonly>
         <executable>true</executable>
         <run_address>0x189cc</run_address>
         <size>0xe0</size>
         <alignment>0x4</alignment>
         <input_file_ref idref="fl-3c"/>
      </object_component>
      <object_component id="oc-176">
         <name>.text._Z14ST7735_OutCharc</name>
         <load_address>0x18aac</load_address>
         <readonly>true</readonly>
         <executable>true</executable>
         <run_address>0x18aac</run_address>
         <size>0xd0</size>
         <alignment>0x4</alignment>
         <input_file_ref idref="fl-7"/>
      </object_component>
      <object_component id="oc-131">
         <name>.text._Z14TimerG7_IntArmtjj</name>
         <load_address>0x18b7c</load_address>
         <readonly>true</readonly>
         <executable>true</executable>
         <run_address>0x18b7c</run_address>
         <size>0xa8</size>
         <alignment>0x4</alignment>
         <input_file_ref idref="fl-d"/>
      </object_component>
      <object_component id="oc-150">
         <name>.text._ZL11commandListPKh</name>
         <load_address>0x18c24</load_address>
         <readonly>true</readonly>
         <executable>true</executable>
         <run_address>0x18c24</run_address>
         <size>0xa2</size>
         <alignment>0x2</alignment>
         <input_file_ref idref="fl-7"/>
      </object_component>
      <object_component id="oc-17d">
         <name>.text.__aeabi_idiv0</name>
         <load_address>0x18cc6</load_address>
         <readonly>true</readonly>
         <executable>true</executable>
         <run_address>0x18cc6</run_address>
         <size>0x2</size>
         <alignment>0x2</alignment>
         <input_file_ref idref="fl-11c"/>
      </object_component>
      <object_component id="oc-2c5">
         <name>.text</name>
         <load_address>0x18cc8</load_address>
         <readonly>true</readonly>
         <executable>true</executable>
         <run_address>0x18cc8</run_address>
         <size>0xa2</size>
         <alignment>0x4</alignment>
         <input_file_ref idref="fl-119"/>
      </object_component>
      <object_component id="oc-2fa">
         <name>.text.__aeabi_ldiv0</name>
         <load_address>0x18d6a</load_address>
         <readonly>true</readonly>
         <executable>true</executable>
         <run_address>0x18d6a</run_address>
         <size>0x2</size>
         <alignment>0x2</alignment>
         <input_file_ref idref="fl-11c"/>
      </object_component>
      <object_component id="oc-ad">
         <name>.text._Z17ST7735_InitPrintf10initRFlags</name>
         <load_address>0x18d6c</load_address>
         <readonly>true</readonly>
         <executable>true</executable>
         <run_address>0x18d6c</run_address>
         <size>0xa0</size>
         <alignment>0x4</alignment>
         <input_file_ref idref="fl-7"/>
      </object_component>
      <object_component id="oc-1c3">
         <name>.text.open</name>
         <load_address>0x18e0c</load_address>
         <readonly>true</readonly>
         <executable>true</executable>
         <run_address>0x18e0c</run_address>
         <size>0xa0</size>
         <alignment>0x4</alignment>
         <input_file_ref idref="fl-fd"/>
      </object_component>
      <object_component id="oc-f7">
         <name>.text._Z12ST7735_InitR10initRFlags</name>
         <load_address>0x18eac</load_address>
         <readonly>true</readonly>
         <executable>true</executable>
         <run_address>0x18eac</run_address>
         <size>0x98</size>
         <alignment>0x4</alignment>
         <input_file_ref idref="fl-7"/>
      </object_component>
      <object_component id="oc-c5">
         <name>.text._Z15TimerG12_IntArmjj</name>
         <load_address>0x18f44</load_address>
         <readonly>true</readonly>
         <executable>true</executable>
         <run_address>0x18f44</run_address>
         <size>0x94</size>
         <alignment>0x4</alignment>
         <input_file_ref idref="fl-d"/>
      </object_component>
      <object_component id="oc-24e">
         <name>.text._Z14CDH_DrawStringttPcsii</name>
         <load_address>0x18fd8</load_address>
         <readonly>true</readonly>
         <executable>true</executable>
         <run_address>0x18fd8</run_address>
         <size>0x8e</size>
         <alignment>0x2</alignment>
         <input_file_ref idref="fl-e"/>
      </object_component>
      <object_component id="oc-185">
         <name>.text._nop</name>
         <load_address>0x19066</load_address>
         <readonly>true</readonly>
         <executable>true</executable>
         <run_address>0x19066</run_address>
         <size>0x2</size>
         <alignment>0x2</alignment>
         <input_file_ref idref="fl-3f"/>
      </object_component>
      <object_component id="oc-17a">
         <name>.text._ZL13setAddrWindowhhhh</name>
         <load_address>0x19068</load_address>
         <readonly>true</readonly>
         <executable>true</executable>
         <run_address>0x19068</run_address>
         <size>0x88</size>
         <alignment>0x4</alignment>
         <input_file_ref idref="fl-7"/>
      </object_component>
      <object_component id="oc-8e">
         <name>.text.main</name>
         <load_address>0x190f0</load_address>
         <readonly>true</readonly>
         <executable>true</executable>
         <run_address>0x190f0</run_address>
         <size>0x88</size>
         <alignment>0x4</alignment>
         <input_file_ref idref="fl-3"/>
      </object_component>
      <object_component id="oc-29c">
         <name>.text.__aeabi_errno_addr</name>
         <load_address>0x19178</load_address>
         <readonly>true</readonly>
         <executable>true</executable>
         <run_address>0x19178</run_address>
         <size>0x8</size>
         <alignment>0x4</alignment>
         <input_file_ref idref="fl-3d"/>
      </object_component>
      <object_component id="oc-19b">
         <name>.text:strcmp</name>
         <load_address>0x19180</load_address>
         <readonly>true</readonly>
         <executable>true</executable>
         <run_address>0x19180</run_address>
         <size>0x88</size>
         <alignment>0x10</alignment>
         <input_file_ref idref="fl-120"/>
      </object_component>
      <object_component id="oc-1dc">
         <name>.text._Z17ST7735_DrawStringttPcs</name>
         <load_address>0x19208</load_address>
         <readonly>true</readonly>
         <executable>true</executable>
         <run_address>0x19208</run_address>
         <size>0x84</size>
         <alignment>0x2</alignment>
         <input_file_ref idref="fl-7"/>
      </object_component>
      <object_component id="oc-a8">
         <name>.text._Z14LaunchPad_Initv</name>
         <load_address>0x1928c</load_address>
         <readonly>true</readonly>
         <executable>true</executable>
         <run_address>0x1928c</run_address>
         <size>0x7c</size>
         <alignment>0x4</alignment>
         <input_file_ref idref="fl-4"/>
      </object_component>
      <object_component id="oc-b4">
         <name>.text._ZN8SlidePot4InitEv</name>
         <load_address>0x19308</load_address>
         <readonly>true</readonly>
         <executable>true</executable>
         <run_address>0x19308</run_address>
         <size>0x7c</size>
         <alignment>0x4</alignment>
         <input_file_ref idref="fl-8"/>
      </object_component>
      <object_component id="oc-169">
         <name>.text.__TI_closefile</name>
         <load_address>0x19384</load_address>
         <readonly>true</readonly>
         <executable>true</executable>
         <run_address>0x19384</run_address>
         <size>0x7c</size>
         <alignment>0x4</alignment>
         <input_file_ref idref="fl-4d"/>
      </object_component>
      <object_component id="oc-1c">
         <name>.text:decompress:lzss</name>
         <load_address>0x19400</load_address>
         <readonly>true</readonly>
         <executable>true</executable>
         <run_address>0x19400</run_address>
         <size>0x7c</size>
         <alignment>0x4</alignment>
         <input_file_ref idref="fl-4a"/>
      </object_component>
      <object_component id="oc-1fc">
         <name>.text._ZN18SwitchOffenceState5logicEP4Game</name>
         <load_address>0x1947c</load_address>
         <readonly>true</readonly>
         <executable>true</executable>
         <run_address>0x1947c</run_address>
         <size>0x72</size>
         <alignment>0x2</alignment>
         <input_file_ref idref="fl-f"/>
      </object_component>
      <object_component id="oc-238">
         <name>.text._Z16ST7735_DrawPixelsst</name>
         <load_address>0x194f0</load_address>
         <readonly>true</readonly>
         <executable>true</executable>
         <run_address>0x194f0</run_address>
         <size>0x70</size>
         <alignment>0x4</alignment>
         <input_file_ref idref="fl-7"/>
      </object_component>
      <object_component id="oc-1b1">
         <name>.text.HOSTlseek</name>
         <load_address>0x19560</load_address>
         <readonly>true</readonly>
         <executable>true</executable>
         <run_address>0x19560</run_address>
         <size>0x6c</size>
         <alignment>0x4</alignment>
         <input_file_ref idref="fl-103"/>
      </object_component>
      <object_component id="oc-1b9">
         <name>.text.HOSTrename</name>
         <load_address>0x195cc</load_address>
         <readonly>true</readonly>
         <executable>true</executable>
         <run_address>0x195cc</run_address>
         <size>0x6c</size>
         <alignment>0x4</alignment>
         <input_file_ref idref="fl-106"/>
      </object_component>
      <object_component id="oc-21f">
         <name>.text.getdevice</name>
         <load_address>0x19638</load_address>
         <readonly>true</readonly>
         <executable>true</executable>
         <run_address>0x19638</run_address>
         <size>0x6c</size>
         <alignment>0x4</alignment>
         <input_file_ref idref="fl-11d"/>
      </object_component>
      <object_component id="oc-1e5">
         <name>.text._ZN10StartState7displayEP4Game</name>
         <load_address>0x196a4</load_address>
         <readonly>true</readonly>
         <executable>true</executable>
         <run_address>0x196a4</run_address>
         <size>0x68</size>
         <alignment>0x4</alignment>
         <input_file_ref idref="fl-f"/>
      </object_component>
      <object_component id="oc-1e7">
         <name>.text._ZN9Atk1State7onEnterEP4Game</name>
         <load_address>0x1970c</load_address>
         <readonly>true</readonly>
         <executable>true</executable>
         <run_address>0x1970c</run_address>
         <size>0x64</size>
         <alignment>0x4</alignment>
         <input_file_ref idref="fl-f"/>
      </object_component>
      <object_component id="oc-1eb">
         <name>.text._ZN9Atk2State7onEnterEP4Game</name>
         <load_address>0x19770</load_address>
         <readonly>true</readonly>
         <executable>true</executable>
         <run_address>0x19770</run_address>
         <size>0x64</size>
         <alignment>0x4</alignment>
         <input_file_ref idref="fl-f"/>
      </object_component>
      <object_component id="oc-236">
         <name>.text.split</name>
         <load_address>0x197d4</load_address>
         <readonly>true</readonly>
         <executable>true</executable>
         <run_address>0x197d4</run_address>
         <size>0x64</size>
         <alignment>0x4</alignment>
         <input_file_ref idref="fl-42"/>
      </object_component>
      <object_component id="oc-1a1">
         <name>.text.HOSTopen</name>
         <load_address>0x19838</load_address>
         <readonly>true</readonly>
         <executable>true</executable>
         <run_address>0x19838</run_address>
         <size>0x60</size>
         <alignment>0x4</alignment>
         <input_file_ref idref="fl-104"/>
      </object_component>
      <object_component id="oc-1e4">
         <name>.text._ZN10StartState5logicEP4Game</name>
         <load_address>0x19898</load_address>
         <readonly>true</readonly>
         <executable>true</executable>
         <run_address>0x19898</run_address>
         <size>0x60</size>
         <alignment>0x2</alignment>
         <input_file_ref idref="fl-f"/>
      </object_component>
      <object_component id="oc-ca">
         <name>.text._ZN4Game4initEv</name>
         <load_address>0x198f8</load_address>
         <readonly>true</readonly>
         <executable>true</executable>
         <run_address>0x198f8</run_address>
         <size>0x60</size>
         <alignment>0x4</alignment>
         <input_file_ref idref="fl-f"/>
      </object_component>
      <object_component id="oc-1ef">
         <name>.text._ZN9Atk3State7onEnterEP4Game</name>
         <load_address>0x19958</load_address>
         <readonly>true</readonly>
         <executable>true</executable>
         <run_address>0x19958</run_address>
         <size>0x60</size>
         <alignment>0x4</alignment>
         <input_file_ref idref="fl-f"/>
      </object_component>
      <object_component id="oc-1e8">
         <name>.text._ZN9Atk1State5logicEP4Game</name>
         <load_address>0x199b8</load_address>
         <readonly>true</readonly>
         <executable>true</executable>
         <run_address>0x199b8</run_address>
         <size>0x5c</size>
         <alignment>0x2</alignment>
         <input_file_ref idref="fl-f"/>
      </object_component>
      <object_component id="oc-1ec">
         <name>.text._ZN9Atk2State5logicEP4Game</name>
         <load_address>0x19a14</load_address>
         <readonly>true</readonly>
         <executable>true</executable>
         <run_address>0x19a14</run_address>
         <size>0x5c</size>
         <alignment>0x2</alignment>
         <input_file_ref idref="fl-f"/>
      </object_component>
      <object_component id="oc-1a9">
         <name>.text.HOSTread</name>
         <load_address>0x19a70</load_address>
         <readonly>true</readonly>
         <executable>true</executable>
         <run_address>0x19a70</run_address>
         <size>0x58</size>
         <alignment>0x4</alignment>
         <input_file_ref idref="fl-105"/>
      </object_component>
      <object_component id="oc-1ad">
         <name>.text.HOSTwrite</name>
         <load_address>0x19ac8</load_address>
         <readonly>true</readonly>
         <executable>true</executable>
         <run_address>0x19ac8</run_address>
         <size>0x58</size>
         <alignment>0x4</alignment>
         <input_file_ref idref="fl-108"/>
      </object_component>
      <object_component id="oc-c4">
         <name>.text._Z10TExaS_InitP10ADC12_RegsjPFhvE</name>
         <load_address>0x19b20</load_address>
         <readonly>true</readonly>
         <executable>true</executable>
         <run_address>0x19b20</run_address>
         <size>0x58</size>
         <alignment>0x4</alignment>
         <input_file_ref idref="fl-c"/>
      </object_component>
      <object_component id="oc-e7">
         <name>.text._ZN4GameC2Ev</name>
         <load_address>0x19b78</load_address>
         <readonly>true</readonly>
         <executable>true</executable>
         <run_address>0x19b78</run_address>
         <size>0x58</size>
         <alignment>0x2</alignment>
         <input_file_ref idref="fl-3"/>
      </object_component>
      <object_component id="oc-1f8">
         <name>.text._ZN18RoundFeedbackState5logicEP4Game</name>
         <load_address>0x19bd0</load_address>
         <readonly>true</readonly>
         <executable>true</executable>
         <run_address>0x19bd0</run_address>
         <size>0x56</size>
         <alignment>0x2</alignment>
         <input_file_ref idref="fl-f"/>
      </object_component>
      <object_component id="oc-24f">
         <name>.text.__aeabi_idivmod</name>
         <load_address>0x19c28</load_address>
         <readonly>true</readonly>
         <executable>true</executable>
         <run_address>0x19c28</run_address>
         <size>0x56</size>
         <alignment>0x4</alignment>
         <input_file_ref idref="fl-114"/>
      </object_component>
      <object_component id="oc-1fb">
         <name>.text._ZN18SwitchOffenceState7onEnterEP4Game</name>
         <load_address>0x19c80</load_address>
         <readonly>true</readonly>
         <executable>true</executable>
         <run_address>0x19c80</run_address>
         <size>0x54</size>
         <alignment>0x4</alignment>
         <input_file_ref idref="fl-f"/>
      </object_component>
      <object_component id="oc-da">
         <name>.text:__TI_auto_init_nobinit</name>
         <load_address>0x19cd4</load_address>
         <readonly>true</readonly>
         <executable>true</executable>
         <run_address>0x19cd4</run_address>
         <size>0x54</size>
         <alignment>0x4</alignment>
         <input_file_ref idref="fl-45"/>
      </object_component>
      <object_component id="oc-1f0">
         <name>.text._ZN9Atk3State5logicEP4Game</name>
         <load_address>0x19d28</load_address>
         <readonly>true</readonly>
         <executable>true</executable>
         <run_address>0x19d28</run_address>
         <size>0x52</size>
         <alignment>0x2</alignment>
         <input_file_ref idref="fl-f"/>
      </object_component>
      <object_component id="oc-1c7">
         <name>.text.__TI_doflush</name>
         <load_address>0x19d7a</load_address>
         <readonly>true</readonly>
         <executable>true</executable>
         <run_address>0x19d7a</run_address>
         <size>0x52</size>
         <alignment>0x2</alignment>
         <input_file_ref idref="fl-4e"/>
      </object_component>
      <object_component id="oc-c3">
         <name>.text._Z10Sound_Initv</name>
         <load_address>0x19dcc</load_address>
         <readonly>true</readonly>
         <executable>true</executable>
         <run_address>0x19dcc</run_address>
         <size>0x50</size>
         <alignment>0x4</alignment>
         <input_file_ref idref="fl-a"/>
      </object_component>
      <object_component id="oc-253">
         <name>.text._Z11CDH_OutUDecttjsii</name>
         <load_address>0x19e1c</load_address>
         <readonly>true</readonly>
         <executable>true</executable>
         <run_address>0x19e1c</run_address>
         <size>0x50</size>
         <alignment>0x4</alignment>
         <input_file_ref idref="fl-e"/>
      </object_component>
      <object_component id="oc-1cd">
         <name>.text.close</name>
         <load_address>0x19e6c</load_address>
         <readonly>true</readonly>
         <executable>true</executable>
         <run_address>0x19e6c</run_address>
         <size>0x50</size>
         <alignment>0x4</alignment>
         <input_file_ref idref="fl-ff"/>
      </object_component>
      <object_component id="oc-23e">
         <name>.text._ZN4Game12switchStatesEi</name>
         <load_address>0x19ebc</load_address>
         <readonly>true</readonly>
         <executable>true</executable>
         <run_address>0x19ebc</run_address>
         <size>0x4e</size>
         <alignment>0x2</alignment>
         <input_file_ref idref="fl-f"/>
      </object_component>
      <object_component id="oc-277">
         <name>.text.snprintf</name>
         <load_address>0x19f0c</load_address>
         <readonly>true</readonly>
         <executable>true</executable>
         <run_address>0x19f0c</run_address>
         <size>0x4c</size>
         <alignment>0x4</alignment>
         <input_file_ref idref="fl-3a"/>
      </object_component>
      <object_component id="oc-1a5">
         <name>.text.HOSTclose</name>
         <load_address>0x19f58</load_address>
         <readonly>true</readonly>
         <executable>true</executable>
         <run_address>0x19f58</run_address>
         <size>0x48</size>
         <alignment>0x4</alignment>
         <input_file_ref idref="fl-102"/>
      </object_component>
      <object_component id="oc-1b5">
         <name>.text.HOSTunlink</name>
         <load_address>0x19fa0</load_address>
         <readonly>true</readonly>
         <executable>true</executable>
         <run_address>0x19fa0</run_address>
         <size>0x48</size>
         <alignment>0x4</alignment>
         <input_file_ref idref="fl-107"/>
      </object_component>
      <object_component id="oc-119">
         <name>.text._Z14SPI_OutCommandc</name>
         <load_address>0x19fe8</load_address>
         <readonly>true</readonly>
         <executable>true</executable>
         <run_address>0x19fe8</run_address>
         <size>0x48</size>
         <alignment>0x4</alignment>
         <input_file_ref idref="fl-6"/>
      </object_component>
      <object_component id="oc-38">
         <name>.text.SysTick_Handler</name>
         <load_address>0x1a030</load_address>
         <readonly>true</readonly>
         <executable>true</executable>
         <run_address>0x1a030</run_address>
         <size>0x44</size>
         <alignment>0x4</alignment>
         <input_file_ref idref="fl-a"/>
      </object_component>
      <object_component id="oc-42">
         <name>.text.TIMG12_IRQHandler</name>
         <load_address>0x1a074</load_address>
         <readonly>true</readonly>
         <executable>true</executable>
         <run_address>0x1a074</run_address>
         <size>0x44</size>
         <alignment>0x4</alignment>
         <input_file_ref idref="fl-3"/>
      </object_component>
      <object_component id="oc-128">
         <name>.text._Z14SysTick_IntArmjj</name>
         <load_address>0x1a0b8</load_address>
         <readonly>true</readonly>
         <executable>true</executable>
         <run_address>0x1a0b8</run_address>
         <size>0x44</size>
         <alignment>0x4</alignment>
         <input_file_ref idref="fl-a"/>
      </object_component>
      <object_component id="oc-3d">
         <name>.text.TIMG7_IRQHandler</name>
         <load_address>0x1a0fc</load_address>
         <readonly>true</readonly>
         <executable>true</executable>
         <run_address>0x1a0fc</run_address>
         <size>0x40</size>
         <alignment>0x4</alignment>
         <input_file_ref idref="fl-c"/>
      </object_component>
      <object_component id="oc-272">
         <name>.text._Z11Sound_StartPKhj</name>
         <load_address>0x1a13c</load_address>
         <readonly>true</readonly>
         <executable>true</executable>
         <run_address>0x1a13c</run_address>
         <size>0x40</size>
         <alignment>0x4</alignment>
         <input_file_ref idref="fl-a"/>
      </object_component>
      <object_component id="oc-1ff">
         <name>.text._Z9SPI_Resetv</name>
         <load_address>0x1a17c</load_address>
         <readonly>true</readonly>
         <executable>true</executable>
         <run_address>0x1a17c</run_address>
         <size>0x40</size>
         <alignment>0x4</alignment>
         <input_file_ref idref="fl-6"/>
      </object_component>
      <object_component id="oc-12d">
         <name>.text.__aeabi_uidivmod</name>
         <load_address>0x1a1bc</load_address>
         <readonly>true</readonly>
         <executable>true</executable>
         <run_address>0x1a1bc</run_address>
         <size>0x40</size>
         <alignment>0x4</alignment>
         <input_file_ref idref="fl-117"/>
      </object_component>
      <object_component id="oc-165">
         <name>.text._search_fp</name>
         <load_address>0x1a1fc</load_address>
         <readonly>true</readonly>
         <executable>true</executable>
         <run_address>0x1a1fc</run_address>
         <size>0x40</size>
         <alignment>0x4</alignment>
         <input_file_ref idref="fl-3b"/>
      </object_component>
      <object_component id="oc-294">
         <name>.text.atoi</name>
         <load_address>0x1a23c</load_address>
         <readonly>true</readonly>
         <executable>true</executable>
         <run_address>0x1a23c</run_address>
         <size>0x40</size>
         <alignment>0x4</alignment>
         <input_file_ref idref="fl-53"/>
      </object_component>
      <object_component id="oc-1f4">
         <name>.text._ZN8WinState5logicEP4Game</name>
         <load_address>0x1a27c</load_address>
         <readonly>true</readonly>
         <executable>true</executable>
         <run_address>0x1a27c</run_address>
         <size>0x3e</size>
         <alignment>0x2</alignment>
         <input_file_ref idref="fl-f"/>
      </object_component>
      <object_component id="oc-23c">
         <name>.text._ZN5State7displayEP4Game</name>
         <load_address>0x1a2ba</load_address>
         <readonly>true</readonly>
         <executable>true</executable>
         <run_address>0x1a2ba</run_address>
         <size>0x3c</size>
         <alignment>0x2</alignment>
         <input_file_ref idref="fl-f"/>
      </object_component>
      <object_component id="oc-2c0">
         <name>.text.__muldsi3</name>
         <load_address>0x1a2f8</load_address>
         <readonly>true</readonly>
         <executable>true</executable>
         <run_address>0x1a2f8</run_address>
         <size>0x3a</size>
         <alignment>0x4</alignment>
         <input_file_ref idref="fl-10c"/>
      </object_component>
      <object_component id="oc-11e">
         <name>.text._Z11SPI_OutDatac</name>
         <load_address>0x1a334</load_address>
         <readonly>true</readonly>
         <executable>true</executable>
         <run_address>0x1a334</run_address>
         <size>0x38</size>
         <alignment>0x4</alignment>
         <input_file_ref idref="fl-6"/>
      </object_component>
      <object_component id="oc-f4">
         <name>.text._Z15ActivatePortA_Bv</name>
         <load_address>0x1a36c</load_address>
         <readonly>true</readonly>
         <executable>true</executable>
         <run_address>0x1a36c</run_address>
         <size>0x38</size>
         <alignment>0x4</alignment>
         <input_file_ref idref="fl-4"/>
      </object_component>
      <object_component id="oc-10a">
         <name>.text._Z12ST7735_writeiPKcj</name>
         <load_address>0x1a3a4</load_address>
         <readonly>true</readonly>
         <executable>true</executable>
         <run_address>0x1a3a4</run_address>
         <size>0x34</size>
         <alignment>0x2</alignment>
         <input_file_ref idref="fl-7"/>
      </object_component>
      <object_component id="oc-198">
         <name>.text._Z14Clock_Delay1msj</name>
         <load_address>0x1a3d8</load_address>
         <readonly>true</readonly>
         <executable>true</executable>
         <run_address>0x1a3d8</run_address>
         <size>0x34</size>
         <alignment>0x4</alignment>
         <input_file_ref idref="fl-1"/>
      </object_component>
      <object_component id="oc-151">
         <name>.text._Z16ST7735_SetCursorjj</name>
         <load_address>0x1a40c</load_address>
         <readonly>true</readonly>
         <executable>true</executable>
         <run_address>0x1a40c</run_address>
         <size>0x34</size>
         <alignment>0x4</alignment>
         <input_file_ref idref="fl-7"/>
      </object_component>
      <object_component id="oc-be">
         <name>.text._Z8LED_Initv</name>
         <load_address>0x1a440</load_address>
         <readonly>true</readonly>
         <executable>true</executable>
         <run_address>0x1a440</run_address>
         <size>0x34</size>
         <alignment>0x4</alignment>
         <input_file_ref idref="fl-2"/>
      </object_component>
      <object_component id="oc-78">
         <name>.text._ZN4Game10get_inputsEv</name>
         <load_address>0x1a474</load_address>
         <readonly>true</readonly>
         <executable>true</executable>
         <run_address>0x1a474</run_address>
         <size>0x34</size>
         <alignment>0x4</alignment>
         <input_file_ref idref="fl-f"/>
      </object_component>
      <object_component id="oc-172">
         <name>.text.__TI_cleanup</name>
         <load_address>0x1a4a8</load_address>
         <readonly>true</readonly>
         <executable>true</executable>
         <run_address>0x1a4a8</run_address>
         <size>0x34</size>
         <alignment>0x4</alignment>
         <input_file_ref idref="fl-3b"/>
      </object_component>
      <object_component id="oc-207">
         <name>.text.__TI_readmsg</name>
         <load_address>0x1a4dc</load_address>
         <readonly>true</readonly>
         <executable>true</executable>
         <run_address>0x1a4dc</run_address>
         <size>0x34</size>
         <alignment>0x4</alignment>
         <input_file_ref idref="fl-109"/>
      </object_component>
      <object_component id="oc-201">
         <name>.text.__TI_writemsg</name>
         <load_address>0x1a510</load_address>
         <readonly>true</readonly>
         <executable>true</executable>
         <run_address>0x1a510</run_address>
         <size>0x34</size>
         <alignment>0x4</alignment>
         <input_file_ref idref="fl-109"/>
      </object_component>
      <object_component id="oc-d2">
         <name>.text.exit</name>
         <load_address>0x1a544</load_address>
         <readonly>true</readonly>
         <executable>true</executable>
         <run_address>0x1a544</run_address>
         <size>0x34</size>
         <alignment>0x4</alignment>
         <input_file_ref idref="fl-3e"/>
      </object_component>
      <object_component id="oc-159">
         <name>.text.finddevice</name>
         <load_address>0x1a578</load_address>
         <readonly>true</readonly>
         <executable>true</executable>
         <run_address>0x1a578</run_address>
         <size>0x34</size>
         <alignment>0x4</alignment>
         <input_file_ref idref="fl-11d"/>
      </object_component>
      <object_component id="oc-102">
         <name>.text.freopen</name>
         <load_address>0x1a5ac</load_address>
         <readonly>true</readonly>
         <executable>true</executable>
         <run_address>0x1a5ac</run_address>
         <size>0x34</size>
         <alignment>0x4</alignment>
         <input_file_ref idref="fl-3b"/>
      </object_component>
      <object_component id="oc-14f">
         <name>.text._ZL10commonInitPKh</name>
         <load_address>0x1a5e0</load_address>
         <readonly>true</readonly>
         <executable>true</executable>
         <run_address>0x1a5e0</run_address>
         <size>0x30</size>
         <alignment>0x4</alignment>
         <input_file_ref idref="fl-7"/>
      </object_component>
      <object_component id="oc-144">
         <name>.text._ZN10StartStateC2Ev</name>
         <load_address>0x1a610</load_address>
         <readonly>true</readonly>
         <executable>true</executable>
         <run_address>0x1a610</run_address>
         <size>0x30</size>
         <alignment>0x4</alignment>
         <input_file_ref idref="fl-f"/>
      </object_component>
      <object_component id="oc-27f">
         <name>.text._outs</name>
         <load_address>0x1a640</load_address>
         <readonly>true</readonly>
         <executable>true</executable>
         <run_address>0x1a640</run_address>
         <size>0x30</size>
         <alignment>0x2</alignment>
         <input_file_ref idref="fl-3a"/>
      </object_component>
      <object_component id="oc-fc">
         <name>.text.fopen</name>
         <load_address>0x1a670</load_address>
         <readonly>true</readonly>
         <executable>true</executable>
         <run_address>0x1a670</run_address>
         <size>0x30</size>
         <alignment>0x4</alignment>
         <input_file_ref idref="fl-3b"/>
      </object_component>
      <object_component id="oc-b2">
         <name>.text._Z17ST7735_FillScreent</name>
         <load_address>0x1a6a0</load_address>
         <readonly>true</readonly>
         <executable>true</executable>
         <run_address>0x1a6a0</run_address>
         <size>0x2c</size>
         <alignment>0x4</alignment>
         <input_file_ref idref="fl-7"/>
      </object_component>
      <object_component id="oc-22e">
         <name>.text.unlink</name>
         <load_address>0x1a6cc</load_address>
         <readonly>true</readonly>
         <executable>true</executable>
         <run_address>0x1a6cc</run_address>
         <size>0x2c</size>
         <alignment>0x4</alignment>
         <input_file_ref idref="fl-101"/>
      </object_component>
      <object_component id="oc-b9">
         <name>.text._Z11Switch_Initv</name>
         <load_address>0x1a6f8</load_address>
         <readonly>true</readonly>
         <executable>true</executable>
         <run_address>0x1a6f8</run_address>
         <size>0x28</size>
         <alignment>0x4</alignment>
         <input_file_ref idref="fl-b"/>
      </object_component>
      <object_component id="oc-12a">
         <name>.text._Z9ADC_StartP10ADC12_Regs</name>
         <load_address>0x1a720</load_address>
         <readonly>true</readonly>
         <executable>true</executable>
         <run_address>0x1a720</run_address>
         <size>0x28</size>
         <alignment>0x4</alignment>
         <input_file_ref idref="fl-c"/>
      </object_component>
      <object_component id="oc-149">
         <name>.text._ZN18RoundFeedbackStateC2Ev</name>
         <load_address>0x1a748</load_address>
         <readonly>true</readonly>
         <executable>true</executable>
         <run_address>0x1a748</run_address>
         <size>0x28</size>
         <alignment>0x4</alignment>
         <input_file_ref idref="fl-f"/>
      </object_component>
      <object_component id="oc-1da">
         <name>.text.free_list_insert</name>
         <load_address>0x1a770</load_address>
         <readonly>true</readonly>
         <executable>true</executable>
         <run_address>0x1a770</run_address>
         <size>0x28</size>
         <alignment>0x4</alignment>
         <input_file_ref idref="fl-42"/>
      </object_component>
      <object_component id="oc-225">
         <name>.text.write</name>
         <load_address>0x1a798</load_address>
         <readonly>true</readonly>
         <executable>true</executable>
         <run_address>0x1a798</run_address>
         <size>0x28</size>
         <alignment>0x4</alignment>
         <input_file_ref idref="fl-fa"/>
      </object_component>
      <object_component id="oc-62">
         <name>.text:_c_int00_noargs</name>
         <load_address>0x1a7c0</load_address>
         <readonly>true</readonly>
         <executable>true</executable>
         <run_address>0x1a7c0</run_address>
         <size>0x28</size>
         <alignment>0x4</alignment>
         <input_file_ref idref="fl-43"/>
      </object_component>
      <object_component id="oc-14a">
         <name>.text._ZN18SwitchOffenceStateC2Ev</name>
         <load_address>0x1a7e8</load_address>
         <readonly>true</readonly>
         <executable>true</executable>
         <run_address>0x1a7e8</run_address>
         <size>0x24</size>
         <alignment>0x4</alignment>
         <input_file_ref idref="fl-f"/>
      </object_component>
      <object_component id="oc-145">
         <name>.text._ZN9Atk1StateC2Ev</name>
         <load_address>0x1a80c</load_address>
         <readonly>true</readonly>
         <executable>true</executable>
         <run_address>0x1a80c</run_address>
         <size>0x24</size>
         <alignment>0x4</alignment>
         <input_file_ref idref="fl-f"/>
      </object_component>
      <object_component id="oc-146">
         <name>.text._ZN9Atk2StateC2Ev</name>
         <load_address>0x1a830</load_address>
         <readonly>true</readonly>
         <executable>true</executable>
         <run_address>0x1a830</run_address>
         <size>0x24</size>
         <alignment>0x4</alignment>
         <input_file_ref idref="fl-f"/>
      </object_component>
      <object_component id="oc-147">
         <name>.text._ZN9Atk3StateC2Ev</name>
         <load_address>0x1a854</load_address>
         <readonly>true</readonly>
         <executable>true</executable>
         <run_address>0x1a854</run_address>
         <size>0x24</size>
         <alignment>0x4</alignment>
         <input_file_ref idref="fl-f"/>
      </object_component>
      <object_component id="oc-2a1">
         <name>.text.__muldi3</name>
         <load_address>0x1a878</load_address>
         <readonly>true</readonly>
         <executable>true</executable>
         <run_address>0x1a878</run_address>
         <size>0x24</size>
         <alignment>0x4</alignment>
         <input_file_ref idref="fl-111"/>
      </object_component>
      <object_component id="oc-28d">
         <name>.text.memccpy</name>
         <load_address>0x1a89c</load_address>
         <readonly>true</readonly>
         <executable>true</executable>
         <run_address>0x1a89c</run_address>
         <size>0x22</size>
         <alignment>0x2</alignment>
         <input_file_ref idref="fl-54"/>
      </object_component>
      <object_component id="oc-6f">
         <name>.text._Z8DAC5_Outj</name>
         <load_address>0x1a8c0</load_address>
         <readonly>true</readonly>
         <executable>true</executable>
         <run_address>0x1a8c0</run_address>
         <size>0x20</size>
         <alignment>0x4</alignment>
         <input_file_ref idref="fl-a"/>
      </object_component>
      <object_component id="oc-148">
         <name>.text._ZN8WinStateC2Ev</name>
         <load_address>0x1a8e0</load_address>
         <readonly>true</readonly>
         <executable>true</executable>
         <run_address>0x1a8e0</run_address>
         <size>0x20</size>
         <alignment>0x4</alignment>
         <input_file_ref idref="fl-f"/>
      </object_component>
      <object_component id="oc-26f">
         <name>.text._ZL9pushColort</name>
         <load_address>0x1a900</load_address>
         <readonly>true</readonly>
         <executable>true</executable>
         <run_address>0x1a900</run_address>
         <size>0x1e</size>
         <alignment>0x2</alignment>
         <input_file_ref idref="fl-7"/>
      </object_component>
      <object_component id="oc-2fb">
         <name>.text.__ashldi3</name>
         <load_address>0x1a920</load_address>
         <readonly>true</readonly>
         <executable>true</executable>
         <run_address>0x1a920</run_address>
         <size>0x1e</size>
         <alignment>0x4</alignment>
         <input_file_ref idref="fl-11a"/>
      </object_component>
      <object_component id="oc-36">
         <name>.text.Default_Handler</name>
         <load_address>0x1a940</load_address>
         <readonly>true</readonly>
         <executable>true</executable>
         <run_address>0x1a940</run_address>
         <size>0x1c</size>
         <alignment>0x4</alignment>
         <input_file_ref idref="fl-17"/>
      </object_component>
      <object_component id="oc-37">
         <name>.text.HardFault_Handler</name>
         <load_address>0x1a95c</load_address>
         <readonly>true</readonly>
         <executable>true</executable>
         <run_address>0x1a95c</run_address>
         <size>0x1c</size>
         <alignment>0x4</alignment>
         <input_file_ref idref="fl-17"/>
      </object_component>
      <object_component id="oc-18e">
         <name>.text._ZN5StateC2Ev</name>
         <load_address>0x1a978</load_address>
         <readonly>true</readonly>
         <executable>true</executable>
         <run_address>0x1a978</run_address>
         <size>0x1c</size>
         <alignment>0x4</alignment>
         <input_file_ref idref="fl-f"/>
      </object_component>
      <object_component id="oc-1d8">
         <name>.text.free_list_remove</name>
         <load_address>0x1a994</load_address>
         <readonly>true</readonly>
         <executable>true</executable>
         <run_address>0x1a994</run_address>
         <size>0x1c</size>
         <alignment>0x4</alignment>
         <input_file_ref idref="fl-42"/>
      </object_component>
      <object_component id="oc-e6">
         <name>.text._ZN8SlidePotC2Ejj</name>
         <load_address>0x1a9b0</load_address>
         <readonly>true</readonly>
         <executable>true</executable>
         <run_address>0x1a9b0</run_address>
         <size>0x1a</size>
         <alignment>0x2</alignment>
         <input_file_ref idref="fl-8"/>
      </object_component>
      <object_component id="oc-7d">
         <name>.text._ZN4Game11updateStateEv</name>
         <load_address>0x1a9ca</load_address>
         <readonly>true</readonly>
         <executable>true</executable>
         <run_address>0x1a9ca</run_address>
         <size>0x18</size>
         <alignment>0x2</alignment>
         <input_file_ref idref="fl-f"/>
      </object_component>
      <object_component id="oc-99">
         <name>.text.__cxx_global_var_init</name>
         <load_address>0x1a9e4</load_address>
         <readonly>true</readonly>
         <executable>true</executable>
         <run_address>0x1a9e4</run_address>
         <size>0x18</size>
         <alignment>0x4</alignment>
         <input_file_ref idref="fl-3"/>
      </object_component>
      <object_component id="oc-280">
         <name>.text._outc</name>
         <load_address>0x1a9fc</load_address>
         <readonly>true</readonly>
         <executable>true</executable>
         <run_address>0x1a9fc</run_address>
         <size>0x18</size>
         <alignment>0x2</alignment>
         <input_file_ref idref="fl-3a"/>
      </object_component>
      <object_component id="oc-10d">
         <name>.text._Z11ST7735_openPKcji</name>
         <load_address>0x1aa14</load_address>
         <readonly>true</readonly>
         <executable>true</executable>
         <run_address>0x1aa14</run_address>
         <size>0x16</size>
         <alignment>0x2</alignment>
         <input_file_ref idref="fl-7"/>
      </object_component>
      <object_component id="oc-10b">
         <name>.text._Z11ST7735_readiPcj</name>
         <load_address>0x1aa2a</load_address>
         <readonly>true</readonly>
         <executable>true</executable>
         <run_address>0x1aa2a</run_address>
         <size>0x16</size>
         <alignment>0x2</alignment>
         <input_file_ref idref="fl-7"/>
      </object_component>
      <object_component id="oc-59">
         <name>.text:decompress:ZI:__TI_zero_init_nomemset</name>
         <load_address>0x1aa40</load_address>
         <readonly>true</readonly>
         <executable>true</executable>
         <run_address>0x1aa40</run_address>
         <size>0x16</size>
         <alignment>0x2</alignment>
         <input_file_ref idref="fl-48"/>
      </object_component>
      <object_component id="oc-246">
         <name>.text._Z10Sound_Bellv</name>
         <load_address>0x1aa58</load_address>
         <readonly>true</readonly>
         <executable>true</executable>
         <run_address>0x1aa58</run_address>
         <size>0x14</size>
         <alignment>0x4</alignment>
         <input_file_ref idref="fl-a"/>
      </object_component>
      <object_component id="oc-24b">
         <name>.text._Z10Sound_Missv</name>
         <load_address>0x1aa6c</load_address>
         <readonly>true</readonly>
         <executable>true</executable>
         <run_address>0x1aa6c</run_address>
         <size>0x14</size>
         <alignment>0x4</alignment>
         <input_file_ref idref="fl-a"/>
      </object_component>
      <object_component id="oc-24a">
         <name>.text._Z9Sound_Hitv</name>
         <load_address>0x1aa80</load_address>
         <readonly>true</readonly>
         <executable>true</executable>
         <run_address>0x1aa80</run_address>
         <size>0x14</size>
         <alignment>0x4</alignment>
         <input_file_ref idref="fl-a"/>
      </object_component>
      <object_component id="oc-1e3">
         <name>.text._ZN10StartState7onEnterEP4Game</name>
         <load_address>0x1aa94</load_address>
         <readonly>true</readonly>
         <executable>true</executable>
         <run_address>0x1aa94</run_address>
         <size>0x14</size>
         <alignment>0x2</alignment>
         <input_file_ref idref="fl-f"/>
      </object_component>
      <object_component id="oc-2a6">
         <name>.text.__aeabi_uldivmod</name>
         <load_address>0x1aaa8</load_address>
         <readonly>true</readonly>
         <executable>true</executable>
         <run_address>0x1aaa8</run_address>
         <size>0x14</size>
         <alignment>0x4</alignment>
         <input_file_ref idref="fl-118"/>
      </object_component>
      <object_component id="oc-9d">
         <name>.text:TI_memcpy_small</name>
         <load_address>0x1aabc</load_address>
         <readonly>true</readonly>
         <executable>true</executable>
         <run_address>0x1aabc</run_address>
         <size>0x12</size>
         <alignment>0x1</alignment>
         <input_file_ref idref="fl-11e"/>
      </object_component>
      <object_component id="oc-20">
         <name>.text:decompress:none</name>
         <load_address>0x1aace</load_address>
         <readonly>true</readonly>
         <executable>true</executable>
[...]
      </symbol>
      <symbol id="sm-266">
         <name>_ZN18RoundFeedbackStateC1Ev</name>
         <value>0x1a749</value>
         <object_component_ref idref="oc-149"/>
      </symbol>
      <symbol id="sm-27e">
         <name>Default_Handler</name>
         <value>0x1a941</value>
         <object_component_ref idref="oc-36"/>
      </symbol>
      <symbol id="sm-27f">
         <name>Reset_Handler</name>
         <value>0x1ac77</value>
         <object_component_ref idref="oc-32"/>
      </symbol>
      <symbol id="sm-280">
         <name>HardFault_Handler</name>
         <value>0x1a95d</value>
         <object_component_ref idref="oc-37"/>
      </symbol>
      <symbol id="sm-281">
         <name>interruptVectors</name>
         <value>0x0</value>
         <object_component_ref idref="oc-18"/>
      </symbol>
      <symbol id="sm-282">
         <name>NMI_Handler</name>
         <value>0x1a941</value>
         <object_component_ref idref="oc-36"/>
      </symbol>
      <symbol id="sm-283">
         <name>SVC_Handler</name>
         <value>0x1a941</value>
         <object_component_ref idref="oc-36"/>
      </symbol>
      <symbol id="sm-284">
         <name>PendSV_Handler</name>
         <value>0x1a941</value>
         <object_component_ref idref="oc-36"/>
      </symbol>
      <symbol id="sm-285">
         <name>GROUP0_IRQHandler</name>
         <value>0x1a941</value>
         <object_component_ref idref="oc-36"/>
      </symbol>
      <symbol id="sm-286">
         <name>GROUP1_IRQHandler</name>
         <value>0x1a941</value>
         <object_component_ref idref="oc-36"/>
      </symbol>
      <symbol id="sm-287">
         <name>TIMG8_IRQHandler</name>
         <value>0x1a941</value>
         <object_component_ref idref="oc-36"/>
      </symbol>
      <symbol id="sm-288">
         <name>UART3_IRQHandler</name>
         <value>0x1a941</value>
         <object_component_ref idref="oc-36"/>
      </symbol>
      <symbol id="sm-289">
         <name>ADC0_IRQHandler</name>
         <value>0x1a941</value>
         <object_component_ref idref="oc-36"/>
      </symbol>
      <symbol id="sm-28a">
         <name>ADC1_IRQHandler</name>
         <value>0x1a941</value>
         <object_component_ref idref="oc-36"/>
      </symbol>
      <symbol id="sm-28b">
         <name>CANFD0_IRQHandler</name>
         <value>0x1a941</value>
         <object_component_ref idref="oc-36"/>
      </symbol>
      <symbol id="sm-28c">
         <name>DAC0_IRQHandler</name>
         <value>0x1a941</value>
         <object_component_ref idref="oc-36"/>
      </symbol>
      <symbol id="sm-28d">
         <name>SPI0_IRQHandler</name>
         <value>0x1a941</value>
         <object_component_ref idref="oc-36"/>
      </symbol>
      <symbol id="sm-28e">
         <name>SPI1_IRQHandler</name>
         <value>0x1a941</value>
         <object_component_ref idref="oc-36"/>
      </symbol>
      <symbol id="sm-28f">
         <name>UART1_IRQHandler</name>
         <value>0x1a941</value>
         <object_component_ref idref="oc-36"/>
      </symbol>
      <symbol id="sm-290">
         <name>UART2_IRQHandler</name>
         <value>0x1a941</value>
         <object_component_ref idref="oc-36"/>
      </symbol>
      <symbol id="sm-291">
         <name>UART0_IRQHandler</name>
         <value>0x1a941</value>
         <object_component_ref idref="oc-36"/>
      </symbol>
      <symbol id="sm-292">
         <name>TIMG0_IRQHandler</name>
         <value>0x1a941</value>
         <object_component_ref idref="oc-36"/>
      </symbol>
      <symbol id="sm-293">
         <name>TIMG6_IRQHandler</name>
         <value>0x1a941</value>
         <object_component_ref idref="oc-36"/>
      </symbol>
      <symbol id="sm-294">
         <name>TIMA0_IRQHandler</name>
         <value>0x1a941</value>
         <object_component_ref idref="oc-36"/>
      </symbol>
      <symbol id="sm-295">
         <name>TIMA1_IRQHandler</name>
         <value>0x1a941</value>
         <object_component_ref idref="oc-36"/>
      </symbol>
      <symbol id="sm-296">
         <name>I2C0_IRQHandler</name>
         <value>0x1a941</value>
         <object_component_ref idref="oc-36"/>
      </symbol>
      <symbol id="sm-297">
         <name>I2C1_IRQHandler</name>
         <value>0x1a941</value>
         <object_component_ref idref="oc-36"/>
      </symbol>
      <symbol id="sm-298">
         <name>AES_IRQHandler</name>
         <value>0x1a941</value>
         <object_component_ref idref="oc-36"/>
      </symbol>
      <symbol id="sm-299">
         <name>RTC_IRQHandler</name>
         <value>0x1a941</value>
         <object_component_ref idref="oc-36"/>
      </symbol>
      <symbol id="sm-29a">
         <name>DMA_IRQHandler</name>
         <value>0x1a941</value>
         <object_component_ref idref="oc-36"/>
      </symbol>
      <symbol id="sm-29b">
         <name>__TI_ATRegion0_src_addr</name>
         <value>0x0</value>
      </symbol>
      <symbol id="sm-29c">
         <name>__TI_ATRegion0_trg_addr</name>
         <value>0x0</value>
      </symbol>
      <symbol id="sm-29d">
         <name>__TI_ATRegion0_region_sz</name>
         <value>0x0</value>
      </symbol>
      <symbol id="sm-29e">
         <name>__TI_ATRegion1_src_addr</name>
         <value>0x0</value>
      </symbol>
      <symbol id="sm-29f">
         <name>__TI_ATRegion1_trg_addr</name>
         <value>0x0</value>
      </symbol>
      <symbol id="sm-2a0">
         <name>__TI_ATRegion1_region_sz</name>
         <value>0x0</value>
      </symbol>
      <symbol id="sm-2a1">
         <name>__TI_ATRegion2_src_addr</name>
         <value>0x0</value>
      </symbol>
      <symbol id="sm-2a2">
         <name>__TI_ATRegion2_trg_addr</name>
         <value>0x0</value>
      </symbol>
      <symbol id="sm-2a3">
         <name>__TI_ATRegion2_region_sz</name>
         <value>0x0</value>
      </symbol>
      <symbol id="sm-2b4">
         <name>snprintf</name>
         <value>0x19f0d</value>
         <object_component_ref idref="oc-277"/>
      </symbol>
      <symbol id="sm-2cd">
         <name>fopen</name>
         <value>0x1a671</value>
         <object_component_ref idref="oc-fc"/>
      </symbol>
      <symbol id="sm-2ce">
         <name>__TI_cleanup</name>
         <value>0x1a4a9</value>
         <object_component_ref idref="oc-172"/>
      </symbol>
      <symbol id="sm-2cf">
         <name>freopen</name>
         <value>0x1a5ad</value>
         <object_component_ref idref="oc-102"/>
      </symbol>
      <symbol id="sm-2d9">
         <name>setvbuf</name>
         <value>0x189cd</value>
         <object_component_ref idref="oc-103"/>
      </symbol>
      <symbol id="sm-2e4">
         <name>__aeabi_errno_addr</name>
         <value>0x19179</value>
         <object_component_ref idref="oc-29c"/>
      </symbol>
      <symbol id="sm-2e5">
         <name>__aeabi_errno</name>
         <value>0x202002fc</value>
         <object_component_ref idref="oc-2bc"/>
      </symbol>
      <symbol id="sm-2f3">
         <name>abort</name>
         <value>0x1ac6d</value>
         <object_component_ref idref="oc-cd"/>
      </symbol>
      <symbol id="sm-2f4">
         <name>__TI_cleanup_ptr</name>
         <value>0x202002e4</value>
         <object_component_ref idref="oc-13c"/>
      </symbol>
      <symbol id="sm-2f5">
         <name>__TI_dtors_ptr</name>
         <value>0x202002e8</value>
         <object_component_ref idref="oc-13c"/>
      </symbol>
      <symbol id="sm-2f6">
         <name>exit</name>
         <value>0x1a545</value>
         <object_component_ref idref="oc-d2"/>
      </symbol>
      <symbol id="sm-2ff">
         <name>_nop</name>
         <value>0x19067</value>
         <object_component_ref idref="oc-185"/>
      </symbol>
      <symbol id="sm-300">
         <name>_lock</name>
         <value>0x20200300</value>
         <object_component_ref idref="oc-13a"/>
      </symbol>
      <symbol id="sm-301">
         <name>_unlock</name>
         <value>0x20200304</value>
         <object_component_ref idref="oc-13d"/>
      </symbol>
      <symbol id="sm-307">
         <name>_ftable</name>
         <value>0x20200118</value>
         <object_component_ref idref="oc-111"/>
      </symbol>
      <symbol id="sm-308">
         <name>__TI_ft_end</name>
         <value>0x202002f8</value>
         <object_component_ref idref="oc-1c2"/>
      </symbol>
      <symbol id="sm-309">
         <name>__TI_tmpnams</name>
         <value>0x20200640</value>
         <object_component_ref idref="oc-1d5"/>
      </symbol>
      <symbol id="sm-32c">
         <name>malloc</name>
         <value>0x1abc5</value>
         <object_component_ref idref="oc-171"/>
      </symbol>
      <symbol id="sm-32d">
         <name>aligned_alloc</name>
         <value>0x17f11</value>
         <object_component_ref idref="oc-1db"/>
      </symbol>
      <symbol id="sm-32e">
         <name>free</name>
         <value>0x18805</value>
         <object_component_ref idref="oc-16f"/>
      </symbol>
      <symbol id="sm-32f">
         <name>_sys_memory</name>
         <value>0x20200320</value>
         <object_component_ref idref="oc-30"/>
      </symbol>
      <symbol id="sm-330">
         <name>memalign</name>
         <value>0x17f11</value>
         <object_component_ref idref="oc-1db"/>
      </symbol>
      <symbol id="sm-33b">
         <name>_c_int00_noargs</name>
         <value>0x1a7c1</value>
         <object_component_ref idref="oc-62"/>
      </symbol>
      <symbol id="sm-33c">
         <name>__stack</name>
         <value>0x20207e00</value>
         <object_component_ref idref="oc-1a"/>
      </symbol>
      <symbol id="sm-348">
         <name>__TI_auto_init_nobinit</name>
         <value>0x19cd5</value>
         <object_component_ref idref="oc-da"/>
      </symbol>
      <symbol id="sm-350">
         <name>_system_pre_init</name>
         <value>0x1ac7b</value>
         <object_component_ref idref="oc-8a"/>
      </symbol>
      <symbol id="sm-35b">
         <name>__TI_zero_init_nomemset</name>
         <value>0x1aa41</value>
         <object_component_ref idref="oc-59"/>
      </symbol>
      <symbol id="sm-364">
         <name>__TI_decompress_none</name>
         <value>0x1aacf</value>
         <object_component_ref idref="oc-20"/>
      </symbol>
      <symbol id="sm-36f">
         <name>__TI_decompress_lzss</name>
         <value>0x19401</value>
         <object_component_ref idref="oc-1c"/>
      </symbol>
      <symbol id="sm-391">
         <name>__TI_printfi_nofloat</name>
         <value>0x16881</value>
         <object_component_ref idref="oc-289"/>
      </symbol>
      <symbol id="sm-39d">
         <name>__TI_closefile</name>
         <value>0x19385</value>
         <object_component_ref idref="oc-169"/>
      </symbol>
      <symbol id="sm-3a7">
         <name>__TI_doflush</name>
         <value>0x19d7b</value>
         <object_component_ref idref="oc-1c7"/>
      </symbol>
      <symbol id="sm-3b5">
         <name>atoi</name>
         <value>0x1a23d</value>
         <object_component_ref idref="oc-294"/>
      </symbol>
      <symbol id="sm-3be">
         <name>memccpy</name>
         <value>0x1a89d</value>
         <object_component_ref idref="oc-28d"/>
      </symbol>
      <symbol id="sm-3c9">
         <name>wcslen</name>
         <value>0x1ab21</value>
         <object_component_ref idref="oc-298"/>
      </symbol>
      <symbol id="sm-3cb">
         <name>__aeabi_ctype_table_</name>
         <value>0x16500</value>
         <object_component_ref idref="oc-2b5"/>
      </symbol>
      <symbol id="sm-3cc">
         <name>__aeabi_ctype_table_C</name>
         <value>0x16500</value>
         <object_component_ref idref="oc-2b5"/>
      </symbol>
      <symbol id="sm-3d4">
         <name>HOSTexit</name>
         <value>0x1ac73</value>
         <object_component_ref idref="oc-134"/>
      </symbol>
      <symbol id="sm-3d5">
         <name>C$$EXIT</name>
         <value>0x1ac72</value>
         <object_component_ref idref="oc-134"/>
      </symbol>
      <symbol id="sm-3df">
         <name>write</name>
         <value>0x1a799</value>
         <object_component_ref idref="oc-225"/>
      </symbol>
      <symbol id="sm-3e4">
         <name>_device</name>
         <value>0x20200208</value>
         <object_component_ref idref="oc-160"/>
      </symbol>
      <symbol id="sm-3e5">
         <name>_stream</name>
         <value>0x20200280</value>
         <object_component_ref idref="oc-221"/>
      </symbol>
      <symbol id="sm-3ee">
         <name>remove</name>
         <value>0x1ac65</value>
         <object_component_ref idref="oc-1d1"/>
      </symbol>
      <symbol id="sm-3fa">
         <name>open</name>
         <value>0x18e0d</value>
         <object_component_ref idref="oc-1c3"/>
      </symbol>
      <symbol id="sm-405">
         <name>close</name>
         <value>0x19e6d</value>
         <object_component_ref idref="oc-1cd"/>
      </symbol>
      <symbol id="sm-411">
         <name>add_device</name>
         <value>0x18631</value>
         <object_component_ref idref="oc-f8"/>
      </symbol>
      <symbol id="sm-41b">
         <name>unlink</name>
         <value>0x1a6cd</value>
         <object_component_ref idref="oc-22e"/>
      </symbol>
      <symbol id="sm-425">
         <name>HOSTclose</name>
         <value>0x19f59</value>
         <object_component_ref idref="oc-1a5"/>
      </symbol>
      <symbol id="sm-42f">
         <name>HOSTlseek</name>
         <value>0x19561</value>
         <object_component_ref idref="oc-1b1"/>
      </symbol>
      <symbol id="sm-439">
         <name>HOSTopen</name>
         <value>0x19839</value>
         <object_component_ref idref="oc-1a1"/>
      </symbol>
      <symbol id="sm-43a">
         <name>parmbuf</name>
         <value>0x202006e0</value>
         <object_component_ref idref="oc-208"/>
      </symbol>
      <symbol id="sm-444">
         <name>HOSTread</name>
         <value>0x19a71</value>
         <object_component_ref idref="oc-1a9"/>
      </symbol>
      <symbol id="sm-455">
         <name>HOSTrename</name>
         <value>0x195cd</value>
         <object_component_ref idref="oc-1b9"/>
      </symbol>
      <symbol id="sm-45f">
         <name>HOSTunlink</name>
         <value>0x19fa1</value>
         <object_component_ref idref="oc-1b5"/>
      </symbol>
      <symbol id="sm-469">
         <name>HOSTwrite</name>
         <value>0x19ac9</value>
         <object_component_ref idref="oc-1ad"/>
      </symbol>
      <symbol id="sm-477">
         <name>C$$IO$$</name>
         <value>0x1a53d</value>
         <object_component_ref idref="oc-201"/>
      </symbol>
      <symbol id="sm-478">
         <name>__TI_writemsg</name>
         <value>0x1a511</value>
         <object_component_ref idref="oc-201"/>
      </symbol>
      <symbol id="sm-479">
         <name>__CIOBUF_</name>
         <value>0x20200520</value>
         <object_component_ref idref="oc-266"/>
      </symbol>
      <symbol id="sm-47a">
         <name>__TI_readmsg</name>
         <value>0x1a4dd</value>
         <object_component_ref idref="oc-207"/>
      </symbol>
      <symbol id="sm-47b">
         <name>_CIOBUF_</name>
         <value>0x20200520</value>
         <object_component_ref idref="oc-266"/>
      </symbol>
      <symbol id="sm-481">
         <name>__muldsi3</name>
         <value>0x1a2f9</value>
         <object_component_ref idref="oc-2c0"/>
      </symbol>
      <symbol id="sm-487">
         <name>__aeabi_lmul</name>
         <value>0x1a879</value>
         <object_component_ref idref="oc-2a1"/>
      </symbol>
      <symbol id="sm-488">
         <name>__muldi3</name>
         <value>0x1a879</value>
         <object_component_ref idref="oc-2a1"/>
      </symbol>
      <symbol id="sm-48e">
         <name>__aeabi_idiv</name>
         <value>0x19c29</value>
         <object_component_ref idref="oc-24f"/>
      </symbol>
      <symbol id="sm-48f">
         <name>__aeabi_idivmod</name>
         <value>0x19c29</value>
         <object_component_ref idref="oc-24f"/>
      </symbol>
      <symbol id="sm-495">
         <name>__aeabi_memcpy</name>
         <value>0x1ac5d</value>
         <object_component_ref idref="oc-52"/>
      </symbol>
      <symbol id="sm-496">
         <name>__aeabi_memcpy4</name>
         <value>0x1ac5d</value>
         <object_component_ref idref="oc-52"/>
      </symbol>
      <symbol id="sm-497">
         <name>__aeabi_memcpy8</name>
         <value>0x1ac5d</value>
         <object_component_ref idref="oc-52"/>
      </symbol>
      <symbol id="sm-4a0">
         <name>__aeabi_memset</name>
         <value>0x1ab4d</value>
         <object_component_ref idref="oc-28c"/>
      </symbol>
      <symbol id="sm-4a1">
         <name>__aeabi_memset4</name>
         <value>0x1ab4d</value>
         <object_component_ref idref="oc-28c"/>
      </symbol>
      <symbol id="sm-4a2">
         <name>__aeabi_memset8</name>
         <value>0x1ab4d</value>
         <object_component_ref idref="oc-28c"/>
      </symbol>
      <symbol id="sm-4a3">
         <name>__aeabi_memclr</name>
         <value>0x1abb9</value>
         <object_component_ref idref="oc-85"/>
      </symbol>
      <symbol id="sm-4a4">
         <name>__aeabi_memclr4</name>
         <value>0x1abb9</value>
         <object_component_ref idref="oc-85"/>
      </symbol>
      <symbol id="sm-4a5">
         <name>__aeabi_memclr8</name>
         <value>0x1abb9</value>
         <object_component_ref idref="oc-85"/>
      </symbol>
      <symbol id="sm-4ab">
         <name>__aeabi_uidiv</name>
         <value>0x1a1bd</value>
         <object_component_ref idref="oc-12d"/>
      </symbol>
      <symbol id="sm-4ac">
         <name>__aeabi_uidivmod</name>
         <value>0x1a1bd</value>
         <object_component_ref idref="oc-12d"/>
      </symbol>
      <symbol id="sm-4b2">
         <name>__aeabi_uldivmod</name>
         <value>0x1aaa9</value>
         <object_component_ref idref="oc-2a6"/>
      </symbol>
      <symbol id="sm-4b8">
         <name>__udivmoddi4</name>
         <value>0x18cc9</value>
         <object_component_ref idref="oc-2c5"/>
      </symbol>
      <symbol id="sm-4be">
         <name>__aeabi_llsl</name>
         <value>0x1a921</value>
         <object_component_ref idref="oc-2fb"/>
      </symbol>
      <symbol id="sm-4bf">
         <name>__ashldi3</name>
         <value>0x1a921</value>
         <object_component_ref idref="oc-2fb"/>
      </symbol>
      <symbol id="sm-4cc">
         <name>__aeabi_idiv0</name>
         <value>0x18cc7</value>
         <object_component_ref idref="oc-17d"/>
      </symbol>
      <symbol id="sm-4cd">
         <name>__aeabi_ldiv0</name>
         <value>0x18d6b</value>
         <object_component_ref idref="oc-2fa"/>
      </symbol>
      <symbol id="sm-4db">
         <name>finddevice</name>
         <value>0x1a579</value>
         <object_component_ref idref="oc-159"/>
      </symbol>
      <symbol id="sm-4dc">
         <name>getdevice</name>
         <value>0x19639</value>
         <object_component_ref idref="oc-21f"/>
      </symbol>
      <symbol id="sm-4e5">
         <name>TI_memcpy_small</name>
         <value>0x1aabd</value>
         <object_component_ref idref="oc-9d"/>
      </symbol>
      <symbol id="sm-4ee">
         <name>TI_memset_small</name>
         <value>0x1ab85</value>
         <object_component_ref idref="oc-e9"/>
      </symbol>
      <symbol id="sm-4f6">
         <name>strcmp</name>
         <value>0x19181</value>
         <object_component_ref idref="oc-19b"/>
      </symbol>
      <symbol id="sm-4f7">
         <name>__TI_static_base__</name>
         <value>0x0</value>
      </symbol>
      <symbol id="sm-4fa">
         <name>__mpu_init</name>
         <value>0x0</value>
      </symbol>
      <symbol id="sm-4fb">
         <name>_system_post_cinit</name>
         <value>0x0</value>
      </symbol>
   </symbol_table>
   <title>Link successful</title>
</link_info>
