******************************************************************************
            TI ARM Clang Linker PC v4.0.4                      
******************************************************************************
>> Linked Mon Apr 20 13:26:22 2026

OUTPUT FILE NAME:   <ECE319K_Lab9H.out>
ENTRY POINT SYMBOL: "_c_int00_noargs"  address: 00018891


MEMORY CONFIGURATION

         name            origin    length      used     unused   attr    fill
----------------------  --------  ---------  --------  --------  ----  --------
  FLASH                 00000000   00020000  00018dc0  00007240  R  X
  SRAM                  20200000   00008000  000008ed  00007713  RW X
  BCR_CONFIG            41c00000   00000080  00000000  00000080  R   
  BSL_CONFIG            41c00100   00000080  00000000  00000080  R   


SEGMENT ALLOCATION MAP

run origin  load origin   length   init length attrs members
----------  ----------- ---------- ----------- ----- -------
00000000    00000000    00018dc0   00018dc0    r-x
  00000000    00000000    000000c0   000000c0    r-- .intvecs
  000000c0    000000c0    00014ab0   00014ab0    r-- .rodata
  00014b70    00014b70    000041b0   000041b0    r-x .text
  00018d20    00018d20    00000008   00000008    r-- .init_array
  00018d28    00018d28    00000098   00000098    r-- .cinit
20200000    20200000    000006f0   00000000    rw-
  20200000    20200000    00000315   00000000    rw- .data
  20200318    20200318    00000200   00000000    rw- .sysmem
  20200518    20200518    000001d8   00000000    rw- .bss
20207e00    20207e00    00000200   00000000    rw-
  20207e00    20207e00    00000200   00000000    rw- .stack


SECTION ALLOCATION MAP

 output                                  attributes/
section   page    origin      length       input sections
--------  ----  ----------  ----------   ----------------
.intvecs   0    00000000    000000c0     
                  00000000    000000c0     startup_mspm0g3507_ticlang.o (.intvecs)

.binit     0    00000000    00000000     

.text      0    00014b70    000041b0     
                  00014b70    00000868     libc.a : _printfi.c.obj (.text:__TI_printfi_nofloat)
                  000153d8    00000210     ST7735.o (.text._Z17ST7735_DrawBitmapssPKtss)
                  000155e8    000001b4     Clock.o (.text._Z15Clock_Init80MHzi)
                  0001579c    000001a0     ST7735.o (.text._Z16ST7735_DrawCharSsscssh)
                  0001593c    0000019c     game_structs.o (.text._ZN8WinState7onEnterEP4Game)
                  00015ad8    00000154     libc.a : fopen.c.obj (.text._openfile)
                  00015c2c    00000128     TExaS.o (.text._Z8ADC_InitP10ADC12_Regsjj)
                  00015d54    00000124     connors_display_helper.o (.text._Z16CDH_DrawBitmap2xssPKtss)
                  00015e78    00000118     ST7735.o (.text._Z15ST7735_FillRectsssst)
                  00015f90    00000114     libc.a : memory.c.obj (.text.aligned_alloc)
                  000160a4    0000010c     game_structs.o (.text._ZN9Atk1State7displayEP4Game)
                  000161b0    0000010c     game_structs.o (.text._ZN9Atk2State7displayEP4Game)
                  000162bc    0000010c     game_structs.o (.text._ZN9Atk3State7displayEP4Game)
                  000163c8    000000f8     SPI.o (.text._Z8SPI_Initv)
                  000164c0    000000f4     ST7735.o (.text._Z18ST7735_SetRotationh)
                  000165b4    000000f4     game_structs.o (.text._ZN18RoundFeedbackState7onEnterEP4Game)
                  000166a8    000000ec     game_structs.o (.text._ZN18RoundFeedbackState7displayEP4Game)
                  00016794    000000ec     libsysbm.a : add_device.c.obj (.text.add_device)
                  00016880    000000ea     connors_display_helper.o (.text._Z25CDH_DrawBitmapTransparentssPKtsst)
                  0001696a    00000002     libclang_rt.builtins.a : aeabi_div0.c.obj (.text.__aeabi_idiv0)
                  0001696c    000000e8     TExaS.o (.text._Z9UART_Initv)
                  00016a54    000000e8     libc.a : memory.c.obj (.text.free)
                  00016b3c    000000e0            : setvbuf.c.obj (.text.setvbuf)
                  00016c1c    000000d8     game_structs.o (.text._ZN18SwitchOffenceState7displayEP4Game)
                  00016cf4    000000d0     ST7735.o (.text._Z14ST7735_OutCharc)
                  00016dc4    000000a8     Timer.o (.text._Z14TimerG7_IntArmtjj)
                  00016e6c    000000a2     ST7735.o (.text._ZL11commandListPKh)
                  00016f0e    00000002     libclang_rt.builtins.a : aeabi_div0.c.obj (.text.__aeabi_ldiv0)
                  00016f10    000000a2                            : udivmoddi4.S.obj (.text)
                  00016fb2    00000002     libc.a : _lock.c.obj (.text._nop)
                  00016fb4    000000a0     ST7735.o (.text._Z17ST7735_InitPrintf10initRFlags)
                  00017054    000000a0     libsysbm.a : open.c.obj (.text.open)
                  000170f4    00000098     ST7735.o (.text._Z12ST7735_InitR10initRFlags)
                  0001718c    00000094     Timer.o (.text._Z15TimerG12_IntArmjj)
                  00017220    0000008e     connors_display_helper.o (.text._Z14CDH_DrawStringttPcsii)
                  000172ae    00000002     --HOLE-- [fill = 0]
                  000172b0    00000088     ST7735.o (.text._ZL13setAddrWindowhhhh)
                  00017338    00000008     libc.a : aeabi_portable.c.obj (.text.__aeabi_errno_addr)
                  00017340    00000088            : strcmp-armv6m.S.obj (.text:strcmp)
                  000173c8    00000084     ST7735.o (.text._Z17ST7735_DrawStringttPcs)
                  0001744c    00000084     Lab9HMain.o (.text.main)
                  000174d0    0000007c     LaunchPad.o (.text._Z14LaunchPad_Initv)
                  0001754c    0000007c     SlidePot.o (.text._ZN8SlidePot4InitEv)
                  000175c8    0000007c     libc.a : fclose.c.obj (.text.__TI_closefile)
                  00017644    0000007c            : copy_decompress_lzss.c.obj (.text:decompress:lzss)
                  000176c0    00000072     game_structs.o (.text._ZN18SwitchOffenceState5logicEP4Game)
                  00017732    00000002     --HOLE-- [fill = 0]
                  00017734    00000070     ST7735.o (.text._Z16ST7735_DrawPixelsst)
                  000177a4    0000006c     libsysbm.a : hostlseek.c.obj (.text.HOSTlseek)
                  00017810    0000006c                : hostrename.c.obj (.text.HOSTrename)
                  0001787c    0000006c     libc.a : getdevice.c.obj (.text.getdevice)
                  000178e8    00000068     game_structs.o (.text._ZN10StartState7displayEP4Game)
                  00017950    00000064     libc.a : memory.c.obj (.text.split)
                  000179b4    00000060     libsysbm.a : hostopen.c.obj (.text.HOSTopen)
                  00017a14    00000060     game_structs.o (.text._ZN4Game4initEv)
                  00017a74    0000005e     game_structs.o (.text._ZN10StartState5logicEP4Game)
                  00017ad2    00000002     --HOLE-- [fill = 0]
                  00017ad4    0000005c     game_structs.o (.text._ZN9Atk1State7onEnterEP4Game)
                  00017b30    0000005c     game_structs.o (.text._ZN9Atk2State7onEnterEP4Game)
                  00017b8c    0000005c     game_structs.o (.text._ZN9Atk3State7onEnterEP4Game)
                  00017be8    00000058     libsysbm.a : hostread.c.obj (.text.HOSTread)
                  00017c40    00000058                : hostwrite.c.obj (.text.HOSTwrite)
                  00017c98    00000058     TExaS.o (.text._Z10TExaS_InitP10ADC12_RegsjPFhvE)
                  00017cf0    00000056     game_structs.o (.text._ZN18RoundFeedbackState5logicEP4Game)
                  00017d46    00000056     Lab9HMain.o (.text._ZN4GameC2Ev)
                  00017d9c    00000056     libclang_rt.builtins.a : aeabi_idivmod.S.obj (.text.__aeabi_idivmod)
                  00017df2    00000002     --HOLE-- [fill = 0]
                  00017df4    00000054     game_structs.o (.text._ZN18SwitchOffenceState7onEnterEP4Game)
                  00017e48    00000054     game_structs.o (.text._ZN9Atk1State5logicEP4Game)
                  00017e9c    00000054     game_structs.o (.text._ZN9Atk2State5logicEP4Game)
                  00017ef0    00000054     libc.a : autoinit.c.obj (.text:__TI_auto_init_nobinit)
                  00017f44    00000052            : fflush.c.obj (.text.__TI_doflush)
                  00017f96    00000002     --HOLE-- [fill = 0]
                  00017f98    00000050     connors_display_helper.o (.text._Z11CDH_OutUDecttjsii)
                  00017fe8    00000050     libsysbm.a : close.c.obj (.text.close)
                  00018038    0000004e     game_structs.o (.text._ZN4Game12switchStatesEi)
                  00018086    00000002     --HOLE-- [fill = 0]
                  00018088    0000004c     libc.a : snprintf.c.obj (.text.snprintf)
                  000180d4    0000004a     game_structs.o (.text._ZN9Atk3State5logicEP4Game)
                  0001811e    00000002     --HOLE-- [fill = 0]
                  00018120    00000048     libsysbm.a : hostclose.c.obj (.text.HOSTclose)
                  00018168    00000048                : hostunlink.c.obj (.text.HOSTunlink)
                  000181b0    00000048     SPI.o (.text._Z14SPI_OutCommandc)
                  000181f8    00000044     Lab9HMain.o (.text.TIMG12_IRQHandler)
                  0001823c    00000040     TExaS.o (.text.TIMG7_IRQHandler)
                  0001827c    00000040     SPI.o (.text._Z9SPI_Resetv)
                  000182bc    00000040     libclang_rt.builtins.a : aeabi_uidivmod.S.obj (.text.__aeabi_uidivmod)
                  000182fc    00000040     libc.a : fopen.c.obj (.text._search_fp)
                  0001833c    00000040            : atoi.c.obj (.text.atoi)
                  0001837c    0000003c     game_structs.o (.text._ZN5State7displayEP4Game)
                  000183b8    0000003a     game_structs.o (.text._ZN8WinState5logicEP4Game)
                  000183f2    00000002     --HOLE-- [fill = 0]
                  000183f4    0000003a     libclang_rt.builtins.a : muldsi3.S.obj (.text.__muldsi3)
                  0001842e    00000002     --HOLE-- [fill = 0]
                  00018430    00000038     SPI.o (.text._Z11SPI_OutDatac)
                  00018468    00000038     LaunchPad.o (.text._Z15ActivatePortA_Bv)
                  000184a0    00000034     ST7735.o (.text._Z12ST7735_writeiPKcj)
                  000184d4    00000034     Clock.o (.text._Z14Clock_Delay1msj)
                  00018508    00000034     ST7735.o (.text._Z16ST7735_SetCursorjj)
                  0001853c    00000034     LED.o (.text._Z8LED_Initv)
                  00018570    00000034     libc.a : fopen.c.obj (.text.__TI_cleanup)
                  000185a4    00000034     libsysbm.a : trgmsg.c.obj (.text.__TI_readmsg)
                  000185d8    00000034                : trgmsg.c.obj (.text.__TI_writemsg)
                  0001860c    00000034     libc.a : exit.c.obj (.text.exit)
                  00018640    00000034            : getdevice.c.obj (.text.finddevice)
                  00018674    00000034            : fopen.c.obj (.text.freopen)
                  000186a8    00000030     ST7735.o (.text._ZL10commonInitPKh)
                  000186d8    00000030     game_structs.o (.text._ZN10StartStateC2Ev)
                  00018708    00000030     game_structs.o (.text._ZN4Game10get_inputsEv)
                  00018738    00000030     libc.a : snprintf.c.obj (.text._outs)
                  00018768    00000030            : fopen.c.obj (.text.fopen)
                  00018798    0000002c     ST7735.o (.text._Z17ST7735_FillScreent)
                  000187c4    0000002c     libsysbm.a : unlink.c.obj (.text.unlink)
                  000187f0    00000028     Switch.o (.text._Z11Switch_Initv)
                  00018818    00000028     TExaS.o (.text._Z9ADC_StartP10ADC12_Regs)
                  00018840    00000028     libc.a : memory.c.obj (.text.free_list_insert)
                  00018868    00000028     libsysbm.a : write.c.obj (.text.write)
                  00018890    00000028     libc.a : boot_cortex_m.c.obj (.text:_c_int00_noargs)
                  000188b8    00000024     game_structs.o (.text._ZN18RoundFeedbackStateC2Ev)
                  000188dc    00000024     game_structs.o (.text._ZN18SwitchOffenceStateC2Ev)
                  00018900    00000024     game_structs.o (.text._ZN9Atk1StateC2Ev)
                  00018924    00000024     game_structs.o (.text._ZN9Atk2StateC2Ev)
                  00018948    00000024     game_structs.o (.text._ZN9Atk3StateC2Ev)
                  0001896c    00000024     libclang_rt.builtins.a : muldi3.S.obj (.text.__muldi3)
                  00018990    00000022     libc.a : memccpy.c.obj (.text.memccpy)
                  000189b2    00000002     --HOLE-- [fill = 0]
                  000189b4    00000020     game_structs.o (.text._ZN8WinStateC2Ev)
                  000189d4    0000001e     ST7735.o (.text._ZL9pushColort)
                  000189f2    00000002     --HOLE-- [fill = 0]
                  000189f4    0000001e     libclang_rt.builtins.a : ashldi3.S.obj (.text.__ashldi3)
                  00018a12    00000002     --HOLE-- [fill = 0]
                  00018a14    0000001c     startup_mspm0g3507_ticlang.o (.text.Default_Handler)
                  00018a30    0000001c     startup_mspm0g3507_ticlang.o (.text.HardFault_Handler)
                  00018a4c    0000001c     game_structs.o (.text._ZN5StateC2Ev)
                  00018a68    0000001c     libc.a : memory.c.obj (.text.free_list_remove)
                  00018a84    0000001a     SlidePot.o (.text._ZN8SlidePotC2Ejj)
                  00018a9e    00000018     game_structs.o (.text._ZN4Game11updateStateEv)
                  00018ab6    00000002     --HOLE-- [fill = 0]
                  00018ab8    00000018     Lab9HMain.o (.text.__cxx_global_var_init)
                  00018ad0    00000018     libc.a : snprintf.c.obj (.text._outc)
                  00018ae8    00000016     ST7735.o (.text._Z11ST7735_openPKcji)
                  00018afe    00000016     ST7735.o (.text._Z11ST7735_readiPcj)
                  00018b14    00000016     libc.a : copy_zero_init.c.obj (.text:decompress:ZI:__TI_zero_init_nomemset)
                  00018b2a    00000014     game_structs.o (.text._ZN10StartState7onEnterEP4Game)
                  00018b3e    00000002     --HOLE-- [fill = 0]
                  00018b40    00000014     libclang_rt.builtins.a : aeabi_uldivmod.S.obj (.text.__aeabi_uldivmod)
                  00018b54    00000012     libc.a : memcpy16.S.obj (.text:TI_memcpy_small)
                  00018b66    00000012            : copy_decompress_none.c.obj (.text:decompress:none)
                  00018b78    00000010     Clock.o (.text._Z11Clock_Delayj)
                  00018b88    00000010     Lab9HMain.o (.text._Z28TExaS_LaunchPadLogicPB27PB26v)
                  00018b98    00000010     game_structs.o (.text._ZN5State7onEnterEP4Game)
                  00018ba8    00000010     Lab9HMain.o (.text.__cxx_global_var_init.1)
                  00018bb8    00000010     libc.a : wcslen.c.obj (.text.wcslen)
                  00018bc8    0000000e            : memory.c.obj (.text.OUTLINED_FUNCTION_0)
                  00018bd6    0000000e     ST7735.o (.text._Z12ST7735_lseekili)
                  00018be4    0000000e     libclang_rt.builtins.a : aeabi_memset.S.obj (.text.__aeabi_memset)
                  00018bf2    0000000e     libsysbm.a : hostrename.c.obj (.text.strcpy)
                  00018c00    0000000e     libc.a : _printfi.c.obj (.text.strlen)
                  00018c0e    0000000e     libsysbm.a : hostrename.c.obj (.text.strlen)
                  00018c1c    0000000e     libc.a : memset16.S.obj (.text:TI_memset_small)
                  00018c2a    0000000c     Lab9HMain.o (.text._GLOBAL__sub_I_Lab9HMain.cpp)
                  00018c36    00000002     --HOLE-- [fill = 0]
                  00018c38    0000000c     Clock.o (.text._Z10Clock_Freqv)
                  00018c44    0000000c     ST7735.o (.text._Z13ST7735_renamePKcS0_)
                  00018c50    0000000c     libclang_rt.builtins.a : aeabi_memset.S.obj (.text.__aeabi_memclr)
                  00018c5c    0000000c     libc.a : memory.c.obj (.text.malloc)
                  00018c68    0000000a     ST7735.o (.text._Z12ST7735_closei)
                  00018c72    0000000a     ST7735.o (.text._Z13ST7735_unlinkPKc)
                  00018c7c    0000000a     Lab9HMain.o (.text._Z8PLL_Initv)
                  00018c86    0000000a     game_structs.o (.text._ZN10StartState10play_soundEP4Game)
                  00018c90    0000000a     game_structs.o (.text._ZN18RoundFeedbackState10play_soundEP4Game)
                  00018c9a    0000000a     game_structs.o (.text._ZN18SwitchOffenceState10play_soundEP4Game)
                  00018ca4    0000000a     game_structs.o (.text._ZN4Game10directionsEv)
                  00018cae    0000000a     game_structs.o (.text._ZN5State10play_soundEP4Game)
                  00018cb8    0000000a     game_structs.o (.text._ZN5State5logicEP4Game)
                  00018cc2    0000000a     game_structs.o (.text._ZN8WinState10play_soundEP4Game)
                  00018ccc    0000000a     game_structs.o (.text._ZN8WinState7displayEP4Game)
                  00018cd6    0000000a     game_structs.o (.text._ZN9Atk1State10play_soundEP4Game)
                  00018ce0    0000000a     game_structs.o (.text._ZN9Atk2State10play_soundEP4Game)
                  00018cea    0000000a     game_structs.o (.text._ZN9Atk3State10play_soundEP4Game)
                  00018cf4    00000008     libclang_rt.builtins.a : aeabi_memcpy.S.obj (.text.__aeabi_memcpy)
                  00018cfc    00000008     libsysbm.a : remove.c.obj (.text.remove)
                  00018d04    00000006     libc.a : exit.c.obj (.text:abort)
                  00018d0a    00000004     libsysbm.a : hostexit.c.obj (.text.HOSTexit)
                  00018d0e    00000004     startup_mspm0g3507_ticlang.o (.text.Reset_Handler)
                  00018d12    00000004     libc.a : pre_init.c.obj (.text._system_pre_init)
                  00018d16    0000000a     --HOLE-- [fill = 0]

.cinit     0    00018d28    00000098     
                  00018d28    00000071     (.cinit..data.load) [load image, compression = lzss]
                  00018d99    00000003     --HOLE-- [fill = 0]
                  00018d9c    0000000c     (__TI_handler_table)
                  00018da8    00000008     (.cinit..bss.load) [load image, compression = zero_init]
                  00018db0    00000010     (__TI_cinit_table)

.rodata    0    000000c0    00014ab0     
                  000000c0    0000a8c0     game_structs.o (.rodata._ZL7valvano)
                  0000a980    00005208     game_structs.o (.rodata._ZL8yerballi)
                  0000fb88    00002440     game_structs.o (.rodata._ZL14boxing_ring_bg)
                  00011fc8    00002328     game_structs.o (.rodata._ZL12cover_splash)
                  000142f0    000004fb     ST7735.o (.rodata._ZL4Font)
                  000147eb    00000005     game_structs.o (.rodata.str1.13661545893789683143.1)
                  000147f0    00000101     libc.a : aeabi_ctype.S.obj (.rodata:__aeabi_ctype_table_)
                  000148f1    0000003b     ST7735.o (.rodata._ZL5Rcmd1)
                  0001492c    0000002b     ST7735.o (.rodata._ZL5Rcmd3)
                  00014957    0000001a     game_structs.o (.rodata.str1.17679974583974502919.1)
                  00014971    00000002     game_structs.o (.rodata.str1.14592636505333487246.1)
                  00014973    00000001     --HOLE-- [fill = 0]
                  00014974    00000018     game_structs.o (.rodata._ZTV10StartState)
                  0001498c    00000018     game_structs.o (.rodata._ZTV18RoundFeedbackState)
                  000149a4    00000018     game_structs.o (.rodata._ZTV18SwitchOffenceState)
                  000149bc    00000018     game_structs.o (.rodata._ZTV5State)
                  000149d4    00000018     game_structs.o (.rodata._ZTV8WinState)
                  000149ec    00000018     game_structs.o (.rodata._ZTV9Atk1State)
                  00014a04    00000018     game_structs.o (.rodata._ZTV9Atk2State)
                  00014a1c    00000018     game_structs.o (.rodata._ZTV9Atk3State)
                  00014a34    00000016     ST7735.o (.rodata.str1.14736978382213673245.1)
                  00014a4a    00000015     game_structs.o (.rodata.str1.13835767611687241610.1)
                  00014a5f    00000015     game_structs.o (.rodata.str1.6340018968352854695.1)
                  00014a74    00000014     game_structs.o (.rodata.str1.10821656762219671030.1)
                  00014a88    00000014     game_structs.o (.rodata.str1.9776997114013541529.1)
                  00014a9c    00000013     game_structs.o (.rodata.str1.12459122091221191539.1)
                  00014aaf    00000012     game_structs.o (.rodata.str1.3295804324984720742.1)
                  00014ac1    00000011     libc.a : _printfi.c.obj (.rodata.str1.10348868589481759720.1)
                  00014ad2    00000011            : _printfi.c.obj (.rodata.str1.15363888844622738466.1)
                  00014ae3    0000000f     game_structs.o (.rodata.str1.1876938374215399292.1)
                  00014af2    0000000d     ST7735.o (.rodata._ZL10Rcmd2green)
                  00014aff    0000000d     ST7735.o (.rodata._ZL8Rcmd2red)
                  00014b0c    0000000b     game_structs.o (.rodata.str1.13031987076347950009.1)
                  00014b17    00000009     game_structs.o (.rodata.str1.15856950605285521293.1)
                  00014b20    00000008     game_structs.o (.rodata.str1.15918645729875841078.1)
                  00014b28    00000008     ST7735.o (.rodata.str1.7209918599617305731.1)
                  00014b30    00000008     game_structs.o (.rodata.str1.756431122810206414.1)
                  00014b38    00000008     game_structs.o (.rodata.str1.9079934376650958619.1)
                  00014b40    00000007     ST7735.o (.rodata.str1.10208736415454880443.1)
                  00014b47    00000007     game_structs.o (.rodata.str1.7480764971921489808.1)
                  00014b4e    00000007     ST7735.o (.rodata.str1.8723687351022562626.1)
                  00014b55    00000006     game_structs.o (.rodata.str1.9634431226793688465.1)
                  00014b5b    00000005     game_structs.o (.rodata.str1.4999439703787095262.1)
                  00014b60    00000004     connors_display_helper.o (.rodata.str1.16435377500231430742.1)
                  00014b64    00000002     ST7735.o (.rodata.str1.18358205720993799461.1)
                  00014b66    00000002     game_structs.o (.rodata.str1.9463065910988973633.1)
                  00014b68    00000008     --HOLE-- [fill = 0]

.init_array 
*          0    00018d20    00000008     
                  00018d20    00000004     Lab9HMain.o (.init_array)
                  00018d24    00000004     --HOLE-- [fill = 0]

.data      0    20200000    00000315     UNINITIALIZED
                  20200000    00000114     Lab9HMain.o (.data.game)
                  20200114    000000f0     libc.a : defs.c.obj (.data._ftable)
                  20200204    00000078     libsysbm.a : host_device.c.obj (.data._device)
                  2020027c    00000050                : host_device.c.obj (.data._stream)
                  202002cc    00000014     Lab9HMain.o (.data.Sensor)
                  202002e0    00000008     libc.a : exit.c.obj (.data..L_MergedGlobals)
                  202002e8    00000004     Clock.o (.data.BusFreq)
                  202002ec    00000004     ST7735.o (.data.StX)
                  202002f0    00000004     ST7735.o (.data.StY)
                  202002f4    00000004     libc.a : defs.c.obj (.data.__TI_ft_end)
                  202002f8    00000004            : aeabi_portable.c.obj (.data.__aeabi_errno)
                  202002fc    00000004            : _lock.c.obj (.data._lock)
                  20200300    00000004            : _lock.c.obj (.data._unlock)
                  20200304    00000002     ST7735.o (.data.StTextColor)
                  20200306    00000002     ST7735.o (.data._ZL6_width)
                  20200308    00000002     ST7735.o (.data._ZL7_height)
                  2020030a    00000002     --HOLE--
                  2020030c    00000001     libsysbm.a : add_device.c.obj (.data.add_device.device_init)
                  2020030d    00000003     --HOLE--
                  20200310    00000001     libc.a : memory.c.obj (.data.memory_is_initialized)
                  20200311    00000003     --HOLE--
                  20200314    00000001     libsysbm.a : open.c.obj (.data.open.stream_init)

.sysmem    0    20200318    00000200     UNINITIALIZED
                  20200318    00000010     libc.a : memory.c.obj (.sysmem)
                  20200328    000001f0     --HOLE--

.bss       0    20200518    000001d8     UNINITIALIZED
                  20200518    00000120     libsysbm.a : trgmsg.c.obj (.bss:_CIOBUF_)
                  20200638    000000a0     libc.a : defs.c.obj (.bss.__TI_tmpnams)
                  202006d8    00000008     libsysbm.a : hostopen.c.obj (.bss.parmbuf)
                  202006e0    00000004     TExaS.o (.bss.TExaSLogic)
                  202006e4    00000004     TExaS.o (.bss.TExaSadc)
                  202006e8    00000004     libc.a : memory.c.obj (.bss.sys_free)
                  202006ec    00000001     ST7735.o (.bss._ZL8ColStart)
                  202006ed    00000001     ST7735.o (.bss._ZL8Rotation)
                  202006ee    00000001     ST7735.o (.bss._ZL8RowStart)
                  202006ef    00000001     ST7735.o (.bss._ZL8TabColor)

.stack     0    20207e00    00000200     UNINITIALIZED
                  20207e00    00000004     libc.a : boot_cortex_m.c.obj (.stack)
                  20207e04    000001fc     --HOLE--

__llvm_prf_cnts 
*          0    20200000    00000000     UNINITIALIZED

__llvm_prf_bits 
*          0    20200000    00000000     UNINITIALIZED

MODULE SUMMARY

       Module                         code    ro data   rw data
       ------                         ----    -------   -------
    .\
       game_structs.o                 3710    82903     0      
       ST7735.o                       2846    1449      18     
       connors_display_helper.o       748     4         0      
       TExaS.o                        720     0         8      
       Lab9HMain.o                    364     4         296    
       Clock.o                        516     0         4      
       SPI.o                          440     0         0      
       Timer.o                        316     0         0      
       LaunchPad.o                    180     0         0      
       SlidePot.o                     150     0         0      
       LED.o                          52      0         0      
       Switch.o                       40      0         0      
    +--+------------------------------+-------+---------+---------+
       Total:                         10082   84360     326    
                                                               
    .\ticlang\
       startup_mspm0g3507_ticlang.o   60      192       0      
    +--+------------------------------+-------+---------+---------+
       Total:                         60      192       0      
                                                               
    C:\ti\ccs2030\ccs\tools\compiler\ti-cgt-armllvm_4.0.4.LTS\lib\armv6m-ti-none-eabi/c/libc.a
       _printfi.c.obj                 2166    34        0      
       memory.c.obj                   702     0         5      
       fopen.c.obj                    556     0         0      
       defs.c.obj                     0       0         404    
       aeabi_ctype.S.obj              0       257       0      
       setvbuf.c.obj                  224     0         0      
       getdevice.c.obj                160     0         0      
       snprintf.c.obj                 148     0         0      
       strcmp-armv6m.S.obj            136     0         0      
       copy_decompress_lzss.c.obj     124     0         0      
       fclose.c.obj                   124     0         0      
       autoinit.c.obj                 84      0         0      
       fflush.c.obj                   82      0         0      
       exit.c.obj                     58      0         8      
       atoi.c.obj                     64      0         0      
       boot_cortex_m.c.obj            40      0         0      
       memccpy.c.obj                  34      0         0      
       copy_zero_init.c.obj           22      0         0      
       copy_decompress_none.c.obj     18      0         0      
       memcpy16.S.obj                 18      0         0      
       wcslen.c.obj                   16      0         0      
       memset16.S.obj                 14      0         0      
       aeabi_portable.c.obj           8       0         4      
       _lock.c.obj                    2       0         8      
       pre_init.c.obj                 4       0         0      
    +--+------------------------------+-------+---------+---------+
       Total:                         4804    291       429    
                                                               
    C:\ti\ccs2030\ccs\tools\compiler\ti-cgt-armllvm_4.0.4.LTS\lib\armv6m-ti-none-eabi/c/libsysbm.a
       trgmsg.c.obj                   104     0         288    
       add_device.c.obj               236     0         1      
       host_device.c.obj              0       0         200    
       open.c.obj                     160     0         1      
       hostrename.c.obj               136     0         0      
       hostlseek.c.obj                108     0         0      
       hostopen.c.obj                 96      0         8      
       hostread.c.obj                 88      0         0      
       hostwrite.c.obj                88      0         0      
       close.c.obj                    80      0         0      
       hostclose.c.obj                72      0         0      
       hostunlink.c.obj               72      0         0      
       unlink.c.obj                   44      0         0      
       write.c.obj                    40      0         0      
       remove.c.obj                   8       0         0      
       hostexit.c.obj                 4       0         0      
    +--+------------------------------+-------+---------+---------+
       Total:                         1336    0         498    
                                                               
    C:\ti\ccs2030\ccs\tools\compiler\ti-cgt-armllvm_4.0.4.LTS\lib\armv6m-ti-none-eabi/libclang_rt.builtins.a
       udivmoddi4.S.obj               162     0         0      
       aeabi_idivmod.S.obj            86      0         0      
       aeabi_uidivmod.S.obj           64      0         0      
       muldsi3.S.obj                  58      0         0      
       muldi3.S.obj                   36      0         0      
       ashldi3.S.obj                  30      0         0      
       aeabi_memset.S.obj             26      0         0      
       aeabi_uldivmod.S.obj           20      0         0      
       aeabi_memcpy.S.obj             8       0         0      
       aeabi_div0.c.obj               4       0         0      
    +--+------------------------------+-------+---------+---------+
       Total:                         494     0         0      
                                                               
       Heap:                          0       0         512    
       Stack:                         0       0         512    
       Linker Generated:              0       149       0      
    +--+------------------------------+-------+---------+---------+
       Grand Total:                   16776   84992     2277   


LINKER GENERATED COPY TABLES

__TI_cinit_table @ 00018db0 records: 2, size/record: 8, table size: 16
	.data: load addr=00018d28, load size=00000071 bytes, run addr=20200000, run size=00000315 bytes, compression=lzss
	.bss: load addr=00018da8, load size=00000008 bytes, run addr=20200518, run size=000001d8 bytes, compression=zero_init


LINKER GENERATED HANDLER TABLE

__TI_handler_table @ 00018d9c records: 3, size/record: 4, table size: 12
	index: 0, handler: __TI_decompress_lzss
	index: 1, handler: __TI_decompress_none
	index: 2, handler: __TI_zero_init


GLOBAL SYMBOLS: SORTED ALPHABETICALLY BY Name 

address   name                                      
-------   ----                                      
00018a15  ADC0_IRQHandler                           
00018a15  ADC1_IRQHandler                           
00018a15  AES_IRQHandler                            
202002e8  BusFreq                                   
00018d0a  C$$EXIT                                   
00018605  C$$IO$$                                   
00018a15  CANFD0_IRQHandler                         
00018a15  DAC0_IRQHandler                           
00018a15  DMA_IRQHandler                            
00018a15  Default_Handler                           
00018a15  GROUP0_IRQHandler                         
00018a15  GROUP1_IRQHandler                         
00018121  HOSTclose                                 
00018d0b  HOSTexit                                  
000177a5  HOSTlseek                                 
000179b5  HOSTopen                                  
00017be9  HOSTread                                  
00017811  HOSTrename                                
00018169  HOSTunlink                                
00017c41  HOSTwrite                                 
00018a31  HardFault_Handler                         
00018a15  I2C0_IRQHandler                           
00018a15  I2C1_IRQHandler                           
00018a15  NMI_Handler                               
00018a15  PendSV_Handler                            
00018a15  RTC_IRQHandler                            
00018d0f  Reset_Handler                             
00018d20  SHT$$INIT_ARRAY$$Base                     
00018d24  SHT$$INIT_ARRAY$$Limit                    
00018a15  SPI0_IRQHandler                           
00018a15  SPI1_IRQHandler                           
00018a15  SVC_Handler                               
202002cc  Sensor                                    
20200304  StTextColor                               
202002ec  StX                                       
202002f0  StY                                       
00018a15  SysTick_Handler                           
202006e0  TExaSLogic                                
202006e4  TExaSadc                                  
00018a15  TIMA0_IRQHandler                          
00018a15  TIMA1_IRQHandler                          
00018a15  TIMG0_IRQHandler                          
000181f9  TIMG12_IRQHandler                         
00018a15  TIMG6_IRQHandler                          
0001823d  TIMG7_IRQHandler                          
00018a15  TIMG8_IRQHandler                          
00018b55  TI_memcpy_small                           
00018c1d  TI_memset_small                           
00018a15  UART0_IRQHandler                          
00018a15  UART1_IRQHandler                          
00018a15  UART2_IRQHandler                          
00018a15  UART3_IRQHandler                          
20200518  _CIOBUF_                                  
00018c39  _Z10Clock_Freqv                           
00017c99  _Z10TExaS_InitP10ADC12_RegsjPFhvE         
00017f99  _Z11CDH_OutUDecttjsii                     
00018b79  _Z11Clock_Delayj                          
00018431  _Z11SPI_OutDatac                          
00018ae9  _Z11ST7735_openPKcji                      
00018aff  _Z11ST7735_readiPcj                       
000187f1  _Z11Switch_Initv                          
000170f5  _Z12ST7735_InitR10initRFlags              
00018c69  _Z12ST7735_closei                         
00018bd7  _Z12ST7735_lseekili                       
000184a1  _Z12ST7735_writeiPKcj                     
00018c45  _Z13ST7735_renamePKcS0_                   
00018c73  _Z13ST7735_unlinkPKc                      
00017221  _Z14CDH_DrawStringttPcsii                 
000184d5  _Z14Clock_Delay1msj                       
000174d1  _Z14LaunchPad_Initv                       
000181b1  _Z14SPI_OutCommandc                       
00016cf5  _Z14ST7735_OutCharc                       
00016dc5  _Z14TimerG7_IntArmtjj                     
00018469  _Z15ActivatePortA_Bv                      
000155e9  _Z15Clock_Init80MHzi                      
00015e79  _Z15ST7735_FillRectsssst                  
0001718d  _Z15TimerG12_IntArmjj                     
00015d55  _Z16CDH_DrawBitmap2xssPKtss               
0001579d  _Z16ST7735_DrawCharSsscssh                
00017735  _Z16ST7735_DrawPixelsst                   
00018509  _Z16ST7735_SetCursorjj                    
000153d9  _Z17ST7735_DrawBitmapssPKtss              
000173c9  _Z17ST7735_DrawStringttPcs                
00018799  _Z17ST7735_FillScreent                    
00016fb5  _Z17ST7735_InitPrintf10initRFlags         
000164c1  _Z18ST7735_SetRotationh                   
00016881  _Z25CDH_DrawBitmapTransparentssPKtsst     
00018b89  _Z28TExaS_LaunchPadLogicPB27PB26v         
00015c2d  _Z8ADC_InitP10ADC12_Regsjj                
0001853d  _Z8LED_Initv                              
00018c7d  _Z8PLL_Initv                              
000163c9  _Z8SPI_Initv                              
00018819  _Z9ADC_StartP10ADC12_Regs                 
0001827d  _Z9SPI_Resetv                             
0001696d  _Z9UART_Initv                             
00018c87  _ZN10StartState10play_soundEP4Game        
00017a75  _ZN10StartState5logicEP4Game              
000178e9  _ZN10StartState7displayEP4Game            
00018b2b  _ZN10StartState7onEnterEP4Game            
000186d9  _ZN10StartStateC1Ev                       
000186d9  _ZN10StartStateC2Ev                       
00018c91  _ZN18RoundFeedbackState10play_soundEP4Game
00017cf1  _ZN18RoundFeedbackState5logicEP4Game      
000166a9  _ZN18RoundFeedbackState7displayEP4Game    
000165b5  _ZN18RoundFeedbackState7onEnterEP4Game    
000188b9  _ZN18RoundFeedbackStateC1Ev               
000188b9  _ZN18RoundFeedbackStateC2Ev               
00018c9b  _ZN18SwitchOffenceState10play_soundEP4Game
000176c1  _ZN18SwitchOffenceState5logicEP4Game      
00016c1d  _ZN18SwitchOffenceState7displayEP4Game    
00017df5  _ZN18SwitchOffenceState7onEnterEP4Game    
000188dd  _ZN18SwitchOffenceStateC1Ev               
000188dd  _ZN18SwitchOffenceStateC2Ev               
00018ca5  _ZN4Game10directionsEv                    
00018709  _ZN4Game10get_inputsEv                    
00018a9f  _ZN4Game11updateStateEv                   
00018039  _ZN4Game12switchStatesEi                  
00017a15  _ZN4Game4initEv                           
00017d47  _ZN4GameC2Ev                              
00018caf  _ZN5State10play_soundEP4Game              
00018cb9  _ZN5State5logicEP4Game                    
0001837d  _ZN5State7displayEP4Game                  
00018b99  _ZN5State7onEnterEP4Game                  
00018a4d  _ZN5StateC2Ev                             
0001754d  _ZN8SlidePot4InitEv                       
00018a85  _ZN8SlidePotC1Ejj                         
00018a85  _ZN8SlidePotC2Ejj                         
00018cc3  _ZN8WinState10play_soundEP4Game           
000183b9  _ZN8WinState5logicEP4Game                 
00018ccd  _ZN8WinState7displayEP4Game               
0001593d  _ZN8WinState7onEnterEP4Game               
000189b5  _ZN8WinStateC1Ev                          
000189b5  _ZN8WinStateC2Ev                          
00018cd7  _ZN9Atk1State10play_soundEP4Game          
00017e49  _ZN9Atk1State5logicEP4Game                
000160a5  _ZN9Atk1State7displayEP4Game              
00017ad5  _ZN9Atk1State7onEnterEP4Game              
00018901  _ZN9Atk1StateC1Ev                         
00018901  _ZN9Atk1StateC2Ev                         
00018ce1  _ZN9Atk2State10play_soundEP4Game          
00017e9d  _ZN9Atk2State5logicEP4Game                
000161b1  _ZN9Atk2State7displayEP4Game              
00017b31  _ZN9Atk2State7onEnterEP4Game              
00018925  _ZN9Atk2StateC1Ev                         
00018925  _ZN9Atk2StateC2Ev                         
00018ceb  _ZN9Atk3State10play_soundEP4Game          
000180d5  _ZN9Atk3State5logicEP4Game                
000162bd  _ZN9Atk3State7displayEP4Game              
00017b8d  _ZN9Atk3State7onEnterEP4Game              
00018949  _ZN9Atk3StateC1Ev                         
00018949  _ZN9Atk3StateC2Ev                         
00014974  _ZTV10StartState                          
0001498c  _ZTV18RoundFeedbackState                  
000149a4  _ZTV18SwitchOffenceState                  
000149bc  _ZTV5State                                
000149d4  _ZTV8WinState                             
000149ec  _ZTV9Atk1State                            
00014a04  _ZTV9Atk2State                            
00014a1c  _ZTV9Atk3State                            
20200518  __CIOBUF_                                 
20208000  __STACK_END                               
00000200  __STACK_SIZE                              
00000200  __SYSMEM_SIZE                             
00000000  __TI_ATRegion0_region_sz                  
00000000  __TI_ATRegion0_src_addr                   
00000000  __TI_ATRegion0_trg_addr                   
00000000  __TI_ATRegion1_region_sz                  
00000000  __TI_ATRegion1_src_addr                   
00000000  __TI_ATRegion1_trg_addr                   
00000000  __TI_ATRegion2_region_sz                  
00000000  __TI_ATRegion2_src_addr                   
00000000  __TI_ATRegion2_trg_addr                   
00018db0  __TI_CINIT_Base                           
00018dc0  __TI_CINIT_Limit                          
00018dc0  __TI_CINIT_Warm                           
00018d9c  __TI_Handler_Table_Base                   
00018da8  __TI_Handler_Table_Limit                  
00017ef1  __TI_auto_init_nobinit                    
00018571  __TI_cleanup                              
202002e0  __TI_cleanup_ptr                          
000175c9  __TI_closefile                            
00017645  __TI_decompress_lzss                      
00018b67  __TI_decompress_none                      
00017f45  __TI_doflush                              
202002e4  __TI_dtors_ptr                            
202002f4  __TI_ft_end                               
ffffffff  __TI_pprof_out_hndl                       
00014b71  __TI_printfi_nofloat                      
ffffffff  __TI_prof_data_size                       
ffffffff  __TI_prof_data_start                      
000185a5  __TI_readmsg                              
00000000  __TI_static_base__                        
20200638  __TI_tmpnams                              
000185d9  __TI_writemsg                             
00018b15  __TI_zero_init_nomemset                   
000147f0  __aeabi_ctype_table_                      
000147f0  __aeabi_ctype_table_C                     
202002f8  __aeabi_errno                             
00017339  __aeabi_errno_addr                        
00017d9d  __aeabi_idiv                              
0001696b  __aeabi_idiv0                             
00017d9d  __aeabi_idivmod                           
00016f0f  __aeabi_ldiv0                             
000189f5  __aeabi_llsl                              
0001896d  __aeabi_lmul                              
00018c51  __aeabi_memclr                            
00018c51  __aeabi_memclr4                           
00018c51  __aeabi_memclr8                           
00018cf5  __aeabi_memcpy                            
00018cf5  __aeabi_memcpy4                           
00018cf5  __aeabi_memcpy8                           
00018be5  __aeabi_memset                            
00018be5  __aeabi_memset4                           
00018be5  __aeabi_memset8                           
000182bd  __aeabi_uidiv                             
000182bd  __aeabi_uidivmod                          
00018b41  __aeabi_uldivmod                          
000189f5  __ashldi3                                 
ffffffff  __binit__                                 
UNDEFED   __mpu_init                                
0001896d  __muldi3                                  
000183f5  __muldsi3                                 
20207e00  __stack                                   
20200000  __start___llvm_prf_bits                   
20200000  __start___llvm_prf_cnts                   
20200000  __stop___llvm_prf_bits                    
20200000  __stop___llvm_prf_cnts                    
00016f11  __udivmoddi4                              
00018891  _c_int00_noargs                           
20200204  _device                                   
20200114  _ftable                                   
202002fc  _lock                                     
00016fb3  _nop                                      
2020027c  _stream                                   
20200318  _sys_memory                               
UNDEFED   _system_post_cinit                        
00018d13  _system_pre_init                          
20200300  _unlock                                   
00018d05  abort                                     
00016795  add_device                                
00015f91  aligned_alloc                             
0001833d  atoi                                      
ffffffff  binit                                     
00017fe9  close                                     
0001860d  exit                                      
00018641  finddevice                                
00018769  fopen                                     
00016a55  free                                      
00018675  freopen                                   
20200000  game                                      
0001787d  getdevice                                 
00000000  interruptVectors                          
0001744d  main                                      
00018c5d  malloc                                    
00015f91  memalign                                  
00018991  memccpy                                   
00017055  open                                      
202006d8  parmbuf                                   
00018cfd  remove                                    
00016b3d  setvbuf                                   
00018089  snprintf                                  
00017341  strcmp                                    
000187c5  unlink                                    
00018bb9  wcslen                                    
00018869  write                                     


GLOBAL SYMBOLS: SORTED BY Symbol Address 

address   name                                      
-------   ----                                      
00000000  __TI_ATRegion0_region_sz                  
00000000  __TI_ATRegion0_src_addr                   
00000000  __TI_ATRegion0_trg_addr                   
00000000  __TI_ATRegion1_region_sz                  
00000000  __TI_ATRegion1_src_addr                   
00000000  __TI_ATRegion1_trg_addr                   
00000000  __TI_ATRegion2_region_sz                  
00000000  __TI_ATRegion2_src_addr                   
00000000  __TI_ATRegion2_trg_addr                   
00000000  __TI_static_base__                        
00000000  interruptVectors                          
00000200  __STACK_SIZE                              
00000200  __SYSMEM_SIZE                             
000147f0  __aeabi_ctype_table_                      
000147f0  __aeabi_ctype_table_C                     
00014974  _ZTV10StartState                          
0001498c  _ZTV18RoundFeedbackState                  
000149a4  _ZTV18SwitchOffenceState                  
000149bc  _ZTV5State                                
000149d4  _ZTV8WinState                             
000149ec  _ZTV9Atk1State                            
00014a04  _ZTV9Atk2State                            
00014a1c  _ZTV9Atk3State                            
00014b71  __TI_printfi_nofloat                      
000153d9  _Z17ST7735_DrawBitmapssPKtss              
000155e9  _Z15Clock_Init80MHzi                      
0001579d  _Z16ST7735_DrawCharSsscssh                
0001593d  _ZN8WinState7onEnterEP4Game               
00015c2d  _Z8ADC_InitP10ADC12_Regsjj                
00015d55  _Z16CDH_DrawBitmap2xssPKtss               
00015e79  _Z15ST7735_FillRectsssst                  
00015f91  aligned_alloc                             
00015f91  memalign                                  
000160a5  _ZN9Atk1State7displayEP4Game              
000161b1  _ZN9Atk2State7displayEP4Game              
000162bd  _ZN9Atk3State7displayEP4Game              
000163c9  _Z8SPI_Initv                              
000164c1  _Z18ST7735_SetRotationh                   
000165b5  _ZN18RoundFeedbackState7onEnterEP4Game    
000166a9  _ZN18RoundFeedbackState7displayEP4Game    
00016795  add_device                                
00016881  _Z25CDH_DrawBitmapTransparentssPKtsst     
0001696b  __aeabi_idiv0                             
0001696d  _Z9UART_Initv                             
00016a55  free                                      
00016b3d  setvbuf                                   
00016c1d  _ZN18SwitchOffenceState7displayEP4Game    
00016cf5  _Z14ST7735_OutCharc                       
00016dc5  _Z14TimerG7_IntArmtjj                     
00016f0f  __aeabi_ldiv0                             
00016f11  __udivmoddi4                              
00016fb3  _nop                                      
00016fb5  _Z17ST7735_InitPrintf10initRFlags         
00017055  open                                      
000170f5  _Z12ST7735_InitR10initRFlags              
0001718d  _Z15TimerG12_IntArmjj                     
00017221  _Z14CDH_DrawStringttPcsii                 
00017339  __aeabi_errno_addr                        
00017341  strcmp                                    
000173c9  _Z17ST7735_DrawStringttPcs                
0001744d  main                                      
000174d1  _Z14LaunchPad_Initv                       
0001754d  _ZN8SlidePot4InitEv                       
000175c9  __TI_closefile                            
00017645  __TI_decompress_lzss                      
000176c1  _ZN18SwitchOffenceState5logicEP4Game      
00017735  _Z16ST7735_DrawPixelsst                   
000177a5  HOSTlseek                                 
00017811  HOSTrename                                
0001787d  getdevice                                 
000178e9  _ZN10StartState7displayEP4Game            
000179b5  HOSTopen                                  
00017a15  _ZN4Game4initEv                           
00017a75  _ZN10StartState5logicEP4Game              
00017ad5  _ZN9Atk1State7onEnterEP4Game              
00017b31  _ZN9Atk2State7onEnterEP4Game              
00017b8d  _ZN9Atk3State7onEnterEP4Game              
00017be9  HOSTread                                  
00017c41  HOSTwrite                                 
00017c99  _Z10TExaS_InitP10ADC12_RegsjPFhvE         
00017cf1  _ZN18RoundFeedbackState5logicEP4Game      
00017d47  _ZN4GameC2Ev                              
00017d9d  __aeabi_idiv                              
00017d9d  __aeabi_idivmod                           
00017df5  _ZN18SwitchOffenceState7onEnterEP4Game    
00017e49  _ZN9Atk1State5logicEP4Game                
00017e9d  _ZN9Atk2State5logicEP4Game                
00017ef1  __TI_auto_init_nobinit                    
00017f45  __TI_doflush                              
00017f99  _Z11CDH_OutUDecttjsii                     
00017fe9  close                                     
00018039  _ZN4Game12switchStatesEi                  
00018089  snprintf                                  
000180d5  _ZN9Atk3State5logicEP4Game                
00018121  HOSTclose                                 
00018169  HOSTunlink                                
000181b1  _Z14SPI_OutCommandc                       
000181f9  TIMG12_IRQHandler                         
0001823d  TIMG7_IRQHandler                          
0001827d  _Z9SPI_Resetv                             
000182bd  __aeabi_uidiv                             
000182bd  __aeabi_uidivmod                          
0001833d  atoi                                      
0001837d  _ZN5State7displayEP4Game                  
000183b9  _ZN8WinState5logicEP4Game                 
000183f5  __muldsi3                                 
00018431  _Z11SPI_OutDatac                          
00018469  _Z15ActivatePortA_Bv                      
000184a1  _Z12ST7735_writeiPKcj                     
000184d5  _Z14Clock_Delay1msj                       
00018509  _Z16ST7735_SetCursorjj                    
0001853d  _Z8LED_Initv                              
00018571  __TI_cleanup                              
000185a5  __TI_readmsg                              
000185d9  __TI_writemsg                             
00018605  C$$IO$$                                   
0001860d  exit                                      
00018641  finddevice                                
00018675  freopen                                   
000186d9  _ZN10StartStateC1Ev                       
000186d9  _ZN10StartStateC2Ev                       
00018709  _ZN4Game10get_inputsEv                    
00018769  fopen                                     
00018799  _Z17ST7735_FillScreent                    
000187c5  unlink                                    
000187f1  _Z11Switch_Initv                          
00018819  _Z9ADC_StartP10ADC12_Regs                 
00018869  write                                     
00018891  _c_int00_noargs                           
000188b9  _ZN18RoundFeedbackStateC1Ev               
000188b9  _ZN18RoundFeedbackStateC2Ev               
000188dd  _ZN18SwitchOffenceStateC1Ev               
000188dd  _ZN18SwitchOffenceStateC2Ev               
00018901  _ZN9Atk1StateC1Ev                         
00018901  _ZN9Atk1StateC2Ev                         
00018925  _ZN9Atk2StateC1Ev                         
00018925  _ZN9Atk2StateC2Ev                         
00018949  _ZN9Atk3StateC1Ev                         
00018949  _ZN9Atk3StateC2Ev                         
0001896d  __aeabi_lmul                              
0001896d  __muldi3                                  
00018991  memccpy                                   
000189b5  _ZN8WinStateC1Ev                          
000189b5  _ZN8WinStateC2Ev                          
000189f5  __aeabi_llsl                              
000189f5  __ashldi3                                 
00018a15  ADC0_IRQHandler                           
00018a15  ADC1_IRQHandler                           
00018a15  AES_IRQHandler                            
00018a15  CANFD0_IRQHandler                         
00018a15  DAC0_IRQHandler                           
00018a15  DMA_IRQHandler                            
00018a15  Default_Handler                           
00018a15  GROUP0_IRQHandler                         
00018a15  GROUP1_IRQHandler                         
00018a15  I2C0_IRQHandler                           
00018a15  I2C1_IRQHandler                           
00018a15  NMI_Handler                               
00018a15  PendSV_Handler                            
00018a15  RTC_IRQHandler                            
00018a15  SPI0_IRQHandler                           
00018a15  SPI1_IRQHandler                           
00018a15  SVC_Handler                               
00018a15  SysTick_Handler                           
00018a15  TIMA0_IRQHandler                          
00018a15  TIMA1_IRQHandler                          
00018a15  TIMG0_IRQHandler                          
00018a15  TIMG6_IRQHandler                          
00018a15  TIMG8_IRQHandler                          
00018a15  UART0_IRQHandler                          
00018a15  UART1_IRQHandler                          
00018a15  UART2_IRQHandler                          
00018a15  UART3_IRQHandler                          
00018a31  HardFault_Handler                         
00018a4d  _ZN5StateC2Ev                             
00018a85  _ZN8SlidePotC1Ejj                         
00018a85  _ZN8SlidePotC2Ejj                         
00018a9f  _ZN4Game11updateStateEv                   
00018ae9  _Z11ST7735_openPKcji                      
00018aff  _Z11ST7735_readiPcj                       
00018b15  __TI_zero_init_nomemset                   
00018b2b  _ZN10StartState7onEnterEP4Game            
00018b41  __aeabi_uldivmod                          
00018b55  TI_memcpy_small                           
00018b67  __TI_decompress_none                      
00018b79  _Z11Clock_Delayj                          
00018b89  _Z28TExaS_LaunchPadLogicPB27PB26v         
00018b99  _ZN5State7onEnterEP4Game                  
00018bb9  wcslen                                    
00018bd7  _Z12ST7735_lseekili                       
00018be5  __aeabi_memset                            
00018be5  __aeabi_memset4                           
00018be5  __aeabi_memset8                           
00018c1d  TI_memset_small                           
00018c39  _Z10Clock_Freqv                           
00018c45  _Z13ST7735_renamePKcS0_                   
00018c51  __aeabi_memclr                            
00018c51  __aeabi_memclr4                           
00018c51  __aeabi_memclr8                           
00018c5d  malloc                                    
00018c69  _Z12ST7735_closei                         
00018c73  _Z13ST7735_unlinkPKc                      
00018c7d  _Z8PLL_Initv                              
00018c87  _ZN10StartState10play_soundEP4Game        
00018c91  _ZN18RoundFeedbackState10play_soundEP4Game
00018c9b  _ZN18SwitchOffenceState10play_soundEP4Game
00018ca5  _ZN4Game10directionsEv                    
00018caf  _ZN5State10play_soundEP4Game              
00018cb9  _ZN5State5logicEP4Game                    
00018cc3  _ZN8WinState10play_soundEP4Game           
00018ccd  _ZN8WinState7displayEP4Game               
00018cd7  _ZN9Atk1State10play_soundEP4Game          
00018ce1  _ZN9Atk2State10play_soundEP4Game          
00018ceb  _ZN9Atk3State10play_soundEP4Game          
00018cf5  __aeabi_memcpy                            
00018cf5  __aeabi_memcpy4                           
00018cf5  __aeabi_memcpy8                           
00018cfd  remove                                    
00018d05  abort                                     
00018d0a  C$$EXIT                                   
00018d0b  HOSTexit                                  
00018d0f  Reset_Handler                             
00018d13  _system_pre_init                          
00018d20  SHT$$INIT_ARRAY$$Base                     
00018d24  SHT$$INIT_ARRAY$$Limit                    
00018d9c  __TI_Handler_Table_Base                   
00018da8  __TI_Handler_Table_Limit                  
00018db0  __TI_CINIT_Base                           
00018dc0  __TI_CINIT_Limit                          
00018dc0  __TI_CINIT_Warm                           
20200000  __start___llvm_prf_bits                   
20200000  __start___llvm_prf_cnts                   
20200000  __stop___llvm_prf_bits                    
20200000  __stop___llvm_prf_cnts                    
20200000  game                                      
20200114  _ftable                                   
20200204  _device                                   
2020027c  _stream                                   
202002cc  Sensor                                    
202002e0  __TI_cleanup_ptr                          
202002e4  __TI_dtors_ptr                            
202002e8  BusFreq                                   
202002ec  StX                                       
202002f0  StY                                       
202002f4  __TI_ft_end                               
202002f8  __aeabi_errno                             
202002fc  _lock                                     
20200300  _unlock                                   
20200304  StTextColor                               
20200318  _sys_memory                               
20200518  _CIOBUF_                                  
20200518  __CIOBUF_                                 
20200638  __TI_tmpnams                              
202006d8  parmbuf                                   
202006e0  TExaSLogic                                
202006e4  TExaSadc                                  
20207e00  __stack                                   
20208000  __STACK_END                               
ffffffff  __TI_pprof_out_hndl                       
ffffffff  __TI_prof_data_size                       
ffffffff  __TI_prof_data_start                      
ffffffff  __binit__                                 
ffffffff  binit                                     
UNDEFED   __mpu_init                                
UNDEFED   _system_post_cinit                        

[265 symbols]
