******************************************************************************
            TI ARM Clang Linker PC v4.0.4                      
******************************************************************************
>> Linked Mon Apr 20 18:09:29 2026

OUTPUT FILE NAME:   <ECE319K_Lab9H.out>
ENTRY POINT SYMBOL: "_c_int00_noargs"  address: 0001a645


MEMORY CONFIGURATION

         name            origin    length      used     unused   attr    fill
----------------------  --------  ---------  --------  --------  ----  --------
  FLASH                 00000000   00020000  0001ab10  000054f0  R  X
  SRAM                  20200000   00008000  000008ed  00007713  RW X
  BCR_CONFIG            41c00000   00000080  00000000  00000080  R   
  BSL_CONFIG            41c00100   00000080  00000000  00000080  R   


SEGMENT ALLOCATION MAP

run origin  load origin   length   init length attrs members
----------  ----------- ---------- ----------- ----- -------
00000000    00000000    0001ab10   0001ab10    r-x
  00000000    00000000    000000c0   000000c0    r-- .intvecs
  000000c0    000000c0    000167b0   000167b0    r-- .rodata
  00016870    00016870    00004200   00004200    r-x .text
  0001aa70    0001aa70    00000008   00000008    r-- .init_array
  0001aa78    0001aa78    00000098   00000098    r-- .cinit
20200000    20200000    000006f0   00000000    rw-
  20200000    20200000    00000305   00000000    rw- .data
  20200308    20200308    00000200   00000000    rw- .sysmem
  20200508    20200508    000001e8   00000000    rw- .bss
20207e00    20207e00    00000200   00000000    rw-
  20207e00    20207e00    00000200   00000000    rw- .stack


SECTION ALLOCATION MAP

 output                                  attributes/
section   page    origin      length       input sections
--------  ----  ----------  ----------   ----------------
.intvecs   0    00000000    000000c0     
                  00000000    000000c0     startup_mspm0g3507_ticlang.o (.intvecs)

.binit     0    00000000    00000000     

.text      0    00016870    00004200     
                  00016870    00000868     libc.a : _printfi.c.obj (.text:__TI_printfi_nofloat)
                  000170d8    00000210     ST7735.o (.text._Z17ST7735_DrawBitmapssPKtss)
                  000172e8    000001b4     Clock.o (.text._Z15Clock_Init80MHzi)
                  0001749c    000001a0     ST7735.o (.text._Z16ST7735_DrawCharSsscssh)
                  0001763c    0000019c     game_structs.o (.text._ZN8WinState7onEnterEP4Game)
                  000177d8    00000154     libc.a : fopen.c.obj (.text._openfile)
                  0001792c    0000014c     connors_display_helper.o (.text._Z25CDH_DrawBitmapTransparentssPKtsstbb)
                  00017a78    00000124     connors_display_helper.o (.text._Z16CDH_DrawBitmap2xssPKtss)
                  00017b9c    00000124     game_structs.o (.text._ZN18RoundFeedbackState7displayEP4Game)
                  00017cc0    00000118     ST7735.o (.text._Z15ST7735_FillRectsssst)
                  00017dd8    00000114     libc.a : memory.c.obj (.text.aligned_alloc)
                  00017eec    00000110     game_structs.o (.text._ZN9Atk1State7displayEP4Game)
                  00017ffc    00000110     game_structs.o (.text._ZN9Atk2State7displayEP4Game)
                  0001810c    00000110     game_structs.o (.text._ZN9Atk3State7displayEP4Game)
                  0001821c    000000f8     SPI.o (.text._Z8SPI_Initv)
                  00018314    000000f4     ST7735.o (.text._Z18ST7735_SetRotationh)
                  00018408    000000f0     game_structs.o (.text._ZN18RoundFeedbackState7onEnterEP4Game)
                  000184f8    000000ec     libsysbm.a : add_device.c.obj (.text.add_device)
                  000185e4    000000e8     libc.a : memory.c.obj (.text.free)
                  000186cc    000000e0     game_structs.o (.text._ZN18SwitchOffenceState7displayEP4Game)
                  000187ac    000000e0     libc.a : setvbuf.c.obj (.text.setvbuf)
                  0001888c    000000d0     ST7735.o (.text._Z14ST7735_OutCharc)
                  0001895c    000000a2     ST7735.o (.text._ZL11commandListPKh)
                  000189fe    00000002     libclang_rt.builtins.a : aeabi_div0.c.obj (.text.__aeabi_idiv0)
                  00018a00    000000a2                            : udivmoddi4.S.obj (.text)
                  00018aa2    00000002                            : aeabi_div0.c.obj (.text.__aeabi_ldiv0)
                  00018aa4    000000a0     ST7735.o (.text._Z17ST7735_InitPrintf10initRFlags)
                  00018b44    000000a0     libsysbm.a : open.c.obj (.text.open)
                  00018be4    00000098     ST7735.o (.text._Z12ST7735_InitR10initRFlags)
                  00018c7c    00000094     Timer.o (.text._Z15TimerG12_IntArmjj)
                  00018d10    00000090     connors_display_helper.o (.text._Z14CDH_DrawStringttPcsii)
                  00018da0    0000008c     accel_read.o (.text._Z14ReadDirectionsv)
                  00018e2c    00000088     ST7735.o (.text._ZL13setAddrWindowhhhh)
                  00018eb4    0000000c     Clock.o (.text._Z10Clock_Freqv)
                  00018ec0    00000088     libc.a : strcmp-armv6m.S.obj (.text:strcmp)
                  00018f48    00000084     ST7735.o (.text._Z17ST7735_DrawStringttPcs)
                  00018fcc    00000080     accel_read.o (.text._Z12ADC_ReadBothPiS_)
                  0001904c    0000007e     game_structs.o (.text._ZN18SwitchOffenceState5logicEP4Game)
                  000190ca    00000002     libc.a : _lock.c.obj (.text._nop)
                  000190cc    0000007c     LaunchPad.o (.text._Z14LaunchPad_Initv)
                  00019148    0000007c     libc.a : fclose.c.obj (.text.__TI_closefile)
                  000191c4    0000007c            : copy_decompress_lzss.c.obj (.text:decompress:lzss)
                  00019240    00000078     accel_read.o (.text._Z9ADC0_Initv)
                  000192b8    00000078     accel_read.o (.text._Z9ADC1_Initv)
                  00019330    00000074     accel_read.o (.text._Z9Calibratev)
                  000193a4    00000070     ST7735.o (.text._Z16ST7735_DrawPixelsst)
                  00019414    00000070     game_structs.o (.text._ZN4Game4initEv)
                  00019484    0000006c     libsysbm.a : hostlseek.c.obj (.text.HOSTlseek)
                  000194f0    0000006c                : hostrename.c.obj (.text.HOSTrename)
                  0001955c    0000006c     libc.a : getdevice.c.obj (.text.getdevice)
                  000195c8    00000068     game_structs.o (.text._ZN10StartState7displayEP4Game)
                  00019630    00000068     game_structs.o (.text._ZN4Game10directionsEv)
                  00019698    00000064     game_structs.o (.text._ZN9Atk1State7onEnterEP4Game)
                  000196fc    00000064     game_structs.o (.text._ZN9Atk2State7onEnterEP4Game)
                  00019760    00000064     libc.a : memory.c.obj (.text.split)
                  000197c4    00000062     game_structs.o (.text._ZN10StartState5logicEP4Game)
                  00019826    00000002     --HOLE-- [fill = 0]
                  00019828    00000060     libsysbm.a : hostopen.c.obj (.text.HOSTopen)
                  00019888    00000060     game_structs.o (.text._ZN9Atk3State7onEnterEP4Game)
                  000198e8    0000005e     game_structs.o (.text._ZN9Atk1State5logicEP4Game)
                  00019946    0000005c     game_structs.o (.text._ZN9Atk2State5logicEP4Game)
                  000199a2    00000002     --HOLE-- [fill = 0]
                  000199a4    00000058     libsysbm.a : hostread.c.obj (.text.HOSTread)
                  000199fc    00000058                : hostwrite.c.obj (.text.HOSTwrite)
                  00019a54    00000058     Lab9HMain.o (.text.TIMG12_IRQHandler)
                  00019aac    00000058     Lab9HMain.o (.text._ZN4GameC2Ev)
                  00019b04    00000058     Lab9HMain.o (.text.main)
                  00019b5c    00000056     game_structs.o (.text._ZN18RoundFeedbackState5logicEP4Game)
                  00019bb2    00000002     --HOLE-- [fill = 0]
                  00019bb4    00000056     libclang_rt.builtins.a : aeabi_idivmod.S.obj (.text.__aeabi_idivmod)
                  00019c0a    00000002     --HOLE-- [fill = 0]
                  00019c0c    00000054     game_structs.o (.text._ZN18SwitchOffenceState7onEnterEP4Game)
                  00019c60    00000054     libc.a : autoinit.c.obj (.text:__TI_auto_init_nobinit)
                  00019cb4    00000052     game_structs.o (.text._ZN9Atk3State5logicEP4Game)
                  00019d06    00000052     libc.a : fflush.c.obj (.text.__TI_doflush)
                  00019d58    00000050     Sound.o (.text._Z10Sound_Initv)
                  00019da8    00000050     connors_display_helper.o (.text._Z11CDH_OutUDecttjsii)
                  00019df8    00000050     libsysbm.a : close.c.obj (.text.close)
                  00019e48    0000004e     game_structs.o (.text._ZN4Game12switchStatesEi)
                  00019e96    00000002     --HOLE-- [fill = 0]
                  00019e98    0000004c     libc.a : snprintf.c.obj (.text.snprintf)
                  00019ee4    00000048     libsysbm.a : hostclose.c.obj (.text.HOSTclose)
                  00019f2c    00000048                : hostunlink.c.obj (.text.HOSTunlink)
                  00019f74    00000048     SPI.o (.text._Z14SPI_OutCommandc)
                  00019fbc    00000044     Sound.o (.text.SysTick_Handler)
                  0001a000    00000044     Sound.o (.text._Z14SysTick_IntArmjj)
                  0001a044    00000040     Sound.o (.text._Z11Sound_StartPKhj)
                  0001a084    00000040     SPI.o (.text._Z9SPI_Resetv)
                  0001a0c4    00000040     libclang_rt.builtins.a : aeabi_uidivmod.S.obj (.text.__aeabi_uidivmod)
                  0001a104    00000040     libc.a : fopen.c.obj (.text._search_fp)
                  0001a144    00000040            : atoi.c.obj (.text.atoi)
                  0001a184    0000003e     game_structs.o (.text._ZN8WinState5logicEP4Game)
                  0001a1c2    0000003c     game_structs.o (.text._ZN5State7displayEP4Game)
                  0001a1fe    00000002     --HOLE-- [fill = 0]
                  0001a200    0000003a     libclang_rt.builtins.a : muldsi3.S.obj (.text.__muldsi3)
                  0001a23a    00000002     --HOLE-- [fill = 0]
                  0001a23c    00000038     SPI.o (.text._Z11SPI_OutDatac)
                  0001a274    00000038     LaunchPad.o (.text._Z15ActivatePortA_Bv)
                  0001a2ac    00000034     ST7735.o (.text._Z12ST7735_writeiPKcj)
                  0001a2e0    00000034     Clock.o (.text._Z14Clock_Delay1msj)
                  0001a314    00000034     ST7735.o (.text._Z16ST7735_SetCursorjj)
                  0001a348    00000034     game_structs.o (.text._ZN4Game10get_inputsEv)
                  0001a37c    00000034     libc.a : fopen.c.obj (.text.__TI_cleanup)
                  0001a3b0    00000034     libsysbm.a : trgmsg.c.obj (.text.__TI_readmsg)
                  0001a3e4    00000034                : trgmsg.c.obj (.text.__TI_writemsg)
                  0001a418    00000034     libc.a : exit.c.obj (.text.exit)
                  0001a44c    00000034            : getdevice.c.obj (.text.finddevice)
                  0001a480    00000034            : fopen.c.obj (.text.freopen)
                  0001a4b4    00000030     ST7735.o (.text._ZL10commonInitPKh)
                  0001a4e4    00000030     game_structs.o (.text._ZN10StartStateC2Ev)
                  0001a514    00000030     libc.a : snprintf.c.obj (.text._outs)
                  0001a544    00000030            : fopen.c.obj (.text.fopen)
                  0001a574    0000002c     ST7735.o (.text._Z17ST7735_FillScreent)
                  0001a5a0    0000002c     libsysbm.a : unlink.c.obj (.text.unlink)
                  0001a5cc    00000028     game_structs.o (.text._ZN18RoundFeedbackStateC2Ev)
                  0001a5f4    00000028     libc.a : memory.c.obj (.text.free_list_insert)
                  0001a61c    00000028     libsysbm.a : write.c.obj (.text.write)
                  0001a644    00000028     libc.a : boot_cortex_m.c.obj (.text:_c_int00_noargs)
                  0001a66c    00000024     game_structs.o (.text._ZN18SwitchOffenceStateC2Ev)
                  0001a690    00000024     game_structs.o (.text._ZN9Atk1StateC2Ev)
                  0001a6b4    00000024     game_structs.o (.text._ZN9Atk2StateC2Ev)
                  0001a6d8    00000024     game_structs.o (.text._ZN9Atk3StateC2Ev)
                  0001a6fc    00000024     libclang_rt.builtins.a : muldi3.S.obj (.text.__muldi3)
                  0001a720    00000022     libc.a : memccpy.c.obj (.text.memccpy)
                  0001a742    00000002     --HOLE-- [fill = 0]
                  0001a744    00000020     Sound.o (.text._Z8DAC5_Outj)
                  0001a764    00000020     game_structs.o (.text._ZN8WinStateC2Ev)
                  0001a784    0000001e     ST7735.o (.text._ZL9pushColort)
                  0001a7a2    00000002     --HOLE-- [fill = 0]
                  0001a7a4    0000001e     libclang_rt.builtins.a : ashldi3.S.obj (.text.__ashldi3)
                  0001a7c2    00000002     --HOLE-- [fill = 0]
                  0001a7c4    0000001c     startup_mspm0g3507_ticlang.o (.text.Default_Handler)
                  0001a7e0    0000001c     startup_mspm0g3507_ticlang.o (.text.HardFault_Handler)
                  0001a7fc    0000001c     game_structs.o (.text._ZN5StateC2Ev)
                  0001a818    0000001c     libc.a : memory.c.obj (.text.free_list_remove)
                  0001a834    0000001a     game_structs.o (.text._ZN10StartState7onEnterEP4Game)
                  0001a84e    00000018     game_structs.o (.text._ZN4Game11updateStateEv)
                  0001a866    00000018     libc.a : snprintf.c.obj (.text._outc)
                  0001a87e    00000016     ST7735.o (.text._Z11ST7735_openPKcji)
                  0001a894    00000016     ST7735.o (.text._Z11ST7735_readiPcj)
                  0001a8aa    00000016     libc.a : copy_zero_init.c.obj (.text:decompress:ZI:__TI_zero_init_nomemset)
                  0001a8c0    00000014     Sound.o (.text._Z10Sound_Bellv)
                  0001a8d4    00000014     Sound.o (.text._Z10Sound_Missv)
                  0001a8e8    00000014     Sound.o (.text._Z9Sound_Hitv)
                  0001a8fc    00000014     libclang_rt.builtins.a : aeabi_uldivmod.S.obj (.text.__aeabi_uldivmod)
                  0001a910    00000012     libc.a : memcpy16.S.obj (.text:TI_memcpy_small)
                  0001a922    00000012            : copy_decompress_none.c.obj (.text:decompress:none)
                  0001a934    00000010     Clock.o (.text._Z11Clock_Delayj)
                  0001a944    00000010     game_structs.o (.text._ZN5State7onEnterEP4Game)
                  0001a954    00000010     Lab9HMain.o (.text.__cxx_global_var_init)
                  0001a964    00000010     libc.a : wcslen.c.obj (.text.wcslen)
                  0001a974    0000000e            : memory.c.obj (.text.OUTLINED_FUNCTION_0)
                  0001a982    0000000e     ST7735.o (.text._Z12ST7735_lseekili)
                  0001a990    0000000e     libclang_rt.builtins.a : aeabi_memset.S.obj (.text.__aeabi_memset)
                  0001a99e    0000000e     libsysbm.a : hostrename.c.obj (.text.strcpy)
                  0001a9ac    0000000e     libc.a : _printfi.c.obj (.text.strlen)
                  0001a9ba    0000000e     libsysbm.a : hostrename.c.obj (.text.strlen)
                  0001a9c8    0000000e     libc.a : memset16.S.obj (.text:TI_memset_small)
                  0001a9d6    0000000c     ST7735.o (.text._Z13ST7735_renamePKcS0_)
                  0001a9e2    00000002     --HOLE-- [fill = 0]
                  0001a9e4    0000000c     libclang_rt.builtins.a : aeabi_memset.S.obj (.text.__aeabi_memclr)
                  0001a9f0    0000000c     libc.a : memory.c.obj (.text.malloc)
                  0001a9fc    0000000a     ST7735.o (.text._Z12ST7735_closei)
                  0001aa06    0000000a     ST7735.o (.text._Z13ST7735_unlinkPKc)
                  0001aa10    0000000a     Lab9HMain.o (.text._Z8PLL_Initv)
                  0001aa1a    0000000a     game_structs.o (.text._ZN5State5logicEP4Game)
                  0001aa24    0000000a     game_structs.o (.text._ZN8WinState7displayEP4Game)
                  0001aa2e    00000008     Lab9HMain.o (.text._GLOBAL__sub_I_Lab9HMain.cpp)
                  0001aa36    00000002     --HOLE-- [fill = 0]
                  0001aa38    00000008     libc.a : aeabi_portable.c.obj (.text.__aeabi_errno_addr)
                  0001aa40    00000008     libclang_rt.builtins.a : aeabi_memcpy.S.obj (.text.__aeabi_memcpy)
                  0001aa48    00000008     libsysbm.a : remove.c.obj (.text.remove)
                  0001aa50    00000006     libc.a : exit.c.obj (.text:abort)
                  0001aa56    00000004     libsysbm.a : hostexit.c.obj (.text.HOSTexit)
                  0001aa5a    00000004     startup_mspm0g3507_ticlang.o (.text.Reset_Handler)
                  0001aa5e    00000004     libc.a : pre_init.c.obj (.text._system_pre_init)
                  0001aa62    0000000e     --HOLE-- [fill = 0]

.cinit     0    0001aa78    00000098     
                  0001aa78    00000071     (.cinit..data.load) [load image, compression = lzss]
                  0001aae9    00000003     --HOLE-- [fill = 0]
                  0001aaec    0000000c     (__TI_handler_table)
                  0001aaf8    00000008     (.cinit..bss.load) [load image, compression = zero_init]
                  0001ab00    00000010     (__TI_cinit_table)

.rodata    0    000000c0    000167b0     
                  000000c0    00007080     game_structs.o (.rodata._ZL7valvano)
                  00007140    00004002     Sound.o (.rodata._ZL11boxing_bell)
                  0000b142    000036b0     game_structs.o (.rodata._ZL8yerballi)
                  0000e7f2    00002440     game_structs.o (.rodata._ZL14boxing_ring_bg)
                  00010c32    00002328     game_structs.o (.rodata._ZL12cover_splash)
                  00012f5a    00001974     Sound.o (.rodata._ZL3hit)
                  000148ce    00001734     Sound.o (.rodata._ZL4miss)
                  00016002    000004fb     ST7735.o (.rodata._ZL4Font)
                  000164fd    00000002     game_structs.o (.rodata.str1.14592636505333487246.1)
                  000164ff    00000001     --HOLE-- [fill = 0]
                  00016500    00000101     libc.a : aeabi_ctype.S.obj (.rodata:__aeabi_ctype_table_)
                  00016601    0000003b     ST7735.o (.rodata._ZL5Rcmd1)
                  0001663c    0000002b     ST7735.o (.rodata._ZL5Rcmd3)
                  00016667    0000001a     game_structs.o (.rodata.str1.12459122091221191539.1)
                  00016681    00000016     ST7735.o (.rodata.str1.14736978382213673245.1)
                  00016697    00000015     game_structs.o (.rodata.str1.13835767611687241610.1)
                  000166ac    00000015     game_structs.o (.rodata.str1.6340018968352854695.1)
                  000166c1    00000002     ST7735.o (.rodata.str1.18358205720993799461.1)
                  000166c3    00000001     --HOLE-- [fill = 0]
                  000166c4    00000014     game_structs.o (.rodata._ZTV10StartState)
                  000166d8    00000014     game_structs.o (.rodata._ZTV18RoundFeedbackState)
                  000166ec    00000014     game_structs.o (.rodata._ZTV18SwitchOffenceState)
                  00016700    00000014     game_structs.o (.rodata._ZTV5State)
                  00016714    00000014     game_structs.o (.rodata._ZTV8WinState)
                  00016728    00000014     game_structs.o (.rodata._ZTV9Atk1State)
                  0001673c    00000014     game_structs.o (.rodata._ZTV9Atk2State)
                  00016750    00000014     game_structs.o (.rodata._ZTV9Atk3State)
                  00016764    00000014     game_structs.o (.rodata.str1.13031987076347950009.1)
                  00016778    00000014     game_structs.o (.rodata.str1.9776997114013541529.1)
                  0001678c    00000013     game_structs.o (.rodata.str1.15856950605285521293.1)
                  0001679f    00000013     game_structs.o (.rodata.str1.9634431226793688465.1)
                  000167b2    00000012     game_structs.o (.rodata.str1.7480764971921489808.1)
                  000167c4    00000011     libc.a : _printfi.c.obj (.rodata.str1.10348868589481759720.1)
                  000167d5    00000011            : _printfi.c.obj (.rodata.str1.15363888844622738466.1)
                  000167e6    0000000f     game_structs.o (.rodata.str1.1876938374215399292.1)
                  000167f5    0000000d     ST7735.o (.rodata._ZL10Rcmd2green)
                  00016802    0000000d     ST7735.o (.rodata._ZL8Rcmd2red)
                  0001680f    0000000b     game_structs.o (.rodata.str1.4999439703787095262.1)
                  0001681a    00000009     game_structs.o (.rodata.str1.9079934376650958619.1)
                  00016823    00000008     game_structs.o (.rodata.str1.15918645729875841078.1)
                  0001682b    00000008     game_structs.o (.rodata.str1.3295804324984720742.1)
                  00016833    00000008     ST7735.o (.rodata.str1.7209918599617305731.1)
                  0001683b    00000008     game_structs.o (.rodata.str1.756431122810206414.1)
                  00016843    00000007     ST7735.o (.rodata.str1.10208736415454880443.1)
                  0001684a    00000007     game_structs.o (.rodata.str1.17679974583974502919.1)
                  00016851    00000007     ST7735.o (.rodata.str1.8723687351022562626.1)
                  00016858    00000006     game_structs.o (.rodata.str1.10821656762219671030.1)
                  0001685e    00000005     game_structs.o (.rodata.str1.13661545893789683143.1)
                  00016863    00000005     game_structs.o (.rodata.str1.9463065910988973633.1)
                  00016868    00000004     connors_display_helper.o (.rodata.str1.16435377500231430742.1)
                  0001686c    00000002     game_structs.o (.rodata.str1.6443231148109387488.1)
                  0001686e    00000002     --HOLE-- [fill = 0]

.init_array 
*          0    0001aa70    00000008     
                  0001aa70    00000004     Lab9HMain.o (.init_array)
                  0001aa74    00000004     --HOLE-- [fill = 0]

.data      0    20200000    00000305     UNINITIALIZED
                  20200000    00000118     Lab9HMain.o (.data.game)
                  20200118    000000f0     libc.a : defs.c.obj (.data._ftable)
                  20200208    00000078     libsysbm.a : host_device.c.obj (.data._device)
                  20200280    00000050                : host_device.c.obj (.data._stream)
                  202002d0    00000008     libc.a : exit.c.obj (.data..L_MergedGlobals)
                  202002d8    00000004     Clock.o (.data.BusFreq)
                  202002dc    00000004     ST7735.o (.data.StX)
                  202002e0    00000004     ST7735.o (.data.StY)
                  202002e4    00000004     libc.a : defs.c.obj (.data.__TI_ft_end)
                  202002e8    00000004            : aeabi_portable.c.obj (.data.__aeabi_errno)
                  202002ec    00000004            : _lock.c.obj (.data._lock)
                  202002f0    00000004            : _lock.c.obj (.data._unlock)
                  202002f4    00000002     ST7735.o (.data.StTextColor)
                  202002f6    00000002     ST7735.o (.data._ZL6_width)
                  202002f8    00000002     ST7735.o (.data._ZL7_height)
                  202002fa    00000001     accel_read.o (.data.d1)
                  202002fb    00000001     accel_read.o (.data.d2)
                  202002fc    00000001     libsysbm.a : add_device.c.obj (.data.add_device.device_init)
                  202002fd    00000003     --HOLE--
                  20200300    00000001     libc.a : memory.c.obj (.data.memory_is_initialized)
                  20200301    00000003     --HOLE--
                  20200304    00000001     libsysbm.a : open.c.obj (.data.open.stream_init)

.sysmem    0    20200308    00000200     UNINITIALIZED
                  20200308    00000010     libc.a : memory.c.obj (.sysmem)
                  20200318    000001f0     --HOLE--

.bss       0    20200508    000001e8     UNINITIALIZED
                  20200508    00000120     libsysbm.a : trgmsg.c.obj (.bss:_CIOBUF_)
                  20200628    000000a0     libc.a : defs.c.obj (.bss.__TI_tmpnams)
                  202006c8    00000008     libsysbm.a : hostopen.c.obj (.bss.parmbuf)
                  202006d0    00000004     accel_read.o (.bss.REST_P1)
                  202006d4    00000004     accel_read.o (.bss.REST_P2)
                  202006d8    00000004     Sound.o (.bss.SoundArr)
                  202006dc    00000004     Sound.o (.bss.SoundCount)
                  202006e0    00000004     accel_read.o (.bss.r1)
                  202006e4    00000004     accel_read.o (.bss.r2)
                  202006e8    00000004     libc.a : memory.c.obj (.bss.sys_free)
                  202006ec    00000001     ST7735.o (.bss._ZL8ColStart)
                  202006ed    00000001     ST7735.o (.bss._ZL8Rotation)
                  202006ee    00000001     ST7735.o (.bss._ZL8RowStart)
                  202006ef    00000001     ST7735.o (.bss._ZL8TabColor)

.stack     0    20207e00    00000200     UNINITIALIZED
                  20207e00    00000004     libc.a : boot_cortex_m.c.obj (.stack)
                  20207e04    000001fc     --HOLE--

__llvm_prf_cnts 
*          0    20200000    00000000     UNINITIALIZED

__llvm_prf_bits 
*          0    20200000    00000000     UNINITIALIZED

MODULE SUMMARY

       Module                         code    ro data   rw data
       ------                         ----    -------   -------
    .\
       game_structs.o                 3892    61490     0      
       Sound.o                        372     28842     8      
       ST7735.o                       2846    1449      18     
       connors_display_helper.o       848     4         0      
       accel_read.o                   624     0         18     
       Lab9HMain.o                    298     4         280    
       Clock.o                        516     0         4      
       SPI.o                          440     0         0      
       LaunchPad.o                    180     0         0      
       Timer.o                        148     0         0      
    +--+------------------------------+-------+---------+---------+
       Total:                         10164   91789     328    
                                                               
    .\ticlang\
       startup_mspm0g3507_ticlang.o   60      192       0      
    +--+------------------------------+-------+---------+---------+
       Total:                         60      192       0      
                                                               
    C:\ti\ccs2030\ccs\tools\compiler\ti-cgt-armllvm_4.0.4.LTS\lib\armv6m-ti-none-eabi/c/libc.a
       _printfi.c.obj                 2166    34        0      
       memory.c.obj                   702     0         5      
       fopen.c.obj                    556     0         0      
       defs.c.obj                     0       0         404    
       aeabi_ctype.S.obj              0       257       0      
       setvbuf.c.obj                  224     0         0      
       getdevice.c.obj                160     0         0      
       snprintf.c.obj                 148     0         0      
       strcmp-armv6m.S.obj            136     0         0      
       copy_decompress_lzss.c.obj     124     0         0      
       fclose.c.obj                   124     0         0      
       autoinit.c.obj                 84      0         0      
       fflush.c.obj                   82      0         0      
       exit.c.obj                     58      0         8      
       atoi.c.obj                     64      0         0      
       boot_cortex_m.c.obj            40      0         0      
       memccpy.c.obj                  34      0         0      
       copy_zero_init.c.obj           22      0         0      
       copy_decompress_none.c.obj     18      0         0      
       memcpy16.S.obj                 18      0         0      
       wcslen.c.obj                   16      0         0      
       memset16.S.obj                 14      0         0      
       aeabi_portable.c.obj           8       0         4      
       _lock.c.obj                    2       0         8      
       pre_init.c.obj                 4       0         0      
    +--+------------------------------+-------+---------+---------+
       Total:                         4804    291       429    
                                                               
    C:\ti\ccs2030\ccs\tools\compiler\ti-cgt-armllvm_4.0.4.LTS\lib\armv6m-ti-none-eabi/c/libsysbm.a
       trgmsg.c.obj                   104     0         288    
       add_device.c.obj               236     0         1      
       host_device.c.obj              0       0         200    
       open.c.obj                     160     0         1      
       hostrename.c.obj               136     0         0      
       hostlseek.c.obj                108     0         0      
       hostopen.c.obj                 96      0         8      
       hostread.c.obj                 88      0         0      
       hostwrite.c.obj                88      0         0      
       close.c.obj                    80      0         0      
       hostclose.c.obj                72      0         0      
       hostunlink.c.obj               72      0         0      
       unlink.c.obj                   44      0         0      
       write.c.obj                    40      0         0      
       remove.c.obj                   8       0         0      
       hostexit.c.obj                 4       0         0      
    +--+------------------------------+-------+---------+---------+
       Total:                         1336    0         498    
                                                               
    C:\ti\ccs2030\ccs\tools\compiler\ti-cgt-armllvm_4.0.4.LTS\lib\armv6m-ti-none-eabi/libclang_rt.builtins.a
       udivmoddi4.S.obj               162     0         0      
       aeabi_idivmod.S.obj            86      0         0      
       aeabi_uidivmod.S.obj           64      0         0      
       muldsi3.S.obj                  58      0         0      
       muldi3.S.obj                   36      0         0      
       ashldi3.S.obj                  30      0         0      
       aeabi_memset.S.obj             26      0         0      
       aeabi_uldivmod.S.obj           20      0         0      
       aeabi_memcpy.S.obj             8       0         0      
       aeabi_div0.c.obj               4       0         0      
    +--+------------------------------+-------+---------+---------+
       Total:                         494     0         0      
                                                               
       Heap:                          0       0         512    
       Stack:                         0       0         512    
       Linker Generated:              0       149       0      
    +--+------------------------------+-------+---------+---------+
       Grand Total:                   16858   92421     2279   


LINKER GENERATED COPY TABLES

__TI_cinit_table @ 0001ab00 records: 2, size/record: 8, table size: 16
	.data: load addr=0001aa78, load size=00000071 bytes, run addr=20200000, run size=00000305 bytes, compression=lzss
	.bss: load addr=0001aaf8, load size=00000008 bytes, run addr=20200508, run size=000001e8 bytes, compression=zero_init


LINKER GENERATED HANDLER TABLE

__TI_handler_table @ 0001aaec records: 3, size/record: 4, table size: 12
	index: 0, handler: __TI_decompress_lzss
	index: 1, handler: __TI_decompress_none
	index: 2, handler: __TI_zero_init


GLOBAL SYMBOLS: SORTED ALPHABETICALLY BY Name 

address   name                                   
-------   ----                                   
0001a7c5  ADC0_IRQHandler                        
0001a7c5  ADC1_IRQHandler                        
0001a7c5  AES_IRQHandler                         
202002d8  BusFreq                                
0001aa56  C$$EXIT                                
0001a411  C$$IO$$                                
0001a7c5  CANFD0_IRQHandler                      
0001a7c5  DAC0_IRQHandler                        
0001a7c5  DMA_IRQHandler                         
0001a7c5  Default_Handler                        
0001a7c5  GROUP0_IRQHandler                      
0001a7c5  GROUP1_IRQHandler                      
00019ee5  HOSTclose                              
0001aa57  HOSTexit                               
00019485  HOSTlseek                              
00019829  HOSTopen                               
000199a5  HOSTread                               
000194f1  HOSTrename                             
00019f2d  HOSTunlink                             
000199fd  HOSTwrite                              
0001a7e1  HardFault_Handler                      
0001a7c5  I2C0_IRQHandler                        
0001a7c5  I2C1_IRQHandler                        
0001a7c5  NMI_Handler                            
0001a7c5  PendSV_Handler                         
202006d0  REST_P1                                
202006d4  REST_P2                                
0001a7c5  RTC_IRQHandler                         
0001aa5b  Reset_Handler                          
0001aa70  SHT$$INIT_ARRAY$$Base                  
0001aa74  SHT$$INIT_ARRAY$$Limit                 
0001a7c5  SPI0_IRQHandler                        
0001a7c5  SPI1_IRQHandler                        
0001a7c5  SVC_Handler                            
202006d8  SoundArr                               
202006dc  SoundCount                             
202002f4  StTextColor                            
202002dc  StX                                    
202002e0  StY                                    
00019fbd  SysTick_Handler                        
0001a7c5  TIMA0_IRQHandler                       
0001a7c5  TIMA1_IRQHandler                       
0001a7c5  TIMG0_IRQHandler                       
00019a55  TIMG12_IRQHandler                      
0001a7c5  TIMG6_IRQHandler                       
0001a7c5  TIMG7_IRQHandler                       
0001a7c5  TIMG8_IRQHandler                       
0001a911  TI_memcpy_small                        
0001a9c9  TI_memset_small                        
0001a7c5  UART0_IRQHandler                       
0001a7c5  UART1_IRQHandler                       
0001a7c5  UART2_IRQHandler                       
0001a7c5  UART3_IRQHandler                       
20200508  _CIOBUF_                               
00018eb5  _Z10Clock_Freqv                        
0001a8c1  _Z10Sound_Bellv                        
00019d59  _Z10Sound_Initv                        
0001a8d5  _Z10Sound_Missv                        
00019da9  _Z11CDH_OutUDecttjsii                  
0001a935  _Z11Clock_Delayj                       
0001a23d  _Z11SPI_OutDatac                       
0001a87f  _Z11ST7735_openPKcji                   
0001a895  _Z11ST7735_readiPcj                    
0001a045  _Z11Sound_StartPKhj                    
00018fcd  _Z12ADC_ReadBothPiS_                   
00018be5  _Z12ST7735_InitR10initRFlags           
0001a9fd  _Z12ST7735_closei                      
0001a983  _Z12ST7735_lseekili                    
0001a2ad  _Z12ST7735_writeiPKcj                  
0001a9d7  _Z13ST7735_renamePKcS0_                
0001aa07  _Z13ST7735_unlinkPKc                   
00018d11  _Z14CDH_DrawStringttPcsii              
0001a2e1  _Z14Clock_Delay1msj                    
000190cd  _Z14LaunchPad_Initv                    
00018da1  _Z14ReadDirectionsv                    
00019f75  _Z14SPI_OutCommandc                    
0001888d  _Z14ST7735_OutCharc                    
0001a001  _Z14SysTick_IntArmjj                   
0001a275  _Z15ActivatePortA_Bv                   
000172e9  _Z15Clock_Init80MHzi                   
00017cc1  _Z15ST7735_FillRectsssst               
00018c7d  _Z15TimerG12_IntArmjj                  
00017a79  _Z16CDH_DrawBitmap2xssPKtss            
0001749d  _Z16ST7735_DrawCharSsscssh             
000193a5  _Z16ST7735_DrawPixelsst                
0001a315  _Z16ST7735_SetCursorjj                 
000170d9  _Z17ST7735_DrawBitmapssPKtss           
00018f49  _Z17ST7735_DrawStringttPcs             
0001a575  _Z17ST7735_FillScreent                 
00018aa5  _Z17ST7735_InitPrintf10initRFlags      
00018315  _Z18ST7735_SetRotationh                
0001792d  _Z25CDH_DrawBitmapTransparentssPKtsstbb
0001a745  _Z8DAC5_Outj                           
0001aa11  _Z8PLL_Initv                           
0001821d  _Z8SPI_Initv                           
00019241  _Z9ADC0_Initv                          
000192b9  _Z9ADC1_Initv                          
00019331  _Z9Calibratev                          
0001a085  _Z9SPI_Resetv                          
0001a8e9  _Z9Sound_Hitv                          
000197c5  _ZN10StartState5logicEP4Game           
000195c9  _ZN10StartState7displayEP4Game         
0001a835  _ZN10StartState7onEnterEP4Game         
0001a4e5  _ZN10StartStateC1Ev                    
0001a4e5  _ZN10StartStateC2Ev                    
00019b5d  _ZN18RoundFeedbackState5logicEP4Game   
00017b9d  _ZN18RoundFeedbackState7displayEP4Game 
00018409  _ZN18RoundFeedbackState7onEnterEP4Game 
0001a5cd  _ZN18RoundFeedbackStateC1Ev            
0001a5cd  _ZN18RoundFeedbackStateC2Ev            
0001904d  _ZN18SwitchOffenceState5logicEP4Game   
000186cd  _ZN18SwitchOffenceState7displayEP4Game 
00019c0d  _ZN18SwitchOffenceState7onEnterEP4Game 
0001a66d  _ZN18SwitchOffenceStateC1Ev            
0001a66d  _ZN18SwitchOffenceStateC2Ev            
00019631  _ZN4Game10directionsEv                 
0001a349  _ZN4Game10get_inputsEv                 
0001a84f  _ZN4Game11updateStateEv                
00019e49  _ZN4Game12switchStatesEi               
00019415  _ZN4Game4initEv                        
00019aad  _ZN4GameC2Ev                           
0001aa1b  _ZN5State5logicEP4Game                 
0001a1c3  _ZN5State7displayEP4Game               
0001a945  _ZN5State7onEnterEP4Game               
0001a7fd  _ZN5StateC2Ev                          
0001a185  _ZN8WinState5logicEP4Game              
0001aa25  _ZN8WinState7displayEP4Game            
0001763d  _ZN8WinState7onEnterEP4Game            
0001a765  _ZN8WinStateC1Ev                       
0001a765  _ZN8WinStateC2Ev                       
000198e9  _ZN9Atk1State5logicEP4Game             
00017eed  _ZN9Atk1State7displayEP4Game           
00019699  _ZN9Atk1State7onEnterEP4Game           
0001a691  _ZN9Atk1StateC1Ev                      
0001a691  _ZN9Atk1StateC2Ev                      
00019947  _ZN9Atk2State5logicEP4Game             
00017ffd  _ZN9Atk2State7displayEP4Game           
000196fd  _ZN9Atk2State7onEnterEP4Game           
0001a6b5  _ZN9Atk2StateC1Ev                      
0001a6b5  _ZN9Atk2StateC2Ev                      
00019cb5  _ZN9Atk3State5logicEP4Game             
0001810d  _ZN9Atk3State7displayEP4Game           
00019889  _ZN9Atk3State7onEnterEP4Game           
0001a6d9  _ZN9Atk3StateC1Ev                      
0001a6d9  _ZN9Atk3StateC2Ev                      
000166c4  _ZTV10StartState                       
000166d8  _ZTV18RoundFeedbackState               
000166ec  _ZTV18SwitchOffenceState               
00016700  _ZTV5State                             
00016714  _ZTV8WinState                          
00016728  _ZTV9Atk1State                         
0001673c  _ZTV9Atk2State                         
00016750  _ZTV9Atk3State                         
20200508  __CIOBUF_                              
20208000  __STACK_END                            
00000200  __STACK_SIZE                           
00000200  __SYSMEM_SIZE                          
00000000  __TI_ATRegion0_region_sz               
00000000  __TI_ATRegion0_src_addr                
00000000  __TI_ATRegion0_trg_addr                
00000000  __TI_ATRegion1_region_sz               
00000000  __TI_ATRegion1_src_addr                
00000000  __TI_ATRegion1_trg_addr                
00000000  __TI_ATRegion2_region_sz               
00000000  __TI_ATRegion2_src_addr                
00000000  __TI_ATRegion2_trg_addr                
0001ab00  __TI_CINIT_Base                        
0001ab10  __TI_CINIT_Limit                       
0001ab10  __TI_CINIT_Warm                        
0001aaec  __TI_Handler_Table_Base                
0001aaf8  __TI_Handler_Table_Limit               
00019c61  __TI_auto_init_nobinit                 
0001a37d  __TI_cleanup                           
202002d0  __TI_cleanup_ptr                       
00019149  __TI_closefile                         
000191c5  __TI_decompress_lzss                   
0001a923  __TI_decompress_none                   
00019d07  __TI_doflush                           
202002d4  __TI_dtors_ptr                         
202002e4  __TI_ft_end                            
ffffffff  __TI_pprof_out_hndl                    
00016871  __TI_printfi_nofloat                   
ffffffff  __TI_prof_data_size                    
ffffffff  __TI_prof_data_start                   
0001a3b1  __TI_readmsg                           
00000000  __TI_static_base__                     
20200628  __TI_tmpnams                           
0001a3e5  __TI_writemsg                          
0001a8ab  __TI_zero_init_nomemset                
00016500  __aeabi_ctype_table_                   
00016500  __aeabi_ctype_table_C                  
202002e8  __aeabi_errno                          
0001aa39  __aeabi_errno_addr                     
00019bb5  __aeabi_idiv                           
000189ff  __aeabi_idiv0                          
00019bb5  __aeabi_idivmod                        
00018aa3  __aeabi_ldiv0                          
0001a7a5  __aeabi_llsl                           
0001a6fd  __aeabi_lmul                           
0001a9e5  __aeabi_memclr                         
0001a9e5  __aeabi_memclr4                        
0001a9e5  __aeabi_memclr8                        
0001aa41  __aeabi_memcpy                         
0001aa41  __aeabi_memcpy4                        
0001aa41  __aeabi_memcpy8                        
0001a991  __aeabi_memset                         
0001a991  __aeabi_memset4                        
0001a991  __aeabi_memset8                        
0001a0c5  __aeabi_uidiv                          
0001a0c5  __aeabi_uidivmod                       
0001a8fd  __aeabi_uldivmod                       
0001a7a5  __ashldi3                              
ffffffff  __binit__                              
UNDEFED   __mpu_init                             
0001a6fd  __muldi3                               
0001a201  __muldsi3                              
20207e00  __stack                                
20200000  __start___llvm_prf_bits                
20200000  __start___llvm_prf_cnts                
20200000  __stop___llvm_prf_bits                 
20200000  __stop___llvm_prf_cnts                 
00018a01  __udivmoddi4                           
0001a645  _c_int00_noargs                        
20200208  _device                                
20200118  _ftable                                
202002ec  _lock                                  
000190cb  _nop                                   
20200280  _stream                                
20200308  _sys_memory                            
UNDEFED   _system_post_cinit                     
0001aa5f  _system_pre_init                       
202002f0  _unlock                                
0001aa51  abort                                  
000184f9  add_device                             
00017dd9  aligned_alloc                          
0001a145  atoi                                   
ffffffff  binit                                  
00019df9  close                                  
202002fa  d1                                     
202002fb  d2                                     
0001a419  exit                                   
0001a44d  finddevice                             
0001a545  fopen                                  
000185e5  free                                   
0001a481  freopen                                
20200000  game                                   
0001955d  getdevice                              
00000000  interruptVectors                       
00019b05  main                                   
0001a9f1  malloc                                 
00017dd9  memalign                               
0001a721  memccpy                                
00018b45  open                                   
202006c8  parmbuf                                
202006e0  r1                                     
202006e4  r2                                     
0001aa49  remove                                 
000187ad  setvbuf                                
00019e99  snprintf                               
00018ec1  strcmp                                 
0001a5a1  unlink                                 
0001a965  wcslen                                 
0001a61d  write                                  


GLOBAL SYMBOLS: SORTED BY Symbol Address 

address   name                                   
-------   ----                                   
00000000  __TI_ATRegion0_region_sz               
00000000  __TI_ATRegion0_src_addr                
00000000  __TI_ATRegion0_trg_addr                
00000000  __TI_ATRegion1_region_sz               
00000000  __TI_ATRegion1_src_addr                
00000000  __TI_ATRegion1_trg_addr                
00000000  __TI_ATRegion2_region_sz               
00000000  __TI_ATRegion2_src_addr                
00000000  __TI_ATRegion2_trg_addr                
00000000  __TI_static_base__                     
00000000  interruptVectors                       
00000200  __STACK_SIZE                           
00000200  __SYSMEM_SIZE                          
00016500  __aeabi_ctype_table_                   
00016500  __aeabi_ctype_table_C                  
000166c4  _ZTV10StartState                       
000166d8  _ZTV18RoundFeedbackState               
000166ec  _ZTV18SwitchOffenceState               
00016700  _ZTV5State                             
00016714  _ZTV8WinState                          
00016728  _ZTV9Atk1State                         
0001673c  _ZTV9Atk2State                         
00016750  _ZTV9Atk3State                         
00016871  __TI_printfi_nofloat                   
000170d9  _Z17ST7735_DrawBitmapssPKtss           
000172e9  _Z15Clock_Init80MHzi                   
0001749d  _Z16ST7735_DrawCharSsscssh             
0001763d  _ZN8WinState7onEnterEP4Game            
0001792d  _Z25CDH_DrawBitmapTransparentssPKtsstbb
00017a79  _Z16CDH_DrawBitmap2xssPKtss            
00017b9d  _ZN18RoundFeedbackState7displayEP4Game 
00017cc1  _Z15ST7735_FillRectsssst               
00017dd9  aligned_alloc                          
00017dd9  memalign                               
00017eed  _ZN9Atk1State7displayEP4Game           
00017ffd  _ZN9Atk2State7displayEP4Game           
0001810d  _ZN9Atk3State7displayEP4Game           
0001821d  _Z8SPI_Initv                           
00018315  _Z18ST7735_SetRotationh                
00018409  _ZN18RoundFeedbackState7onEnterEP4Game 
000184f9  add_device                             
000185e5  free                                   
000186cd  _ZN18SwitchOffenceState7displayEP4Game 
000187ad  setvbuf                                
0001888d  _Z14ST7735_OutCharc                    
000189ff  __aeabi_idiv0                          
00018a01  __udivmoddi4                           
00018aa3  __aeabi_ldiv0                          
00018aa5  _Z17ST7735_InitPrintf10initRFlags      
00018b45  open                                   
00018be5  _Z12ST7735_InitR10initRFlags           
00018c7d  _Z15TimerG12_IntArmjj                  
00018d11  _Z14CDH_DrawStringttPcsii              
00018da1  _Z14ReadDirectionsv                    
00018eb5  _Z10Clock_Freqv                        
00018ec1  strcmp                                 
00018f49  _Z17ST7735_DrawStringttPcs             
00018fcd  _Z12ADC_ReadBothPiS_                   
0001904d  _ZN18SwitchOffenceState5logicEP4Game   
000190cb  _nop                                   
000190cd  _Z14LaunchPad_Initv                    
00019149  __TI_closefile                         
000191c5  __TI_decompress_lzss                   
00019241  _Z9ADC0_Initv                          
000192b9  _Z9ADC1_Initv                          
00019331  _Z9Calibratev                          
000193a5  _Z16ST7735_DrawPixelsst                
00019415  _ZN4Game4initEv                        
00019485  HOSTlseek                              
000194f1  HOSTrename                             
0001955d  getdevice                              
000195c9  _ZN10StartState7displayEP4Game         
00019631  _ZN4Game10directionsEv                 
00019699  _ZN9Atk1State7onEnterEP4Game           
000196fd  _ZN9Atk2State7onEnterEP4Game           
000197c5  _ZN10StartState5logicEP4Game           
00019829  HOSTopen                               
00019889  _ZN9Atk3State7onEnterEP4Game           
000198e9  _ZN9Atk1State5logicEP4Game             
00019947  _ZN9Atk2State5logicEP4Game             
000199a5  HOSTread                               
000199fd  HOSTwrite                              
00019a55  TIMG12_IRQHandler                      
00019aad  _ZN4GameC2Ev                           
00019b05  main                                   
00019b5d  _ZN18RoundFeedbackState5logicEP4Game   
00019bb5  __aeabi_idiv                           
00019bb5  __aeabi_idivmod                        
00019c0d  _ZN18SwitchOffenceState7onEnterEP4Game 
00019c61  __TI_auto_init_nobinit                 
00019cb5  _ZN9Atk3State5logicEP4Game             
00019d07  __TI_doflush                           
00019d59  _Z10Sound_Initv                        
00019da9  _Z11CDH_OutUDecttjsii                  
00019df9  close                                  
00019e49  _ZN4Game12switchStatesEi               
00019e99  snprintf                               
00019ee5  HOSTclose                              
00019f2d  HOSTunlink                             
00019f75  _Z14SPI_OutCommandc                    
00019fbd  SysTick_Handler                        
0001a001  _Z14SysTick_IntArmjj                   
0001a045  _Z11Sound_StartPKhj                    
0001a085  _Z9SPI_Resetv                          
0001a0c5  __aeabi_uidiv                          
0001a0c5  __aeabi_uidivmod                       
0001a145  atoi                                   
0001a185  _ZN8WinState5logicEP4Game              
0001a1c3  _ZN5State7displayEP4Game               
0001a201  __muldsi3                              
0001a23d  _Z11SPI_OutDatac                       
0001a275  _Z15ActivatePortA_Bv                   
0001a2ad  _Z12ST7735_writeiPKcj                  
0001a2e1  _Z14Clock_Delay1msj                    
0001a315  _Z16ST7735_SetCursorjj                 
0001a349  _ZN4Game10get_inputsEv                 
0001a37d  __TI_cleanup                           
0001a3b1  __TI_readmsg                           
0001a3e5  __TI_writemsg                          
0001a411  C$$IO$$                                
0001a419  exit                                   
0001a44d  finddevice                             
0001a481  freopen                                
0001a4e5  _ZN10StartStateC1Ev                    
0001a4e5  _ZN10StartStateC2Ev                    
0001a545  fopen                                  
0001a575  _Z17ST7735_FillScreent                 
0001a5a1  unlink                                 
0001a5cd  _ZN18RoundFeedbackStateC1Ev            
0001a5cd  _ZN18RoundFeedbackStateC2Ev            
0001a61d  write                                  
0001a645  _c_int00_noargs                        
0001a66d  _ZN18SwitchOffenceStateC1Ev            
0001a66d  _ZN18SwitchOffenceStateC2Ev            
0001a691  _ZN9Atk1StateC1Ev                      
0001a691  _ZN9Atk1StateC2Ev                      
0001a6b5  _ZN9Atk2StateC1Ev                      
0001a6b5  _ZN9Atk2StateC2Ev                      
0001a6d9  _ZN9Atk3StateC1Ev                      
0001a6d9  _ZN9Atk3StateC2Ev                      
0001a6fd  __aeabi_lmul                           
0001a6fd  __muldi3                               
0001a721  memccpy                                
0001a745  _Z8DAC5_Outj                           
0001a765  _ZN8WinStateC1Ev                       
0001a765  _ZN8WinStateC2Ev                       
0001a7a5  __aeabi_llsl                           
0001a7a5  __ashldi3                              
0001a7c5  ADC0_IRQHandler                        
0001a7c5  ADC1_IRQHandler                        
0001a7c5  AES_IRQHandler                         
0001a7c5  CANFD0_IRQHandler                      
0001a7c5  DAC0_IRQHandler                        
0001a7c5  DMA_IRQHandler                         
0001a7c5  Default_Handler                        
0001a7c5  GROUP0_IRQHandler                      
0001a7c5  GROUP1_IRQHandler                      
0001a7c5  I2C0_IRQHandler                        
0001a7c5  I2C1_IRQHandler                        
0001a7c5  NMI_Handler                            
0001a7c5  PendSV_Handler                         
0001a7c5  RTC_IRQHandler                         
0001a7c5  SPI0_IRQHandler                        
0001a7c5  SPI1_IRQHandler                        
0001a7c5  SVC_Handler                            
0001a7c5  TIMA0_IRQHandler                       
0001a7c5  TIMA1_IRQHandler                       
0001a7c5  TIMG0_IRQHandler                       
0001a7c5  TIMG6_IRQHandler                       
0001a7c5  TIMG7_IRQHandler                       
0001a7c5  TIMG8_IRQHandler                       
0001a7c5  UART0_IRQHandler                       
0001a7c5  UART1_IRQHandler                       
0001a7c5  UART2_IRQHandler                       
0001a7c5  UART3_IRQHandler                       
0001a7e1  HardFault_Handler                      
0001a7fd  _ZN5StateC2Ev                          
0001a835  _ZN10StartState7onEnterEP4Game         
0001a84f  _ZN4Game11updateStateEv                
0001a87f  _Z11ST7735_openPKcji                   
0001a895  _Z11ST7735_readiPcj                    
0001a8ab  __TI_zero_init_nomemset                
0001a8c1  _Z10Sound_Bellv                        
0001a8d5  _Z10Sound_Missv                        
0001a8e9  _Z9Sound_Hitv                          
0001a8fd  __aeabi_uldivmod                       
0001a911  TI_memcpy_small                        
0001a923  __TI_decompress_none                   
0001a935  _Z11Clock_Delayj                       
0001a945  _ZN5State7onEnterEP4Game               
0001a965  wcslen                                 
0001a983  _Z12ST7735_lseekili                    
0001a991  __aeabi_memset                         
0001a991  __aeabi_memset4                        
0001a991  __aeabi_memset8                        
0001a9c9  TI_memset_small                        
0001a9d7  _Z13ST7735_renamePKcS0_                
0001a9e5  __aeabi_memclr                         
0001a9e5  __aeabi_memclr4                        
0001a9e5  __aeabi_memclr8                        
0001a9f1  malloc                                 
0001a9fd  _Z12ST7735_closei                      
0001aa07  _Z13ST7735_unlinkPKc                   
0001aa11  _Z8PLL_Initv                           
0001aa1b  _ZN5State5logicEP4Game                 
0001aa25  _ZN8WinState7displayEP4Game            
0001aa39  __aeabi_errno_addr                     
0001aa41  __aeabi_memcpy                         
0001aa41  __aeabi_memcpy4                        
0001aa41  __aeabi_memcpy8                        
0001aa49  remove                                 
0001aa51  abort                                  
0001aa56  C$$EXIT                                
0001aa57  HOSTexit                               
0001aa5b  Reset_Handler                          
0001aa5f  _system_pre_init                       
0001aa70  SHT$$INIT_ARRAY$$Base                  
0001aa74  SHT$$INIT_ARRAY$$Limit                 
0001aaec  __TI_Handler_Table_Base                
0001aaf8  __TI_Handler_Table_Limit               
0001ab00  __TI_CINIT_Base                        
0001ab10  __TI_CINIT_Limit                       
0001ab10  __TI_CINIT_Warm                        
20200000  __start___llvm_prf_bits                
20200000  __start___llvm_prf_cnts                
20200000  __stop___llvm_prf_bits                 
20200000  __stop___llvm_prf_cnts                 
20200000  game                                   
20200118  _ftable                                
20200208  _device                                
20200280  _stream                                
202002d0  __TI_cleanup_ptr                       
202002d4  __TI_dtors_ptr                         
202002d8  BusFreq                                
202002dc  StX                                    
202002e0  StY                                    
202002e4  __TI_ft_end                            
202002e8  __aeabi_errno                          
202002ec  _lock                                  
202002f0  _unlock                                
202002f4  StTextColor                            
202002fa  d1                                     
202002fb  d2                                     
20200308  _sys_memory                            
20200508  _CIOBUF_                               
20200508  __CIOBUF_                              
20200628  __TI_tmpnams                           
202006c8  parmbuf                                
202006d0  REST_P1                                
202006d4  REST_P2                                
202006d8  SoundArr                               
202006dc  SoundCount                             
202006e0  r1                                     
202006e4  r2                                     
20207e00  __stack                                
20208000  __STACK_END                            
ffffffff  __TI_pprof_out_hndl                    
ffffffff  __TI_prof_data_size                    
ffffffff  __TI_prof_data_start                   
ffffffff  __binit__                              
ffffffff  binit                                  
UNDEFED   __mpu_init                             
UNDEFED   _system_post_cinit                     

[263 symbols]
