<?xml version="1.0" encoding="ISO-8859-1" ?>
<link_info>
   <banner>TI ARM Clang Linker PC v4.0.4.LTS</banner>
   <copyright>Copyright (c) 1996-2018 Texas Instruments Incorporated</copyright>
   <command_line>C:\ti\ccs2030\ccs\tools\compiler\ti-cgt-armllvm_4.0.4.LTS\bin\tiarmlnk -IC:\ti\ccs2030\ccs\tools\compiler\ti-cgt-armllvm_4.0.4.LTS\lib -o ECE319K_Lab9H.out -mECE319K_Lab9H.map --heap_size=512 --stack_size=512 -iC:/Users/conno/OneDrive/Documents/1_School/UT/319H/ECE319K_Lab9H/Debug/syscfg -iC:/ti/ccs2030/ccs/tools/compiler/ti-cgt-armllvm_4.0.4.LTS/lib --diag_wrap=off --display_error_number --warn_sections --xml_link_info=ECE319K_Lab9H_linkInfo.xml --rom_model ./Clock.o ./DAC5.o ./LED.o ./Lab9HMain.o ./LaunchPad.o ./NES - Punch-Out!! - Miscellaneous - Boxing Rings.o ./SPI.o ./ST7735.o ./SlidePot.o ./SmallFont.o ./Sound.o ./Switch.o ./TExaS.o ./Timer.o ./connors_display_helper.o ./game_structs.o ./gameimages.o ./valvano.o ./valvano_punch.o ./valvano_rgb565.o ./yerballi.o ./yerballi_rgb565.o ./images/pipedreams/PipeSound.o ./ticlang/startup_mspm0g3507_ticlang.o ../mspm0g3507.cmd -lC:/ti/mspm0_sdk_2_06_00_05/source/ti/driverlib/lib/ticlang/m0p/mspm0g1x0x_g3x0x/driverlib.a -llibc.a --start-group -llibc++.a -llibc++abi.a -llibc.a -llibsys.a -llibsysbm.a -llibclang_rt.builtins.a -llibclang_rt.profile.a --end-group --cg_opt_level=0</command_line>
   <link_time>0x69e1b53e</link_time>
   <link_errors>0x0</link_errors>
   <output_file>C:\Users\conno\OneDrive\Documents\1_School\UT\319H\ECE319K_Lab9H\Debug\ECE319K_Lab9H.out</output_file>
   <entry_point>
      <name>_c_int00_noargs</name>
      <address>0x182f1</address>
   </entry_point>
   <input_file_list>
      <input_file id="fl-1">
         <path>C:\Users\conno\OneDrive\Documents\1_School\UT\319H\ECE319K_Lab9H\Debug\.\</path>
         <kind>object</kind>
         <file>Clock.o</file>
         <name>Clock.o</name>
      </input_file>
      <input_file id="fl-2">
         <path>C:\Users\conno\OneDrive\Documents\1_School\UT\319H\ECE319K_Lab9H\Debug\.\</path>
         <kind>object</kind>
         <file>DAC5.o</file>
         <name>DAC5.o</name>
      </input_file>
      <input_file id="fl-3">
         <path>C:\Users\conno\OneDrive\Documents\1_School\UT\319H\ECE319K_Lab9H\Debug\.\</path>
         <kind>object</kind>
         <file>LED.o</file>
         <name>LED.o</name>
      </input_file>
      <input_file id="fl-4">
         <path>C:\Users\conno\OneDrive\Documents\1_School\UT\319H\ECE319K_Lab9H\Debug\.\</path>
         <kind>object</kind>
         <file>Lab9HMain.o</file>
         <name>Lab9HMain.o</name>
      </input_file>
      <input_file id="fl-5">
         <path>C:\Users\conno\OneDrive\Documents\1_School\UT\319H\ECE319K_Lab9H\Debug\.\</path>
         <kind>object</kind>
         <file>LaunchPad.o</file>
         <name>LaunchPad.o</name>
      </input_file>
      <input_file id="fl-6">
         <path>C:\Users\conno\OneDrive\Documents\1_School\UT\319H\ECE319K_Lab9H\Debug\.\</path>
         <kind>object</kind>
         <file>NES - Punch-Out!! - Miscellaneous - Boxing Rings.o</file>
         <name>NES - Punch-Out!! - Miscellaneous - Boxing Rings.o</name>
      </input_file>
      <input_file id="fl-7">
         <path>C:\Users\conno\OneDrive\Documents\1_School\UT\319H\ECE319K_Lab9H\Debug\.\</path>
         <kind>object</kind>
         <file>SPI.o</file>
         <name>SPI.o</name>
      </input_file>
      <input_file id="fl-8">
         <path>C:\Users\conno\OneDrive\Documents\1_School\UT\319H\ECE319K_Lab9H\Debug\.\</path>
         <kind>object</kind>
         <file>ST7735.o</file>
         <name>ST7735.o</name>
      </input_file>
      <input_file id="fl-9">
         <path>C:\Users\conno\OneDrive\Documents\1_School\UT\319H\ECE319K_Lab9H\Debug\.\</path>
         <kind>object</kind>
         <file>SlidePot.o</file>
         <name>SlidePot.o</name>
      </input_file>
      <input_file id="fl-a">
         <path>C:\Users\conno\OneDrive\Documents\1_School\UT\319H\ECE319K_Lab9H\Debug\.\</path>
         <kind>object</kind>
         <file>SmallFont.o</file>
         <name>SmallFont.o</name>
      </input_file>
      <input_file id="fl-b">
         <path>C:\Users\conno\OneDrive\Documents\1_School\UT\319H\ECE319K_Lab9H\Debug\.\</path>
         <kind>object</kind>
         <file>Sound.o</file>
         <name>Sound.o</name>
      </input_file>
      <input_file id="fl-c">
         <path>C:\Users\conno\OneDrive\Documents\1_School\UT\319H\ECE319K_Lab9H\Debug\.\</path>
         <kind>object</kind>
         <file>Switch.o</file>
         <name>Switch.o</name>
      </input_file>
      <input_file id="fl-d">
         <path>C:\Users\conno\OneDrive\Documents\1_School\UT\319H\ECE319K_Lab9H\Debug\.\</path>
         <kind>object</kind>
         <file>TExaS.o</file>
         <name>TExaS.o</name>
      </input_file>
      <input_file id="fl-e">
         <path>C:\Users\conno\OneDrive\Documents\1_School\UT\319H\ECE319K_Lab9H\Debug\.\</path>
         <kind>object</kind>
         <file>Timer.o</file>
         <name>Timer.o</name>
      </input_file>
      <input_file id="fl-f">
         <path>C:\Users\conno\OneDrive\Documents\1_School\UT\319H\ECE319K_Lab9H\Debug\.\</path>
         <kind>object</kind>
         <file>connors_display_helper.o</file>
         <name>connors_display_helper.o</name>
      </input_file>
      <input_file id="fl-10">
         <path>C:\Users\conno\OneDrive\Documents\1_School\UT\319H\ECE319K_Lab9H\Debug\.\</path>
         <kind>object</kind>
         <file>game_structs.o</file>
         <name>game_structs.o</name>
      </input_file>
      <input_file id="fl-11">
         <path>C:\Users\conno\OneDrive\Documents\1_School\UT\319H\ECE319K_Lab9H\Debug\.\</path>
         <kind>object</kind>
         <file>gameimages.o</file>
         <name>gameimages.o</name>
      </input_file>
      <input_file id="fl-12">
         <path>C:\Users\conno\OneDrive\Documents\1_School\UT\319H\ECE319K_Lab9H\Debug\.\</path>
         <kind>object</kind>
         <file>valvano.o</file>
         <name>valvano.o</name>
      </input_file>
      <input_file id="fl-13">
         <path>C:\Users\conno\OneDrive\Documents\1_School\UT\319H\ECE319K_Lab9H\Debug\.\</path>
         <kind>object</kind>
         <file>valvano_punch.o</file>
         <name>valvano_punch.o</name>
      </input_file>
      <input_file id="fl-14">
         <path>C:\Users\conno\OneDrive\Documents\1_School\UT\319H\ECE319K_Lab9H\Debug\.\</path>
         <kind>object</kind>
         <file>valvano_rgb565.o</file>
         <name>valvano_rgb565.o</name>
      </input_file>
      <input_file id="fl-15">
         <path>C:\Users\conno\OneDrive\Documents\1_School\UT\319H\ECE319K_Lab9H\Debug\.\</path>
         <kind>object</kind>
         <file>yerballi.o</file>
         <name>yerballi.o</name>
      </input_file>
      <input_file id="fl-16">
         <path>C:\Users\conno\OneDrive\Documents\1_School\UT\319H\ECE319K_Lab9H\Debug\.\</path>
         <kind>object</kind>
         <file>yerballi_rgb565.o</file>
         <name>yerballi_rgb565.o</name>
      </input_file>
      <input_file id="fl-17">
         <path>C:\Users\conno\OneDrive\Documents\1_School\UT\319H\ECE319K_Lab9H\Debug\.\images\pipedreams\</path>
         <kind>object</kind>
         <file>PipeSound.o</file>
         <name>PipeSound.o</name>
      </input_file>
      <input_file id="fl-18">
         <path>C:\Users\conno\OneDrive\Documents\1_School\UT\319H\ECE319K_Lab9H\Debug\.\ticlang\</path>
         <kind>object</kind>
         <file>startup_mspm0g3507_ticlang.o</file>
         <name>startup_mspm0g3507_ticlang.o</name>
      </input_file>
      <input_file id="fl-24">
         <path>C:\Users\conno\OneDrive\Documents\1_School\UT\319H\ECE319K_Lab9H\Debug\</path>
         <kind>object</kind>
         <file>&lt;internal&gt;</file>
         <name>&lt;internal&gt;</name>
      </input_file>
      <input_file id="fl-3b">
         <path>C:\ti\ccs2030\ccs\tools\compiler\ti-cgt-armllvm_4.0.4.LTS\lib\armv6m-ti-none-eabi\c\</path>
         <kind>archive</kind>
         <file>libc.a</file>
         <name>snprintf.c.obj</name>
      </input_file>
      <input_file id="fl-3c">
         <path>C:\ti\ccs2030\ccs\tools\compiler\ti-cgt-armllvm_4.0.4.LTS\lib\armv6m-ti-none-eabi\c\</path>
         <kind>archive</kind>
         <file>libc.a</file>
         <name>fopen.c.obj</name>
      </input_file>
      <input_file id="fl-3d">
         <path>C:\ti\ccs2030\ccs\tools\compiler\ti-cgt-armllvm_4.0.4.LTS\lib\armv6m-ti-none-eabi\c\</path>
         <kind>archive</kind>
         <file>libc.a</file>
         <name>setvbuf.c.obj</name>
      </input_file>
      <input_file id="fl-3e">
         <path>C:\ti\ccs2030\ccs\tools\compiler\ti-cgt-armllvm_4.0.4.LTS\lib\armv6m-ti-none-eabi\c\</path>
         <kind>archive</kind>
         <file>libc.a</file>
         <name>aeabi_portable.c.obj</name>
      </input_file>
      <input_file id="fl-3f">
         <path>C:\ti\ccs2030\ccs\tools\compiler\ti-cgt-armllvm_4.0.4.LTS\lib\armv6m-ti-none-eabi\c\</path>
         <kind>archive</kind>
         <file>libc.a</file>
         <name>exit.c.obj</name>
      </input_file>
      <input_file id="fl-40">
         <path>C:\ti\ccs2030\ccs\tools\compiler\ti-cgt-armllvm_4.0.4.LTS\lib\armv6m-ti-none-eabi\c\</path>
         <kind>archive</kind>
         <file>libc.a</file>
         <name>_lock.c.obj</name>
      </input_file>
      <input_file id="fl-41">
         <path>C:\ti\ccs2030\ccs\tools\compiler\ti-cgt-armllvm_4.0.4.LTS\lib\armv6m-ti-none-eabi\c\</path>
         <kind>archive</kind>
         <file>libc.a</file>
         <name>assert.c.obj</name>
      </input_file>
      <input_file id="fl-42">
         <path>C:\ti\ccs2030\ccs\tools\compiler\ti-cgt-armllvm_4.0.4.LTS\lib\armv6m-ti-none-eabi\c\</path>
         <kind>archive</kind>
         <file>libc.a</file>
         <name>defs.c.obj</name>
      </input_file>
      <input_file id="fl-43">
         <path>C:\ti\ccs2030\ccs\tools\compiler\ti-cgt-armllvm_4.0.4.LTS\lib\armv6m-ti-none-eabi\c\</path>
         <kind>archive</kind>
         <file>libc.a</file>
         <name>memory.c.obj</name>
      </input_file>
      <input_file id="fl-44">
         <path>C:\ti\ccs2030\ccs\tools\compiler\ti-cgt-armllvm_4.0.4.LTS\lib\armv6m-ti-none-eabi\c\</path>
         <kind>archive</kind>
         <file>libc.a</file>
         <name>boot_cortex_m.c.obj</name>
      </input_file>
      <input_file id="fl-45">
         <path>C:\ti\ccs2030\ccs\tools\compiler\ti-cgt-armllvm_4.0.4.LTS\lib\armv6m-ti-none-eabi\c\</path>
         <kind>archive</kind>
         <file>libc.a</file>
         <name>mathacl_init.c.obj</name>
      </input_file>
      <input_file id="fl-46">
         <path>C:\ti\ccs2030\ccs\tools\compiler\ti-cgt-armllvm_4.0.4.LTS\lib\armv6m-ti-none-eabi\c\</path>
         <kind>archive</kind>
         <file>libc.a</file>
         <name>autoinit.c.obj</name>
      </input_file>
      <input_file id="fl-47">
         <path>C:\ti\ccs2030\ccs\tools\compiler\ti-cgt-armllvm_4.0.4.LTS\lib\armv6m-ti-none-eabi\c\</path>
         <kind>archive</kind>
         <file>libc.a</file>
         <name>pre_init.c.obj</name>
      </input_file>
      <input_file id="fl-48">
         <path>C:\ti\ccs2030\ccs\tools\compiler\ti-cgt-armllvm_4.0.4.LTS\lib\armv6m-ti-none-eabi\c\</path>
         <kind>archive</kind>
         <file>libc.a</file>
         <name>cpy_tbl.c.obj</name>
      </input_file>
      <input_file id="fl-49">
         <path>C:\ti\ccs2030\ccs\tools\compiler\ti-cgt-armllvm_4.0.4.LTS\lib\armv6m-ti-none-eabi\c\</path>
         <kind>archive</kind>
         <file>libc.a</file>
         <name>copy_zero_init.c.obj</name>
      </input_file>
      <input_file id="fl-4a">
         <path>C:\ti\ccs2030\ccs\tools\compiler\ti-cgt-armllvm_4.0.4.LTS\lib\armv6m-ti-none-eabi\c\</path>
         <kind>archive</kind>
         <file>libc.a</file>
         <name>copy_decompress_none.c.obj</name>
      </input_file>
      <input_file id="fl-4b">
         <path>C:\ti\ccs2030\ccs\tools\compiler\ti-cgt-armllvm_4.0.4.LTS\lib\armv6m-ti-none-eabi\c\</path>
         <kind>archive</kind>
         <file>libc.a</file>
         <name>copy_decompress_lzss.c.obj</name>
      </input_file>
      <input_file id="fl-4c">
         <path>C:\ti\ccs2030\ccs\tools\compiler\ti-cgt-armllvm_4.0.4.LTS\lib\armv6m-ti-none-eabi\c\</path>
         <kind>archive</kind>
         <file>libc.a</file>
         <name>_printfi.c.obj</name>
      </input_file>
      <input_file id="fl-4d">
         <path>C:\ti\ccs2030\ccs\tools\compiler\ti-cgt-armllvm_4.0.4.LTS\lib\armv6m-ti-none-eabi\c\</path>
         <kind>archive</kind>
         <file>libc.a</file>
         <name>sprintf.c.obj</name>
      </input_file>
      <input_file id="fl-4e">
         <path>C:\ti\ccs2030\ccs\tools\compiler\ti-cgt-armllvm_4.0.4.LTS\lib\armv6m-ti-none-eabi\c\</path>
         <kind>archive</kind>
         <file>libc.a</file>
         <name>fclose.c.obj</name>
      </input_file>
      <input_file id="fl-4f">
         <path>C:\ti\ccs2030\ccs\tools\compiler\ti-cgt-armllvm_4.0.4.LTS\lib\armv6m-ti-none-eabi\c\</path>
         <kind>archive</kind>
         <file>libc.a</file>
         <name>fflush.c.obj</name>
      </input_file>
      <input_file id="fl-50">
         <path>C:\ti\ccs2030\ccs\tools\compiler\ti-cgt-armllvm_4.0.4.LTS\lib\armv6m-ti-none-eabi\c\</path>
         <kind>archive</kind>
         <file>libc.a</file>
         <name>fputs.c.obj</name>
      </input_file>
      <input_file id="fl-51">
         <path>C:\ti\ccs2030\ccs\tools\compiler\ti-cgt-armllvm_4.0.4.LTS\lib\armv6m-ti-none-eabi\c\</path>
         <kind>archive</kind>
         <file>libc.a</file>
         <name>_io_perm.c.obj</name>
      </input_file>
      <input_file id="fl-52">
         <path>C:\ti\ccs2030\ccs\tools\compiler\ti-cgt-armllvm_4.0.4.LTS\lib\armv6m-ti-none-eabi\c\</path>
         <kind>archive</kind>
         <file>libc.a</file>
         <name>_ltoa.c.obj</name>
      </input_file>
      <input_file id="fl-53">
         <path>C:\ti\ccs2030\ccs\tools\compiler\ti-cgt-armllvm_4.0.4.LTS\lib\armv6m-ti-none-eabi\c\</path>
         <kind>archive</kind>
         <file>libc.a</file>
         <name>args_main.c.obj</name>
      </input_file>
      <input_file id="fl-54">
         <path>C:\ti\ccs2030\ccs\tools\compiler\ti-cgt-armllvm_4.0.4.LTS\lib\armv6m-ti-none-eabi\c\</path>
         <kind>archive</kind>
         <file>libc.a</file>
         <name>atoi.c.obj</name>
      </input_file>
      <input_file id="fl-55">
         <path>C:\ti\ccs2030\ccs\tools\compiler\ti-cgt-armllvm_4.0.4.LTS\lib\armv6m-ti-none-eabi\c\</path>
         <kind>archive</kind>
         <file>libc.a</file>
         <name>memccpy.c.obj</name>
      </input_file>
      <input_file id="fl-56">
         <path>C:\ti\ccs2030\ccs\tools\compiler\ti-cgt-armllvm_4.0.4.LTS\lib\armv6m-ti-none-eabi\c\</path>
         <kind>archive</kind>
         <file>libc.a</file>
         <name>s_frexp.c.obj</name>
      </input_file>
      <input_file id="fl-57">
         <path>C:\ti\ccs2030\ccs\tools\compiler\ti-cgt-armllvm_4.0.4.LTS\lib\armv6m-ti-none-eabi\c\</path>
         <kind>archive</kind>
         <file>libc.a</file>
         <name>s_scalbn.c.obj</name>
      </input_file>
      <input_file id="fl-58">
         <path>C:\ti\ccs2030\ccs\tools\compiler\ti-cgt-armllvm_4.0.4.LTS\lib\armv6m-ti-none-eabi\c\</path>
         <kind>archive</kind>
         <file>libc.a</file>
         <name>wcslen.c.obj</name>
      </input_file>
      <input_file id="fl-59">
         <path>C:\ti\ccs2030\ccs\tools\compiler\ti-cgt-armllvm_4.0.4.LTS\lib\armv6m-ti-none-eabi\c\</path>
         <kind>archive</kind>
         <file>libc.a</file>
         <name>fseek.c.obj</name>
      </input_file>
      <input_file id="fl-5a">
         <path>C:\ti\ccs2030\ccs\tools\compiler\ti-cgt-armllvm_4.0.4.LTS\lib\armv6m-ti-none-eabi\c\</path>
         <kind>archive</kind>
         <file>libc.a</file>
         <name>aeabi_ctype.S.obj</name>
      </input_file>
      <input_file id="fl-fa">
         <path>C:\ti\ccs2030\ccs\tools\compiler\ti-cgt-armllvm_4.0.4.LTS\lib\armv6m-ti-none-eabi\c\</path>
         <kind>archive</kind>
         <file>libsysbm.a</file>
         <name>hostexit.c.obj</name>
      </input_file>
      <input_file id="fl-fb">
         <path>C:\ti\ccs2030\ccs\tools\compiler\ti-cgt-armllvm_4.0.4.LTS\lib\armv6m-ti-none-eabi\c\</path>
         <kind>archive</kind>
         <file>libsysbm.a</file>
         <name>write.c.obj</name>
      </input_file>
      <input_file id="fl-fc">
         <path>C:\ti\ccs2030\ccs\tools\compiler\ti-cgt-armllvm_4.0.4.LTS\lib\armv6m-ti-none-eabi\c\</path>
         <kind>archive</kind>
         <file>libsysbm.a</file>
         <name>host_device.c.obj</name>
      </input_file>
      <input_file id="fl-fd">
         <path>C:\ti\ccs2030\ccs\tools\compiler\ti-cgt-armllvm_4.0.4.LTS\lib\armv6m-ti-none-eabi\c\</path>
         <kind>archive</kind>
         <file>libsysbm.a</file>
         <name>remove.c.obj</name>
      </input_file>
      <input_file id="fl-fe">
         <path>C:\ti\ccs2030\ccs\tools\compiler\ti-cgt-armllvm_4.0.4.LTS\lib\armv6m-ti-none-eabi\c\</path>
         <kind>archive</kind>
         <file>libsysbm.a</file>
         <name>open.c.obj</name>
      </input_file>
      <input_file id="fl-ff">
         <path>C:\ti\ccs2030\ccs\tools\compiler\ti-cgt-armllvm_4.0.4.LTS\lib\armv6m-ti-none-eabi\c\</path>
         <kind>archive</kind>
         <file>libsysbm.a</file>
         <name>lseek.c.obj</name>
      </input_file>
      <input_file id="fl-100">
         <path>C:\ti\ccs2030\ccs\tools\compiler\ti-cgt-armllvm_4.0.4.LTS\lib\armv6m-ti-none-eabi\c\</path>
         <kind>archive</kind>
         <file>libsysbm.a</file>
         <name>close.c.obj</name>
      </input_file>
      <input_file id="fl-101">
         <path>C:\ti\ccs2030\ccs\tools\compiler\ti-cgt-armllvm_4.0.4.LTS\lib\armv6m-ti-none-eabi\c\</path>
         <kind>archive</kind>
         <file>libsysbm.a</file>
         <name>add_device.c.obj</name>
      </input_file>
      <input_file id="fl-102">
         <path>C:\ti\ccs2030\ccs\tools\compiler\ti-cgt-armllvm_4.0.4.LTS\lib\armv6m-ti-none-eabi\c\</path>
         <kind>archive</kind>
         <file>libsysbm.a</file>
         <name>unlink.c.obj</name>
      </input_file>
      <input_file id="fl-103">
         <path>C:\ti\ccs2030\ccs\tools\compiler\ti-cgt-armllvm_4.0.4.LTS\lib\armv6m-ti-none-eabi\c\</path>
         <kind>archive</kind>
         <file>libsysbm.a</file>
         <name>hostclose.c.obj</name>
      </input_file>
      <input_file id="fl-104">
         <path>C:\ti\ccs2030\ccs\tools\compiler\ti-cgt-armllvm_4.0.4.LTS\lib\armv6m-ti-none-eabi\c\</path>
         <kind>archive</kind>
         <file>libsysbm.a</file>
         <name>hostlseek.c.obj</name>
      </input_file>
      <input_file id="fl-105">
         <path>C:\ti\ccs2030\ccs\tools\compiler\ti-cgt-armllvm_4.0.4.LTS\lib\armv6m-ti-none-eabi\c\</path>
         <kind>archive</kind>
         <file>libsysbm.a</file>
         <name>hostopen.c.obj</name>
      </input_file>
      <input_file id="fl-106">
         <path>C:\ti\ccs2030\ccs\tools\compiler\ti-cgt-armllvm_4.0.4.LTS\lib\armv6m-ti-none-eabi\c\</path>
         <kind>archive</kind>
         <file>libsysbm.a</file>
         <name>hostread.c.obj</name>
      </input_file>
      <input_file id="fl-107">
         <path>C:\ti\ccs2030\ccs\tools\compiler\ti-cgt-armllvm_4.0.4.LTS\lib\armv6m-ti-none-eabi\c\</path>
         <kind>archive</kind>
         <file>libsysbm.a</file>
         <name>hostrename.c.obj</name>
      </input_file>
      <input_file id="fl-108">
         <path>C:\ti\ccs2030\ccs\tools\compiler\ti-cgt-armllvm_4.0.4.LTS\lib\armv6m-ti-none-eabi\c\</path>
         <kind>archive</kind>
         <file>libsysbm.a</file>
         <name>hostunlink.c.obj</name>
      </input_file>
      <input_file id="fl-109">
         <path>C:\ti\ccs2030\ccs\tools\compiler\ti-cgt-armllvm_4.0.4.LTS\lib\armv6m-ti-none-eabi\c\</path>
         <kind>archive</kind>
         <file>libsysbm.a</file>
         <name>hostwrite.c.obj</name>
      </input_file>
      <input_file id="fl-10a">
         <path>C:\ti\ccs2030\ccs\tools\compiler\ti-cgt-armllvm_4.0.4.LTS\lib\armv6m-ti-none-eabi\c\</path>
         <kind>archive</kind>
         <file>libsysbm.a</file>
         <name>trgmsg.c.obj</name>
      </input_file>
      <input_file id="fl-10b">
         <path>C:\ti\ccs2030\ccs\tools\compiler\ti-cgt-armllvm_4.0.4.LTS\lib\armv6m-ti-none-eabi\</path>
         <kind>archive</kind>
         <file>libclang_rt.builtins.a</file>
         <name>adddf3.S.obj</name>
      </input_file>
      <input_file id="fl-10c">
         <path>C:\ti\ccs2030\ccs\tools\compiler\ti-cgt-armllvm_4.0.4.LTS\lib\armv6m-ti-none-eabi\</path>
         <kind>archive</kind>
         <file>libclang_rt.builtins.a</file>
         <name>muldf3.S.obj</name>
      </input_file>
      <input_file id="fl-10d">
         <path>C:\ti\ccs2030\ccs\tools\compiler\ti-cgt-armllvm_4.0.4.LTS\lib\armv6m-ti-none-eabi\</path>
         <kind>archive</kind>
         <file>libclang_rt.builtins.a</file>
         <name>muldsi3.S.obj</name>
      </input_file>
      <input_file id="fl-10e">
         <path>C:\ti\ccs2030\ccs\tools\compiler\ti-cgt-armllvm_4.0.4.LTS\lib\armv6m-ti-none-eabi\</path>
         <kind>archive</kind>
         <file>libclang_rt.builtins.a</file>
         <name>divdf3.S.obj</name>
      </input_file>
      <input_file id="fl-10f">
         <path>C:\ti\ccs2030\ccs\tools\compiler\ti-cgt-armllvm_4.0.4.LTS\lib\armv6m-ti-none-eabi\</path>
         <kind>archive</kind>
         <file>libclang_rt.builtins.a</file>
         <name>fixdfsi.S.obj</name>
      </input_file>
      <input_file id="fl-110">
         <path>C:\ti\ccs2030\ccs\tools\compiler\ti-cgt-armllvm_4.0.4.LTS\lib\armv6m-ti-none-eabi\</path>
         <kind>archive</kind>
         <file>libclang_rt.builtins.a</file>
         <name>floatsidf.S.obj</name>
      </input_file>
      <input_file id="fl-111">
         <path>C:\ti\ccs2030\ccs\tools\compiler\ti-cgt-armllvm_4.0.4.LTS\lib\armv6m-ti-none-eabi\</path>
         <kind>archive</kind>
         <file>libclang_rt.builtins.a</file>
         <name>floatunsidf.S.obj</name>
      </input_file>
      <input_file id="fl-112">
         <path>C:\ti\ccs2030\ccs\tools\compiler\ti-cgt-armllvm_4.0.4.LTS\lib\armv6m-ti-none-eabi\</path>
         <kind>archive</kind>
         <file>libclang_rt.builtins.a</file>
         <name>muldi3.S.obj</name>
      </input_file>
      <input_file id="fl-113">
         <path>C:\ti\ccs2030\ccs\tools\compiler\ti-cgt-armllvm_4.0.4.LTS\lib\armv6m-ti-none-eabi\</path>
         <kind>archive</kind>
         <file>libclang_rt.builtins.a</file>
         <name>truncdfsf2.S.obj</name>
      </input_file>
      <input_file id="fl-114">
         <path>C:\ti\ccs2030\ccs\tools\compiler\ti-cgt-armllvm_4.0.4.LTS\lib\armv6m-ti-none-eabi\</path>
         <kind>archive</kind>
         <file>libclang_rt.builtins.a</file>
         <name>aeabi_dcmp.S.obj</name>
      </input_file>
      <input_file id="fl-115">
         <path>C:\ti\ccs2030\ccs\tools\compiler\ti-cgt-armllvm_4.0.4.LTS\lib\armv6m-ti-none-eabi\</path>
         <kind>archive</kind>
         <file>libclang_rt.builtins.a</file>
         <name>aeabi_idivmod.S.obj</name>
      </input_file>
      <input_file id="fl-116">
         <path>C:\ti\ccs2030\ccs\tools\compiler\ti-cgt-armllvm_4.0.4.LTS\lib\armv6m-ti-none-eabi\</path>
         <kind>archive</kind>
         <file>libclang_rt.builtins.a</file>
         <name>aeabi_memcpy.S.obj</name>
      </input_file>
      <input_file id="fl-117">
         <path>C:\ti\ccs2030\ccs\tools\compiler\ti-cgt-armllvm_4.0.4.LTS\lib\armv6m-ti-none-eabi\</path>
         <kind>archive</kind>
         <file>libclang_rt.builtins.a</file>
         <name>aeabi_memset.S.obj</name>
      </input_file>
      <input_file id="fl-118">
         <path>C:\ti\ccs2030\ccs\tools\compiler\ti-cgt-armllvm_4.0.4.LTS\lib\armv6m-ti-none-eabi\</path>
         <kind>archive</kind>
         <file>libclang_rt.builtins.a</file>
         <name>aeabi_uidivmod.S.obj</name>
      </input_file>
      <input_file id="fl-119">
         <path>C:\ti\ccs2030\ccs\tools\compiler\ti-cgt-armllvm_4.0.4.LTS\lib\armv6m-ti-none-eabi\</path>
         <kind>archive</kind>
         <file>libclang_rt.builtins.a</file>
         <name>aeabi_uldivmod.S.obj</name>
      </input_file>
      <input_file id="fl-11a">
         <path>C:\ti\ccs2030\ccs\tools\compiler\ti-cgt-armllvm_4.0.4.LTS\lib\armv6m-ti-none-eabi\</path>
         <kind>archive</kind>
         <file>libclang_rt.builtins.a</file>
         <name>udivmoddi4.S.obj</name>
      </input_file>
      <input_file id="fl-11b">
         <path>C:\ti\ccs2030\ccs\tools\compiler\ti-cgt-armllvm_4.0.4.LTS\lib\armv6m-ti-none-eabi\</path>
         <kind>archive</kind>
         <file>libclang_rt.builtins.a</file>
         <name>ashldi3.S.obj</name>
      </input_file>
      <input_file id="fl-11c">
         <path>C:\ti\ccs2030\ccs\tools\compiler\ti-cgt-armllvm_4.0.4.LTS\lib\armv6m-ti-none-eabi\</path>
         <kind>archive</kind>
         <file>libclang_rt.builtins.a</file>
         <name>comparedf2.c.obj</name>
      </input_file>
      <input_file id="fl-11d">
         <path>C:\ti\ccs2030\ccs\tools\compiler\ti-cgt-armllvm_4.0.4.LTS\lib\armv6m-ti-none-eabi\</path>
         <kind>archive</kind>
         <file>libclang_rt.builtins.a</file>
         <name>aeabi_div0.c.obj</name>
      </input_file>
      <input_file id="fl-11e">
         <path>C:\ti\ccs2030\ccs\tools\compiler\ti-cgt-armllvm_4.0.4.LTS\lib\armv6m-ti-none-eabi\c\</path>
         <kind>archive</kind>
         <file>libc.a</file>
         <name>getdevice.c.obj</name>
      </input_file>
      <input_file id="fl-11f">
         <path>C:\ti\ccs2030\ccs\tools\compiler\ti-cgt-armllvm_4.0.4.LTS\lib\armv6m-ti-none-eabi\c\</path>
         <kind>archive</kind>
         <file>libc.a</file>
         <name>memcpy16.S.obj</name>
      </input_file>
      <input_file id="fl-120">
         <path>C:\ti\ccs2030\ccs\tools\compiler\ti-cgt-armllvm_4.0.4.LTS\lib\armv6m-ti-none-eabi\c\</path>
         <kind>archive</kind>
         <file>libc.a</file>
         <name>memset16.S.obj</name>
      </input_file>
      <input_file id="fl-121">
         <path>C:\ti\ccs2030\ccs\tools\compiler\ti-cgt-armllvm_4.0.4.LTS\lib\armv6m-ti-none-eabi\c\</path>
         <kind>archive</kind>
         <file>libc.a</file>
         <name>strcmp-armv6m.S.obj</name>
      </input_file>
   </input_file_list>
   <object_component_list>
      <object_component id="oc-18">
         <name>.intvecs</name>
         <load_address>0x0</load_address>
         <readonly>true</readonly>
         <run_address>0x0</run_address>
         <size>0xc0</size>
         <alignment>0x4</alignment>
         <input_file_ref idref="fl-18"/>
      </object_component>
      <object_component id="oc-270">
         <name>.text:__TI_printfi_nofloat</name>
         <load_address>0x14ac0</load_address>
         <readonly>true</readonly>
         <executable>true</executable>
         <run_address>0x14ac0</run_address>
         <size>0x868</size>
         <alignment>0x4</alignment>
         <input_file_ref idref="fl-4c"/>
      </object_component>
      <object_component id="oc-23f">
         <name>.text._Z17ST7735_DrawBitmapssPKtss</name>
         <load_address>0x15328</load_address>
         <readonly>true</readonly>
         <executable>true</executable>
         <run_address>0x15328</run_address>
         <size>0x210</size>
         <alignment>0x4</alignment>
         <input_file_ref idref="fl-8"/>
      </object_component>
      <object_component id="oc-1e3">
         <name>.text._ZN9Atk1State7displayEP4Game</name>
         <load_address>0x15538</load_address>
         <readonly>true</readonly>
         <executable>true</executable>
         <run_address>0x15538</run_address>
         <size>0x1e0</size>
         <alignment>0x4</alignment>
         <input_file_ref idref="fl-10"/>
      </object_component>
      <object_component id="oc-ec">
         <name>.text._Z15Clock_Init80MHzi</name>
         <load_address>0x15718</load_address>
         <readonly>true</readonly>
         <executable>true</executable>
         <run_address>0x15718</run_address>
         <size>0x1b4</size>
         <alignment>0x4</alignment>
         <input_file_ref idref="fl-1"/>
      </object_component>
      <object_component id="oc-1d7">
         <name>.text._Z16ST7735_DrawCharSsscssh</name>
         <load_address>0x158cc</load_address>
         <readonly>true</readonly>
         <executable>true</executable>
         <run_address>0x158cc</run_address>
         <size>0x1a0</size>
         <alignment>0x4</alignment>
         <input_file_ref idref="fl-8"/>
      </object_component>
      <object_component id="oc-161">
         <name>.text._openfile</name>
         <load_address>0x15a6c</load_address>
         <readonly>true</readonly>
         <executable>true</executable>
         <run_address>0x15a6c</run_address>
         <size>0x154</size>
         <alignment>0x4</alignment>
         <input_file_ref idref="fl-3c"/>
      </object_component>
      <object_component id="oc-125">
         <name>.text._Z8ADC_InitP10ADC12_Regsjj</name>
         <load_address>0x15bc0</load_address>
         <readonly>true</readonly>
         <executable>true</executable>
         <run_address>0x15bc0</run_address>
         <size>0x128</size>
         <alignment>0x4</alignment>
         <input_file_ref idref="fl-d"/>
      </object_component>
      <object_component id="oc-235">
         <name>.text._Z16CDH_DrawBitmap2xssPKtss</name>
         <load_address>0x15ce8</load_address>
         <readonly>true</readonly>
         <executable>true</executable>
         <run_address>0x15ce8</run_address>
         <size>0x124</size>
         <alignment>0x2</alignment>
         <input_file_ref idref="fl-f"/>
      </object_component>
      <object_component id="oc-113">
         <name>.text._Z15ST7735_FillRectsssst</name>
         <load_address>0x15e0c</load_address>
         <readonly>true</readonly>
         <executable>true</executable>
         <run_address>0x15e0c</run_address>
         <size>0x118</size>
         <alignment>0x4</alignment>
         <input_file_ref idref="fl-8"/>
      </object_component>
      <object_component id="oc-1d5">
         <name>.text.aligned_alloc</name>
         <load_address>0x15f24</load_address>
         <readonly>true</readonly>
         <executable>true</executable>
         <run_address>0x15f24</run_address>
         <size>0x114</size>
         <alignment>0x4</alignment>
         <input_file_ref idref="fl-43"/>
      </object_component>
      <object_component id="oc-191">
         <name>.text._Z8SPI_Initv</name>
         <load_address>0x16038</load_address>
         <readonly>true</readonly>
         <executable>true</executable>
         <run_address>0x16038</run_address>
         <size>0xf8</size>
         <alignment>0x4</alignment>
         <input_file_ref idref="fl-7"/>
      </object_component>
      <object_component id="oc-b0">
         <name>.text._Z18ST7735_SetRotationh</name>
         <load_address>0x16130</load_address>
         <readonly>true</readonly>
         <executable>true</executable>
         <run_address>0x16130</run_address>
         <size>0xf4</size>
         <alignment>0x4</alignment>
         <input_file_ref idref="fl-8"/>
      </object_component>
      <object_component id="oc-f5">
         <name>.text.add_device</name>
         <load_address>0x16224</load_address>
         <readonly>true</readonly>
         <executable>true</executable>
         <run_address>0x16224</run_address>
         <size>0xec</size>
         <alignment>0x4</alignment>
         <input_file_ref idref="fl-101"/>
      </object_component>
      <object_component id="oc-241">
         <name>.text._Z25CDH_DrawBitmapTransparentssPKtsst</name>
         <load_address>0x16310</load_address>
         <readonly>true</readonly>
         <executable>true</executable>
         <run_address>0x16310</run_address>
         <size>0xea</size>
         <alignment>0x2</alignment>
         <input_file_ref idref="fl-f"/>
      </object_component>
      <object_component id="oc-38">
         <name>.text.SysTick_Handler</name>
         <load_address>0x163fa</load_address>
         <readonly>true</readonly>
         <executable>true</executable>
         <run_address>0x163fa</run_address>
         <size>0x2</size>
         <alignment>0x2</alignment>
         <input_file_ref idref="fl-b"/>
      </object_component>
      <object_component id="oc-127">
         <name>.text._Z9UART_Initv</name>
         <load_address>0x163fc</load_address>
         <readonly>true</readonly>
         <executable>true</executable>
         <run_address>0x163fc</run_address>
         <size>0xe8</size>
         <alignment>0x4</alignment>
         <input_file_ref idref="fl-d"/>
      </object_component>
      <object_component id="oc-16a">
         <name>.text.free</name>
         <load_address>0x164e4</load_address>
         <readonly>true</readonly>
         <executable>true</executable>
         <run_address>0x164e4</run_address>
         <size>0xe8</size>
         <alignment>0x4</alignment>
         <input_file_ref idref="fl-43"/>
      </object_component>
      <object_component id="oc-100">
         <name>.text.setvbuf</name>
         <load_address>0x165cc</load_address>
         <readonly>true</readonly>
         <executable>true</executable>
         <run_address>0x165cc</run_address>
         <size>0xe0</size>
         <alignment>0x4</alignment>
         <input_file_ref idref="fl-3d"/>
      </object_component>
      <object_component id="oc-171">
         <name>.text._Z14ST7735_OutCharc</name>
         <load_address>0x166ac</load_address>
         <readonly>true</readonly>
         <executable>true</executable>
         <run_address>0x166ac</run_address>
         <size>0xd0</size>
         <alignment>0x4</alignment>
         <input_file_ref idref="fl-8"/>
      </object_component>
      <object_component id="oc-1f3">
         <name>.text._ZN18SwitchOffenceState7displayEP4Game</name>
         <load_address>0x1677c</load_address>
         <readonly>true</readonly>
         <executable>true</executable>
         <run_address>0x1677c</run_address>
         <size>0xbc</size>
         <alignment>0x4</alignment>
         <input_file_ref idref="fl-10"/>
      </object_component>
      <object_component id="oc-240">
         <name>.text._Z20ST7735_DrawFastVLinessst</name>
         <load_address>0x16838</load_address>
         <readonly>true</readonly>
         <executable>true</executable>
         <run_address>0x16838</run_address>
         <size>0xb0</size>
         <alignment>0x4</alignment>
         <input_file_ref idref="fl-8"/>
      </object_component>
      <object_component id="oc-12d">
         <name>.text._Z14TimerG7_IntArmtjj</name>
         <load_address>0x168e8</load_address>
         <readonly>true</readonly>
         <executable>true</executable>
         <run_address>0x168e8</run_address>
         <size>0xa8</size>
         <alignment>0x4</alignment>
         <input_file_ref idref="fl-e"/>
      </object_component>
      <object_component id="oc-14b">
         <name>.text._ZL11commandListPKh</name>
         <load_address>0x16990</load_address>
         <readonly>true</readonly>
         <executable>true</executable>
         <run_address>0x16990</run_address>
         <size>0xa2</size>
         <alignment>0x2</alignment>
         <input_file_ref idref="fl-8"/>
      </object_component>
      <object_component id="oc-c0">
         <name>.text._Z10Sound_Initv</name>
         <load_address>0x16a32</load_address>
         <readonly>true</readonly>
         <executable>true</executable>
         <run_address>0x16a32</run_address>
         <size>0x2</size>
         <alignment>0x2</alignment>
         <input_file_ref idref="fl-b"/>
      </object_component>
      <object_component id="oc-2ac">
         <name>.text</name>
         <load_address>0x16a34</load_address>
         <readonly>true</readonly>
         <executable>true</executable>
         <run_address>0x16a34</run_address>
         <size>0xa2</size>
         <alignment>0x4</alignment>
         <input_file_ref idref="fl-11a"/>
      </object_component>
      <object_component id="oc-178">
         <name>.text.__aeabi_idiv0</name>
         <load_address>0x16ad6</load_address>
         <readonly>true</readonly>
         <executable>true</executable>
         <run_address>0x16ad6</run_address>
         <size>0x2</size>
         <alignment>0x2</alignment>
         <input_file_ref idref="fl-11d"/>
      </object_component>
      <object_component id="oc-aa">
         <name>.text._Z17ST7735_InitPrintf10initRFlags</name>
         <load_address>0x16ad8</load_address>
         <readonly>true</readonly>
         <executable>true</executable>
         <run_address>0x16ad8</run_address>
         <size>0xa0</size>
         <alignment>0x4</alignment>
         <input_file_ref idref="fl-8"/>
      </object_component>
      <object_component id="oc-1bd">
         <name>.text.open</name>
         <load_address>0x16b78</load_address>
         <readonly>true</readonly>
         <executable>true</executable>
         <run_address>0x16b78</run_address>
         <size>0xa0</size>
         <alignment>0x4</alignment>
         <input_file_ref idref="fl-fe"/>
      </object_component>
      <object_component id="oc-f4">
         <name>.text._Z12ST7735_InitR10initRFlags</name>
         <load_address>0x16c18</load_address>
         <readonly>true</readonly>
         <executable>true</executable>
         <run_address>0x16c18</run_address>
         <size>0x98</size>
         <alignment>0x4</alignment>
         <input_file_ref idref="fl-8"/>
      </object_component>
      <object_component id="oc-c2">
         <name>.text._Z15TimerG12_IntArmjj</name>
         <load_address>0x16cb0</load_address>
         <readonly>true</readonly>
         <executable>true</executable>
         <run_address>0x16cb0</run_address>
         <size>0x94</size>
         <alignment>0x4</alignment>
         <input_file_ref idref="fl-e"/>
      </object_component>
      <object_component id="oc-242">
         <name>.text._Z14CDH_DrawStringttPcsii</name>
         <load_address>0x16d44</load_address>
         <readonly>true</readonly>
         <executable>true</executable>
         <run_address>0x16d44</run_address>
         <size>0x8e</size>
         <alignment>0x2</alignment>
         <input_file_ref idref="fl-f"/>
      </object_component>
      <object_component id="oc-2e1">
         <name>.text.__aeabi_ldiv0</name>
         <load_address>0x16dd2</load_address>
         <readonly>true</readonly>
         <executable>true</executable>
         <run_address>0x16dd2</run_address>
         <size>0x2</size>
         <alignment>0x2</alignment>
         <input_file_ref idref="fl-11d"/>
      </object_component>
      <object_component id="oc-175">
         <name>.text._ZL13setAddrWindowhhhh</name>
         <load_address>0x16dd4</load_address>
         <readonly>true</readonly>
         <executable>true</executable>
         <run_address>0x16dd4</run_address>
         <size>0x88</size>
         <alignment>0x4</alignment>
         <input_file_ref idref="fl-8"/>
      </object_component>
      <object_component id="oc-130">
         <name>.text.HOSTexit</name>
         <load_address>0x16e5c</load_address>
         <readonly>true</readonly>
         <executable>true</executable>
         <run_address>0x16e5c</run_address>
         <size>0x4</size>
         <alignment>0x2</alignment>
         <input_file_ref idref="fl-fa"/>
      </object_component>
      <object_component id="oc-195">
         <name>.text:strcmp</name>
         <load_address>0x16e60</load_address>
         <readonly>true</readonly>
         <executable>true</executable>
         <run_address>0x16e60</run_address>
         <size>0x88</size>
         <alignment>0x10</alignment>
         <input_file_ref idref="fl-121"/>
      </object_component>
      <object_component id="oc-1d6">
         <name>.text._Z17ST7735_DrawStringttPcs</name>
         <load_address>0x16ee8</load_address>
         <readonly>true</readonly>
         <executable>true</executable>
         <run_address>0x16ee8</run_address>
         <size>0x84</size>
         <alignment>0x2</alignment>
         <input_file_ref idref="fl-8"/>
      </object_component>
      <object_component id="oc-8b">
         <name>.text.main</name>
         <load_address>0x16f6c</load_address>
         <readonly>true</readonly>
         <executable>true</executable>
         <run_address>0x16f6c</run_address>
         <size>0x84</size>
         <alignment>0x4</alignment>
         <input_file_ref idref="fl-4"/>
      </object_component>
      <object_component id="oc-a5">
         <name>.text._Z14LaunchPad_Initv</name>
         <load_address>0x16ff0</load_address>
         <readonly>true</readonly>
         <executable>true</executable>
         <run_address>0x16ff0</run_address>
         <size>0x7c</size>
         <alignment>0x4</alignment>
         <input_file_ref idref="fl-5"/>
      </object_component>
      <object_component id="oc-b1">
         <name>.text._ZN8SlidePot4InitEv</name>
         <load_address>0x1706c</load_address>
         <readonly>true</readonly>
         <executable>true</executable>
         <run_address>0x1706c</run_address>
         <size>0x7c</size>
         <alignment>0x4</alignment>
         <input_file_ref idref="fl-9"/>
      </object_component>
      <object_component id="oc-164">
         <name>.text.__TI_closefile</name>
         <load_address>0x170e8</load_address>
         <readonly>true</readonly>
         <executable>true</executable>
         <run_address>0x170e8</run_address>
         <size>0x7c</size>
         <alignment>0x4</alignment>
         <input_file_ref idref="fl-4e"/>
      </object_component>
      <object_component id="oc-1c">
         <name>.text:decompress:lzss</name>
         <load_address>0x17164</load_address>
         <readonly>true</readonly>
         <executable>true</executable>
         <run_address>0x17164</run_address>
         <size>0x7c</size>
         <alignment>0x4</alignment>
         <input_file_ref idref="fl-4b"/>
      </object_component>
      <object_component id="oc-22e">
         <name>.text._Z16ST7735_DrawPixelsst</name>
         <load_address>0x171e0</load_address>
         <readonly>true</readonly>
         <executable>true</executable>
         <run_address>0x171e0</run_address>
         <size>0x70</size>
         <alignment>0x4</alignment>
         <input_file_ref idref="fl-8"/>
      </object_component>
      <object_component id="oc-1ab">
         <name>.text.HOSTlseek</name>
         <load_address>0x17250</load_address>
         <readonly>true</readonly>
         <executable>true</executable>
         <run_address>0x17250</run_address>
         <size>0x6c</size>
         <alignment>0x4</alignment>
         <input_file_ref idref="fl-104"/>
      </object_component>
      <object_component id="oc-1b3">
         <name>.text.HOSTrename</name>
         <load_address>0x172bc</load_address>
         <readonly>true</readonly>
         <executable>true</executable>
         <run_address>0x172bc</run_address>
         <size>0x6c</size>
         <alignment>0x4</alignment>
         <input_file_ref idref="fl-107"/>
      </object_component>
      <object_component id="oc-215">
         <name>.text.getdevice</name>
         <load_address>0x17328</load_address>
         <readonly>true</readonly>
         <executable>true</executable>
         <run_address>0x17328</run_address>
         <size>0x6c</size>
         <alignment>0x4</alignment>
         <input_file_ref idref="fl-11e"/>
      </object_component>
      <object_component id="oc-1ea">
         <name>.text._ZN9Atk3State5logicEP4Game</name>
         <load_address>0x17394</load_address>
         <readonly>true</readonly>
         <executable>true</executable>
         <run_address>0x17394</run_address>
         <size>0x6a</size>
         <alignment>0x2</alignment>
         <input_file_ref idref="fl-10"/>
      </object_component>
      <object_component id="oc-180">
         <name>.text._nop</name>
         <load_address>0x173fe</load_address>
         <readonly>true</readonly>
         <executable>true</executable>
         <run_address>0x173fe</run_address>
         <size>0x2</size>
         <alignment>0x2</alignment>
         <input_file_ref idref="fl-40"/>
      </object_component>
      <object_component id="oc-1df">
         <name>.text._ZN10StartState7displayEP4Game</name>
         <load_address>0x17400</load_address>
         <readonly>true</readonly>
         <executable>true</executable>
         <run_address>0x17400</run_address>
         <size>0x68</size>
         <alignment>0x4</alignment>
         <input_file_ref idref="fl-10"/>
      </object_component>
      <object_component id="oc-22c">
         <name>.text.split</name>
         <load_address>0x17468</load_address>
         <readonly>true</readonly>
         <executable>true</executable>
         <run_address>0x17468</run_address>
         <size>0x64</size>
         <alignment>0x4</alignment>
         <input_file_ref idref="fl-43"/>
      </object_component>
      <object_component id="oc-1e6">
         <name>.text._ZN9Atk2State5logicEP4Game</name>
         <load_address>0x174cc</load_address>
         <readonly>true</readonly>
         <executable>true</executable>
         <run_address>0x174cc</run_address>
         <size>0x62</size>
         <alignment>0x2</alignment>
         <input_file_ref idref="fl-10"/>
      </object_component>
      <object_component id="oc-19b">
         <name>.text.HOSTopen</name>
         <load_address>0x17530</load_address>
         <readonly>true</readonly>
         <executable>true</executable>
         <run_address>0x17530</run_address>
         <size>0x60</size>
         <alignment>0x4</alignment>
         <input_file_ref idref="fl-105"/>
      </object_component>
      <object_component id="oc-1f2">
         <name>.text._ZN18SwitchOffenceState5logicEP4Game</name>
         <load_address>0x17590</load_address>
         <readonly>true</readonly>
         <executable>true</executable>
         <run_address>0x17590</run_address>
         <size>0x60</size>
         <alignment>0x2</alignment>
         <input_file_ref idref="fl-10"/>
      </object_component>
      <object_component id="oc-1a3">
         <name>.text.HOSTread</name>
         <load_address>0x175f0</load_address>
         <readonly>true</readonly>
         <executable>true</executable>
         <run_address>0x175f0</run_address>
         <size>0x58</size>
         <alignment>0x4</alignment>
         <input_file_ref idref="fl-106"/>
      </object_component>
      <object_component id="oc-1a7">
         <name>.text.HOSTwrite</name>
         <load_address>0x17648</load_address>
         <readonly>true</readonly>
         <executable>true</executable>
         <run_address>0x17648</run_address>
         <size>0x58</size>
         <alignment>0x4</alignment>
         <input_file_ref idref="fl-109"/>
      </object_component>
      <object_component id="oc-c1">
         <name>.text._Z10TExaS_InitP10ADC12_RegsjPFhvE</name>
         <load_address>0x176a0</load_address>
         <readonly>true</readonly>
         <executable>true</executable>
         <run_address>0x176a0</run_address>
         <size>0x58</size>
         <alignment>0x4</alignment>
         <input_file_ref idref="fl-d"/>
      </object_component>
      <object_component id="oc-243">
         <name>.text.__aeabi_idivmod</name>
         <load_address>0x176f8</load_address>
         <readonly>true</readonly>
         <executable>true</executable>
         <run_address>0x176f8</run_address>
         <size>0x56</size>
         <alignment>0x4</alignment>
         <input_file_ref idref="fl-115"/>
      </object_component>
      <object_component id="oc-c7">
         <name>.text._ZN4Game4initEv</name>
         <load_address>0x17750</load_address>
         <readonly>true</readonly>
         <executable>true</executable>
         <run_address>0x17750</run_address>
         <size>0x54</size>
         <alignment>0x4</alignment>
         <input_file_ref idref="fl-10"/>
      </object_component>
      <object_component id="oc-1e1">
         <name>.text._ZN9Atk1State7onEnterEP4Game</name>
         <load_address>0x177a4</load_address>
         <readonly>true</readonly>
         <executable>true</executable>
         <run_address>0x177a4</run_address>
         <size>0x54</size>
         <alignment>0x4</alignment>
         <input_file_ref idref="fl-10"/>
      </object_component>
      <object_component id="oc-d7">
         <name>.text:__TI_auto_init_nobinit</name>
         <load_address>0x177f8</load_address>
         <readonly>true</readonly>
         <executable>true</executable>
         <run_address>0x177f8</run_address>
         <size>0x54</size>
         <alignment>0x4</alignment>
         <input_file_ref idref="fl-46"/>
      </object_component>
      <object_component id="oc-1e2">
         <name>.text._ZN9Atk1State5logicEP4Game</name>
         <load_address>0x1784c</load_address>
         <readonly>true</readonly>
         <executable>true</executable>
         <run_address>0x1784c</run_address>
         <size>0x52</size>
         <alignment>0x2</alignment>
         <input_file_ref idref="fl-10"/>
      </object_component>
      <object_component id="oc-1c1">
         <name>.text.__TI_doflush</name>
         <load_address>0x1789e</load_address>
         <readonly>true</readonly>
         <executable>true</executable>
         <run_address>0x1789e</run_address>
         <size>0x52</size>
         <alignment>0x2</alignment>
         <input_file_ref idref="fl-4f"/>
      </object_component>
      <object_component id="oc-247">
         <name>.text._Z11CDH_OutUDecttjsii</name>
         <load_address>0x178f0</load_address>
         <readonly>true</readonly>
         <executable>true</executable>
         <run_address>0x178f0</run_address>
         <size>0x50</size>
         <alignment>0x4</alignment>
         <input_file_ref idref="fl-f"/>
      </object_component>
      <object_component id="oc-1c7">
         <name>.text.close</name>
         <load_address>0x17940</load_address>
         <readonly>true</readonly>
         <executable>true</executable>
         <run_address>0x17940</run_address>
         <size>0x50</size>
         <alignment>0x4</alignment>
         <input_file_ref idref="fl-100"/>
      </object_component>
      <object_component id="oc-1f1">
         <name>.text._ZN18SwitchOffenceState7onEnterEP4Game</name>
         <load_address>0x17990</load_address>
         <readonly>true</readonly>
         <executable>true</executable>
         <run_address>0x17990</run_address>
         <size>0x4c</size>
         <alignment>0x4</alignment>
         <input_file_ref idref="fl-10"/>
      </object_component>
      <object_component id="oc-234">
         <name>.text._ZN4Game12switchStatesEi</name>
         <load_address>0x179dc</load_address>
         <readonly>true</readonly>
         <executable>true</executable>
         <run_address>0x179dc</run_address>
         <size>0x4c</size>
         <alignment>0x2</alignment>
         <input_file_ref idref="fl-10"/>
      </object_component>
      <object_component id="oc-25e">
         <name>.text.snprintf</name>
         <load_address>0x17a28</load_address>
         <readonly>true</readonly>
         <executable>true</executable>
         <run_address>0x17a28</run_address>
         <size>0x4c</size>
         <alignment>0x4</alignment>
         <input_file_ref idref="fl-3b"/>
      </object_component>
      <object_component id="oc-e4">
         <name>.text._ZN4GameC2Ev</name>
         <load_address>0x17a74</load_address>
         <readonly>true</readonly>
         <executable>true</executable>
         <run_address>0x17a74</run_address>
         <size>0x4a</size>
         <alignment>0x2</alignment>
         <input_file_ref idref="fl-4"/>
      </object_component>
      <object_component id="oc-19f">
         <name>.text.HOSTclose</name>
         <load_address>0x17ac0</load_address>
         <readonly>true</readonly>
         <executable>true</executable>
         <run_address>0x17ac0</run_address>
         <size>0x48</size>
         <alignment>0x4</alignment>
         <input_file_ref idref="fl-103"/>
      </object_component>
      <object_component id="oc-1af">
         <name>.text.HOSTunlink</name>
         <load_address>0x17b08</load_address>
         <readonly>true</readonly>
         <executable>true</executable>
         <run_address>0x17b08</run_address>
         <size>0x48</size>
         <alignment>0x4</alignment>
         <input_file_ref idref="fl-108"/>
      </object_component>
      <object_component id="oc-116">
         <name>.text._Z14SPI_OutCommandc</name>
         <load_address>0x17b50</load_address>
         <readonly>true</readonly>
         <executable>true</executable>
         <run_address>0x17b50</run_address>
         <size>0x48</size>
         <alignment>0x4</alignment>
         <input_file_ref idref="fl-7"/>
      </object_component>
      <object_component id="oc-1de">
         <name>.text._ZN10StartState5logicEP4Game</name>
         <load_address>0x17b98</load_address>
         <readonly>true</readonly>
         <executable>true</executable>
         <run_address>0x17b98</run_address>
         <size>0x46</size>
         <alignment>0x2</alignment>
         <input_file_ref idref="fl-10"/>
      </object_component>
      <object_component id="oc-42">
         <name>.text.TIMG12_IRQHandler</name>
         <load_address>0x17be0</load_address>
         <readonly>true</readonly>
         <executable>true</executable>
         <run_address>0x17be0</run_address>
         <size>0x44</size>
         <alignment>0x4</alignment>
         <input_file_ref idref="fl-4"/>
      </object_component>
      <object_component id="oc-3d">
         <name>.text.TIMG7_IRQHandler</name>
         <load_address>0x17c24</load_address>
         <readonly>true</readonly>
         <executable>true</executable>
         <run_address>0x17c24</run_address>
         <size>0x40</size>
         <alignment>0x4</alignment>
         <input_file_ref idref="fl-d"/>
      </object_component>
      <object_component id="oc-1f5">
         <name>.text._Z9SPI_Resetv</name>
         <load_address>0x17c64</load_address>
         <readonly>true</readonly>
         <executable>true</executable>
         <run_address>0x17c64</run_address>
         <size>0x40</size>
         <alignment>0x4</alignment>
         <input_file_ref idref="fl-7"/>
      </object_component>
      <object_component id="oc-129">
         <name>.text.__aeabi_uidivmod</name>
         <load_address>0x17ca4</load_address>
         <readonly>true</readonly>
         <executable>true</executable>
         <run_address>0x17ca4</run_address>
         <size>0x40</size>
         <alignment>0x4</alignment>
         <input_file_ref idref="fl-118"/>
      </object_component>
      <object_component id="oc-160">
         <name>.text._search_fp</name>
         <load_address>0x17ce4</load_address>
         <readonly>true</readonly>
         <executable>true</executable>
         <run_address>0x17ce4</run_address>
         <size>0x40</size>
         <alignment>0x4</alignment>
         <input_file_ref idref="fl-3c"/>
      </object_component>
      <object_component id="oc-27b">
         <name>.text.atoi</name>
         <load_address>0x17d24</load_address>
         <readonly>true</readonly>
         <executable>true</executable>
         <run_address>0x17d24</run_address>
         <size>0x40</size>
         <alignment>0x4</alignment>
         <input_file_ref idref="fl-54"/>
      </object_component>
      <object_component id="oc-232">
         <name>.text._ZN5State7displayEP4Game</name>
         <load_address>0x17d64</load_address>
         <readonly>true</readonly>
         <executable>true</executable>
         <run_address>0x17d64</run_address>
         <size>0x3c</size>
         <alignment>0x2</alignment>
         <input_file_ref idref="fl-10"/>
      </object_component>
      <object_component id="oc-1ef">
         <name>.text._ZN8WinState7displayEP4Game</name>
         <load_address>0x17da0</load_address>
         <readonly>true</readonly>
         <executable>true</executable>
         <run_address>0x17da0</run_address>
         <size>0x3c</size>
         <alignment>0x4</alignment>
         <input_file_ref idref="fl-10"/>
      </object_component>
      <object_component id="oc-1e7">
         <name>.text._ZN9Atk2State7displayEP4Game</name>
         <load_address>0x17ddc</load_address>
         <readonly>true</readonly>
         <executable>true</executable>
         <run_address>0x17ddc</run_address>
         <size>0x3c</size>
         <alignment>0x4</alignment>
         <input_file_ref idref="fl-10"/>
      </object_component>
      <object_component id="oc-1eb">
         <name>.text._ZN9Atk3State7displayEP4Game</name>
         <load_address>0x17e18</load_address>
         <readonly>true</readonly>
         <executable>true</executable>
         <run_address>0x17e18</run_address>
         <size>0x3c</size>
         <alignment>0x4</alignment>
         <input_file_ref idref="fl-10"/>
      </object_component>
      <object_component id="oc-2a7">
         <name>.text.__muldsi3</name>
         <load_address>0x17e54</load_address>
         <readonly>true</readonly>
         <executable>true</executable>
         <run_address>0x17e54</run_address>
         <size>0x3a</size>
         <alignment>0x4</alignment>
         <input_file_ref idref="fl-10d"/>
      </object_component>
      <object_component id="oc-11b">
         <name>.text._Z11SPI_OutDatac</name>
         <load_address>0x17e90</load_address>
         <readonly>true</readonly>
         <executable>true</executable>
         <run_address>0x17e90</run_address>
         <size>0x38</size>
         <alignment>0x4</alignment>
         <input_file_ref idref="fl-7"/>
      </object_component>
      <object_component id="oc-f1">
         <name>.text._Z15ActivatePortA_Bv</name>
         <load_address>0x17ec8</load_address>
         <readonly>true</readonly>
         <executable>true</executable>
         <run_address>0x17ec8</run_address>
         <size>0x38</size>
         <alignment>0x4</alignment>
         <input_file_ref idref="fl-5"/>
      </object_component>
      <object_component id="oc-107">
         <name>.text._Z12ST7735_writeiPKcj</name>
         <load_address>0x17f00</load_address>
         <readonly>true</readonly>
         <executable>true</executable>
         <run_address>0x17f00</run_address>
         <size>0x34</size>
         <alignment>0x2</alignment>
         <input_file_ref idref="fl-8"/>
      </object_component>
      <object_component id="oc-192">
         <name>.text._Z14Clock_Delay1msj</name>
         <load_address>0x17f34</load_address>
         <readonly>true</readonly>
         <executable>true</executable>
         <run_address>0x17f34</run_address>
         <size>0x34</size>
         <alignment>0x4</alignment>
         <input_file_ref idref="fl-1"/>
      </object_component>
      <object_component id="oc-14c">
         <name>.text._Z16ST7735_SetCursorjj</name>
         <load_address>0x17f68</load_address>
         <readonly>true</readonly>
         <executable>true</executable>
         <run_address>0x17f68</run_address>
         <size>0x34</size>
         <alignment>0x4</alignment>
         <input_file_ref idref="fl-8"/>
      </object_component>
      <object_component id="oc-bb">
         <name>.text._Z8LED_Initv</name>
         <load_address>0x17f9c</load_address>
         <readonly>true</readonly>
         <executable>true</executable>
         <run_address>0x17f9c</run_address>
         <size>0x34</size>
         <alignment>0x4</alignment>
         <input_file_ref idref="fl-3"/>
      </object_component>
      <object_component id="oc-16d">
         <name>.text.__TI_cleanup</name>
         <load_address>0x17fd0</load_address>
         <readonly>true</readonly>
         <executable>true</executable>
         <run_address>0x17fd0</run_address>
         <size>0x34</size>
         <alignment>0x4</alignment>
         <input_file_ref idref="fl-3c"/>
      </object_component>
      <object_component id="oc-1fd">
         <name>.text.__TI_readmsg</name>
         <load_address>0x18004</load_address>
         <readonly>true</readonly>
         <executable>true</executable>
         <run_address>0x18004</run_address>
         <size>0x34</size>
         <alignment>0x4</alignment>
         <input_file_ref idref="fl-10a"/>
      </object_component>
      <object_component id="oc-1f7">
         <name>.text.__TI_writemsg</name>
         <load_address>0x18038</load_address>
         <readonly>true</readonly>
         <executable>true</executable>
         <run_address>0x18038</run_address>
         <size>0x34</size>
         <alignment>0x4</alignment>
         <input_file_ref idref="fl-10a"/>
      </object_component>
      <object_component id="oc-cf">
         <name>.text.exit</name>
         <load_address>0x1806c</load_address>
         <readonly>true</readonly>
         <executable>true</executable>
         <run_address>0x1806c</run_address>
         <size>0x34</size>
         <alignment>0x4</alignment>
         <input_file_ref idref="fl-3f"/>
      </object_component>
      <object_component id="oc-154">
         <name>.text.finddevice</name>
         <load_address>0x180a0</load_address>
         <readonly>true</readonly>
         <executable>true</executable>
         <run_address>0x180a0</run_address>
         <size>0x34</size>
         <alignment>0x4</alignment>
         <input_file_ref idref="fl-11e"/>
      </object_component>
      <object_component id="oc-ff">
         <name>.text.freopen</name>
         <load_address>0x180d4</load_address>
         <readonly>true</readonly>
         <executable>true</executable>
         <run_address>0x180d4</run_address>
         <size>0x34</size>
         <alignment>0x4</alignment>
         <input_file_ref idref="fl-3c"/>
      </object_component>
      <object_component id="oc-14a">
         <name>.text._ZL10commonInitPKh</name>
         <load_address>0x18108</load_address>
         <readonly>true</readonly>
         <executable>true</executable>
         <run_address>0x18108</run_address>
         <size>0x30</size>
         <alignment>0x4</alignment>
         <input_file_ref idref="fl-8"/>
      </object_component>
      <object_component id="oc-140">
         <name>.text._ZN10StartStateC2Ev</name>
         <load_address>0x18138</load_address>
         <readonly>true</readonly>
         <executable>true</executable>
         <run_address>0x18138</run_address>
         <size>0x30</size>
         <alignment>0x4</alignment>
         <input_file_ref idref="fl-10"/>
      </object_component>
      <object_component id="oc-75">
         <name>.text._ZN4Game10get_inputsEv</name>
         <load_address>0x18168</load_address>
         <readonly>true</readonly>
         <executable>true</executable>
         <run_address>0x18168</run_address>
         <size>0x30</size>
         <alignment>0x4</alignment>
         <input_file_ref idref="fl-10"/>
      </object_component>
      <object_component id="oc-266">
         <name>.text._outs</name>
         <load_address>0x18198</load_address>
         <readonly>true</readonly>
         <executable>true</executable>
         <run_address>0x18198</run_address>
         <size>0x30</size>
         <alignment>0x2</alignment>
         <input_file_ref idref="fl-3b"/>
      </object_component>
      <object_component id="oc-f9">
         <name>.text.fopen</name>
         <load_address>0x181c8</load_address>
         <readonly>true</readonly>
         <executable>true</executable>
         <run_address>0x181c8</run_address>
         <size>0x30</size>
         <alignment>0x4</alignment>
         <input_file_ref idref="fl-3c"/>
      </object_component>
      <object_component id="oc-af">
         <name>.text._Z17ST7735_FillScreent</name>
         <load_address>0x181f8</load_address>
         <readonly>true</readonly>
         <executable>true</executable>
         <run_address>0x181f8</run_address>
         <size>0x2c</size>
         <alignment>0x4</alignment>
         <input_file_ref idref="fl-8"/>
      </object_component>
      <object_component id="oc-224">
         <name>.text.unlink</name>
         <load_address>0x18224</load_address>
         <readonly>true</readonly>
         <executable>true</executable>
         <run_address>0x18224</run_address>
         <size>0x2c</size>
         <alignment>0x4</alignment>
         <input_file_ref idref="fl-102"/>
      </object_component>
      <object_component id="oc-b6">
         <name>.text._Z11Switch_Initv</name>
         <load_address>0x18250</load_address>
         <readonly>true</readonly>
         <executable>true</executable>
         <run_address>0x18250</run_address>
         <size>0x28</size>
         <alignment>0x4</alignment>
         <input_file_ref idref="fl-c"/>
      </object_component>
      <object_component id="oc-126">
         <name>.text._Z9ADC_StartP10ADC12_Regs</name>
         <load_address>0x18278</load_address>
         <readonly>true</readonly>
         <executable>true</executable>
         <run_address>0x18278</run_address>
         <size>0x28</size>
         <alignment>0x4</alignment>
         <input_file_ref idref="fl-d"/>
      </object_component>
      <object_component id="oc-1d4">
         <name>.text.free_list_insert</name>
         <load_address>0x182a0</load_address>
         <readonly>true</readonly>
         <executable>true</executable>
         <run_address>0x182a0</run_address>
         <size>0x28</size>
         <alignment>0x4</alignment>
         <input_file_ref idref="fl-43"/>
      </object_component>
      <object_component id="oc-21b">
         <name>.text.write</name>
         <load_address>0x182c8</load_address>
         <readonly>true</readonly>
         <executable>true</executable>
         <run_address>0x182c8</run_address>
         <size>0x28</size>
         <alignment>0x4</alignment>
         <input_file_ref idref="fl-fb"/>
      </object_component>
      <object_component id="oc-62">
         <name>.text:_c_int00_noargs</name>
         <load_address>0x182f0</load_address>
         <readonly>true</readonly>
         <executable>true</executable>
         <run_address>0x182f0</run_address>
         <size>0x28</size>
         <alignment>0x4</alignment>
         <input_file_ref idref="fl-44"/>
      </object_component>
      <object_component id="oc-145">
         <name>.text._ZN18SwitchOffenceStateC2Ev</name>
         <load_address>0x18318</load_address>
         <readonly>true</readonly>
         <executable>true</executable>
         <run_address>0x18318</run_address>
         <size>0x24</size>
         <alignment>0x4</alignment>
         <input_file_ref idref="fl-10"/>
      </object_component>
      <object_component id="oc-141">
         <name>.text._ZN9Atk1StateC2Ev</name>
         <load_address>0x1833c</load_address>
         <readonly>true</readonly>
         <executable>true</executable>
         <run_address>0x1833c</run_address>
         <size>0x24</size>
         <alignment>0x4</alignment>
         <input_file_ref idref="fl-10"/>
      </object_component>
      <object_component id="oc-142">
         <name>.text._ZN9Atk2StateC2Ev</name>
         <load_address>0x18360</load_address>
         <readonly>true</readonly>
         <executable>true</executable>
         <run_address>0x18360</run_address>
         <size>0x24</size>
         <alignment>0x4</alignment>
         <input_file_ref idref="fl-10"/>
      </object_component>
      <object_component id="oc-143">
         <name>.text._ZN9Atk3StateC2Ev</name>
         <load_address>0x18384</load_address>
         <readonly>true</readonly>
         <executable>true</executable>
         <run_address>0x18384</run_address>
         <size>0x24</size>
         <alignment>0x4</alignment>
         <input_file_ref idref="fl-10"/>
      </object_component>
      <object_component id="oc-288">
         <name>.text.__muldi3</name>
         <load_address>0x183a8</load_address>
         <readonly>true</readonly>
         <executable>true</executable>
         <run_address>0x183a8</run_address>
         <size>0x24</size>
         <alignment>0x4</alignment>
         <input_file_ref idref="fl-112"/>
      </object_component>
      <object_component id="oc-1ee">
         <name>.text._ZN8WinState5logicEP4Game</name>
         <load_address>0x183cc</load_address>
         <readonly>true</readonly>
         <executable>true</executable>
         <run_address>0x183cc</run_address>
         <size>0x22</size>
         <alignment>0x2</alignment>
         <input_file_ref idref="fl-10"/>
      </object_component>
      <object_component id="oc-274">
         <name>.text.memccpy</name>
         <load_address>0x183ee</load_address>
         <readonly>true</readonly>
         <executable>true</executable>
         <run_address>0x183ee</run_address>
         <size>0x22</size>
         <alignment>0x2</alignment>
         <input_file_ref idref="fl-55"/>
      </object_component>
      <object_component id="oc-144">
         <name>.text._ZN8WinStateC2Ev</name>
         <load_address>0x18410</load_address>
         <readonly>true</readonly>
         <executable>true</executable>
         <run_address>0x18410</run_address>
         <size>0x20</size>
         <alignment>0x4</alignment>
         <input_file_ref idref="fl-10"/>
      </object_component>
      <object_component id="oc-25a">
         <name>.text._ZL9pushColort</name>
         <load_address>0x18430</load_address>
         <readonly>true</readonly>
         <executable>true</executable>
         <run_address>0x18430</run_address>
         <size>0x1e</size>
         <alignment>0x2</alignment>
         <input_file_ref idref="fl-8"/>
      </object_component>
      <object_component id="oc-2e2">
         <name>.text.__ashldi3</name>
         <load_address>0x18450</load_address>
         <readonly>true</readonly>
         <executable>true</executable>
         <run_address>0x18450</run_address>
         <size>0x1e</size>
         <alignment>0x4</alignment>
         <input_file_ref idref="fl-11b"/>
      </object_component>
      <object_component id="oc-36">
         <name>.text.Default_Handler</name>
         <load_address>0x18470</load_address>
         <readonly>true</readonly>
         <executable>true</executable>
         <run_address>0x18470</run_address>
         <size>0x1c</size>
         <alignment>0x4</alignment>
         <input_file_ref idref="fl-18"/>
      </object_component>
      <object_component id="oc-37">
         <name>.text.HardFault_Handler</name>
         <load_address>0x1848c</load_address>
         <readonly>true</readonly>
         <executable>true</executable>
         <run_address>0x1848c</run_address>
         <size>0x1c</size>
         <alignment>0x4</alignment>
         <input_file_ref idref="fl-18"/>
      </object_component>
      <object_component id="oc-1d2">
         <name>.text.free_list_remove</name>
         <load_address>0x184a8</load_address>
         <readonly>true</readonly>
         <executable>true</executable>
         <run_address>0x184a8</run_address>
         <size>0x1c</size>
         <alignment>0x4</alignment>
         <input_file_ref idref="fl-43"/>
      </object_component>
      <object_component id="oc-e3">
         <name>.text._ZN8SlidePotC2Ejj</name>
         <load_address>0x184c4</load_address>
         <readonly>true</readonly>
         <executable>true</executable>
         <run_address>0x184c4</run_address>
         <size>0x1a</size>
         <alignment>0x2</alignment>
         <input_file_ref idref="fl-9"/>
      </object_component>
      <object_component id="oc-1e5">
         <name>.text._ZN9Atk2State7onEnterEP4Game</name>
         <load_address>0x184de</load_address>
         <readonly>true</readonly>
         <executable>true</executable>
         <run_address>0x184de</run_address>
         <size>0x1a</size>
         <alignment>0x2</alignment>
         <input_file_ref idref="fl-10"/>
      </object_component>
      <object_component id="oc-189">
         <name>.text._ZN5StateC2Ev</name>
         <load_address>0x184f8</load_address>
         <readonly>true</readonly>
         <executable>true</executable>
         <run_address>0x184f8</run_address>
         <size>0x18</size>
         <alignment>0x4</alignment>
         <input_file_ref idref="fl-10"/>
      </object_component>
      <object_component id="oc-96">
         <name>.text.__cxx_global_var_init</name>
         <load_address>0x18510</load_address>
         <readonly>true</readonly>
         <executable>true</executable>
         <run_address>0x18510</run_address>
         <size>0x18</size>
         <alignment>0x4</alignment>
         <input_file_ref idref="fl-4"/>
      </object_component>
      <object_component id="oc-267">
         <name>.text._outc</name>
         <load_address>0x18528</load_address>
         <readonly>true</readonly>
         <executable>true</executable>
         <run_address>0x18528</run_address>
         <size>0x18</size>
         <alignment>0x2</alignment>
         <input_file_ref idref="fl-3b"/>
      </object_component>
      <object_component id="oc-10a">
         <name>.text._Z11ST7735_openPKcji</name>
         <load_address>0x18540</load_address>
         <readonly>true</readonly>
         <executable>true</executable>
         <run_address>0x18540</run_address>
         <size>0x16</size>
         <alignment>0x2</alignment>
         <input_file_ref idref="fl-8"/>
      </object_component>
      <object_component id="oc-108">
         <name>.text._Z11ST7735_readiPcj</name>
         <load_address>0x18556</load_address>
         <readonly>true</readonly>
         <executable>true</executable>
         <run_address>0x18556</run_address>
         <size>0x16</size>
         <alignment>0x2</alignment>
         <input_file_ref idref="fl-8"/>
      </object_component>
      <object_component id="oc-7a">
         <name>.text._ZN4Game11updateStateEv</name>
         <load_address>0x1856c</load_address>
         <readonly>true</readonly>
         <executable>true</executable>
         <run_address>0x1856c</run_address>
         <size>0x16</size>
         <alignment>0x2</alignment>
         <input_file_ref idref="fl-10"/>
      </object_component>
      <object_component id="oc-59">
         <name>.text:decompress:ZI:__TI_zero_init_nomemset</name>
         <load_address>0x18582</load_address>
         <readonly>true</readonly>
         <executable>true</executable>
         <run_address>0x18582</run_address>
         <size>0x16</size>
         <alignment>0x2</alignment>
         <input_file_ref idref="fl-49"/>
      </object_component>
      <object_component id="oc-1e9">
         <name>.text._ZN9Atk3State7onEnterEP4Game</name>
         <load_address>0x18598</load_address>
         <readonly>true</readonly>
         <executable>true</executable>
         <run_address>0x18598</run_address>
         <size>0x14</size>
         <alignment>0x2</alignment>
         <input_file_ref idref="fl-10"/>
      </object_component>
      <object_component id="oc-28d">
         <name>.text.__aeabi_uldivmod</name>
         <load_address>0x185ac</load_address>
         <readonly>true</readonly>
         <executable>true</executable>
         <run_address>0x185ac</run_address>
         <size>0x14</size>
         <alignment>0x4</alignment>
         <input_file_ref idref="fl-119"/>
      </object_component>
      <object_component id="oc-9a">
         <name>.text:TI_memcpy_small</name>
         <load_address>0x185c0</load_address>
         <readonly>true</readonly>
         <executable>true</executable>
         <run_address>0x185c0</run_address>
         <size>0x12</size>
         <alignment>0x1</alignment>
         <input_file_ref idref="fl-11f"/>
      </object_component>
      <object_component id="oc-20">
         <name>.text:decompress:none</name>
         <load_address>0x185d2</load_address>
         <readonly>true</readonly>
         <executable>true</executable>
         <run_address>0x185d2</run_address>
         <size>0x12</size>
         <alignment>0x2</alignment>
         <input_file_ref idref="fl-4a"/>
      </object_component>
      <object_component id="oc-11e">
         <name>.text._Z11Clock_Delayj</name>
         <load_address>0x185e4</load_address>
         <readonly>true</readonly>
         <executable>true</executable>
         <run_address>0x185e4</run_address>
         <size>0x10</size>
         <alignment>0x2</alignment>
         <input_file_ref idref="fl-1"/>
      </object_component>
      <object_component id="oc-c9">
         <name>.text._Z28TExaS_LaunchPadLogicPB27PB26v</name>
         <load_address>0x185f4</load_address>
         <readonly>true</readonly>
         <executable>true</executable>
         <run_address>0x185f4</run_address>
         <size>0x10</size>
         <alignment>0x4</alignment>
         <input_file_ref idref="fl-4"/>
      </object_component>
      <object_component id="oc-1dd">
         <name>.text._ZN10StartState7onEnterEP4Game</name>
         <load_address>0x18604</load_address>
         <readonly>true</readonly>
         <executable>true</executable>
         <run_address>0x18604</run_address>
         <size>0x10</size>
         <alignment>0x2</alignment>
         <input_file_ref idref="fl-10"/>
      </object_component>
      <object_component id="oc-230">
         <name>.text._ZN5State7onEnterEP4Game</name>
         <load_address>0x18614</load_address>
         <readonly>true</readonly>
         <executable>true</executable>
         <run_address>0x18614</run_address>
         <size>0x10</size>
         <alignment>0x2</alignment>
         <input_file_ref idref="fl-10"/>
      </object_component>
      <object_component id="oc-1ed">
         <name>.text._ZN8WinState7onEnterEP4Game</name>
         <load_address>0x18624</load_address>
         <readonly>true</readonly>
         <executable>true</executable>
         <run_address>0x18624</run_address>
         <size>0x10</size>
         <alignment>0x2</alignment>
         <input_file_ref idref="fl-10"/>
      </object_component>
      <object_component id="oc-97">
         <name>.text.__cxx_global_var_init.1</name>
         <load_address>0x18634</load_address>
         <readonly>true</readonly>
         <executable>true</executable>
         <run_address>0x18634</run_address>
         <size>0x10</size>
         <alignment>0x4</alignment>
         <input_file_ref idref="fl-4"/>
      </object_component>
      <object_component id="oc-27f">
         <name>.text.wcslen</name>
         <load_address>0x18644</load_address>
         <readonly>true</readonly>
         <executable>true</executable>
         <run_address>0x18644</run_address>
         <size>0x10</size>
         <alignment>0x2</alignment>
         <input_file_ref idref="fl-58"/>
      </object_component>
      <object_component id="oc-1d3">
         <name>.text.OUTLINED_FUNCTION_0</name>
         <load_address>0x18654</load_address>
         <readonly>true</readonly>
         <executable>true</executable>
         <run_address>0x18654</run_address>
         <size>0xe</size>
         <alignment>0x2</alignment>
         <input_file_ref idref="fl-43"/>
      </object_component>
      <object_component id="oc-106">
         <name>.text._Z12ST7735_lseekili</name>
         <load_address>0x18662</load_address>
         <readonly>true</readonly>
         <executable>true</executable>
         <run_address>0x18662</run_address>
         <size>0xe</size>
         <alignment>0x2</alignment>
         <input_file_ref idref="fl-8"/>
[...]
      </symbol>
      <symbol id="sm-22b">
         <name>_ZN18SwitchOffenceStateC1Ev</name>
         <value>0x18319</value>
         <object_component_ref idref="oc-145"/>
      </symbol>
      <symbol id="sm-243">
         <name>Default_Handler</name>
         <value>0x18471</value>
         <object_component_ref idref="oc-36"/>
      </symbol>
      <symbol id="sm-244">
         <name>Reset_Handler</name>
         <value>0x1878b</value>
         <object_component_ref idref="oc-32"/>
      </symbol>
      <symbol id="sm-245">
         <name>HardFault_Handler</name>
         <value>0x1848d</value>
         <object_component_ref idref="oc-37"/>
      </symbol>
      <symbol id="sm-246">
         <name>interruptVectors</name>
         <value>0x0</value>
         <object_component_ref idref="oc-18"/>
      </symbol>
      <symbol id="sm-247">
         <name>NMI_Handler</name>
         <value>0x18471</value>
         <object_component_ref idref="oc-36"/>
      </symbol>
      <symbol id="sm-248">
         <name>SVC_Handler</name>
         <value>0x18471</value>
         <object_component_ref idref="oc-36"/>
      </symbol>
      <symbol id="sm-249">
         <name>PendSV_Handler</name>
         <value>0x18471</value>
         <object_component_ref idref="oc-36"/>
      </symbol>
      <symbol id="sm-24a">
         <name>GROUP0_IRQHandler</name>
         <value>0x18471</value>
         <object_component_ref idref="oc-36"/>
      </symbol>
      <symbol id="sm-24b">
         <name>GROUP1_IRQHandler</name>
         <value>0x18471</value>
         <object_component_ref idref="oc-36"/>
      </symbol>
      <symbol id="sm-24c">
         <name>TIMG8_IRQHandler</name>
         <value>0x18471</value>
         <object_component_ref idref="oc-36"/>
      </symbol>
      <symbol id="sm-24d">
         <name>UART3_IRQHandler</name>
         <value>0x18471</value>
         <object_component_ref idref="oc-36"/>
      </symbol>
      <symbol id="sm-24e">
         <name>ADC0_IRQHandler</name>
         <value>0x18471</value>
         <object_component_ref idref="oc-36"/>
      </symbol>
      <symbol id="sm-24f">
         <name>ADC1_IRQHandler</name>
         <value>0x18471</value>
         <object_component_ref idref="oc-36"/>
      </symbol>
      <symbol id="sm-250">
         <name>CANFD0_IRQHandler</name>
         <value>0x18471</value>
         <object_component_ref idref="oc-36"/>
      </symbol>
      <symbol id="sm-251">
         <name>DAC0_IRQHandler</name>
         <value>0x18471</value>
         <object_component_ref idref="oc-36"/>
      </symbol>
      <symbol id="sm-252">
         <name>SPI0_IRQHandler</name>
         <value>0x18471</value>
         <object_component_ref idref="oc-36"/>
      </symbol>
      <symbol id="sm-253">
         <name>SPI1_IRQHandler</name>
         <value>0x18471</value>
         <object_component_ref idref="oc-36"/>
      </symbol>
      <symbol id="sm-254">
         <name>UART1_IRQHandler</name>
         <value>0x18471</value>
         <object_component_ref idref="oc-36"/>
      </symbol>
      <symbol id="sm-255">
         <name>UART2_IRQHandler</name>
         <value>0x18471</value>
         <object_component_ref idref="oc-36"/>
      </symbol>
      <symbol id="sm-256">
         <name>UART0_IRQHandler</name>
         <value>0x18471</value>
         <object_component_ref idref="oc-36"/>
      </symbol>
      <symbol id="sm-257">
         <name>TIMG0_IRQHandler</name>
         <value>0x18471</value>
         <object_component_ref idref="oc-36"/>
      </symbol>
      <symbol id="sm-258">
         <name>TIMG6_IRQHandler</name>
         <value>0x18471</value>
         <object_component_ref idref="oc-36"/>
      </symbol>
      <symbol id="sm-259">
         <name>TIMA0_IRQHandler</name>
         <value>0x18471</value>
         <object_component_ref idref="oc-36"/>
      </symbol>
      <symbol id="sm-25a">
         <name>TIMA1_IRQHandler</name>
         <value>0x18471</value>
         <object_component_ref idref="oc-36"/>
      </symbol>
      <symbol id="sm-25b">
         <name>I2C0_IRQHandler</name>
         <value>0x18471</value>
         <object_component_ref idref="oc-36"/>
      </symbol>
      <symbol id="sm-25c">
         <name>I2C1_IRQHandler</name>
         <value>0x18471</value>
         <object_component_ref idref="oc-36"/>
      </symbol>
      <symbol id="sm-25d">
         <name>AES_IRQHandler</name>
         <value>0x18471</value>
         <object_component_ref idref="oc-36"/>
      </symbol>
      <symbol id="sm-25e">
         <name>RTC_IRQHandler</name>
         <value>0x18471</value>
         <object_component_ref idref="oc-36"/>
      </symbol>
      <symbol id="sm-25f">
         <name>DMA_IRQHandler</name>
         <value>0x18471</value>
         <object_component_ref idref="oc-36"/>
      </symbol>
      <symbol id="sm-260">
         <name>__TI_ATRegion0_src_addr</name>
         <value>0x0</value>
      </symbol>
      <symbol id="sm-261">
         <name>__TI_ATRegion0_trg_addr</name>
         <value>0x0</value>
      </symbol>
      <symbol id="sm-262">
         <name>__TI_ATRegion0_region_sz</name>
         <value>0x0</value>
      </symbol>
      <symbol id="sm-263">
         <name>__TI_ATRegion1_src_addr</name>
         <value>0x0</value>
      </symbol>
      <symbol id="sm-264">
         <name>__TI_ATRegion1_trg_addr</name>
         <value>0x0</value>
      </symbol>
      <symbol id="sm-265">
         <name>__TI_ATRegion1_region_sz</name>
         <value>0x0</value>
      </symbol>
      <symbol id="sm-266">
         <name>__TI_ATRegion2_src_addr</name>
         <value>0x0</value>
      </symbol>
      <symbol id="sm-267">
         <name>__TI_ATRegion2_trg_addr</name>
         <value>0x0</value>
      </symbol>
      <symbol id="sm-268">
         <name>__TI_ATRegion2_region_sz</name>
         <value>0x0</value>
      </symbol>
      <symbol id="sm-279">
         <name>snprintf</name>
         <value>0x17a29</value>
         <object_component_ref idref="oc-25e"/>
      </symbol>
      <symbol id="sm-292">
         <name>fopen</name>
         <value>0x181c9</value>
         <object_component_ref idref="oc-f9"/>
      </symbol>
      <symbol id="sm-293">
         <name>__TI_cleanup</name>
         <value>0x17fd1</value>
         <object_component_ref idref="oc-16d"/>
      </symbol>
      <symbol id="sm-294">
         <name>freopen</name>
         <value>0x180d5</value>
         <object_component_ref idref="oc-ff"/>
      </symbol>
      <symbol id="sm-29e">
         <name>setvbuf</name>
         <value>0x165cd</value>
         <object_component_ref idref="oc-100"/>
      </symbol>
      <symbol id="sm-2a9">
         <name>__aeabi_errno_addr</name>
         <value>0x1876d</value>
         <object_component_ref idref="oc-283"/>
      </symbol>
      <symbol id="sm-2aa">
         <name>__aeabi_errno</name>
         <value>0x202002c0</value>
         <object_component_ref idref="oc-2a3"/>
      </symbol>
      <symbol id="sm-2b8">
         <name>abort</name>
         <value>0x18785</value>
         <object_component_ref idref="oc-ca"/>
      </symbol>
      <symbol id="sm-2b9">
         <name>__TI_cleanup_ptr</name>
         <value>0x202002a8</value>
         <object_component_ref idref="oc-138"/>
      </symbol>
      <symbol id="sm-2ba">
         <name>__TI_dtors_ptr</name>
         <value>0x202002ac</value>
         <object_component_ref idref="oc-138"/>
      </symbol>
      <symbol id="sm-2bb">
         <name>exit</name>
         <value>0x1806d</value>
         <object_component_ref idref="oc-cf"/>
      </symbol>
      <symbol id="sm-2c4">
         <name>_nop</name>
         <value>0x173ff</value>
         <object_component_ref idref="oc-180"/>
      </symbol>
      <symbol id="sm-2c5">
         <name>_lock</name>
         <value>0x202002c4</value>
         <object_component_ref idref="oc-136"/>
      </symbol>
      <symbol id="sm-2c6">
         <name>_unlock</name>
         <value>0x202002c8</value>
         <object_component_ref idref="oc-139"/>
      </symbol>
      <symbol id="sm-2cc">
         <name>_ftable</name>
         <value>0x20200000</value>
         <object_component_ref idref="oc-10e"/>
      </symbol>
      <symbol id="sm-2cd">
         <name>__TI_ft_end</name>
         <value>0x202002bc</value>
         <object_component_ref idref="oc-1bc"/>
      </symbol>
      <symbol id="sm-2ce">
         <name>__TI_tmpnams</name>
         <value>0x20200600</value>
         <object_component_ref idref="oc-1cf"/>
      </symbol>
      <symbol id="sm-2f1">
         <name>malloc</name>
         <value>0x186e9</value>
         <object_component_ref idref="oc-16c"/>
      </symbol>
      <symbol id="sm-2f2">
         <name>aligned_alloc</name>
         <value>0x15f25</value>
         <object_component_ref idref="oc-1d5"/>
      </symbol>
      <symbol id="sm-2f3">
         <name>free</name>
         <value>0x164e5</value>
         <object_component_ref idref="oc-16a"/>
      </symbol>
      <symbol id="sm-2f4">
         <name>_sys_memory</name>
         <value>0x202002e0</value>
         <object_component_ref idref="oc-30"/>
      </symbol>
      <symbol id="sm-2f5">
         <name>memalign</name>
         <value>0x15f25</value>
         <object_component_ref idref="oc-1d5"/>
      </symbol>
      <symbol id="sm-300">
         <name>_c_int00_noargs</name>
         <value>0x182f1</value>
         <object_component_ref idref="oc-62"/>
      </symbol>
      <symbol id="sm-301">
         <name>__stack</name>
         <value>0x20207e00</value>
         <object_component_ref idref="oc-1a"/>
      </symbol>
      <symbol id="sm-30d">
         <name>__TI_auto_init_nobinit</name>
         <value>0x177f9</value>
         <object_component_ref idref="oc-d7"/>
      </symbol>
      <symbol id="sm-315">
         <name>_system_pre_init</name>
         <value>0x1878f</value>
         <object_component_ref idref="oc-87"/>
      </symbol>
      <symbol id="sm-320">
         <name>__TI_zero_init_nomemset</name>
         <value>0x18583</value>
         <object_component_ref idref="oc-59"/>
      </symbol>
      <symbol id="sm-329">
         <name>__TI_decompress_none</name>
         <value>0x185d3</value>
         <object_component_ref idref="oc-20"/>
      </symbol>
      <symbol id="sm-334">
         <name>__TI_decompress_lzss</name>
         <value>0x17165</value>
         <object_component_ref idref="oc-1c"/>
      </symbol>
      <symbol id="sm-356">
         <name>__TI_printfi_nofloat</name>
         <value>0x14ac1</value>
         <object_component_ref idref="oc-270"/>
      </symbol>
      <symbol id="sm-362">
         <name>__TI_closefile</name>
         <value>0x170e9</value>
         <object_component_ref idref="oc-164"/>
      </symbol>
      <symbol id="sm-36c">
         <name>__TI_doflush</name>
         <value>0x1789f</value>
         <object_component_ref idref="oc-1c1"/>
      </symbol>
      <symbol id="sm-37a">
         <name>atoi</name>
         <value>0x17d25</value>
         <object_component_ref idref="oc-27b"/>
      </symbol>
      <symbol id="sm-383">
         <name>memccpy</name>
         <value>0x183ef</value>
         <object_component_ref idref="oc-274"/>
      </symbol>
      <symbol id="sm-38e">
         <name>wcslen</name>
         <value>0x18645</value>
         <object_component_ref idref="oc-27f"/>
      </symbol>
      <symbol id="sm-390">
         <name>__aeabi_ctype_table_</name>
         <value>0x147f0</value>
         <object_component_ref idref="oc-29c"/>
      </symbol>
      <symbol id="sm-391">
         <name>__aeabi_ctype_table_C</name>
         <value>0x147f0</value>
         <object_component_ref idref="oc-29c"/>
      </symbol>
      <symbol id="sm-399">
         <name>HOSTexit</name>
         <value>0x16e5d</value>
         <object_component_ref idref="oc-130"/>
      </symbol>
      <symbol id="sm-39a">
         <name>C$$EXIT</name>
         <value>0x16e5c</value>
         <object_component_ref idref="oc-130"/>
      </symbol>
      <symbol id="sm-3a4">
         <name>write</name>
         <value>0x182c9</value>
         <object_component_ref idref="oc-21b"/>
      </symbol>
      <symbol id="sm-3a9">
         <name>_device</name>
         <value>0x202001cc</value>
         <object_component_ref idref="oc-15b"/>
      </symbol>
      <symbol id="sm-3aa">
         <name>_stream</name>
         <value>0x20200244</value>
         <object_component_ref idref="oc-217"/>
      </symbol>
      <symbol id="sm-3b3">
         <name>remove</name>
         <value>0x1877d</value>
         <object_component_ref idref="oc-1cb"/>
      </symbol>
      <symbol id="sm-3bf">
         <name>open</name>
         <value>0x16b79</value>
         <object_component_ref idref="oc-1bd"/>
      </symbol>
      <symbol id="sm-3ca">
         <name>close</name>
         <value>0x17941</value>
         <object_component_ref idref="oc-1c7"/>
      </symbol>
      <symbol id="sm-3d6">
         <name>add_device</name>
         <value>0x16225</value>
         <object_component_ref idref="oc-f5"/>
      </symbol>
      <symbol id="sm-3e0">
         <name>unlink</name>
         <value>0x18225</value>
         <object_component_ref idref="oc-224"/>
      </symbol>
      <symbol id="sm-3ea">
         <name>HOSTclose</name>
         <value>0x17ac1</value>
         <object_component_ref idref="oc-19f"/>
      </symbol>
      <symbol id="sm-3f4">
         <name>HOSTlseek</name>
         <value>0x17251</value>
         <object_component_ref idref="oc-1ab"/>
      </symbol>
      <symbol id="sm-3fe">
         <name>HOSTopen</name>
         <value>0x17531</value>
         <object_component_ref idref="oc-19b"/>
      </symbol>
      <symbol id="sm-3ff">
         <name>parmbuf</name>
         <value>0x202006a0</value>
         <object_component_ref idref="oc-1fe"/>
      </symbol>
      <symbol id="sm-409">
         <name>HOSTread</name>
         <value>0x175f1</value>
         <object_component_ref idref="oc-1a3"/>
      </symbol>
      <symbol id="sm-41a">
         <name>HOSTrename</name>
         <value>0x172bd</value>
         <object_component_ref idref="oc-1b3"/>
      </symbol>
      <symbol id="sm-424">
         <name>HOSTunlink</name>
         <value>0x17b09</value>
         <object_component_ref idref="oc-1af"/>
      </symbol>
      <symbol id="sm-42e">
         <name>HOSTwrite</name>
         <value>0x17649</value>
         <object_component_ref idref="oc-1a7"/>
      </symbol>
      <symbol id="sm-43c">
         <name>C$$IO$$</name>
         <value>0x18065</value>
         <object_component_ref idref="oc-1f7"/>
      </symbol>
      <symbol id="sm-43d">
         <name>__TI_writemsg</name>
         <value>0x18039</value>
         <object_component_ref idref="oc-1f7"/>
      </symbol>
      <symbol id="sm-43e">
         <name>__CIOBUF_</name>
         <value>0x202004e0</value>
         <object_component_ref idref="oc-251"/>
      </symbol>
      <symbol id="sm-43f">
         <name>__TI_readmsg</name>
         <value>0x18005</value>
         <object_component_ref idref="oc-1fd"/>
      </symbol>
      <symbol id="sm-440">
         <name>_CIOBUF_</name>
         <value>0x202004e0</value>
         <object_component_ref idref="oc-251"/>
      </symbol>
      <symbol id="sm-446">
         <name>__muldsi3</name>
         <value>0x17e55</value>
         <object_component_ref idref="oc-2a7"/>
      </symbol>
      <symbol id="sm-44c">
         <name>__aeabi_lmul</name>
         <value>0x183a9</value>
         <object_component_ref idref="oc-288"/>
      </symbol>
      <symbol id="sm-44d">
         <name>__muldi3</name>
         <value>0x183a9</value>
         <object_component_ref idref="oc-288"/>
      </symbol>
      <symbol id="sm-453">
         <name>__aeabi_idiv</name>
         <value>0x176f9</value>
         <object_component_ref idref="oc-243"/>
      </symbol>
      <symbol id="sm-454">
         <name>__aeabi_idivmod</name>
         <value>0x176f9</value>
         <object_component_ref idref="oc-243"/>
      </symbol>
      <symbol id="sm-45a">
         <name>__aeabi_memcpy</name>
         <value>0x18775</value>
         <object_component_ref idref="oc-52"/>
      </symbol>
      <symbol id="sm-45b">
         <name>__aeabi_memcpy4</name>
         <value>0x18775</value>
         <object_component_ref idref="oc-52"/>
      </symbol>
      <symbol id="sm-45c">
         <name>__aeabi_memcpy8</name>
         <value>0x18775</value>
         <object_component_ref idref="oc-52"/>
      </symbol>
      <symbol id="sm-465">
         <name>__aeabi_memset</name>
         <value>0x18671</value>
         <object_component_ref idref="oc-273"/>
      </symbol>
      <symbol id="sm-466">
         <name>__aeabi_memset4</name>
         <value>0x18671</value>
         <object_component_ref idref="oc-273"/>
      </symbol>
      <symbol id="sm-467">
         <name>__aeabi_memset8</name>
         <value>0x18671</value>
         <object_component_ref idref="oc-273"/>
      </symbol>
      <symbol id="sm-468">
         <name>__aeabi_memclr</name>
         <value>0x186dd</value>
         <object_component_ref idref="oc-82"/>
      </symbol>
      <symbol id="sm-469">
         <name>__aeabi_memclr4</name>
         <value>0x186dd</value>
         <object_component_ref idref="oc-82"/>
      </symbol>
      <symbol id="sm-46a">
         <name>__aeabi_memclr8</name>
         <value>0x186dd</value>
         <object_component_ref idref="oc-82"/>
      </symbol>
      <symbol id="sm-470">
         <name>__aeabi_uidiv</name>
         <value>0x17ca5</value>
         <object_component_ref idref="oc-129"/>
      </symbol>
      <symbol id="sm-471">
         <name>__aeabi_uidivmod</name>
         <value>0x17ca5</value>
         <object_component_ref idref="oc-129"/>
      </symbol>
      <symbol id="sm-477">
         <name>__aeabi_uldivmod</name>
         <value>0x185ad</value>
         <object_component_ref idref="oc-28d"/>
      </symbol>
      <symbol id="sm-47d">
         <name>__udivmoddi4</name>
         <value>0x16a35</value>
         <object_component_ref idref="oc-2ac"/>
      </symbol>
      <symbol id="sm-483">
         <name>__aeabi_llsl</name>
         <value>0x18451</value>
         <object_component_ref idref="oc-2e2"/>
      </symbol>
      <symbol id="sm-484">
         <name>__ashldi3</name>
         <value>0x18451</value>
         <object_component_ref idref="oc-2e2"/>
      </symbol>
      <symbol id="sm-491">
         <name>__aeabi_idiv0</name>
         <value>0x16ad7</value>
         <object_component_ref idref="oc-178"/>
      </symbol>
      <symbol id="sm-492">
         <name>__aeabi_ldiv0</name>
         <value>0x16dd3</value>
         <object_component_ref idref="oc-2e1"/>
      </symbol>
      <symbol id="sm-4a0">
         <name>finddevice</name>
         <value>0x180a1</value>
         <object_component_ref idref="oc-154"/>
      </symbol>
      <symbol id="sm-4a1">
         <name>getdevice</name>
         <value>0x17329</value>
         <object_component_ref idref="oc-215"/>
      </symbol>
      <symbol id="sm-4aa">
         <name>TI_memcpy_small</name>
         <value>0x185c1</value>
         <object_component_ref idref="oc-9a"/>
      </symbol>
      <symbol id="sm-4b3">
         <name>TI_memset_small</name>
         <value>0x186a9</value>
         <object_component_ref idref="oc-e6"/>
      </symbol>
      <symbol id="sm-4bb">
         <name>strcmp</name>
         <value>0x16e61</value>
         <object_component_ref idref="oc-195"/>
      </symbol>
      <symbol id="sm-4bc">
         <name>__TI_static_base__</name>
         <value>0x0</value>
      </symbol>
      <symbol id="sm-4bf">
         <name>__mpu_init</name>
         <value>0x0</value>
      </symbol>
      <symbol id="sm-4c0">
         <name>_system_post_cinit</name>
         <value>0x0</value>
      </symbol>
   </symbol_table>
   <title>Link successful</title>
</link_info>
