******************************************************************************
            TI ARM Clang Linker PC v4.0.4                      
******************************************************************************
>> Linked Thu Apr 16 23:21:18 2026

OUTPUT FILE NAME:   <ECE319K_Lab9H.out>
ENTRY POINT SYMBOL: "_c_int00_noargs"  address: 000182f1


MEMORY CONFIGURATION

         name            origin    length      used     unused   attr    fill
----------------------  --------  ---------  --------  --------  ----  --------
  FLASH                 00000000   00020000  00018840  000077c0  R  X
  SRAM                  20200000   00008000  000008b5  0000774b  RW X
  BCR_CONFIG            41c00000   00000080  00000000  00000080  R   
  BSL_CONFIG            41c00100   00000080  00000000  00000080  R   


SEGMENT ALLOCATION MAP

run origin  load origin   length   init length attrs members
----------  ----------- ---------- ----------- ----- -------
00000000    00000000    00018840   00018840    r-x
  00000000    00000000    000000c0   000000c0    r-- .intvecs
  000000c0    000000c0    00014a00   00014a00    r-- .rodata
  00014ac0    00014ac0    00003ce0   00003ce0    r-x .text
  000187a0    000187a0    00000008   00000008    r-- .init_array
  000187a8    000187a8    00000098   00000098    r-- .cinit
20200000    20200000    000006b8   00000000    rw-
  20200000    20200000    000002dd   00000000    rw- .data
  202002e0    202002e0    00000200   00000000    rw- .sysmem
  202004e0    202004e0    000001d8   00000000    rw- .bss
20207e00    20207e00    00000200   00000000    rw-
  20207e00    20207e00    00000200   00000000    rw- .stack


SECTION ALLOCATION MAP

 output                                  attributes/
section   page    origin      length       input sections
--------  ----  ----------  ----------   ----------------
.intvecs   0    00000000    000000c0     
                  00000000    000000c0     startup_mspm0g3507_ticlang.o (.intvecs)

.binit     0    00000000    00000000     

.text      0    00014ac0    00003ce0     
                  00014ac0    00000868     libc.a : _printfi.c.obj (.text:__TI_printfi_nofloat)
                  00015328    00000210     ST7735.o (.text._Z17ST7735_DrawBitmapssPKtss)
                  00015538    000001e0     game_structs.o (.text._ZN9Atk1State7displayEP4Game)
                  00015718    000001b4     Clock.o (.text._Z15Clock_Init80MHzi)
                  000158cc    000001a0     ST7735.o (.text._Z16ST7735_DrawCharSsscssh)
                  00015a6c    00000154     libc.a : fopen.c.obj (.text._openfile)
                  00015bc0    00000128     TExaS.o (.text._Z8ADC_InitP10ADC12_Regsjj)
                  00015ce8    00000124     connors_display_helper.o (.text._Z16CDH_DrawBitmap2xssPKtss)
                  00015e0c    00000118     ST7735.o (.text._Z15ST7735_FillRectsssst)
                  00015f24    00000114     libc.a : memory.c.obj (.text.aligned_alloc)
                  00016038    000000f8     SPI.o (.text._Z8SPI_Initv)
                  00016130    000000f4     ST7735.o (.text._Z18ST7735_SetRotationh)
                  00016224    000000ec     libsysbm.a : add_device.c.obj (.text.add_device)
                  00016310    000000ea     connors_display_helper.o (.text._Z25CDH_DrawBitmapTransparentssPKtsst)
                  000163fa    00000002     Sound.o (.text.SysTick_Handler)
                  000163fc    000000e8     TExaS.o (.text._Z9UART_Initv)
                  000164e4    000000e8     libc.a : memory.c.obj (.text.free)
                  000165cc    000000e0            : setvbuf.c.obj (.text.setvbuf)
                  000166ac    000000d0     ST7735.o (.text._Z14ST7735_OutCharc)
                  0001677c    000000bc     game_structs.o (.text._ZN18SwitchOffenceState7displayEP4Game)
                  00016838    000000b0     ST7735.o (.text._Z20ST7735_DrawFastVLinessst)
                  000168e8    000000a8     Timer.o (.text._Z14TimerG7_IntArmtjj)
                  00016990    000000a2     ST7735.o (.text._ZL11commandListPKh)
                  00016a32    00000002     Sound.o (.text._Z10Sound_Initv)
                  00016a34    000000a2     libclang_rt.builtins.a : udivmoddi4.S.obj (.text)
                  00016ad6    00000002                            : aeabi_div0.c.obj (.text.__aeabi_idiv0)
                  00016ad8    000000a0     ST7735.o (.text._Z17ST7735_InitPrintf10initRFlags)
                  00016b78    000000a0     libsysbm.a : open.c.obj (.text.open)
                  00016c18    00000098     ST7735.o (.text._Z12ST7735_InitR10initRFlags)
                  00016cb0    00000094     Timer.o (.text._Z15TimerG12_IntArmjj)
                  00016d44    0000008e     connors_display_helper.o (.text._Z14CDH_DrawStringttPcsii)
                  00016dd2    00000002     libclang_rt.builtins.a : aeabi_div0.c.obj (.text.__aeabi_ldiv0)
                  00016dd4    00000088     ST7735.o (.text._ZL13setAddrWindowhhhh)
                  00016e5c    00000004     libsysbm.a : hostexit.c.obj (.text.HOSTexit)
                  00016e60    00000088     libc.a : strcmp-armv6m.S.obj (.text:strcmp)
                  00016ee8    00000084     ST7735.o (.text._Z17ST7735_DrawStringttPcs)
                  00016f6c    00000084     Lab9HMain.o (.text.main)
                  00016ff0    0000007c     LaunchPad.o (.text._Z14LaunchPad_Initv)
                  0001706c    0000007c     SlidePot.o (.text._ZN8SlidePot4InitEv)
                  000170e8    0000007c     libc.a : fclose.c.obj (.text.__TI_closefile)
                  00017164    0000007c            : copy_decompress_lzss.c.obj (.text:decompress:lzss)
                  000171e0    00000070     ST7735.o (.text._Z16ST7735_DrawPixelsst)
                  00017250    0000006c     libsysbm.a : hostlseek.c.obj (.text.HOSTlseek)
                  000172bc    0000006c                : hostrename.c.obj (.text.HOSTrename)
                  00017328    0000006c     libc.a : getdevice.c.obj (.text.getdevice)
                  00017394    0000006a     game_structs.o (.text._ZN9Atk3State5logicEP4Game)
                  000173fe    00000002     libc.a : _lock.c.obj (.text._nop)
                  00017400    00000068     game_structs.o (.text._ZN10StartState7displayEP4Game)
                  00017468    00000064     libc.a : memory.c.obj (.text.split)
                  000174cc    00000062     game_structs.o (.text._ZN9Atk2State5logicEP4Game)
                  0001752e    00000002     --HOLE-- [fill = 0]
                  00017530    00000060     libsysbm.a : hostopen.c.obj (.text.HOSTopen)
                  00017590    00000060     game_structs.o (.text._ZN18SwitchOffenceState5logicEP4Game)
                  000175f0    00000058     libsysbm.a : hostread.c.obj (.text.HOSTread)
                  00017648    00000058                : hostwrite.c.obj (.text.HOSTwrite)
                  000176a0    00000058     TExaS.o (.text._Z10TExaS_InitP10ADC12_RegsjPFhvE)
                  000176f8    00000056     libclang_rt.builtins.a : aeabi_idivmod.S.obj (.text.__aeabi_idivmod)
                  0001774e    00000002     --HOLE-- [fill = 0]
                  00017750    00000054     game_structs.o (.text._ZN4Game4initEv)
                  000177a4    00000054     game_structs.o (.text._ZN9Atk1State7onEnterEP4Game)
                  000177f8    00000054     libc.a : autoinit.c.obj (.text:__TI_auto_init_nobinit)
                  0001784c    00000052     game_structs.o (.text._ZN9Atk1State5logicEP4Game)
                  0001789e    00000052     libc.a : fflush.c.obj (.text.__TI_doflush)
                  000178f0    00000050     connors_display_helper.o (.text._Z11CDH_OutUDecttjsii)
                  00017940    00000050     libsysbm.a : close.c.obj (.text.close)
                  00017990    0000004c     game_structs.o (.text._ZN18SwitchOffenceState7onEnterEP4Game)
                  000179dc    0000004c     game_structs.o (.text._ZN4Game12switchStatesEi)
                  00017a28    0000004c     libc.a : snprintf.c.obj (.text.snprintf)
                  00017a74    0000004a     Lab9HMain.o (.text._ZN4GameC2Ev)
                  00017abe    00000002     --HOLE-- [fill = 0]
                  00017ac0    00000048     libsysbm.a : hostclose.c.obj (.text.HOSTclose)
                  00017b08    00000048                : hostunlink.c.obj (.text.HOSTunlink)
                  00017b50    00000048     SPI.o (.text._Z14SPI_OutCommandc)
                  00017b98    00000046     game_structs.o (.text._ZN10StartState5logicEP4Game)
                  00017bde    00000002     --HOLE-- [fill = 0]
                  00017be0    00000044     Lab9HMain.o (.text.TIMG12_IRQHandler)
                  00017c24    00000040     TExaS.o (.text.TIMG7_IRQHandler)
                  00017c64    00000040     SPI.o (.text._Z9SPI_Resetv)
                  00017ca4    00000040     libclang_rt.builtins.a : aeabi_uidivmod.S.obj (.text.__aeabi_uidivmod)
                  00017ce4    00000040     libc.a : fopen.c.obj (.text._search_fp)
                  00017d24    00000040            : atoi.c.obj (.text.atoi)
                  00017d64    0000003c     game_structs.o (.text._ZN5State7displayEP4Game)
                  00017da0    0000003c     game_structs.o (.text._ZN8WinState7displayEP4Game)
                  00017ddc    0000003c     game_structs.o (.text._ZN9Atk2State7displayEP4Game)
                  00017e18    0000003c     game_structs.o (.text._ZN9Atk3State7displayEP4Game)
                  00017e54    0000003a     libclang_rt.builtins.a : muldsi3.S.obj (.text.__muldsi3)
                  00017e8e    00000002     --HOLE-- [fill = 0]
                  00017e90    00000038     SPI.o (.text._Z11SPI_OutDatac)
                  00017ec8    00000038     LaunchPad.o (.text._Z15ActivatePortA_Bv)
                  00017f00    00000034     ST7735.o (.text._Z12ST7735_writeiPKcj)
                  00017f34    00000034     Clock.o (.text._Z14Clock_Delay1msj)
                  00017f68    00000034     ST7735.o (.text._Z16ST7735_SetCursorjj)
                  00017f9c    00000034     LED.o (.text._Z8LED_Initv)
                  00017fd0    00000034     libc.a : fopen.c.obj (.text.__TI_cleanup)
                  00018004    00000034     libsysbm.a : trgmsg.c.obj (.text.__TI_readmsg)
                  00018038    00000034                : trgmsg.c.obj (.text.__TI_writemsg)
                  0001806c    00000034     libc.a : exit.c.obj (.text.exit)
                  000180a0    00000034            : getdevice.c.obj (.text.finddevice)
                  000180d4    00000034            : fopen.c.obj (.text.freopen)
                  00018108    00000030     ST7735.o (.text._ZL10commonInitPKh)
                  00018138    00000030     game_structs.o (.text._ZN10StartStateC2Ev)
                  00018168    00000030     game_structs.o (.text._ZN4Game10get_inputsEv)
                  00018198    00000030     libc.a : snprintf.c.obj (.text._outs)
                  000181c8    00000030            : fopen.c.obj (.text.fopen)
                  000181f8    0000002c     ST7735.o (.text._Z17ST7735_FillScreent)
                  00018224    0000002c     libsysbm.a : unlink.c.obj (.text.unlink)
                  00018250    00000028     Switch.o (.text._Z11Switch_Initv)
                  00018278    00000028     TExaS.o (.text._Z9ADC_StartP10ADC12_Regs)
                  000182a0    00000028     libc.a : memory.c.obj (.text.free_list_insert)
                  000182c8    00000028     libsysbm.a : write.c.obj (.text.write)
                  000182f0    00000028     libc.a : boot_cortex_m.c.obj (.text:_c_int00_noargs)
                  00018318    00000024     game_structs.o (.text._ZN18SwitchOffenceStateC2Ev)
                  0001833c    00000024     game_structs.o (.text._ZN9Atk1StateC2Ev)
                  00018360    00000024     game_structs.o (.text._ZN9Atk2StateC2Ev)
                  00018384    00000024     game_structs.o (.text._ZN9Atk3StateC2Ev)
                  000183a8    00000024     libclang_rt.builtins.a : muldi3.S.obj (.text.__muldi3)
                  000183cc    00000022     game_structs.o (.text._ZN8WinState5logicEP4Game)
                  000183ee    00000022     libc.a : memccpy.c.obj (.text.memccpy)
                  00018410    00000020     game_structs.o (.text._ZN8WinStateC2Ev)
                  00018430    0000001e     ST7735.o (.text._ZL9pushColort)
                  0001844e    00000002     --HOLE-- [fill = 0]
                  00018450    0000001e     libclang_rt.builtins.a : ashldi3.S.obj (.text.__ashldi3)
                  0001846e    00000002     --HOLE-- [fill = 0]
                  00018470    0000001c     startup_mspm0g3507_ticlang.o (.text.Default_Handler)
                  0001848c    0000001c     startup_mspm0g3507_ticlang.o (.text.HardFault_Handler)
                  000184a8    0000001c     libc.a : memory.c.obj (.text.free_list_remove)
                  000184c4    0000001a     SlidePot.o (.text._ZN8SlidePotC2Ejj)
                  000184de    0000001a     game_structs.o (.text._ZN9Atk2State7onEnterEP4Game)
                  000184f8    00000018     game_structs.o (.text._ZN5StateC2Ev)
                  00018510    00000018     Lab9HMain.o (.text.__cxx_global_var_init)
                  00018528    00000018     libc.a : snprintf.c.obj (.text._outc)
                  00018540    00000016     ST7735.o (.text._Z11ST7735_openPKcji)
                  00018556    00000016     ST7735.o (.text._Z11ST7735_readiPcj)
                  0001856c    00000016     game_structs.o (.text._ZN4Game11updateStateEv)
                  00018582    00000016     libc.a : copy_zero_init.c.obj (.text:decompress:ZI:__TI_zero_init_nomemset)
                  00018598    00000014     game_structs.o (.text._ZN9Atk3State7onEnterEP4Game)
                  000185ac    00000014     libclang_rt.builtins.a : aeabi_uldivmod.S.obj (.text.__aeabi_uldivmod)
                  000185c0    00000012     libc.a : memcpy16.S.obj (.text:TI_memcpy_small)
                  000185d2    00000012            : copy_decompress_none.c.obj (.text:decompress:none)
                  000185e4    00000010     Clock.o (.text._Z11Clock_Delayj)
                  000185f4    00000010     Lab9HMain.o (.text._Z28TExaS_LaunchPadLogicPB27PB26v)
                  00018604    00000010     game_structs.o (.text._ZN10StartState7onEnterEP4Game)
                  00018614    00000010     game_structs.o (.text._ZN5State7onEnterEP4Game)
                  00018624    00000010     game_structs.o (.text._ZN8WinState7onEnterEP4Game)
                  00018634    00000010     Lab9HMain.o (.text.__cxx_global_var_init.1)
                  00018644    00000010     libc.a : wcslen.c.obj (.text.wcslen)
                  00018654    0000000e            : memory.c.obj (.text.OUTLINED_FUNCTION_0)
                  00018662    0000000e     ST7735.o (.text._Z12ST7735_lseekili)
                  00018670    0000000e     libclang_rt.builtins.a : aeabi_memset.S.obj (.text.__aeabi_memset)
                  0001867e    0000000e     libsysbm.a : hostrename.c.obj (.text.strcpy)
                  0001868c    0000000e     libc.a : _printfi.c.obj (.text.strlen)
                  0001869a    0000000e     libsysbm.a : hostrename.c.obj (.text.strlen)
                  000186a8    0000000e     libc.a : memset16.S.obj (.text:TI_memset_small)
                  000186b6    0000000c     Lab9HMain.o (.text._GLOBAL__sub_I_Lab9HMain.cpp)
                  000186c2    00000002     --HOLE-- [fill = 0]
                  000186c4    0000000c     Clock.o (.text._Z10Clock_Freqv)
                  000186d0    0000000c     ST7735.o (.text._Z13ST7735_renamePKcS0_)
                  000186dc    0000000c     libclang_rt.builtins.a : aeabi_memset.S.obj (.text.__aeabi_memclr)
                  000186e8    0000000c     libc.a : memory.c.obj (.text.malloc)
                  000186f4    0000000a     ST7735.o (.text._Z12ST7735_closei)
                  000186fe    0000000a     ST7735.o (.text._Z13ST7735_unlinkPKc)
                  00018708    0000000a     Lab9HMain.o (.text._Z8PLL_Initv)
                  00018712    0000000a     game_structs.o (.text._ZN10StartState10play_soundEP4Game)
                  0001871c    0000000a     game_structs.o (.text._ZN18SwitchOffenceState10play_soundEP4Game)
                  00018726    0000000a     game_structs.o (.text._ZN4Game10directionsEv)
                  00018730    0000000a     game_structs.o (.text._ZN5State10play_soundEP4Game)
                  0001873a    0000000a     game_structs.o (.text._ZN5State5logicEP4Game)
                  00018744    0000000a     game_structs.o (.text._ZN8WinState10play_soundEP4Game)
                  0001874e    0000000a     game_structs.o (.text._ZN9Atk1State10play_soundEP4Game)
                  00018758    0000000a     game_structs.o (.text._ZN9Atk2State10play_soundEP4Game)
                  00018762    0000000a     game_structs.o (.text._ZN9Atk3State10play_soundEP4Game)
                  0001876c    00000008     libc.a : aeabi_portable.c.obj (.text.__aeabi_errno_addr)
                  00018774    00000008     libclang_rt.builtins.a : aeabi_memcpy.S.obj (.text.__aeabi_memcpy)
                  0001877c    00000008     libsysbm.a : remove.c.obj (.text.remove)
                  00018784    00000006     libc.a : exit.c.obj (.text:abort)
                  0001878a    00000004     startup_mspm0g3507_ticlang.o (.text.Reset_Handler)
                  0001878e    00000004     libc.a : pre_init.c.obj (.text._system_pre_init)
                  00018792    0000000e     --HOLE-- [fill = 0]

.cinit     0    000187a8    00000098     
                  000187a8    00000070     (.cinit..data.load) [load image, compression = lzss]
                  00018818    0000000c     (__TI_handler_table)
                  00018824    00000008     (.cinit..bss.load) [load image, compression = zero_init]
                  0001882c    00000010     (__TI_cinit_table)
                  0001883c    00000004     --HOLE-- [fill = 0]

.rodata    0    000000c0    00014a00     
                  000000c0    0000a8c0     game_structs.o (.rodata._ZL7valvano)
                  0000a980    00005208     game_structs.o (.rodata._ZL8yerballi)
                  0000fb88    00002440     game_structs.o (.rodata._ZL14boxing_ring_bg)
                  00011fc8    00002328     game_structs.o (.rodata._ZL12cover_splash)
                  000142f0    000004fb     ST7735.o (.rodata._ZL4Font)
                  000147eb    00000005     game_structs.o (.rodata.str1.15856950605285521293.1)
                  000147f0    00000101     libc.a : aeabi_ctype.S.obj (.rodata:__aeabi_ctype_table_)
                  000148f1    0000003b     ST7735.o (.rodata._ZL5Rcmd1)
                  0001492c    0000002b     ST7735.o (.rodata._ZL5Rcmd3)
                  00014957    00000001     --HOLE-- [fill = 0]
                  00014958    00000018     game_structs.o (.rodata._ZTV10StartState)
                  00014970    00000018     game_structs.o (.rodata._ZTV18SwitchOffenceState)
                  00014988    00000018     game_structs.o (.rodata._ZTV5State)
                  000149a0    00000018     game_structs.o (.rodata._ZTV8WinState)
                  000149b8    00000018     game_structs.o (.rodata._ZTV9Atk1State)
                  000149d0    00000018     game_structs.o (.rodata._ZTV9Atk2State)
                  000149e8    00000018     game_structs.o (.rodata._ZTV9Atk3State)
                  00014a00    00000016     ST7735.o (.rodata.str1.14736978382213673245.1)
                  00014a16    00000015     game_structs.o (.rodata.str1.13835767611687241610.1)
                  00014a2b    00000015     game_structs.o (.rodata.str1.6340018968352854695.1)
                  00014a40    00000011     libc.a : _printfi.c.obj (.rodata.str1.10348868589481759720.1)
                  00014a51    00000011            : _printfi.c.obj (.rodata.str1.15363888844622738466.1)
                  00014a62    0000000d     ST7735.o (.rodata._ZL10Rcmd2green)
                  00014a6f    0000000d     ST7735.o (.rodata._ZL8Rcmd2red)
                  00014a7c    00000009     game_structs.o (.rodata.str1.15918645729875841078.1)
                  00014a85    00000009     game_structs.o (.rodata.str1.1876938374215399292.1)
                  00014a8e    00000008     ST7735.o (.rodata.str1.7209918599617305731.1)
                  00014a96    00000007     ST7735.o (.rodata.str1.10208736415454880443.1)
                  00014a9d    00000007     ST7735.o (.rodata.str1.8723687351022562626.1)
                  00014aa4    00000005     game_structs.o (.rodata.str1.9079934376650958619.1)
                  00014aa9    00000005     game_structs.o (.rodata.str1.9776997114013541529.1)
                  00014aae    00000004     connors_display_helper.o (.rodata.str1.16435377500231430742.1)
                  00014ab2    00000004     game_structs.o (.rodata.str1.756431122810206414.1)
                  00014ab6    00000002     ST7735.o (.rodata.str1.18358205720993799461.1)
                  00014ab8    00000002     game_structs.o (.rodata.str1.3295804324984720742.1)
                  00014aba    00000006     --HOLE-- [fill = 0]

.init_array 
*          0    000187a0    00000008     
                  000187a0    00000004     Lab9HMain.o (.init_array)
                  000187a4    00000004     --HOLE-- [fill = 0]

.data      0    20200000    000002dd     UNINITIALIZED
                  20200000    000000f0     libc.a : defs.c.obj (.data._ftable)
                  202000f0    000000dc     Lab9HMain.o (.data.game)
                  202001cc    00000078     libsysbm.a : host_device.c.obj (.data._device)
                  20200244    00000050                : host_device.c.obj (.data._stream)
                  20200294    00000014     Lab9HMain.o (.data.Sensor)
                  202002a8    00000008     libc.a : exit.c.obj (.data..L_MergedGlobals)
                  202002b0    00000004     Clock.o (.data.BusFreq)
                  202002b4    00000004     ST7735.o (.data.StX)
                  202002b8    00000004     ST7735.o (.data.StY)
                  202002bc    00000004     libc.a : defs.c.obj (.data.__TI_ft_end)
                  202002c0    00000004            : aeabi_portable.c.obj (.data.__aeabi_errno)
                  202002c4    00000004            : _lock.c.obj (.data._lock)
                  202002c8    00000004            : _lock.c.obj (.data._unlock)
                  202002cc    00000002     ST7735.o (.data.StTextColor)
                  202002ce    00000002     ST7735.o (.data._ZL6_width)
                  202002d0    00000002     ST7735.o (.data._ZL7_height)
                  202002d2    00000002     game_structs.o (.data._ZZN9Atk1State7displayEP4GameE11prev_sway_x)
                  202002d4    00000001     libsysbm.a : add_device.c.obj (.data.add_device.device_init)
                  202002d5    00000003     --HOLE--
                  202002d8    00000001     libc.a : memory.c.obj (.data.memory_is_initialized)
                  202002d9    00000003     --HOLE--
                  202002dc    00000001     libsysbm.a : open.c.obj (.data.open.stream_init)

.sysmem    0    202002e0    00000200     UNINITIALIZED
                  202002e0    00000010     libc.a : memory.c.obj (.sysmem)
                  202002f0    000001f0     --HOLE--

.bss       0    202004e0    000001d8     UNINITIALIZED
                  202004e0    00000120     libsysbm.a : trgmsg.c.obj (.bss:_CIOBUF_)
                  20200600    000000a0     libc.a : defs.c.obj (.bss.__TI_tmpnams)
                  202006a0    00000008     libsysbm.a : hostopen.c.obj (.bss.parmbuf)
                  202006a8    00000004     TExaS.o (.bss.TExaSLogic)
                  202006ac    00000004     TExaS.o (.bss.TExaSadc)
                  202006b0    00000004     libc.a : memory.c.obj (.bss.sys_free)
                  202006b4    00000001     ST7735.o (.bss._ZL8ColStart)
                  202006b5    00000001     ST7735.o (.bss._ZL8Rotation)
                  202006b6    00000001     ST7735.o (.bss._ZL8RowStart)
                  202006b7    00000001     ST7735.o (.bss._ZL8TabColor)

.stack     0    20207e00    00000200     UNINITIALIZED
                  20207e00    00000004     libc.a : boot_cortex_m.c.obj (.stack)
                  20207e04    000001fc     --HOLE--

__llvm_prf_cnts 
*          0    20200000    00000000     UNINITIALIZED

__llvm_prf_bits 
*          0    20200000    00000000     UNINITIALIZED

MODULE SUMMARY

       Module                         code    ro data   rw data
       ------                         ----    -------   -------
    .\
       game_structs.o                 2320    82729     2      
       ST7735.o                       3022    1449      18     
       connors_display_helper.o       748     4         0      
       TExaS.o                        720     0         8      
       Lab9HMain.o                    352     4         240    
       Clock.o                        516     0         4      
       SPI.o                          440     0         0      
       Timer.o                        316     0         0      
       LaunchPad.o                    180     0         0      
       SlidePot.o                     150     0         0      
       LED.o                          52      0         0      
       Switch.o                       40      0         0      
       Sound.o                        4       0         0      
    +--+------------------------------+-------+---------+---------+
       Total:                         8860    84186     272    
                                                               
    .\ticlang\
       startup_mspm0g3507_ticlang.o   60      192       0      
    +--+------------------------------+-------+---------+---------+
       Total:                         60      192       0      
                                                               
    C:\ti\ccs2030\ccs\tools\compiler\ti-cgt-armllvm_4.0.4.LTS\lib\armv6m-ti-none-eabi/c/libc.a
       _printfi.c.obj                 2166    34        0      
       memory.c.obj                   702     0         5      
       fopen.c.obj                    556     0         0      
       defs.c.obj                     0       0         404    
       aeabi_ctype.S.obj              0       257       0      
       setvbuf.c.obj                  224     0         0      
       getdevice.c.obj                160     0         0      
       snprintf.c.obj                 148     0         0      
       strcmp-armv6m.S.obj            136     0         0      
       copy_decompress_lzss.c.obj     124     0         0      
       fclose.c.obj                   124     0         0      
       autoinit.c.obj                 84      0         0      
       fflush.c.obj                   82      0         0      
       exit.c.obj                     58      0         8      
       atoi.c.obj                     64      0         0      
       boot_cortex_m.c.obj            40      0         0      
       memccpy.c.obj                  34      0         0      
       copy_zero_init.c.obj           22      0         0      
       copy_decompress_none.c.obj     18      0         0      
       memcpy16.S.obj                 18      0         0      
       wcslen.c.obj                   16      0         0      
       memset16.S.obj                 14      0         0      
       aeabi_portable.c.obj           8       0         4      
       _lock.c.obj                    2       0         8      
       pre_init.c.obj                 4       0         0      
    +--+------------------------------+-------+---------+---------+
       Total:                         4804    291       429    
                                                               
    C:\ti\ccs2030\ccs\tools\compiler\ti-cgt-armllvm_4.0.4.LTS\lib\armv6m-ti-none-eabi/c/libsysbm.a
       trgmsg.c.obj                   104     0         288    
       add_device.c.obj               236     0         1      
       host_device.c.obj              0       0         200    
       open.c.obj                     160     0         1      
       hostrename.c.obj               136     0         0      
       hostlseek.c.obj                108     0         0      
       hostopen.c.obj                 96      0         8      
       hostread.c.obj                 88      0         0      
       hostwrite.c.obj                88      0         0      
       close.c.obj                    80      0         0      
       hostclose.c.obj                72      0         0      
       hostunlink.c.obj               72      0         0      
       unlink.c.obj                   44      0         0      
       write.c.obj                    40      0         0      
       remove.c.obj                   8       0         0      
       hostexit.c.obj                 4       0         0      
    +--+------------------------------+-------+---------+---------+
       Total:                         1336    0         498    
                                                               
    C:\ti\ccs2030\ccs\tools\compiler\ti-cgt-armllvm_4.0.4.LTS\lib\armv6m-ti-none-eabi/libclang_rt.builtins.a
       udivmoddi4.S.obj               162     0         0      
       aeabi_idivmod.S.obj            86      0         0      
       aeabi_uidivmod.S.obj           64      0         0      
       muldsi3.S.obj                  58      0         0      
       muldi3.S.obj                   36      0         0      
       ashldi3.S.obj                  30      0         0      
       aeabi_memset.S.obj             26      0         0      
       aeabi_uldivmod.S.obj           20      0         0      
       aeabi_memcpy.S.obj             8       0         0      
       aeabi_div0.c.obj               4       0         0      
    +--+------------------------------+-------+---------+---------+
       Total:                         494     0         0      
                                                               
       Heap:                          0       0         512    
       Stack:                         0       0         512    
       Linker Generated:              0       148       0      
    +--+------------------------------+-------+---------+---------+
       Grand Total:                   15554   84817     2223   


LINKER GENERATED COPY TABLES

__TI_cinit_table @ 0001882c records: 2, size/record: 8, table size: 16
	.data: load addr=000187a8, load size=00000070 bytes, run addr=20200000, run size=000002dd bytes, compression=lzss
	.bss: load addr=00018824, load size=00000008 bytes, run addr=202004e0, run size=000001d8 bytes, compression=zero_init


LINKER GENERATED HANDLER TABLE

__TI_handler_table @ 00018818 records: 3, size/record: 4, table size: 12
	index: 0, handler: __TI_decompress_lzss
	index: 1, handler: __TI_decompress_none
	index: 2, handler: __TI_zero_init


GLOBAL SYMBOLS: SORTED ALPHABETICALLY BY Name 

address   name                                      
-------   ----                                      
00018471  ADC0_IRQHandler                           
00018471  ADC1_IRQHandler                           
00018471  AES_IRQHandler                            
202002b0  BusFreq                                   
00016e5c  C$$EXIT                                   
00018065  C$$IO$$                                   
00018471  CANFD0_IRQHandler                         
00018471  DAC0_IRQHandler                           
00018471  DMA_IRQHandler                            
00018471  Default_Handler                           
00018471  GROUP0_IRQHandler                         
00018471  GROUP1_IRQHandler                         
00017ac1  HOSTclose                                 
00016e5d  HOSTexit                                  
00017251  HOSTlseek                                 
00017531  HOSTopen                                  
000175f1  HOSTread                                  
000172bd  HOSTrename                                
00017b09  HOSTunlink                                
00017649  HOSTwrite                                 
0001848d  HardFault_Handler                         
00018471  I2C0_IRQHandler                           
00018471  I2C1_IRQHandler                           
00018471  NMI_Handler                               
00018471  PendSV_Handler                            
00018471  RTC_IRQHandler                            
0001878b  Reset_Handler                             
000187a0  SHT$$INIT_ARRAY$$Base                     
000187a4  SHT$$INIT_ARRAY$$Limit                    
00018471  SPI0_IRQHandler                           
00018471  SPI1_IRQHandler                           
00018471  SVC_Handler                               
20200294  Sensor                                    
202002cc  StTextColor                               
202002b4  StX                                       
202002b8  StY                                       
000163fb  SysTick_Handler                           
202006a8  TExaSLogic                                
202006ac  TExaSadc                                  
00018471  TIMA0_IRQHandler                          
00018471  TIMA1_IRQHandler                          
00018471  TIMG0_IRQHandler                          
00017be1  TIMG12_IRQHandler                         
00018471  TIMG6_IRQHandler                          
00017c25  TIMG7_IRQHandler                          
00018471  TIMG8_IRQHandler                          
000185c1  TI_memcpy_small                           
000186a9  TI_memset_small                           
00018471  UART0_IRQHandler                          
00018471  UART1_IRQHandler                          
00018471  UART2_IRQHandler                          
00018471  UART3_IRQHandler                          
202004e0  _CIOBUF_                                  
000186c5  _Z10Clock_Freqv                           
00016a33  _Z10Sound_Initv                           
000176a1  _Z10TExaS_InitP10ADC12_RegsjPFhvE         
000178f1  _Z11CDH_OutUDecttjsii                     
000185e5  _Z11Clock_Delayj                          
00017e91  _Z11SPI_OutDatac                          
00018541  _Z11ST7735_openPKcji                      
00018557  _Z11ST7735_readiPcj                       
00018251  _Z11Switch_Initv                          
00016c19  _Z12ST7735_InitR10initRFlags              
000186f5  _Z12ST7735_closei                         
00018663  _Z12ST7735_lseekili                       
00017f01  _Z12ST7735_writeiPKcj                     
000186d1  _Z13ST7735_renamePKcS0_                   
000186ff  _Z13ST7735_unlinkPKc                      
00016d45  _Z14CDH_DrawStringttPcsii                 
00017f35  _Z14Clock_Delay1msj                       
00016ff1  _Z14LaunchPad_Initv                       
00017b51  _Z14SPI_OutCommandc                       
000166ad  _Z14ST7735_OutCharc                       
000168e9  _Z14TimerG7_IntArmtjj                     
00017ec9  _Z15ActivatePortA_Bv                      
00015719  _Z15Clock_Init80MHzi                      
00015e0d  _Z15ST7735_FillRectsssst                  
00016cb1  _Z15TimerG12_IntArmjj                     
00015ce9  _Z16CDH_DrawBitmap2xssPKtss               
000158cd  _Z16ST7735_DrawCharSsscssh                
000171e1  _Z16ST7735_DrawPixelsst                   
00017f69  _Z16ST7735_SetCursorjj                    
00015329  _Z17ST7735_DrawBitmapssPKtss              
00016ee9  _Z17ST7735_DrawStringttPcs                
000181f9  _Z17ST7735_FillScreent                    
00016ad9  _Z17ST7735_InitPrintf10initRFlags         
00016131  _Z18ST7735_SetRotationh                   
00016839  _Z20ST7735_DrawFastVLinessst              
00016311  _Z25CDH_DrawBitmapTransparentssPKtsst     
000185f5  _Z28TExaS_LaunchPadLogicPB27PB26v         
00015bc1  _Z8ADC_InitP10ADC12_Regsjj                
00017f9d  _Z8LED_Initv                              
00018709  _Z8PLL_Initv                              
00016039  _Z8SPI_Initv                              
00018279  _Z9ADC_StartP10ADC12_Regs                 
00017c65  _Z9SPI_Resetv                             
000163fd  _Z9UART_Initv                             
00018713  _ZN10StartState10play_soundEP4Game        
00017b99  _ZN10StartState5logicEP4Game              
00017401  _ZN10StartState7displayEP4Game            
00018605  _ZN10StartState7onEnterEP4Game            
00018139  _ZN10StartStateC1Ev                       
00018139  _ZN10StartStateC2Ev                       
0001871d  _ZN18SwitchOffenceState10play_soundEP4Game
00017591  _ZN18SwitchOffenceState5logicEP4Game      
0001677d  _ZN18SwitchOffenceState7displayEP4Game    
00017991  _ZN18SwitchOffenceState7onEnterEP4Game    
00018319  _ZN18SwitchOffenceStateC1Ev               
00018319  _ZN18SwitchOffenceStateC2Ev               
00018727  _ZN4Game10directionsEv                    
00018169  _ZN4Game10get_inputsEv                    
0001856d  _ZN4Game11updateStateEv                   
000179dd  _ZN4Game12switchStatesEi                  
00017751  _ZN4Game4initEv                           
00017a75  _ZN4GameC2Ev                              
00018731  _ZN5State10play_soundEP4Game              
0001873b  _ZN5State5logicEP4Game                    
00017d65  _ZN5State7displayEP4Game                  
00018615  _ZN5State7onEnterEP4Game                  
000184f9  _ZN5StateC2Ev                             
0001706d  _ZN8SlidePot4InitEv                       
000184c5  _ZN8SlidePotC1Ejj                         
000184c5  _ZN8SlidePotC2Ejj                         
00018745  _ZN8WinState10play_soundEP4Game           
000183cd  _ZN8WinState5logicEP4Game                 
00017da1  _ZN8WinState7displayEP4Game               
00018625  _ZN8WinState7onEnterEP4Game               
00018411  _ZN8WinStateC1Ev                          
00018411  _ZN8WinStateC2Ev                          
0001874f  _ZN9Atk1State10play_soundEP4Game          
0001784d  _ZN9Atk1State5logicEP4Game                
00015539  _ZN9Atk1State7displayEP4Game              
000177a5  _ZN9Atk1State7onEnterEP4Game              
0001833d  _ZN9Atk1StateC1Ev                         
0001833d  _ZN9Atk1StateC2Ev                         
00018759  _ZN9Atk2State10play_soundEP4Game          
000174cd  _ZN9Atk2State5logicEP4Game                
00017ddd  _ZN9Atk2State7displayEP4Game              
000184df  _ZN9Atk2State7onEnterEP4Game              
00018361  _ZN9Atk2StateC1Ev                         
00018361  _ZN9Atk2StateC2Ev                         
00018763  _ZN9Atk3State10play_soundEP4Game          
00017395  _ZN9Atk3State5logicEP4Game                
00017e19  _ZN9Atk3State7displayEP4Game              
00018599  _ZN9Atk3State7onEnterEP4Game              
00018385  _ZN9Atk3StateC1Ev                         
00018385  _ZN9Atk3StateC2Ev                         
00014958  _ZTV10StartState                          
00014970  _ZTV18SwitchOffenceState                  
00014988  _ZTV5State                                
000149a0  _ZTV8WinState                             
000149b8  _ZTV9Atk1State                            
000149d0  _ZTV9Atk2State                            
000149e8  _ZTV9Atk3State                            
202004e0  __CIOBUF_                                 
20208000  __STACK_END                               
00000200  __STACK_SIZE                              
00000200  __SYSMEM_SIZE                             
00000000  __TI_ATRegion0_region_sz                  
00000000  __TI_ATRegion0_src_addr                   
00000000  __TI_ATRegion0_trg_addr                   
00000000  __TI_ATRegion1_region_sz                  
00000000  __TI_ATRegion1_src_addr                   
00000000  __TI_ATRegion1_trg_addr                   
00000000  __TI_ATRegion2_region_sz                  
00000000  __TI_ATRegion2_src_addr                   
00000000  __TI_ATRegion2_trg_addr                   
0001882c  __TI_CINIT_Base                           
0001883c  __TI_CINIT_Limit                          
0001883c  __TI_CINIT_Warm                           
00018818  __TI_Handler_Table_Base                   
00018824  __TI_Handler_Table_Limit                  
000177f9  __TI_auto_init_nobinit                    
00017fd1  __TI_cleanup                              
202002a8  __TI_cleanup_ptr                          
000170e9  __TI_closefile                            
00017165  __TI_decompress_lzss                      
000185d3  __TI_decompress_none                      
0001789f  __TI_doflush                              
202002ac  __TI_dtors_ptr                            
202002bc  __TI_ft_end                               
ffffffff  __TI_pprof_out_hndl                       
00014ac1  __TI_printfi_nofloat                      
ffffffff  __TI_prof_data_size                       
ffffffff  __TI_prof_data_start                      
00018005  __TI_readmsg                              
00000000  __TI_static_base__                        
20200600  __TI_tmpnams                              
00018039  __TI_writemsg                             
00018583  __TI_zero_init_nomemset                   
000147f0  __aeabi_ctype_table_                      
000147f0  __aeabi_ctype_table_C                     
202002c0  __aeabi_errno                             
0001876d  __aeabi_errno_addr                        
000176f9  __aeabi_idiv                              
00016ad7  __aeabi_idiv0                             
000176f9  __aeabi_idivmod                           
00016dd3  __aeabi_ldiv0                             
00018451  __aeabi_llsl                              
000183a9  __aeabi_lmul                              
000186dd  __aeabi_memclr                            
000186dd  __aeabi_memclr4                           
000186dd  __aeabi_memclr8                           
00018775  __aeabi_memcpy                            
00018775  __aeabi_memcpy4                           
00018775  __aeabi_memcpy8                           
00018671  __aeabi_memset                            
00018671  __aeabi_memset4                           
00018671  __aeabi_memset8                           
00017ca5  __aeabi_uidiv                             
00017ca5  __aeabi_uidivmod                          
000185ad  __aeabi_uldivmod                          
00018451  __ashldi3                                 
ffffffff  __binit__                                 
UNDEFED   __mpu_init                                
000183a9  __muldi3                                  
00017e55  __muldsi3                                 
20207e00  __stack                                   
20200000  __start___llvm_prf_bits                   
20200000  __start___llvm_prf_cnts                   
20200000  __stop___llvm_prf_bits                    
20200000  __stop___llvm_prf_cnts                    
00016a35  __udivmoddi4                              
000182f1  _c_int00_noargs                           
202001cc  _device                                   
20200000  _ftable                                   
202002c4  _lock                                     
000173ff  _nop                                      
20200244  _stream                                   
202002e0  _sys_memory                               
UNDEFED   _system_post_cinit                        
0001878f  _system_pre_init                          
202002c8  _unlock                                   
00018785  abort                                     
00016225  add_device                                
00015f25  aligned_alloc                             
00017d25  atoi                                      
ffffffff  binit                                     
00017941  close                                     
0001806d  exit                                      
000180a1  finddevice                                
000181c9  fopen                                     
000164e5  free                                      
000180d5  freopen                                   
202000f0  game                                      
00017329  getdevice                                 
00000000  interruptVectors                          
00016f6d  main                                      
000186e9  malloc                                    
00015f25  memalign                                  
000183ef  memccpy                                   
00016b79  open                                      
202006a0  parmbuf                                   
0001877d  remove                                    
000165cd  setvbuf                                   
00017a29  snprintf                                  
00016e61  strcmp                                    
00018225  unlink                                    
00018645  wcslen                                    
000182c9  write                                     


GLOBAL SYMBOLS: SORTED BY Symbol Address 

address   name                                      
-------   ----                                      
00000000  __TI_ATRegion0_region_sz                  
00000000  __TI_ATRegion0_src_addr                   
00000000  __TI_ATRegion0_trg_addr                   
00000000  __TI_ATRegion1_region_sz                  
00000000  __TI_ATRegion1_src_addr                   
00000000  __TI_ATRegion1_trg_addr                   
00000000  __TI_ATRegion2_region_sz                  
00000000  __TI_ATRegion2_src_addr                   
00000000  __TI_ATRegion2_trg_addr                   
00000000  __TI_static_base__                        
00000000  interruptVectors                          
00000200  __STACK_SIZE                              
00000200  __SYSMEM_SIZE                             
000147f0  __aeabi_ctype_table_                      
000147f0  __aeabi_ctype_table_C                     
00014958  _ZTV10StartState                          
00014970  _ZTV18SwitchOffenceState                  
00014988  _ZTV5State                                
000149a0  _ZTV8WinState                             
000149b8  _ZTV9Atk1State                            
000149d0  _ZTV9Atk2State                            
000149e8  _ZTV9Atk3State                            
00014ac1  __TI_printfi_nofloat                      
00015329  _Z17ST7735_DrawBitmapssPKtss              
00015539  _ZN9Atk1State7displayEP4Game              
00015719  _Z15Clock_Init80MHzi                      
000158cd  _Z16ST7735_DrawCharSsscssh                
00015bc1  _Z8ADC_InitP10ADC12_Regsjj                
00015ce9  _Z16CDH_DrawBitmap2xssPKtss               
00015e0d  _Z15ST7735_FillRectsssst                  
00015f25  aligned_alloc                             
00015f25  memalign                                  
00016039  _Z8SPI_Initv                              
00016131  _Z18ST7735_SetRotationh                   
00016225  add_device                                
00016311  _Z25CDH_DrawBitmapTransparentssPKtsst     
000163fb  SysTick_Handler                           
000163fd  _Z9UART_Initv                             
000164e5  free                                      
000165cd  setvbuf                                   
000166ad  _Z14ST7735_OutCharc                       
0001677d  _ZN18SwitchOffenceState7displayEP4Game    
00016839  _Z20ST7735_DrawFastVLinessst              
000168e9  _Z14TimerG7_IntArmtjj                     
00016a33  _Z10Sound_Initv                           
00016a35  __udivmoddi4                              
00016ad7  __aeabi_idiv0                             
00016ad9  _Z17ST7735_InitPrintf10initRFlags         
00016b79  open                                      
00016c19  _Z12ST7735_InitR10initRFlags              
00016cb1  _Z15TimerG12_IntArmjj                     
00016d45  _Z14CDH_DrawStringttPcsii                 
00016dd3  __aeabi_ldiv0                             
00016e5c  C$$EXIT                                   
00016e5d  HOSTexit                                  
00016e61  strcmp                                    
00016ee9  _Z17ST7735_DrawStringttPcs                
00016f6d  main                                      
00016ff1  _Z14LaunchPad_Initv                       
0001706d  _ZN8SlidePot4InitEv                       
000170e9  __TI_closefile                            
00017165  __TI_decompress_lzss                      
000171e1  _Z16ST7735_DrawPixelsst                   
00017251  HOSTlseek                                 
000172bd  HOSTrename                                
00017329  getdevice                                 
00017395  _ZN9Atk3State5logicEP4Game                
000173ff  _nop                                      
00017401  _ZN10StartState7displayEP4Game            
000174cd  _ZN9Atk2State5logicEP4Game                
00017531  HOSTopen                                  
00017591  _ZN18SwitchOffenceState5logicEP4Game      
000175f1  HOSTread                                  
00017649  HOSTwrite                                 
000176a1  _Z10TExaS_InitP10ADC12_RegsjPFhvE         
000176f9  __aeabi_idiv                              
000176f9  __aeabi_idivmod                           
00017751  _ZN4Game4initEv                           
000177a5  _ZN9Atk1State7onEnterEP4Game              
000177f9  __TI_auto_init_nobinit                    
0001784d  _ZN9Atk1State5logicEP4Game                
0001789f  __TI_doflush                              
000178f1  _Z11CDH_OutUDecttjsii                     
00017941  close                                     
00017991  _ZN18SwitchOffenceState7onEnterEP4Game    
000179dd  _ZN4Game12switchStatesEi                  
00017a29  snprintf                                  
00017a75  _ZN4GameC2Ev                              
00017ac1  HOSTclose                                 
00017b09  HOSTunlink                                
00017b51  _Z14SPI_OutCommandc                       
00017b99  _ZN10StartState5logicEP4Game              
00017be1  TIMG12_IRQHandler                         
00017c25  TIMG7_IRQHandler                          
00017c65  _Z9SPI_Resetv                             
00017ca5  __aeabi_uidiv                             
00017ca5  __aeabi_uidivmod                          
00017d25  atoi                                      
00017d65  _ZN5State7displayEP4Game                  
00017da1  _ZN8WinState7displayEP4Game               
00017ddd  _ZN9Atk2State7displayEP4Game              
00017e19  _ZN9Atk3State7displayEP4Game              
00017e55  __muldsi3                                 
00017e91  _Z11SPI_OutDatac                          
00017ec9  _Z15ActivatePortA_Bv                      
00017f01  _Z12ST7735_writeiPKcj                     
00017f35  _Z14Clock_Delay1msj                       
00017f69  _Z16ST7735_SetCursorjj                    
00017f9d  _Z8LED_Initv                              
00017fd1  __TI_cleanup                              
00018005  __TI_readmsg                              
00018039  __TI_writemsg                             
00018065  C$$IO$$                                   
0001806d  exit                                      
000180a1  finddevice                                
000180d5  freopen                                   
00018139  _ZN10StartStateC1Ev                       
00018139  _ZN10StartStateC2Ev                       
00018169  _ZN4Game10get_inputsEv                    
000181c9  fopen                                     
000181f9  _Z17ST7735_FillScreent                    
00018225  unlink                                    
00018251  _Z11Switch_Initv                          
00018279  _Z9ADC_StartP10ADC12_Regs                 
000182c9  write                                     
000182f1  _c_int00_noargs                           
00018319  _ZN18SwitchOffenceStateC1Ev               
00018319  _ZN18SwitchOffenceStateC2Ev               
0001833d  _ZN9Atk1StateC1Ev                         
0001833d  _ZN9Atk1StateC2Ev                         
00018361  _ZN9Atk2StateC1Ev                         
00018361  _ZN9Atk2StateC2Ev                         
00018385  _ZN9Atk3StateC1Ev                         
00018385  _ZN9Atk3StateC2Ev                         
000183a9  __aeabi_lmul                              
000183a9  __muldi3                                  
000183cd  _ZN8WinState5logicEP4Game                 
000183ef  memccpy                                   
00018411  _ZN8WinStateC1Ev                          
00018411  _ZN8WinStateC2Ev                          
00018451  __aeabi_llsl                              
00018451  __ashldi3                                 
00018471  ADC0_IRQHandler                           
00018471  ADC1_IRQHandler                           
00018471  AES_IRQHandler                            
00018471  CANFD0_IRQHandler                         
00018471  DAC0_IRQHandler                           
00018471  DMA_IRQHandler                            
00018471  Default_Handler                           
00018471  GROUP0_IRQHandler                         
00018471  GROUP1_IRQHandler                         
00018471  I2C0_IRQHandler                           
00018471  I2C1_IRQHandler                           
00018471  NMI_Handler                               
00018471  PendSV_Handler                            
00018471  RTC_IRQHandler                            
00018471  SPI0_IRQHandler                           
00018471  SPI1_IRQHandler                           
00018471  SVC_Handler                               
00018471  TIMA0_IRQHandler                          
00018471  TIMA1_IRQHandler                          
00018471  TIMG0_IRQHandler                          
00018471  TIMG6_IRQHandler                          
00018471  TIMG8_IRQHandler                          
00018471  UART0_IRQHandler                          
00018471  UART1_IRQHandler                          
00018471  UART2_IRQHandler                          
00018471  UART3_IRQHandler                          
0001848d  HardFault_Handler                         
000184c5  _ZN8SlidePotC1Ejj                         
000184c5  _ZN8SlidePotC2Ejj                         
000184df  _ZN9Atk2State7onEnterEP4Game              
000184f9  _ZN5StateC2Ev                             
00018541  _Z11ST7735_openPKcji                      
00018557  _Z11ST7735_readiPcj                       
0001856d  _ZN4Game11updateStateEv                   
00018583  __TI_zero_init_nomemset                   
00018599  _ZN9Atk3State7onEnterEP4Game              
000185ad  __aeabi_uldivmod                          
000185c1  TI_memcpy_small                           
000185d3  __TI_decompress_none                      
000185e5  _Z11Clock_Delayj                          
000185f5  _Z28TExaS_LaunchPadLogicPB27PB26v         
00018605  _ZN10StartState7onEnterEP4Game            
00018615  _ZN5State7onEnterEP4Game                  
00018625  _ZN8WinState7onEnterEP4Game               
00018645  wcslen                                    
00018663  _Z12ST7735_lseekili                       
00018671  __aeabi_memset                            
00018671  __aeabi_memset4                           
00018671  __aeabi_memset8                           
000186a9  TI_memset_small                           
000186c5  _Z10Clock_Freqv                           
000186d1  _Z13ST7735_renamePKcS0_                   
000186dd  __aeabi_memclr                            
000186dd  __aeabi_memclr4                           
000186dd  __aeabi_memclr8                           
000186e9  malloc                                    
000186f5  _Z12ST7735_closei                         
000186ff  _Z13ST7735_unlinkPKc                      
00018709  _Z8PLL_Initv                              
00018713  _ZN10StartState10play_soundEP4Game        
0001871d  _ZN18SwitchOffenceState10play_soundEP4Game
00018727  _ZN4Game10directionsEv                    
00018731  _ZN5State10play_soundEP4Game              
0001873b  _ZN5State5logicEP4Game                    
00018745  _ZN8WinState10play_soundEP4Game           
0001874f  _ZN9Atk1State10play_soundEP4Game          
00018759  _ZN9Atk2State10play_soundEP4Game          
00018763  _ZN9Atk3State10play_soundEP4Game          
0001876d  __aeabi_errno_addr                        
00018775  __aeabi_memcpy                            
00018775  __aeabi_memcpy4                           
00018775  __aeabi_memcpy8                           
0001877d  remove                                    
00018785  abort                                     
0001878b  Reset_Handler                             
0001878f  _system_pre_init                          
000187a0  SHT$$INIT_ARRAY$$Base                     
000187a4  SHT$$INIT_ARRAY$$Limit                    
00018818  __TI_Handler_Table_Base                   
00018824  __TI_Handler_Table_Limit                  
0001882c  __TI_CINIT_Base                           
0001883c  __TI_CINIT_Limit                          
0001883c  __TI_CINIT_Warm                           
20200000  __start___llvm_prf_bits                   
20200000  __start___llvm_prf_cnts                   
20200000  __stop___llvm_prf_bits                    
20200000  __stop___llvm_prf_cnts                    
20200000  _ftable                                   
202000f0  game                                      
202001cc  _device                                   
20200244  _stream                                   
20200294  Sensor                                    
202002a8  __TI_cleanup_ptr                          
202002ac  __TI_dtors_ptr                            
202002b0  BusFreq                                   
202002b4  StX                                       
202002b8  StY                                       
202002bc  __TI_ft_end                               
202002c0  __aeabi_errno                             
202002c4  _lock                                     
202002c8  _unlock                                   
202002cc  StTextColor                               
202002e0  _sys_memory                               
202004e0  _CIOBUF_                                  
202004e0  __CIOBUF_                                 
20200600  __TI_tmpnams                              
202006a0  parmbuf                                   
202006a8  TExaSLogic                                
202006ac  TExaSadc                                  
20207e00  __stack                                   
20208000  __STACK_END                               
ffffffff  __TI_pprof_out_hndl                       
ffffffff  __TI_prof_data_size                       
ffffffff  __TI_prof_data_start                      
ffffffff  __binit__                                 
ffffffff  binit                                     
UNDEFED   __mpu_init                                
UNDEFED   _system_post_cinit                        

[260 symbols]
