******************************************************************************
            TI ARM Clang Linker PC v4.0.4                      
******************************************************************************
>> Linked Sun Apr 12 16:00:55 2026

OUTPUT FILE NAME:   <ECE319K_Lab9H.out>
ENTRY POINT SYMBOL: "_c_int00_noargs"  address: 00001f05


MEMORY CONFIGURATION

         name            origin    length      used     unused   attr    fill
----------------------  --------  ---------  --------  --------  ----  --------
  FLASH                 00000000   00020000  000029c8  0001d638  R  X
  SRAM                  20200000   00008000  000008b4  0000774c  RW X
  BCR_CONFIG            41c00000   00000080  00000000  00000080  R   
  BSL_CONFIG            41c00100   00000080  00000000  00000080  R   


SEGMENT ALLOCATION MAP

run origin  load origin   length   init length attrs members
----------  ----------- ---------- ----------- ----- -------
00000000    00000000    000029c8   000029c8    r-x
  00000000    00000000    000000c0   000000c0    r-- .intvecs
  000000c0    000000c0    000021c0   000021c0    r-x .text
  00002280    00002280    00000680   00000680    r-- .rodata
  00002900    00002900    00000008   00000008    r-- .init_array
  00002908    00002908    000000c0   000000c0    r-- .cinit
20200000    20200000    000006b7   00000000    rw-
  20200000    20200000    000002cd   00000000    rw- .data
  202002d0    202002d0    00000200   00000000    rw- .sysmem
  202004d0    202004d0    000001e7   00000000    rw- .bss
20207e00    20207e00    00000200   00000000    rw-
  20207e00    20207e00    00000200   00000000    rw- .stack


SECTION ALLOCATION MAP

 output                                  attributes/
section   page    origin      length       input sections
--------  ----  ----------  ----------   ----------------
.intvecs   0    00000000    000000c0     
                  00000000    000000c0     startup_mspm0g3507_ticlang.o (.intvecs)

.binit     0    00000000    00000000     

.text      0    000000c0    000021c0     
                  000000c0    000001b4     Clock.o (.text._Z15Clock_Init80MHzi)
                  00000274    000001a0     ST7735.o (.text._Z16ST7735_DrawCharSsscssh)
                  00000414    00000154     libc.a : fopen.c.obj (.text._openfile)
                  00000568    00000118     ST7735.o (.text._Z15ST7735_FillRectsssst)
                  00000680    00000118     Lab9HMain.o (.text.main)
                  00000798    00000114     libc.a : memory.c.obj (.text.aligned_alloc)
                  000008ac    000000f8     SPI.o (.text._Z8SPI_Initv)
                  000009a4    000000ec     libsysbm.a : add_device.c.obj (.text.add_device)
                  00000a90    000000e8     libc.a : memory.c.obj (.text.free)
                  00000b78    000000e0            : setvbuf.c.obj (.text.setvbuf)
                  00000c58    000000d0     ST7735.o (.text._Z14ST7735_OutCharc)
                  00000d28    000000a2     ST7735.o (.text._ZL11commandListPKh)
                  00000dca    00000002     Sound.o (.text.SysTick_Handler)
                  00000dcc    000000a0     ST7735.o (.text._Z17ST7735_InitPrintf10initRFlags)
                  00000e6c    000000a0     libsysbm.a : open.c.obj (.text.open)
                  00000f0c    00000098     ST7735.o (.text._Z12ST7735_InitR10initRFlags)
                  00000fa4    00000088     ST7735.o (.text._ZL13setAddrWindowhhhh)
                  0000102c    00000004     libsysbm.a : hostexit.c.obj (.text.HOSTexit)
                  00001030    00000088     libc.a : strcmp-armv6m.S.obj (.text:strcmp)
                  000010b8    00000084     ST7735.o (.text._Z14ST7735_OutUDecj)
                  0000113c    00000084     ST7735.o (.text._Z17ST7735_DrawStringttPcs)
                  000011c0    0000007c     LaunchPad.o (.text._Z14LaunchPad_Initv)
                  0000123c    0000007c     libc.a : fclose.c.obj (.text.__TI_closefile)
                  000012b8    0000007c            : copy_decompress_lzss.c.obj (.text:decompress:lzss)
                  00001334    0000007a     game_structs.o (.text._ZN9Atk3State5logicEP4Game)
                  000013ae    00000002     libclang_rt.builtins.a : aeabi_div0.c.obj (.text.__aeabi_idiv0)
                  000013b0    00000070     ST7735.o (.text._Z16ST7735_DrawPixelsst)
                  00001420    00000070     game_structs.o (.text._ZN9Atk2State5logicEP4Game)
                  00001490    0000006c     libsysbm.a : hostlseek.c.obj (.text.HOSTlseek)
                  000014fc    0000006c                : hostrename.c.obj (.text.HOSTrename)
                  00001568    0000006c     libc.a : getdevice.c.obj (.text.getdevice)
                  000015d4    00000064     game_structs.o (.text._ZN18SwitchOffenceState5logicEP4Game)
                  00001638    00000064     libc.a : memory.c.obj (.text.split)
                  0000169c    00000060     libsysbm.a : hostopen.c.obj (.text.HOSTopen)
                  000016fc    00000060     game_structs.o (.text._ZN9Atk1State5logicEP4Game)
                  0000175c    00000058     libsysbm.a : hostread.c.obj (.text.HOSTread)
                  000017b4    00000058                : hostwrite.c.obj (.text.HOSTwrite)
                  0000180c    00000054     ST7735.o (.text._Z11fillmessagej)
                  00001860    00000054     libc.a : autoinit.c.obj (.text:__TI_auto_init_nobinit)
                  000018b4    00000052            : fflush.c.obj (.text.__TI_doflush)
                  00001906    00000002            : _lock.c.obj (.text._nop)
                  00001908    00000050     libsysbm.a : close.c.obj (.text.close)
                  00001958    00000048                : hostclose.c.obj (.text.HOSTclose)
                  000019a0    00000048                : hostunlink.c.obj (.text.HOSTunlink)
                  000019e8    00000048     SPI.o (.text._Z14SPI_OutCommandc)
                  00001a30    00000044     Lab9HMain.o (.text.TIMG12_IRQHandler)
                  00001a74    00000042     Lab9HMain.o (.text._ZN4GameC2Ev)
                  00001ab6    00000002     --HOLE-- [fill = 0]
                  00001ab8    00000040     TExaS.o (.text.TIMG7_IRQHandler)
                  00001af8    00000040     SPI.o (.text._Z9SPI_Resetv)
                  00001b38    00000040     libclang_rt.builtins.a : aeabi_uidivmod.S.obj (.text.__aeabi_uidivmod)
                  00001b78    00000040     libc.a : fopen.c.obj (.text._search_fp)
                  00001bb8    00000038     SPI.o (.text._Z11SPI_OutDatac)
                  00001bf0    00000038     LaunchPad.o (.text._Z15ActivatePortA_Bv)
                  00001c28    00000034     ST7735.o (.text._Z12ST7735_writeiPKcj)
                  00001c5c    00000034     Clock.o (.text._Z14Clock_Delay1msj)
                  00001c90    00000034     ST7735.o (.text._Z16ST7735_SetCursorjj)
                  00001cc4    00000034     libc.a : fopen.c.obj (.text.__TI_cleanup)
                  00001cf8    00000034     libsysbm.a : trgmsg.c.obj (.text.__TI_readmsg)
                  00001d2c    00000034                : trgmsg.c.obj (.text.__TI_writemsg)
                  00001d60    00000034     libc.a : exit.c.obj (.text.exit)
                  00001d94    00000034            : getdevice.c.obj (.text.finddevice)
                  00001dc8    00000034            : fopen.c.obj (.text.freopen)
                  00001dfc    00000030     ST7735.o (.text._ZL10commonInitPKh)
                  00001e2c    00000030     libc.a : fopen.c.obj (.text.fopen)
                  00001e5c    0000002c     ST7735.o (.text._Z17ST7735_FillScreent)
                  00001e88    0000002c     libsysbm.a : unlink.c.obj (.text.unlink)
                  00001eb4    00000028     libc.a : memory.c.obj (.text.free_list_insert)
                  00001edc    00000028     libsysbm.a : write.c.obj (.text.write)
                  00001f04    00000028     libc.a : boot_cortex_m.c.obj (.text:_c_int00_noargs)
                  00001f2c    00000026     ST7735.o (.text._Z16ST7735_OutStringPc)
                  00001f52    00000002     --HOLE-- [fill = 0]
                  00001f54    00000024     Lab9HMain.o (.text._ZN18SwitchOffenceStateC2Ev)
                  00001f78    00000024     Lab9HMain.o (.text._ZN9Atk1StateC2Ev)
                  00001f9c    00000024     Lab9HMain.o (.text._ZN9Atk2StateC2Ev)
                  00001fc0    00000024     Lab9HMain.o (.text._ZN9Atk3StateC2Ev)
                  00001fe4    00000020     game_structs.o (.text._ZN10StartState5logicEP4Game)
                  00002004    00000020     Lab9HMain.o (.text._ZN10StartStateC2Ev)
                  00002024    00000020     game_structs.o (.text._ZN8WinState5logicEP4Game)
                  00002044    00000020     Lab9HMain.o (.text._ZN8WinStateC2Ev)
                  00002064    0000001e     ST7735.o (.text._ZL9pushColort)
                  00002082    00000002     --HOLE-- [fill = 0]
                  00002084    0000001c     startup_mspm0g3507_ticlang.o (.text.Default_Handler)
                  000020a0    0000001c     startup_mspm0g3507_ticlang.o (.text.HardFault_Handler)
                  000020bc    0000001c     libc.a : memory.c.obj (.text.free_list_remove)
                  000020d8    0000001a     SlidePot.o (.text._ZN8SlidePotC2Ejj)
                  000020f2    00000002     --HOLE-- [fill = 0]
                  000020f4    00000018     Lab9HMain.o (.text.__cxx_global_var_init)
                  0000210c    00000016     ST7735.o (.text._Z11ST7735_openPKcji)
                  00002122    00000016     ST7735.o (.text._Z11ST7735_readiPcj)
                  00002138    00000016     game_structs.o (.text._ZN4Game11updateStateEv)
                  0000214e    00000016     libc.a : copy_zero_init.c.obj (.text:decompress:ZI:__TI_zero_init_nomemset)
                  00002164    00000014     Lab9HMain.o (.text._ZN5StateC2Ev)
                  00002178    00000012     libc.a : memcpy16.S.obj (.text:TI_memcpy_small)
                  0000218a    00000012            : copy_decompress_none.c.obj (.text:decompress:none)
                  0000219c    00000010     Clock.o (.text._Z11Clock_Delayj)
                  000021ac    00000010     Lab9HMain.o (.text.__cxx_global_var_init.1)
                  000021bc    0000000e     libc.a : memory.c.obj (.text.OUTLINED_FUNCTION_0)
                  000021ca    0000000e     ST7735.o (.text._Z12ST7735_lseekili)
                  000021d8    0000000e     libsysbm.a : hostrename.c.obj (.text.strcpy)
                  000021e6    0000000e                : hostrename.c.obj (.text.strlen)
                  000021f4    0000000e     libc.a : memset16.S.obj (.text:TI_memset_small)
                  00002202    0000000c     Lab9HMain.o (.text._GLOBAL__sub_I_Lab9HMain.cpp)
                  0000220e    00000002     --HOLE-- [fill = 0]
                  00002210    0000000c     Clock.o (.text._Z10Clock_Freqv)
                  0000221c    0000000c     ST7735.o (.text._Z13ST7735_renamePKcS0_)
                  00002228    0000000c     libclang_rt.builtins.a : aeabi_memset.S.obj (.text.__aeabi_memclr)
                  00002234    0000000c     libc.a : memory.c.obj (.text.malloc)
                  00002240    0000000a     ST7735.o (.text._Z12ST7735_closei)
                  0000224a    0000000a     ST7735.o (.text._Z13ST7735_unlinkPKc)
                  00002254    0000000a     Lab9HMain.o (.text._Z8PLL_Initv)
                  0000225e    00000002     --HOLE-- [fill = 0]
                  00002260    00000008     libclang_rt.builtins.a : aeabi_memcpy.S.obj (.text.__aeabi_memcpy)
                  00002268    00000008     libsysbm.a : remove.c.obj (.text.remove)
                  00002270    00000006     libc.a : exit.c.obj (.text:abort)
                  00002276    00000004     startup_mspm0g3507_ticlang.o (.text.Reset_Handler)
                  0000227a    00000004     libc.a : pre_init.c.obj (.text._system_pre_init)
                  0000227e    00000002     --HOLE-- [fill = 0]

.cinit     0    00002908    000000c0     
                  00002908    0000009a     (.cinit..data.load) [load image, compression = lzss]
                  000029a2    00000002     --HOLE-- [fill = 0]
                  000029a4    0000000c     (__TI_handler_table)
                  000029b0    00000008     (.cinit..bss.load) [load image, compression = zero_init]
                  000029b8    00000010     (__TI_cinit_table)

.rodata    0    00002280    00000680     
                  00002280    000004fb     ST7735.o (.rodata._ZL4Font)
                  0000277b    0000003b     ST7735.o (.rodata._ZL5Rcmd1)
                  000027b6    0000002b     ST7735.o (.rodata._ZL5Rcmd3)
                  000027e1    00000016     ST7735.o (.rodata.str1.14736978382213673245.1)
                  000027f7    00000001     --HOLE-- [fill = 0]
                  000027f8    00000014     game_structs.o (.rodata._ZTV10StartState)
                  0000280c    00000014     game_structs.o (.rodata._ZTV18SwitchOffenceState)
                  00002820    00000014     game_structs.o (.rodata._ZTV8WinState)
                  00002834    00000014     game_structs.o (.rodata._ZTV9Atk1State)
                  00002848    00000014     game_structs.o (.rodata._ZTV9Atk2State)
                  0000285c    00000014     game_structs.o (.rodata._ZTV9Atk3State)
                  00002870    0000000d     ST7735.o (.rodata._ZL10Rcmd2green)
                  0000287d    0000000d     ST7735.o (.rodata._ZL8Rcmd2red)
                  0000288a    0000000a     Lab9HMain.o (.rodata._ZL14Goodbye_French)
                  00002894    0000000a     Lab9HMain.o (.rodata._ZL19Language_Portuguese)
                  0000289e    00000009     Lab9HMain.o (.rodata._ZL15Language_French)
                  000028a7    00000008     Lab9HMain.o (.rodata._ZL15Goodbye_English)
                  000028af    00000008     Lab9HMain.o (.rodata._ZL16Language_English)
                  000028b7    00000008     Lab9HMain.o (.rodata._ZL16Language_Spanish)
                  000028bf    00000008     ST7735.o (.rodata.str1.7209918599617305731.1)
                  000028c7    00000007     Lab9HMain.o (.rodata._ZL13Hello_Spanish)
                  000028ce    00000007     ST7735.o (.rodata.str1.10208736415454880443.1)
                  000028d5    00000007     ST7735.o (.rodata.str1.8723687351022562626.1)
                  000028dc    00000006     Lab9HMain.o (.rodata._ZL13Hello_English)
                  000028e2    00000006     Lab9HMain.o (.rodata._ZL15Goodbye_Spanish)
                  000028e8    00000006     Lab9HMain.o (.rodata._ZL18Goodbye_Portuguese)
                  000028ee    00000005     Lab9HMain.o (.rodata._ZL12Hello_French)
                  000028f3    00000004     Lab9HMain.o (.rodata._ZL16Hello_Portuguese)
                  000028f7    00000002     ST7735.o (.rodata.str1.18358205720993799461.1)
                  000028f9    00000007     --HOLE-- [fill = 0]

.init_array 
*          0    00002900    00000008     
                  00002900    00000004     Lab9HMain.o (.init_array)
                  00002904    00000004     --HOLE-- [fill = 0]

.data      0    20200000    000002cd     UNINITIALIZED
                  20200000    000000f0     libc.a : defs.c.obj (.data._ftable)
                  202000f0    000000a0     Lab9HMain.o (.data.game)
                  20200190    00000078     libsysbm.a : host_device.c.obj (.data._device)
                  20200208    00000050                : host_device.c.obj (.data._stream)
                  20200258    00000030     Lab9HMain.o (.data.Phrases)
                  20200288    00000014     Lab9HMain.o (.data.Sensor)
                  2020029c    00000008     libc.a : exit.c.obj (.data..L_MergedGlobals)
                  202002a4    00000004     Clock.o (.data.BusFreq)
                  202002a8    00000004     ST7735.o (.data.StX)
                  202002ac    00000004     ST7735.o (.data.StY)
                  202002b0    00000004     libc.a : defs.c.obj (.data.__TI_ft_end)
                  202002b4    00000004            : _lock.c.obj (.data._lock)
                  202002b8    00000004            : _lock.c.obj (.data._unlock)
                  202002bc    00000002     ST7735.o (.data.StTextColor)
                  202002be    00000002     ST7735.o (.data._ZL6_width)
                  202002c0    00000002     ST7735.o (.data._ZL7_height)
                  202002c2    00000002     --HOLE--
                  202002c4    00000001     libsysbm.a : add_device.c.obj (.data.add_device.device_init)
                  202002c5    00000003     --HOLE--
                  202002c8    00000001     libc.a : memory.c.obj (.data.memory_is_initialized)
                  202002c9    00000003     --HOLE--
                  202002cc    00000001     libsysbm.a : open.c.obj (.data.open.stream_init)

.sysmem    0    202002d0    00000200     UNINITIALIZED
                  202002d0    00000010     libc.a : memory.c.obj (.sysmem)
                  202002e0    000001f0     --HOLE--

.bss       0    202004d0    000001e7     UNINITIALIZED
                  202004d0    00000120     libsysbm.a : trgmsg.c.obj (.bss:_CIOBUF_)
                  202005f0    000000a0     libc.a : defs.c.obj (.bss.__TI_tmpnams)
                  20200690    0000000c     ST7735.o (.bss.Message)
                  2020069c    00000008     libsysbm.a : hostopen.c.obj (.bss.parmbuf)
                  202006a4    00000004     ST7735.o (.bss.Messageindex)
                  202006a8    00000004     TExaS.o (.bss.TExaSLogic)
                  202006ac    00000004     TExaS.o (.bss.TExaSadc)
                  202006b0    00000004     libc.a : memory.c.obj (.bss.sys_free)
                  202006b4    00000001     ST7735.o (.bss._ZL8ColStart)
                  202006b5    00000001     ST7735.o (.bss._ZL8RowStart)
                  202006b6    00000001     ST7735.o (.bss._ZL8TabColor)

.stack     0    20207e00    00000200     UNINITIALIZED
                  20207e00    00000004     libc.a : boot_cortex_m.c.obj (.stack)
                  20207e04    000001fc     --HOLE--

__llvm_prf_cnts 
*          0    20200000    00000000     UNINITIALIZED

__llvm_prf_bits 
*          0    20200000    00000000     UNINITIALIZED

MODULE SUMMARY

       Module                         code   ro data   rw data
       ------                         ----   -------   -------
    .\
       ST7735.o                       2328   1449      33     
       Lab9HMain.o                    704    91        228    
       game_structs.o                 516    120       0      
       Clock.o                        516    0         4      
       SPI.o                          440    0         0      
       LaunchPad.o                    180    0         0      
       TExaS.o                        64     0         8      
       SlidePot.o                     26     0         0      
       Sound.o                        2      0         0      
    +--+------------------------------+------+---------+---------+
       Total:                         4776   1660      273    
                                                              
    .\ticlang\
       startup_mspm0g3507_ticlang.o   60     192       0      
    +--+------------------------------+------+---------+---------+
       Total:                         60     192       0      
                                                              
    C:\ti\ccs2030\ccs\tools\compiler\ti-cgt-armllvm_4.0.4.LTS\lib\armv6m-ti-none-eabi/c/libc.a
       memory.c.obj                   702    0         5      
       fopen.c.obj                    556    0         0      
       defs.c.obj                     0      0         404    
       setvbuf.c.obj                  224    0         0      
       getdevice.c.obj                160    0         0      
       strcmp-armv6m.S.obj            136    0         0      
       copy_decompress_lzss.c.obj     124    0         0      
       fclose.c.obj                   124    0         0      
       autoinit.c.obj                 84     0         0      
       fflush.c.obj                   82     0         0      
       exit.c.obj                     58     0         8      
       boot_cortex_m.c.obj            40     0         0      
       copy_zero_init.c.obj           22     0         0      
       copy_decompress_none.c.obj     18     0         0      
       memcpy16.S.obj                 18     0         0      
       memset16.S.obj                 14     0         0      
       _lock.c.obj                    2      0         8      
       pre_init.c.obj                 4      0         0      
    +--+------------------------------+------+---------+---------+
       Total:                         2368   0         425    
                                                              
    C:\ti\ccs2030\ccs\tools\compiler\ti-cgt-armllvm_4.0.4.LTS\lib\armv6m-ti-none-eabi/c/libsysbm.a
       trgmsg.c.obj                   104    0         288    
       add_device.c.obj               236    0         1      
       host_device.c.obj              0      0         200    
       open.c.obj                     160    0         1      
       hostrename.c.obj               136    0         0      
       hostlseek.c.obj                108    0         0      
       hostopen.c.obj                 96     0         8      
       hostread.c.obj                 88     0         0      
       hostwrite.c.obj                88     0         0      
       close.c.obj                    80     0         0      
       hostclose.c.obj                72     0         0      
       hostunlink.c.obj               72     0         0      
       unlink.c.obj                   44     0         0      
       write.c.obj                    40     0         0      
       remove.c.obj                   8      0         0      
       hostexit.c.obj                 4      0         0      
    +--+------------------------------+------+---------+---------+
       Total:                         1336   0         498    
                                                              
    C:\ti\ccs2030\ccs\tools\compiler\ti-cgt-armllvm_4.0.4.LTS\lib\armv6m-ti-none-eabi/libclang_rt.builtins.a
       aeabi_uidivmod.S.obj           64     0         0      
       aeabi_memset.S.obj             12     0         0      
       aeabi_memcpy.S.obj             8      0         0      
       aeabi_div0.c.obj               2      0         0      
    +--+------------------------------+------+---------+---------+
       Total:                         86     0         0      
                                                              
       Heap:                          0      0         512    
       Stack:                         0      0         512    
       Linker Generated:              0      190       0      
    +--+------------------------------+------+---------+---------+
       Grand Total:                   8626   2042      2220   


LINKER GENERATED COPY TABLES

__TI_cinit_table @ 000029b8 records: 2, size/record: 8, table size: 16
	.data: load addr=00002908, load size=0000009a bytes, run addr=20200000, run size=000002cd bytes, compression=lzss
	.bss: load addr=000029b0, load size=00000008 bytes, run addr=202004d0, run size=000001e7 bytes, compression=zero_init


LINKER GENERATED HANDLER TABLE

__TI_handler_table @ 000029a4 records: 3, size/record: 4, table size: 12
	index: 0, handler: __TI_decompress_lzss
	index: 1, handler: __TI_decompress_none
	index: 2, handler: __TI_zero_init


GLOBAL SYMBOLS: SORTED ALPHABETICALLY BY Name 

address   name                                
-------   ----                                
00002085  ADC0_IRQHandler                     
00002085  ADC1_IRQHandler                     
00002085  AES_IRQHandler                      
202002a4  BusFreq                             
0000102c  C$$EXIT                             
00001d59  C$$IO$$                             
00002085  CANFD0_IRQHandler                   
00002085  DAC0_IRQHandler                     
00002085  DMA_IRQHandler                      
00002085  Default_Handler                     
00002085  GROUP0_IRQHandler                   
00002085  GROUP1_IRQHandler                   
00001959  HOSTclose                           
0000102d  HOSTexit                            
00001491  HOSTlseek                           
0000169d  HOSTopen                            
0000175d  HOSTread                            
000014fd  HOSTrename                          
000019a1  HOSTunlink                          
000017b5  HOSTwrite                           
000020a1  HardFault_Handler                   
00002085  I2C0_IRQHandler                     
00002085  I2C1_IRQHandler                     
20200690  Message                             
202006a4  Messageindex                        
00002085  NMI_Handler                         
00002085  PendSV_Handler                      
20200258  Phrases                             
00002085  RTC_IRQHandler                      
00002277  Reset_Handler                       
00002900  SHT$$INIT_ARRAY$$Base               
00002904  SHT$$INIT_ARRAY$$Limit              
00002085  SPI0_IRQHandler                     
00002085  SPI1_IRQHandler                     
00002085  SVC_Handler                         
20200288  Sensor                              
202002bc  StTextColor                         
202002a8  StX                                 
202002ac  StY                                 
00000dcb  SysTick_Handler                     
202006a8  TExaSLogic                          
202006ac  TExaSadc                            
00002085  TIMA0_IRQHandler                    
00002085  TIMA1_IRQHandler                    
00002085  TIMG0_IRQHandler                    
00001a31  TIMG12_IRQHandler                   
00002085  TIMG6_IRQHandler                    
00001ab9  TIMG7_IRQHandler                    
00002085  TIMG8_IRQHandler                    
00002179  TI_memcpy_small                     
000021f5  TI_memset_small                     
00002085  UART0_IRQHandler                    
00002085  UART1_IRQHandler                    
00002085  UART2_IRQHandler                    
00002085  UART3_IRQHandler                    
202004d0  _CIOBUF_                            
00002211  _Z10Clock_Freqv                     
0000219d  _Z11Clock_Delayj                    
00001bb9  _Z11SPI_OutDatac                    
0000210d  _Z11ST7735_openPKcji                
00002123  _Z11ST7735_readiPcj                 
0000180d  _Z11fillmessagej                    
00000f0d  _Z12ST7735_InitR10initRFlags        
00002241  _Z12ST7735_closei                   
000021cb  _Z12ST7735_lseekili                 
00001c29  _Z12ST7735_writeiPKcj               
0000221d  _Z13ST7735_renamePKcS0_             
0000224b  _Z13ST7735_unlinkPKc                
00001c5d  _Z14Clock_Delay1msj                 
000011c1  _Z14LaunchPad_Initv                 
000019e9  _Z14SPI_OutCommandc                 
00000c59  _Z14ST7735_OutCharc                 
000010b9  _Z14ST7735_OutUDecj                 
00001bf1  _Z15ActivatePortA_Bv                
000000c1  _Z15Clock_Init80MHzi                
00000569  _Z15ST7735_FillRectsssst            
00000275  _Z16ST7735_DrawCharSsscssh          
000013b1  _Z16ST7735_DrawPixelsst             
00001f2d  _Z16ST7735_OutStringPc              
00001c91  _Z16ST7735_SetCursorjj              
0000113d  _Z17ST7735_DrawStringttPcs          
00001e5d  _Z17ST7735_FillScreent              
00000dcd  _Z17ST7735_InitPrintf10initRFlags   
00002255  _Z8PLL_Initv                        
000008ad  _Z8SPI_Initv                        
00001af9  _Z9SPI_Resetv                       
00001fe5  _ZN10StartState5logicEP4Game        
00002005  _ZN10StartStateC2Ev                 
000015d5  _ZN18SwitchOffenceState5logicEP4Game
00001f55  _ZN18SwitchOffenceStateC2Ev         
UNDEFED   _ZN4Game10directionsEv              
UNDEFED   _ZN4Game10get_inputsEv              
00002139  _ZN4Game11updateStateEv             
00001a75  _ZN4GameC2Ev                        
UNDEFED   _ZN5State10play_soundEP4Game        
UNDEFED   _ZN5State7displayEP4Game            
00002165  _ZN5StateC2Ev                       
000020d9  _ZN8SlidePotC1Ejj                   
000020d9  _ZN8SlidePotC2Ejj                   
00002025  _ZN8WinState5logicEP4Game           
00002045  _ZN8WinStateC2Ev                    
000016fd  _ZN9Atk1State5logicEP4Game          
00001f79  _ZN9Atk1StateC2Ev                   
00001421  _ZN9Atk2State5logicEP4Game          
00001f9d  _ZN9Atk2StateC2Ev                   
00001335  _ZN9Atk3State5logicEP4Game          
00001fc1  _ZN9Atk3StateC2Ev                   
000027f8  _ZTV10StartState                    
0000280c  _ZTV18SwitchOffenceState            
UNDEFED   _ZTV5State                          
00002820  _ZTV8WinState                       
00002834  _ZTV9Atk1State                      
00002848  _ZTV9Atk2State                      
0000285c  _ZTV9Atk3State                      
202004d0  __CIOBUF_                           
20208000  __STACK_END                         
00000200  __STACK_SIZE                        
00000200  __SYSMEM_SIZE                       
00000000  __TI_ATRegion0_region_sz            
00000000  __TI_ATRegion0_src_addr             
00000000  __TI_ATRegion0_trg_addr             
00000000  __TI_ATRegion1_region_sz            
00000000  __TI_ATRegion1_src_addr             
00000000  __TI_ATRegion1_trg_addr             
00000000  __TI_ATRegion2_region_sz            
00000000  __TI_ATRegion2_src_addr             
00000000  __TI_ATRegion2_trg_addr             
000029b8  __TI_CINIT_Base                     
000029c8  __TI_CINIT_Limit                    
000029c8  __TI_CINIT_Warm                     
000029a4  __TI_Handler_Table_Base             
000029b0  __TI_Handler_Table_Limit            
00001861  __TI_auto_init_nobinit              
00001cc5  __TI_cleanup                        
2020029c  __TI_cleanup_ptr                    
0000123d  __TI_closefile                      
000012b9  __TI_decompress_lzss                
0000218b  __TI_decompress_none                
000018b5  __TI_doflush                        
202002a0  __TI_dtors_ptr                      
202002b0  __TI_ft_end                         
ffffffff  __TI_pprof_out_hndl                 
ffffffff  __TI_prof_data_size                 
ffffffff  __TI_prof_data_start                
00001cf9  __TI_readmsg                        
00000000  __TI_static_base__                  
202005f0  __TI_tmpnams                        
00001d2d  __TI_writemsg                       
0000214f  __TI_zero_init_nomemset             
000013af  __aeabi_idiv0                       
00002229  __aeabi_memclr                      
00002229  __aeabi_memclr4                     
00002229  __aeabi_memclr8                     
00002261  __aeabi_memcpy                      
00002261  __aeabi_memcpy4                     
00002261  __aeabi_memcpy8                     
00001b39  __aeabi_uidiv                       
00001b39  __aeabi_uidivmod                    
ffffffff  __binit__                           
UNDEFED   __mpu_init                          
20207e00  __stack                             
20200000  __start___llvm_prf_bits             
20200000  __start___llvm_prf_cnts             
20200000  __stop___llvm_prf_bits              
20200000  __stop___llvm_prf_cnts              
00001f05  _c_int00_noargs                     
20200190  _device                             
20200000  _ftable                             
202002b4  _lock                               
00001907  _nop                                
20200208  _stream                             
202002d0  _sys_memory                         
UNDEFED   _system_post_cinit                  
0000227b  _system_pre_init                    
202002b8  _unlock                             
00002271  abort                               
000009a5  add_device                          
00000799  aligned_alloc                       
ffffffff  binit                               
00001909  close                               
00001d61  exit                                
00001d95  finddevice                          
00001e2d  fopen                               
00000a91  free                                
00001dc9  freopen                             
202000f0  game                                
00001569  getdevice                           
00000000  interruptVectors                    
00000681  main                                
00002235  malloc                              
00000799  memalign                            
00000e6d  open                                
2020069c  parmbuf                             
00002269  remove                              
00000b79  setvbuf                             
00001031  strcmp                              
00001e89  unlink                              
00001edd  write                               


GLOBAL SYMBOLS: SORTED BY Symbol Address 

address   name                                
-------   ----                                
00000000  __TI_ATRegion0_region_sz            
00000000  __TI_ATRegion0_src_addr             
00000000  __TI_ATRegion0_trg_addr             
00000000  __TI_ATRegion1_region_sz            
00000000  __TI_ATRegion1_src_addr             
00000000  __TI_ATRegion1_trg_addr             
00000000  __TI_ATRegion2_region_sz            
00000000  __TI_ATRegion2_src_addr             
00000000  __TI_ATRegion2_trg_addr             
00000000  __TI_static_base__                  
00000000  interruptVectors                    
000000c1  _Z15Clock_Init80MHzi                
00000200  __STACK_SIZE                        
00000200  __SYSMEM_SIZE                       
00000275  _Z16ST7735_DrawCharSsscssh          
00000569  _Z15ST7735_FillRectsssst            
00000681  main                                
00000799  aligned_alloc                       
00000799  memalign                            
000008ad  _Z8SPI_Initv                        
000009a5  add_device                          
00000a91  free                                
00000b79  setvbuf                             
00000c59  _Z14ST7735_OutCharc                 
00000dcb  SysTick_Handler                     
00000dcd  _Z17ST7735_InitPrintf10initRFlags   
00000e6d  open                                
00000f0d  _Z12ST7735_InitR10initRFlags        
0000102c  C$$EXIT                             
0000102d  HOSTexit                            
00001031  strcmp                              
000010b9  _Z14ST7735_OutUDecj                 
0000113d  _Z17ST7735_DrawStringttPcs          
000011c1  _Z14LaunchPad_Initv                 
0000123d  __TI_closefile                      
000012b9  __TI_decompress_lzss                
00001335  _ZN9Atk3State5logicEP4Game          
000013af  __aeabi_idiv0                       
000013b1  _Z16ST7735_DrawPixelsst             
00001421  _ZN9Atk2State5logicEP4Game          
00001491  HOSTlseek                           
000014fd  HOSTrename                          
00001569  getdevice                           
000015d5  _ZN18SwitchOffenceState5logicEP4Game
0000169d  HOSTopen                            
000016fd  _ZN9Atk1State5logicEP4Game          
0000175d  HOSTread                            
000017b5  HOSTwrite                           
0000180d  _Z11fillmessagej                    
00001861  __TI_auto_init_nobinit              
000018b5  __TI_doflush                        
00001907  _nop                                
00001909  close                               
00001959  HOSTclose                           
000019a1  HOSTunlink                          
000019e9  _Z14SPI_OutCommandc                 
00001a31  TIMG12_IRQHandler                   
00001a75  _ZN4GameC2Ev                        
00001ab9  TIMG7_IRQHandler                    
00001af9  _Z9SPI_Resetv                       
00001b39  __aeabi_uidiv                       
00001b39  __aeabi_uidivmod                    
00001bb9  _Z11SPI_OutDatac                    
00001bf1  _Z15ActivatePortA_Bv                
00001c29  _Z12ST7735_writeiPKcj               
00001c5d  _Z14Clock_Delay1msj                 
00001c91  _Z16ST7735_SetCursorjj              
00001cc5  __TI_cleanup                        
00001cf9  __TI_readmsg                        
00001d2d  __TI_writemsg                       
00001d59  C$$IO$$                             
00001d61  exit                                
00001d95  finddevice                          
00001dc9  freopen                             
00001e2d  fopen                               
00001e5d  _Z17ST7735_FillScreent              
00001e89  unlink                              
00001edd  write                               
00001f05  _c_int00_noargs                     
00001f2d  _Z16ST7735_OutStringPc              
00001f55  _ZN18SwitchOffenceStateC2Ev         
00001f79  _ZN9Atk1StateC2Ev                   
00001f9d  _ZN9Atk2StateC2Ev                   
00001fc1  _ZN9Atk3StateC2Ev                   
00001fe5  _ZN10StartState5logicEP4Game        
00002005  _ZN10StartStateC2Ev                 
00002025  _ZN8WinState5logicEP4Game           
00002045  _ZN8WinStateC2Ev                    
00002085  ADC0_IRQHandler                     
00002085  ADC1_IRQHandler                     
00002085  AES_IRQHandler                      
00002085  CANFD0_IRQHandler                   
00002085  DAC0_IRQHandler                     
00002085  DMA_IRQHandler                      
00002085  Default_Handler                     
00002085  GROUP0_IRQHandler                   
00002085  GROUP1_IRQHandler                   
00002085  I2C0_IRQHandler                     
00002085  I2C1_IRQHandler                     
00002085  NMI_Handler                         
00002085  PendSV_Handler                      
00002085  RTC_IRQHandler                      
00002085  SPI0_IRQHandler                     
00002085  SPI1_IRQHandler                     
00002085  SVC_Handler                         
00002085  TIMA0_IRQHandler                    
00002085  TIMA1_IRQHandler                    
00002085  TIMG0_IRQHandler                    
00002085  TIMG6_IRQHandler                    
00002085  TIMG8_IRQHandler                    
00002085  UART0_IRQHandler                    
00002085  UART1_IRQHandler                    
00002085  UART2_IRQHandler                    
00002085  UART3_IRQHandler                    
000020a1  HardFault_Handler                   
000020d9  _ZN8SlidePotC1Ejj                   
000020d9  _ZN8SlidePotC2Ejj                   
0000210d  _Z11ST7735_openPKcji                
00002123  _Z11ST7735_readiPcj                 
00002139  _ZN4Game11updateStateEv             
0000214f  __TI_zero_init_nomemset             
00002165  _ZN5StateC2Ev                       
00002179  TI_memcpy_small                     
0000218b  __TI_decompress_none                
0000219d  _Z11Clock_Delayj                    
000021cb  _Z12ST7735_lseekili                 
000021f5  TI_memset_small                     
00002211  _Z10Clock_Freqv                     
0000221d  _Z13ST7735_renamePKcS0_             
00002229  __aeabi_memclr                      
00002229  __aeabi_memclr4                     
00002229  __aeabi_memclr8                     
00002235  malloc                              
00002241  _Z12ST7735_closei                   
0000224b  _Z13ST7735_unlinkPKc                
00002255  _Z8PLL_Initv                        
00002261  __aeabi_memcpy                      
00002261  __aeabi_memcpy4                     
00002261  __aeabi_memcpy8                     
00002269  remove                              
00002271  abort                               
00002277  Reset_Handler                       
0000227b  _system_pre_init                    
000027f8  _ZTV10StartState                    
0000280c  _ZTV18SwitchOffenceState            
00002820  _ZTV8WinState                       
00002834  _ZTV9Atk1State                      
00002848  _ZTV9Atk2State                      
0000285c  _ZTV9Atk3State                      
00002900  SHT$$INIT_ARRAY$$Base               
00002904  SHT$$INIT_ARRAY$$Limit              
000029a4  __TI_Handler_Table_Base             
000029b0  __TI_Handler_Table_Limit            
000029b8  __TI_CINIT_Base                     
000029c8  __TI_CINIT_Limit                    
000029c8  __TI_CINIT_Warm                     
20200000  __start___llvm_prf_bits             
20200000  __start___llvm_prf_cnts             
20200000  __stop___llvm_prf_bits              
20200000  __stop___llvm_prf_cnts              
20200000  _ftable                             
202000f0  game                                
20200190  _device                             
20200208  _stream                             
20200258  Phrases                             
20200288  Sensor                              
2020029c  __TI_cleanup_ptr                    
202002a0  __TI_dtors_ptr                      
202002a4  BusFreq                             
202002a8  StX                                 
202002ac  StY                                 
202002b0  __TI_ft_end                         
202002b4  _lock                               
202002b8  _unlock                             
202002bc  StTextColor                         
202002d0  _sys_memory                         
202004d0  _CIOBUF_                            
202004d0  __CIOBUF_                           
202005f0  __TI_tmpnams                        
20200690  Message                             
2020069c  parmbuf                             
202006a4  Messageindex                        
202006a8  TExaSLogic                          
202006ac  TExaSadc                            
20207e00  __stack                             
20208000  __STACK_END                         
ffffffff  __TI_pprof_out_hndl                 
ffffffff  __TI_prof_data_size                 
ffffffff  __TI_prof_data_start                
ffffffff  __binit__                           
ffffffff  binit                               
UNDEFED   _ZN4Game10directionsEv              
UNDEFED   _ZN4Game10get_inputsEv              
UNDEFED   _ZN5State10play_soundEP4Game        
UNDEFED   _ZN5State7displayEP4Game            
UNDEFED   _ZTV5State                          
UNDEFED   __mpu_init                          
UNDEFED   _system_post_cinit                  

[198 symbols]
