******************************************************************************
            TI ARM Clang Linker PC v4.0.4                      
******************************************************************************
>> Linked Sun Apr 12 17:29:31 2026

OUTPUT FILE NAME:   <ECE319K_Lab9H.out>
ENTRY POINT SYMBOL: "_c_int00_noargs"  address: 00001f89


MEMORY CONFIGURATION

         name            origin    length      used     unused   attr    fill
----------------------  --------  ---------  --------  --------  ----  --------
  FLASH                 00000000   00020000  00008da8  00017258  R  X
  SRAM                  20200000   00008000  000005e7  00007a19  RW X
  BCR_CONFIG            41c00000   00000080  00000000  00000080  R   
  BSL_CONFIG            41c00100   00000080  00000000  00000080  R   


SEGMENT ALLOCATION MAP

run origin  load origin   length   init length attrs members
----------  ----------- ---------- ----------- ----- -------
00000000    00000000    000000c0   000000c0    r--
  00000000    00000000    000000c0   000000c0    r-- .intvecs
00000000    00000000    00008735   00000000    rw-
  00000000    00000000    00008735   00000000    rw- .data
000000c0    000000c0    00008ce8   00008ce8    r-x
  000000c0    000000c0    00002180   00002180    r-x .text
  00002240    00002240    00000618   00000618    r-- .rodata
  00002858    00002858    00000008   00000008    r-- .init_array
  00002860    00002860    00006548   00006548    r-- .cinit
20200000    20200000    000003e7   00000000    rw-
  20200000    20200000    00000200   00000000    rw- .sysmem
  20200200    20200200    000001e7   00000000    rw- .bss
20207e00    20207e00    00000200   00000000    rw-
  20207e00    20207e00    00000200   00000000    rw- .stack


SECTION ALLOCATION MAP

 output                                  attributes/
section   page    origin      length       input sections
--------  ----  ----------  ----------   ----------------
.intvecs   0    00000000    000000c0     
                  00000000    000000c0     startup_mspm0g3507_ticlang.o (.intvecs)

.binit     0    00000000    00000000     

.text      0    000000c0    00002180     
                  000000c0    00000210     ST7735.o (.text._Z17ST7735_DrawBitmapssPKtss)
                  000002d0    000001b4     Clock.o (.text._Z15Clock_Init80MHzi)
                  00000484    000001a0     ST7735.o (.text._Z16ST7735_DrawCharSsscssh)
                  00000624    00000154     libc.a : fopen.c.obj (.text._openfile)
                  00000778    00000118     ST7735.o (.text._Z15ST7735_FillRectsssst)
                  00000890    00000118     Lab9HMain.o (.text.main)
                  000009a8    00000114     libc.a : memory.c.obj (.text.aligned_alloc)
                  00000abc    000000f8     SPI.o (.text._Z8SPI_Initv)
                  00000bb4    000000ec     libsysbm.a : add_device.c.obj (.text.add_device)
                  00000ca0    000000e8     libc.a : memory.c.obj (.text.free)
                  00000d88    000000e0            : setvbuf.c.obj (.text.setvbuf)
                  00000e68    000000d0     ST7735.o (.text._Z14ST7735_OutCharc)
                  00000f38    000000a2     ST7735.o (.text._ZL11commandListPKh)
                  00000fda    00000002     Sound.o (.text.SysTick_Handler)
                  00000fdc    000000a0     ST7735.o (.text._Z17ST7735_InitPrintf10initRFlags)
                  0000107c    000000a0     libsysbm.a : open.c.obj (.text.open)
                  0000111c    00000098     ST7735.o (.text._Z12ST7735_InitR10initRFlags)
                  000011b4    00000088     ST7735.o (.text._ZL13setAddrWindowhhhh)
                  0000123c    00000004     libsysbm.a : hostexit.c.obj (.text.HOSTexit)
                  00001240    00000088     libc.a : strcmp-armv6m.S.obj (.text:strcmp)
                  000012c8    00000084     ST7735.o (.text._Z14ST7735_OutUDecj)
                  0000134c    00000084     ST7735.o (.text._Z17ST7735_DrawStringttPcs)
                  000013d0    0000007c     LaunchPad.o (.text._Z14LaunchPad_Initv)
                  0000144c    0000007c     libc.a : fclose.c.obj (.text.__TI_closefile)
                  000014c8    0000007c            : copy_decompress_lzss.c.obj (.text:decompress:lzss)
                  00001544    00000070     ST7735.o (.text._Z16ST7735_DrawPixelsst)
                  000015b4    0000006c     libsysbm.a : hostlseek.c.obj (.text.HOSTlseek)
                  00001620    0000006c                : hostrename.c.obj (.text.HOSTrename)
                  0000168c    0000006c     libc.a : getdevice.c.obj (.text.getdevice)
                  000016f8    00000064            : memory.c.obj (.text.split)
                  0000175c    00000060     libsysbm.a : hostopen.c.obj (.text.HOSTopen)
                  000017bc    00000058                : hostread.c.obj (.text.HOSTread)
                  00001814    00000058                : hostwrite.c.obj (.text.HOSTwrite)
                  0000186c    00000054     ST7735.o (.text._Z11fillmessagej)
                  000018c0    00000054     libc.a : autoinit.c.obj (.text:__TI_auto_init_nobinit)
                  00001914    00000052            : fflush.c.obj (.text.__TI_doflush)
                  00001966    00000002     libclang_rt.builtins.a : aeabi_div0.c.obj (.text.__aeabi_idiv0)
                  00001968    00000050     libsysbm.a : close.c.obj (.text.close)
                  000019b8    00000048                : hostclose.c.obj (.text.HOSTclose)
                  00001a00    00000048                : hostunlink.c.obj (.text.HOSTunlink)
                  00001a48    00000048     SPI.o (.text._Z14SPI_OutCommandc)
                  00001a90    00000044     Lab9HMain.o (.text.TIMG12_IRQHandler)
                  00001ad4    00000040     TExaS.o (.text.TIMG7_IRQHandler)
                  00001b14    00000040     SPI.o (.text._Z9SPI_Resetv)
                  00001b54    00000040     Lab9HMain.o (.text._ZN4GameC2Ev)
                  00001b94    00000040     libclang_rt.builtins.a : aeabi_uidivmod.S.obj (.text.__aeabi_uidivmod)
                  00001bd4    00000040     libc.a : fopen.c.obj (.text._search_fp)
                  00001c14    00000038     SPI.o (.text._Z11SPI_OutDatac)
                  00001c4c    00000038     LaunchPad.o (.text._Z15ActivatePortA_Bv)
                  00001c84    00000034     ST7735.o (.text._Z12ST7735_writeiPKcj)
                  00001cb8    00000034     Clock.o (.text._Z14Clock_Delay1msj)
                  00001cec    00000034     ST7735.o (.text._Z16ST7735_SetCursorjj)
                  00001d20    00000034     libc.a : fopen.c.obj (.text.__TI_cleanup)
                  00001d54    00000034     libsysbm.a : trgmsg.c.obj (.text.__TI_readmsg)
                  00001d88    00000034                : trgmsg.c.obj (.text.__TI_writemsg)
                  00001dbc    00000034     libc.a : exit.c.obj (.text.exit)
                  00001df0    00000034            : getdevice.c.obj (.text.finddevice)
                  00001e24    00000034            : fopen.c.obj (.text.freopen)
                  00001e58    00000030     ST7735.o (.text._ZL10commonInitPKh)
                  00001e88    00000030     libc.a : fopen.c.obj (.text.fopen)
                  00001eb8    0000002c     ST7735.o (.text._Z17ST7735_FillScreent)
                  00001ee4    0000002c     libsysbm.a : unlink.c.obj (.text.unlink)
                  00001f10    00000028     game_structs.o (.text._ZN10StartStateC2Ev)
                  00001f38    00000028     libc.a : memory.c.obj (.text.free_list_insert)
                  00001f60    00000028     libsysbm.a : write.c.obj (.text.write)
                  00001f88    00000028     libc.a : boot_cortex_m.c.obj (.text:_c_int00_noargs)
                  00001fb0    00000026     ST7735.o (.text._Z16ST7735_OutStringPc)
                  00001fd6    0000001e     ST7735.o (.text._ZL9pushColort)
                  00001ff4    0000001e     game_structs.o (.text._ZN10StartState7displayEP4Game)
                  00002012    00000002     libc.a : _lock.c.obj (.text._nop)
                  00002014    0000001c     startup_mspm0g3507_ticlang.o (.text.Default_Handler)
                  00002030    0000001c     startup_mspm0g3507_ticlang.o (.text.HardFault_Handler)
                  0000204c    0000001c     game_structs.o (.text._ZN10StartState5logicEP4Game)
                  00002068    0000001c     libc.a : memory.c.obj (.text.free_list_remove)
                  00002084    0000001a     SlidePot.o (.text._ZN8SlidePotC2Ejj)
                  0000209e    00000002     --HOLE-- [fill = 0]
                  000020a0    00000018     Lab9HMain.o (.text.__cxx_global_var_init)
                  000020b8    00000016     ST7735.o (.text._Z11ST7735_openPKcji)
                  000020ce    00000016     ST7735.o (.text._Z11ST7735_readiPcj)
                  000020e4    00000016     libc.a : copy_zero_init.c.obj (.text:decompress:ZI:__TI_zero_init_nomemset)
                  000020fa    00000014     game_structs.o (.text._ZN4Game11updateStateEv)
                  0000210e    00000002     --HOLE-- [fill = 0]
                  00002110    00000014     game_structs.o (.text._ZN5StateC2Ev)
                  00002124    00000012     libc.a : memcpy16.S.obj (.text:TI_memcpy_small)
                  00002136    00000012            : copy_decompress_none.c.obj (.text:decompress:none)
                  00002148    00000010     Clock.o (.text._Z11Clock_Delayj)
                  00002158    00000010     Lab9HMain.o (.text.__cxx_global_var_init.1)
                  00002168    0000000e     libc.a : memory.c.obj (.text.OUTLINED_FUNCTION_0)
                  00002176    0000000e     ST7735.o (.text._Z12ST7735_lseekili)
                  00002184    0000000e     libsysbm.a : hostrename.c.obj (.text.strcpy)
                  00002192    0000000e                : hostrename.c.obj (.text.strlen)
                  000021a0    0000000e     libc.a : memset16.S.obj (.text:TI_memset_small)
                  000021ae    0000000c     Lab9HMain.o (.text._GLOBAL__sub_I_Lab9HMain.cpp)
                  000021ba    00000002     --HOLE-- [fill = 0]
                  000021bc    0000000c     Clock.o (.text._Z10Clock_Freqv)
                  000021c8    0000000c     ST7735.o (.text._Z13ST7735_renamePKcS0_)
                  000021d4    0000000c     libclang_rt.builtins.a : aeabi_memset.S.obj (.text.__aeabi_memclr)
                  000021e0    0000000c     libc.a : memory.c.obj (.text.malloc)
                  000021ec    0000000a     ST7735.o (.text._Z12ST7735_closei)
                  000021f6    0000000a     ST7735.o (.text._Z13ST7735_unlinkPKc)
                  00002200    0000000a     Lab9HMain.o (.text._Z8PLL_Initv)
                  0000220a    00000008     game_structs.o (.text._ZN4Game10get_inputsEv)
                  00002212    00000002     --HOLE-- [fill = 0]
                  00002214    00000008     libclang_rt.builtins.a : aeabi_memcpy.S.obj (.text.__aeabi_memcpy)
                  0000221c    00000008     libsysbm.a : remove.c.obj (.text.remove)
                  00002224    00000006     libc.a : exit.c.obj (.text:abort)
                  0000222a    00000004     startup_mspm0g3507_ticlang.o (.text.Reset_Handler)
                  0000222e    00000004     libc.a : pre_init.c.obj (.text._system_pre_init)
                  00002232    0000000e     --HOLE-- [fill = 0]

.cinit     0    00002860    00006548     
                  00002860    00006523     (.cinit..data.load) [load image, compression = lzss]
                  00008d83    00000001     --HOLE-- [fill = 0]
                  00008d84    0000000c     (__TI_handler_table)
                  00008d90    00000008     (.cinit..bss.load) [load image, compression = zero_init]
                  00008d98    00000010     (__TI_cinit_table)

.rodata    0    00002240    00000618     
                  00002240    000004fb     ST7735.o (.rodata._ZL4Font)
                  0000273b    0000003b     ST7735.o (.rodata._ZL5Rcmd1)
                  00002776    0000002b     ST7735.o (.rodata._ZL5Rcmd3)
                  000027a1    00000016     ST7735.o (.rodata.str1.14736978382213673245.1)
                  000027b7    00000001     --HOLE-- [fill = 0]
                  000027b8    00000014     game_structs.o (.rodata._ZTV10StartState)
                  000027cc    0000000d     ST7735.o (.rodata._ZL10Rcmd2green)
                  000027d9    0000000d     ST7735.o (.rodata._ZL8Rcmd2red)
                  000027e6    0000000a     Lab9HMain.o (.rodata._ZL14Goodbye_French)
                  000027f0    0000000a     Lab9HMain.o (.rodata._ZL19Language_Portuguese)
                  000027fa    00000009     Lab9HMain.o (.rodata._ZL15Language_French)
                  00002803    00000008     Lab9HMain.o (.rodata._ZL15Goodbye_English)
                  0000280b    00000008     Lab9HMain.o (.rodata._ZL16Language_English)
                  00002813    00000008     Lab9HMain.o (.rodata._ZL16Language_Spanish)
                  0000281b    00000008     ST7735.o (.rodata.str1.7209918599617305731.1)
                  00002823    00000007     Lab9HMain.o (.rodata._ZL13Hello_Spanish)
                  0000282a    00000007     ST7735.o (.rodata.str1.10208736415454880443.1)
                  00002831    00000007     ST7735.o (.rodata.str1.8723687351022562626.1)
                  00002838    00000006     Lab9HMain.o (.rodata._ZL13Hello_English)
                  0000283e    00000006     Lab9HMain.o (.rodata._ZL15Goodbye_Spanish)
                  00002844    00000006     Lab9HMain.o (.rodata._ZL18Goodbye_Portuguese)
                  0000284a    00000005     Lab9HMain.o (.rodata._ZL12Hello_French)
                  0000284f    00000004     Lab9HMain.o (.rodata._ZL16Hello_Portuguese)
                  00002853    00000002     ST7735.o (.rodata.str1.18358205720993799461.1)
                  00002855    00000003     --HOLE-- [fill = 0]

.init_array 
*          0    00002858    00000008     
                  00002858    00000004     Lab9HMain.o (.init_array)
                  0000285c    00000004     --HOLE-- [fill = 0]

.data      0    00000000    00008735     FAILED TO ALLOCATE
.sysmem    0    20200000    00000200     UNINITIALIZED
                  20200000    00000010     libc.a : memory.c.obj (.sysmem)
                  20200010    000001f0     --HOLE--

.bss       0    20200200    000001e7     UNINITIALIZED
                  20200200    00000120     libsysbm.a : trgmsg.c.obj (.bss:_CIOBUF_)
                  20200320    000000a0     libc.a : defs.c.obj (.bss.__TI_tmpnams)
                  202003c0    0000000c     ST7735.o (.bss.Message)
                  202003cc    00000008     libsysbm.a : hostopen.c.obj (.bss.parmbuf)
                  202003d4    00000004     ST7735.o (.bss.Messageindex)
                  202003d8    00000004     TExaS.o (.bss.TExaSLogic)
                  202003dc    00000004     TExaS.o (.bss.TExaSadc)
                  202003e0    00000004     libc.a : memory.c.obj (.bss.sys_free)
                  202003e4    00000001     ST7735.o (.bss._ZL8ColStart)
                  202003e5    00000001     ST7735.o (.bss._ZL8RowStart)
                  202003e6    00000001     ST7735.o (.bss._ZL8TabColor)

.stack     0    20207e00    00000200     UNINITIALIZED
                  20207e00    00000004     libc.a : boot_cortex_m.c.obj (.stack)
                  20207e04    000001fc     --HOLE--

__llvm_prf_cnts 
*          0    20200000    00000000     UNINITIALIZED

__llvm_prf_bits 
*          0    20200000    00000000     UNINITIALIZED

MODULE SUMMARY

       Module                         code   ro data   rw data
       ------                         ----   -------   -------
    .\
       ST7735.o                       2856   1449      19     
       Lab9HMain.o                    474    91        0      
       Clock.o                        516    0         0      
       SPI.o                          440    0         0      
       LaunchPad.o                    180    0         0      
       game_structs.o                 146    20        0      
       TExaS.o                        64     0         8      
       SlidePot.o                     26     0         0      
       Sound.o                        2      0         0      
    +--+------------------------------+------+---------+---------+
       Total:                         4704   1560      27     
                                                              
    .\ticlang\
       startup_mspm0g3507_ticlang.o   60     192       0      
    +--+------------------------------+------+---------+---------+
       Total:                         60     192       0      
                                                              
    C:\ti\ccs2030\ccs\tools\compiler\ti-cgt-armllvm_4.0.4.LTS\lib\armv6m-ti-none-eabi/c/libc.a
       memory.c.obj                   702    0         4      
       fopen.c.obj                    556    0         0      
       setvbuf.c.obj                  224    0         0      
       defs.c.obj                     0      0         160    
       getdevice.c.obj                160    0         0      
       strcmp-armv6m.S.obj            136    0         0      
       copy_decompress_lzss.c.obj     124    0         0      
       fclose.c.obj                   124    0         0      
       autoinit.c.obj                 84     0         0      
       fflush.c.obj                   82     0         0      
       exit.c.obj                     58     0         0      
       boot_cortex_m.c.obj            40     0         0      
       copy_zero_init.c.obj           22     0         0      
       copy_decompress_none.c.obj     18     0         0      
       memcpy16.S.obj                 18     0         0      
       memset16.S.obj                 14     0         0      
       pre_init.c.obj                 4      0         0      
       _lock.c.obj                    2      0         0      
    +--+------------------------------+------+---------+---------+
       Total:                         2368   0         164    
                                                              
    C:\ti\ccs2030\ccs\tools\compiler\ti-cgt-armllvm_4.0.4.LTS\lib\armv6m-ti-none-eabi/c/libsysbm.a
       trgmsg.c.obj                   104    0         288    
       add_device.c.obj               236    0         0      
       open.c.obj                     160    0         0      
       hostrename.c.obj               136    0         0      
       hostlseek.c.obj                108    0         0      
       hostopen.c.obj                 96     0         8      
       hostread.c.obj                 88     0         0      
       hostwrite.c.obj                88     0         0      
       close.c.obj                    80     0         0      
       hostclose.c.obj                72     0         0      
       hostunlink.c.obj               72     0         0      
       unlink.c.obj                   44     0         0      
       write.c.obj                    40     0         0      
       remove.c.obj                   8      0         0      
       hostexit.c.obj                 4      0         0      
    +--+------------------------------+------+---------+---------+
       Total:                         1336   0         296    
                                                              
    C:\ti\ccs2030\ccs\tools\compiler\ti-cgt-armllvm_4.0.4.LTS\lib\armv6m-ti-none-eabi/libclang_rt.builtins.a
       aeabi_uidivmod.S.obj           64     0         0      
       aeabi_memset.S.obj             12     0         0      
       aeabi_memcpy.S.obj             8      0         0      
       aeabi_div0.c.obj               2      0         0      
    +--+------------------------------+------+---------+---------+
       Total:                         86     0         0      
                                                              
       Heap:                          0      0         512    
       Stack:                         0      0         512    
       Linker Generated:              0      25927     0      
    +--+------------------------------+------+---------+---------+
       Grand Total:                   8554   27679     1511   


LINKER GENERATED COPY TABLES

__TI_cinit_table @ 00008d98 records: 2, size/record: 8, table size: 16
	.data: load addr=00002860, load size=00006523 bytes, run addr=00000000, run size=00008735 bytes, compression=lzss
	.bss: load addr=00008d90, load size=00000008 bytes, run addr=20200200, run size=000001e7 bytes, compression=zero_init


LINKER GENERATED HANDLER TABLE

__TI_handler_table @ 00008d84 records: 3, size/record: 4, table size: 12
	index: 0, handler: __TI_decompress_lzss
	index: 1, handler: __TI_decompress_none
	index: 2, handler: __TI_zero_init


GLOBAL SYMBOLS: SORTED ALPHABETICALLY BY Name 

address   name                              
-------   ----                              
00002015  ADC0_IRQHandler                   
00002015  ADC1_IRQHandler                   
00002015  AES_IRQHandler                    
0000870c  BusFreq                           
0000123c  C$$EXIT                           
00001db5  C$$IO$$                           
00002015  CANFD0_IRQHandler                 
00002015  DAC0_IRQHandler                   
00002015  DMA_IRQHandler                    
00002015  Default_Handler                   
00002015  GROUP0_IRQHandler                 
00002015  GROUP1_IRQHandler                 
000019b9  HOSTclose                         
0000123d  HOSTexit                          
000015b5  HOSTlseek                         
0000175d  HOSTopen                          
000017bd  HOSTread                          
00001621  HOSTrename                        
00001a01  HOSTunlink                        
00001815  HOSTwrite                         
00002031  HardFault_Handler                 
00002015  I2C0_IRQHandler                   
00002015  I2C1_IRQHandler                   
202003c0  Message                           
202003d4  Messageindex                      
00002015  NMI_Handler                       
00002015  PendSV_Handler                    
000086c0  Phrases                           
00002015  RTC_IRQHandler                    
0000222b  Reset_Handler                     
00002858  SHT$$INIT_ARRAY$$Base             
0000285c  SHT$$INIT_ARRAY$$Limit            
00002015  SPI0_IRQHandler                   
00002015  SPI1_IRQHandler                   
00000000  START_SCREEN_IMAGE                
00002015  SVC_Handler                       
000086f0  Sensor                            
00008724  StTextColor                       
00008710  StX                               
00008714  StY                               
00000fdb  SysTick_Handler                   
202003d8  TExaSLogic                        
202003dc  TExaSadc                          
00002015  TIMA0_IRQHandler                  
00002015  TIMA1_IRQHandler                  
00002015  TIMG0_IRQHandler                  
00001a91  TIMG12_IRQHandler                 
00002015  TIMG6_IRQHandler                  
00001ad5  TIMG7_IRQHandler                  
00002015  TIMG8_IRQHandler                  
00002125  TI_memcpy_small                   
000021a1  TI_memset_small                   
00002015  UART0_IRQHandler                  
00002015  UART1_IRQHandler                  
00002015  UART2_IRQHandler                  
00002015  UART3_IRQHandler                  
20200200  _CIOBUF_                          
000021bd  _Z10Clock_Freqv                   
00002149  _Z11Clock_Delayj                  
00001c15  _Z11SPI_OutDatac                  
000020b9  _Z11ST7735_openPKcji              
000020cf  _Z11ST7735_readiPcj               
0000186d  _Z11fillmessagej                  
0000111d  _Z12ST7735_InitR10initRFlags      
000021ed  _Z12ST7735_closei                 
00002177  _Z12ST7735_lseekili               
00001c85  _Z12ST7735_writeiPKcj             
000021c9  _Z13ST7735_renamePKcS0_           
000021f7  _Z13ST7735_unlinkPKc              
00001cb9  _Z14Clock_Delay1msj               
000013d1  _Z14LaunchPad_Initv               
00001a49  _Z14SPI_OutCommandc               
00000e69  _Z14ST7735_OutCharc               
000012c9  _Z14ST7735_OutUDecj               
00001c4d  _Z15ActivatePortA_Bv              
000002d1  _Z15Clock_Init80MHzi              
00000779  _Z15ST7735_FillRectsssst          
00000485  _Z16ST7735_DrawCharSsscssh        
00001545  _Z16ST7735_DrawPixelsst           
00001fb1  _Z16ST7735_OutStringPc            
00001ced  _Z16ST7735_SetCursorjj            
000000c1  _Z17ST7735_DrawBitmapssPKtss      
0000134d  _Z17ST7735_DrawStringttPcs        
00001eb9  _Z17ST7735_FillScreent            
00000fdd  _Z17ST7735_InitPrintf10initRFlags 
00002201  _Z8PLL_Initv                      
00000abd  _Z8SPI_Initv                      
00001b15  _Z9SPI_Resetv                     
UNDEFED   _ZN10StartState10play_soundEP4Game
0000204d  _ZN10StartState5logicEP4Game      
00001ff5  _ZN10StartState7displayEP4Game    
00001f11  _ZN10StartStateC1Ev               
00001f11  _ZN10StartStateC2Ev               
UNDEFED   _ZN18SwitchOffenceStateC1Ev       
0000220b  _ZN4Game10get_inputsEv            
000020fb  _ZN4Game11updateStateEv           
00001b55  _ZN4GameC2Ev                      
00002111  _ZN5StateC2Ev                     
00002085  _ZN8SlidePotC1Ejj                 
00002085  _ZN8SlidePotC2Ejj                 
UNDEFED   _ZN8WinStateC1Ev                  
UNDEFED   _ZN9Atk1StateC1Ev                 
UNDEFED   _ZN9Atk2StateC1Ev                 
UNDEFED   _ZN9Atk3StateC1Ev                 
000027b8  _ZTV10StartState                  
UNDEFED   _ZTV5State                        
20200200  __CIOBUF_                         
20208000  __STACK_END                       
00000200  __STACK_SIZE                      
00000200  __SYSMEM_SIZE                     
00000000  __TI_ATRegion0_region_sz          
00000000  __TI_ATRegion0_src_addr           
00000000  __TI_ATRegion0_trg_addr           
00000000  __TI_ATRegion1_region_sz          
00000000  __TI_ATRegion1_src_addr           
00000000  __TI_ATRegion1_trg_addr           
00000000  __TI_ATRegion2_region_sz          
00000000  __TI_ATRegion2_src_addr           
00000000  __TI_ATRegion2_trg_addr           
00008d98  __TI_CINIT_Base                   
00008da8  __TI_CINIT_Limit                  
00008da8  __TI_CINIT_Warm                   
00008d84  __TI_Handler_Table_Base           
00008d90  __TI_Handler_Table_Limit          
000018c1  __TI_auto_init_nobinit            
00001d21  __TI_cleanup                      
00008704  __TI_cleanup_ptr                  
0000144d  __TI_closefile                    
000014c9  __TI_decompress_lzss              
00002137  __TI_decompress_none              
00001915  __TI_doflush                      
00008708  __TI_dtors_ptr                    
00008718  __TI_ft_end                       
ffffffff  __TI_pprof_out_hndl               
ffffffff  __TI_prof_data_size               
ffffffff  __TI_prof_data_start              
00001d55  __TI_readmsg                      
00000000  __TI_static_base__                
20200320  __TI_tmpnams                      
00001d89  __TI_writemsg                     
000020e5  __TI_zero_init_nomemset           
00001967  __aeabi_idiv0                     
000021d5  __aeabi_memclr                    
000021d5  __aeabi_memclr4                   
000021d5  __aeabi_memclr8                   
00002215  __aeabi_memcpy                    
00002215  __aeabi_memcpy4                   
00002215  __aeabi_memcpy8                   
00001b95  __aeabi_uidiv                     
00001b95  __aeabi_uidivmod                  
ffffffff  __binit__                         
UNDEFED   __mpu_init                        
20207e00  __stack                           
20200000  __start___llvm_prf_bits           
20200000  __start___llvm_prf_cnts           
20200000  __stop___llvm_prf_bits            
20200000  __stop___llvm_prf_cnts            
00001f89  _c_int00_noargs                   
000085f8  _device                           
00008480  _ftable                           
0000871c  _lock                             
00002013  _nop                              
00008670  _stream                           
20200000  _sys_memory                       
UNDEFED   _system_post_cinit                
0000222f  _system_pre_init                  
00008720  _unlock                           
00002225  abort                             
00000bb5  add_device                        
000009a9  aligned_alloc                     
ffffffff  binit                             
00001969  close                             
00001dbd  exit                              
00001df1  finddevice                        
00001e89  fopen                             
00000ca1  free                              
00001e25  freopen                           
00008570  game                              
0000168d  getdevice                         
00000000  interruptVectors                  
00000891  main                              
000021e1  malloc                            
000009a9  memalign                          
0000107d  open                              
202003cc  parmbuf                           
0000221d  remove                            
00000d89  setvbuf                           
00001241  strcmp                            
00001ee5  unlink                            
00001f61  write                             


GLOBAL SYMBOLS: SORTED BY Symbol Address 

address   name                              
-------   ----                              
00000000  START_SCREEN_IMAGE                
00000000  __TI_ATRegion0_region_sz          
00000000  __TI_ATRegion0_src_addr           
00000000  __TI_ATRegion0_trg_addr           
00000000  __TI_ATRegion1_region_sz          
00000000  __TI_ATRegion1_src_addr           
00000000  __TI_ATRegion1_trg_addr           
00000000  __TI_ATRegion2_region_sz          
00000000  __TI_ATRegion2_src_addr           
00000000  __TI_ATRegion2_trg_addr           
00000000  __TI_static_base__                
00000000  interruptVectors                  
000000c1  _Z17ST7735_DrawBitmapssPKtss      
00000200  __STACK_SIZE                      
00000200  __SYSMEM_SIZE                     
000002d1  _Z15Clock_Init80MHzi              
00000485  _Z16ST7735_DrawCharSsscssh        
00000779  _Z15ST7735_FillRectsssst          
00000891  main                              
000009a9  aligned_alloc                     
000009a9  memalign                          
00000abd  _Z8SPI_Initv                      
00000bb5  add_device                        
00000ca1  free                              
00000d89  setvbuf                           
00000e69  _Z14ST7735_OutCharc               
00000fdb  SysTick_Handler                   
00000fdd  _Z17ST7735_InitPrintf10initRFlags 
0000107d  open                              
0000111d  _Z12ST7735_InitR10initRFlags      
0000123c  C$$EXIT                           
0000123d  HOSTexit                          
00001241  strcmp                            
000012c9  _Z14ST7735_OutUDecj               
0000134d  _Z17ST7735_DrawStringttPcs        
000013d1  _Z14LaunchPad_Initv               
0000144d  __TI_closefile                    
000014c9  __TI_decompress_lzss              
00001545  _Z16ST7735_DrawPixelsst           
000015b5  HOSTlseek                         
00001621  HOSTrename                        
0000168d  getdevice                         
0000175d  HOSTopen                          
000017bd  HOSTread                          
00001815  HOSTwrite                         
0000186d  _Z11fillmessagej                  
000018c1  __TI_auto_init_nobinit            
00001915  __TI_doflush                      
00001967  __aeabi_idiv0                     
00001969  close                             
000019b9  HOSTclose                         
00001a01  HOSTunlink                        
00001a49  _Z14SPI_OutCommandc               
00001a91  TIMG12_IRQHandler                 
00001ad5  TIMG7_IRQHandler                  
00001b15  _Z9SPI_Resetv                     
00001b55  _ZN4GameC2Ev                      
00001b95  __aeabi_uidiv                     
00001b95  __aeabi_uidivmod                  
00001c15  _Z11SPI_OutDatac                  
00001c4d  _Z15ActivatePortA_Bv              
00001c85  _Z12ST7735_writeiPKcj             
00001cb9  _Z14Clock_Delay1msj               
00001ced  _Z16ST7735_SetCursorjj            
00001d21  __TI_cleanup                      
00001d55  __TI_readmsg                      
00001d89  __TI_writemsg                     
00001db5  C$$IO$$                           
00001dbd  exit                              
00001df1  finddevice                        
00001e25  freopen                           
00001e89  fopen                             
00001eb9  _Z17ST7735_FillScreent            
00001ee5  unlink                            
00001f11  _ZN10StartStateC1Ev               
00001f11  _ZN10StartStateC2Ev               
00001f61  write                             
00001f89  _c_int00_noargs                   
00001fb1  _Z16ST7735_OutStringPc            
00001ff5  _ZN10StartState7displayEP4Game    
00002013  _nop                              
00002015  ADC0_IRQHandler                   
00002015  ADC1_IRQHandler                   
00002015  AES_IRQHandler                    
00002015  CANFD0_IRQHandler                 
00002015  DAC0_IRQHandler                   
00002015  DMA_IRQHandler                    
00002015  Default_Handler                   
00002015  GROUP0_IRQHandler                 
00002015  GROUP1_IRQHandler                 
00002015  I2C0_IRQHandler                   
00002015  I2C1_IRQHandler                   
00002015  NMI_Handler                       
00002015  PendSV_Handler                    
00002015  RTC_IRQHandler                    
00002015  SPI0_IRQHandler                   
00002015  SPI1_IRQHandler                   
00002015  SVC_Handler                       
00002015  TIMA0_IRQHandler                  
00002015  TIMA1_IRQHandler                  
00002015  TIMG0_IRQHandler                  
00002015  TIMG6_IRQHandler                  
00002015  TIMG8_IRQHandler                  
00002015  UART0_IRQHandler                  
00002015  UART1_IRQHandler                  
00002015  UART2_IRQHandler                  
00002015  UART3_IRQHandler                  
00002031  HardFault_Handler                 
0000204d  _ZN10StartState5logicEP4Game      
00002085  _ZN8SlidePotC1Ejj                 
00002085  _ZN8SlidePotC2Ejj                 
000020b9  _Z11ST7735_openPKcji              
000020cf  _Z11ST7735_readiPcj               
000020e5  __TI_zero_init_nomemset           
000020fb  _ZN4Game11updateStateEv           
00002111  _ZN5StateC2Ev                     
00002125  TI_memcpy_small                   
00002137  __TI_decompress_none              
00002149  _Z11Clock_Delayj                  
00002177  _Z12ST7735_lseekili               
000021a1  TI_memset_small                   
000021bd  _Z10Clock_Freqv                   
000021c9  _Z13ST7735_renamePKcS0_           
000021d5  __aeabi_memclr                    
000021d5  __aeabi_memclr4                   
000021d5  __aeabi_memclr8                   
000021e1  malloc                            
000021ed  _Z12ST7735_closei                 
000021f7  _Z13ST7735_unlinkPKc              
00002201  _Z8PLL_Initv                      
0000220b  _ZN4Game10get_inputsEv            
00002215  __aeabi_memcpy                    
00002215  __aeabi_memcpy4                   
00002215  __aeabi_memcpy8                   
0000221d  remove                            
00002225  abort                             
0000222b  Reset_Handler                     
0000222f  _system_pre_init                  
000027b8  _ZTV10StartState                  
00002858  SHT$$INIT_ARRAY$$Base             
0000285c  SHT$$INIT_ARRAY$$Limit            
00008480  _ftable                           
00008570  game                              
000085f8  _device                           
00008670  _stream                           
000086c0  Phrases                           
000086f0  Sensor                            
00008704  __TI_cleanup_ptr                  
00008708  __TI_dtors_ptr                    
0000870c  BusFreq                           
00008710  StX                               
00008714  StY                               
00008718  __TI_ft_end                       
0000871c  _lock                             
00008720  _unlock                           
00008724  StTextColor                       
00008d84  __TI_Handler_Table_Base           
00008d90  __TI_Handler_Table_Limit          
00008d98  __TI_CINIT_Base                   
00008da8  __TI_CINIT_Limit                  
00008da8  __TI_CINIT_Warm                   
20200000  __start___llvm_prf_bits           
20200000  __start___llvm_prf_cnts           
20200000  __stop___llvm_prf_bits            
20200000  __stop___llvm_prf_cnts            
20200000  _sys_memory                       
20200200  _CIOBUF_                          
20200200  __CIOBUF_                         
20200320  __TI_tmpnams                      
202003c0  Message                           
202003cc  parmbuf                           
202003d4  Messageindex                      
202003d8  TExaSLogic                        
202003dc  TExaSadc                          
20207e00  __stack                           
20208000  __STACK_END                       
ffffffff  __TI_pprof_out_hndl               
ffffffff  __TI_prof_data_size               
ffffffff  __TI_prof_data_start              
ffffffff  __binit__                         
ffffffff  binit                             
UNDEFED   _ZN10StartState10play_soundEP4Game
UNDEFED   _ZN18SwitchOffenceStateC1Ev       
UNDEFED   _ZN8WinStateC1Ev                  
UNDEFED   _ZN9Atk1StateC1Ev                 
UNDEFED   _ZN9Atk2StateC1Ev                 
UNDEFED   _ZN9Atk3StateC1Ev                 
UNDEFED   _ZTV5State                        
UNDEFED   __mpu_init                        
UNDEFED   _system_post_cinit                

[190 symbols]
