******************************************************************************
            TI ARM Clang Linker PC v4.0.4                      
******************************************************************************
>> Linked Mon Apr 20 14:35:30 2026

OUTPUT FILE NAME:   <ECE319K_Lab9H.out>
ENTRY POINT SYMBOL: "_c_int00_noargs"  address: 0001a7c1


MEMORY CONFIGURATION

         name            origin    length      used     unused   attr    fill
----------------------  --------  ---------  --------  --------  ----  --------
  FLASH                 00000000   00020000  0001ad20  000052e0  R  X
  SRAM                  20200000   00008000  000008f9  00007707  RW X
  BCR_CONFIG            41c00000   00000080  00000000  00000080  R   
  BSL_CONFIG            41c00100   00000080  00000000  00000080  R   


SEGMENT ALLOCATION MAP

run origin  load origin   length   init length attrs members
----------  ----------- ---------- ----------- ----- -------
00000000    00000000    0001ad20   0001ad20    r-x
  00000000    00000000    000000c0   000000c0    r-- .intvecs
  000000c0    000000c0    000167c0   000167c0    r-- .rodata
  00016880    00016880    00004400   00004400    r-x .text
  0001ac80    0001ac80    00000008   00000008    r-- .init_array
  0001ac88    0001ac88    00000098   00000098    r-- .cinit
20200000    20200000    00000700   00000000    rw-
  20200000    20200000    00000319   00000000    rw- .data
  20200320    20200320    00000200   00000000    rw- .sysmem
  20200520    20200520    000001e0   00000000    rw- .bss
20207e00    20207e00    00000200   00000000    rw-
  20207e00    20207e00    00000200   00000000    rw- .stack


SECTION ALLOCATION MAP

 output                                  attributes/
section   page    origin      length       input sections
--------  ----  ----------  ----------   ----------------
.intvecs   0    00000000    000000c0     
                  00000000    000000c0     startup_mspm0g3507_ticlang.o (.intvecs)

.binit     0    00000000    00000000     

.text      0    00016880    00004400     
                  00016880    00000868     libc.a : _printfi.c.obj (.text:__TI_printfi_nofloat)
                  000170e8    00000210     ST7735.o (.text._Z17ST7735_DrawBitmapssPKtss)
                  000172f8    000001b4     Clock.o (.text._Z15Clock_Init80MHzi)
                  000174ac    000001a0     ST7735.o (.text._Z16ST7735_DrawCharSsscssh)
                  0001764c    0000019c     game_structs.o (.text._ZN8WinState7onEnterEP4Game)
                  000177e8    00000154     libc.a : fopen.c.obj (.text._openfile)
                  0001793c    0000014c     connors_display_helper.o (.text._Z25CDH_DrawBitmapTransparentssPKtsstbb)
                  00017a88    00000128     TExaS.o (.text._Z8ADC_InitP10ADC12_Regsjj)
                  00017bb0    00000124     connors_display_helper.o (.text._Z16CDH_DrawBitmap2xssPKtss)
                  00017cd4    00000124     game_structs.o (.text._ZN18RoundFeedbackState7displayEP4Game)
                  00017df8    00000118     ST7735.o (.text._Z15ST7735_FillRectsssst)
                  00017f10    00000114     libc.a : memory.c.obj (.text.aligned_alloc)
                  00018024    00000110     game_structs.o (.text._ZN9Atk1State7displayEP4Game)
                  00018134    00000110     game_structs.o (.text._ZN9Atk2State7displayEP4Game)
                  00018244    00000110     game_structs.o (.text._ZN9Atk3State7displayEP4Game)
                  00018354    000000f8     SPI.o (.text._Z8SPI_Initv)
                  0001844c    000000f4     ST7735.o (.text._Z18ST7735_SetRotationh)
                  00018540    000000f0     game_structs.o (.text._ZN18RoundFeedbackState7onEnterEP4Game)
                  00018630    000000ec     libsysbm.a : add_device.c.obj (.text.add_device)
                  0001871c    000000e8     TExaS.o (.text._Z9UART_Initv)
                  00018804    000000e8     libc.a : memory.c.obj (.text.free)
                  000188ec    000000e0     game_structs.o (.text._ZN18SwitchOffenceState7displayEP4Game)
                  000189cc    000000e0     libc.a : setvbuf.c.obj (.text.setvbuf)
                  00018aac    000000d0     ST7735.o (.text._Z14ST7735_OutCharc)
                  00018b7c    000000a8     Timer.o (.text._Z14TimerG7_IntArmtjj)
                  00018c24    000000a2     ST7735.o (.text._ZL11commandListPKh)
                  00018cc6    00000002     libclang_rt.builtins.a : aeabi_div0.c.obj (.text.__aeabi_idiv0)
                  00018cc8    000000a2                            : udivmoddi4.S.obj (.text)
                  00018d6a    00000002                            : aeabi_div0.c.obj (.text.__aeabi_ldiv0)
                  00018d6c    000000a0     ST7735.o (.text._Z17ST7735_InitPrintf10initRFlags)
                  00018e0c    000000a0     libsysbm.a : open.c.obj (.text.open)
                  00018eac    00000098     ST7735.o (.text._Z12ST7735_InitR10initRFlags)
                  00018f44    00000094     Timer.o (.text._Z15TimerG12_IntArmjj)
                  00018fd8    0000008e     connors_display_helper.o (.text._Z14CDH_DrawStringttPcsii)
                  00019066    00000002     libc.a : _lock.c.obj (.text._nop)
                  00019068    00000088     ST7735.o (.text._ZL13setAddrWindowhhhh)
                  000190f0    00000088     Lab9HMain.o (.text.main)
                  00019178    00000008     libc.a : aeabi_portable.c.obj (.text.__aeabi_errno_addr)
                  00019180    00000088            : strcmp-armv6m.S.obj (.text:strcmp)
                  00019208    00000084     ST7735.o (.text._Z17ST7735_DrawStringttPcs)
                  0001928c    0000007c     LaunchPad.o (.text._Z14LaunchPad_Initv)
                  00019308    0000007c     SlidePot.o (.text._ZN8SlidePot4InitEv)
                  00019384    0000007c     libc.a : fclose.c.obj (.text.__TI_closefile)
                  00019400    0000007c            : copy_decompress_lzss.c.obj (.text:decompress:lzss)
                  0001947c    00000072     game_structs.o (.text._ZN18SwitchOffenceState5logicEP4Game)
                  000194ee    00000002     --HOLE-- [fill = 0]
                  000194f0    00000070     ST7735.o (.text._Z16ST7735_DrawPixelsst)
                  00019560    0000006c     libsysbm.a : hostlseek.c.obj (.text.HOSTlseek)
                  000195cc    0000006c                : hostrename.c.obj (.text.HOSTrename)
                  00019638    0000006c     libc.a : getdevice.c.obj (.text.getdevice)
                  000196a4    00000068     game_structs.o (.text._ZN10StartState7displayEP4Game)
                  0001970c    00000064     game_structs.o (.text._ZN9Atk1State7onEnterEP4Game)
                  00019770    00000064     game_structs.o (.text._ZN9Atk2State7onEnterEP4Game)
                  000197d4    00000064     libc.a : memory.c.obj (.text.split)
                  00019838    00000060     libsysbm.a : hostopen.c.obj (.text.HOSTopen)
                  00019898    00000060     game_structs.o (.text._ZN10StartState5logicEP4Game)
                  000198f8    00000060     game_structs.o (.text._ZN4Game4initEv)
                  00019958    00000060     game_structs.o (.text._ZN9Atk3State7onEnterEP4Game)
                  000199b8    0000005c     game_structs.o (.text._ZN9Atk1State5logicEP4Game)
                  00019a14    0000005c     game_structs.o (.text._ZN9Atk2State5logicEP4Game)
                  00019a70    00000058     libsysbm.a : hostread.c.obj (.text.HOSTread)
                  00019ac8    00000058                : hostwrite.c.obj (.text.HOSTwrite)
                  00019b20    00000058     TExaS.o (.text._Z10TExaS_InitP10ADC12_RegsjPFhvE)
                  00019b78    00000058     Lab9HMain.o (.text._ZN4GameC2Ev)
                  00019bd0    00000056     game_structs.o (.text._ZN18RoundFeedbackState5logicEP4Game)
                  00019c26    00000002     --HOLE-- [fill = 0]
                  00019c28    00000056     libclang_rt.builtins.a : aeabi_idivmod.S.obj (.text.__aeabi_idivmod)
                  00019c7e    00000002     --HOLE-- [fill = 0]
                  00019c80    00000054     game_structs.o (.text._ZN18SwitchOffenceState7onEnterEP4Game)
                  00019cd4    00000054     libc.a : autoinit.c.obj (.text:__TI_auto_init_nobinit)
                  00019d28    00000052     game_structs.o (.text._ZN9Atk3State5logicEP4Game)
                  00019d7a    00000052     libc.a : fflush.c.obj (.text.__TI_doflush)
                  00019dcc    00000050     Sound.o (.text._Z10Sound_Initv)
                  00019e1c    00000050     connors_display_helper.o (.text._Z11CDH_OutUDecttjsii)
                  00019e6c    00000050     libsysbm.a : close.c.obj (.text.close)
                  00019ebc    0000004e     game_structs.o (.text._ZN4Game12switchStatesEi)
                  00019f0a    00000002     --HOLE-- [fill = 0]
                  00019f0c    0000004c     libc.a : snprintf.c.obj (.text.snprintf)
                  00019f58    00000048     libsysbm.a : hostclose.c.obj (.text.HOSTclose)
                  00019fa0    00000048                : hostunlink.c.obj (.text.HOSTunlink)
                  00019fe8    00000048     SPI.o (.text._Z14SPI_OutCommandc)
                  0001a030    00000044     Sound.o (.text.SysTick_Handler)
                  0001a074    00000044     Lab9HMain.o (.text.TIMG12_IRQHandler)
                  0001a0b8    00000044     Sound.o (.text._Z14SysTick_IntArmjj)
                  0001a0fc    00000040     TExaS.o (.text.TIMG7_IRQHandler)
                  0001a13c    00000040     Sound.o (.text._Z11Sound_StartPKhj)
                  0001a17c    00000040     SPI.o (.text._Z9SPI_Resetv)
                  0001a1bc    00000040     libclang_rt.builtins.a : aeabi_uidivmod.S.obj (.text.__aeabi_uidivmod)
                  0001a1fc    00000040     libc.a : fopen.c.obj (.text._search_fp)
                  0001a23c    00000040            : atoi.c.obj (.text.atoi)
                  0001a27c    0000003e     game_structs.o (.text._ZN8WinState5logicEP4Game)
                  0001a2ba    0000003c     game_structs.o (.text._ZN5State7displayEP4Game)
                  0001a2f6    00000002     --HOLE-- [fill = 0]
                  0001a2f8    0000003a     libclang_rt.builtins.a : muldsi3.S.obj (.text.__muldsi3)
                  0001a332    00000002     --HOLE-- [fill = 0]
                  0001a334    00000038     SPI.o (.text._Z11SPI_OutDatac)
                  0001a36c    00000038     LaunchPad.o (.text._Z15ActivatePortA_Bv)
                  0001a3a4    00000034     ST7735.o (.text._Z12ST7735_writeiPKcj)
                  0001a3d8    00000034     Clock.o (.text._Z14Clock_Delay1msj)
                  0001a40c    00000034     ST7735.o (.text._Z16ST7735_SetCursorjj)
                  0001a440    00000034     LED.o (.text._Z8LED_Initv)
                  0001a474    00000034     game_structs.o (.text._ZN4Game10get_inputsEv)
                  0001a4a8    00000034     libc.a : fopen.c.obj (.text.__TI_cleanup)
                  0001a4dc    00000034     libsysbm.a : trgmsg.c.obj (.text.__TI_readmsg)
                  0001a510    00000034                : trgmsg.c.obj (.text.__TI_writemsg)
                  0001a544    00000034     libc.a : exit.c.obj (.text.exit)
                  0001a578    00000034            : getdevice.c.obj (.text.finddevice)
                  0001a5ac    00000034            : fopen.c.obj (.text.freopen)
                  0001a5e0    00000030     ST7735.o (.text._ZL10commonInitPKh)
                  0001a610    00000030     game_structs.o (.text._ZN10StartStateC2Ev)
                  0001a640    00000030     libc.a : snprintf.c.obj (.text._outs)
                  0001a670    00000030            : fopen.c.obj (.text.fopen)
                  0001a6a0    0000002c     ST7735.o (.text._Z17ST7735_FillScreent)
                  0001a6cc    0000002c     libsysbm.a : unlink.c.obj (.text.unlink)
                  0001a6f8    00000028     Switch.o (.text._Z11Switch_Initv)
                  0001a720    00000028     TExaS.o (.text._Z9ADC_StartP10ADC12_Regs)
                  0001a748    00000028     game_structs.o (.text._ZN18RoundFeedbackStateC2Ev)
                  0001a770    00000028     libc.a : memory.c.obj (.text.free_list_insert)
                  0001a798    00000028     libsysbm.a : write.c.obj (.text.write)
                  0001a7c0    00000028     libc.a : boot_cortex_m.c.obj (.text:_c_int00_noargs)
                  0001a7e8    00000024     game_structs.o (.text._ZN18SwitchOffenceStateC2Ev)
                  0001a80c    00000024     game_structs.o (.text._ZN9Atk1StateC2Ev)
                  0001a830    00000024     game_structs.o (.text._ZN9Atk2StateC2Ev)
                  0001a854    00000024     game_structs.o (.text._ZN9Atk3StateC2Ev)
                  0001a878    00000024     libclang_rt.builtins.a : muldi3.S.obj (.text.__muldi3)
                  0001a89c    00000022     libc.a : memccpy.c.obj (.text.memccpy)
                  0001a8be    00000002     --HOLE-- [fill = 0]
                  0001a8c0    00000020     Sound.o (.text._Z8DAC5_Outj)
                  0001a8e0    00000020     game_structs.o (.text._ZN8WinStateC2Ev)
                  0001a900    0000001e     ST7735.o (.text._ZL9pushColort)
                  0001a91e    00000002     --HOLE-- [fill = 0]
                  0001a920    0000001e     libclang_rt.builtins.a : ashldi3.S.obj (.text.__ashldi3)
                  0001a93e    00000002     --HOLE-- [fill = 0]
                  0001a940    0000001c     startup_mspm0g3507_ticlang.o (.text.Default_Handler)
                  0001a95c    0000001c     startup_mspm0g3507_ticlang.o (.text.HardFault_Handler)
                  0001a978    0000001c     game_structs.o (.text._ZN5StateC2Ev)
                  0001a994    0000001c     libc.a : memory.c.obj (.text.free_list_remove)
                  0001a9b0    0000001a     SlidePot.o (.text._ZN8SlidePotC2Ejj)
                  0001a9ca    00000018     game_structs.o (.text._ZN4Game11updateStateEv)
                  0001a9e2    00000002     --HOLE-- [fill = 0]
                  0001a9e4    00000018     Lab9HMain.o (.text.__cxx_global_var_init)
                  0001a9fc    00000018     libc.a : snprintf.c.obj (.text._outc)
                  0001aa14    00000016     ST7735.o (.text._Z11ST7735_openPKcji)
                  0001aa2a    00000016     ST7735.o (.text._Z11ST7735_readiPcj)
                  0001aa40    00000016     libc.a : copy_zero_init.c.obj (.text:decompress:ZI:__TI_zero_init_nomemset)
                  0001aa56    00000002     --HOLE-- [fill = 0]
                  0001aa58    00000014     Sound.o (.text._Z10Sound_Bellv)
                  0001aa6c    00000014     Sound.o (.text._Z10Sound_Missv)
                  0001aa80    00000014     Sound.o (.text._Z9Sound_Hitv)
                  0001aa94    00000014     game_structs.o (.text._ZN10StartState7onEnterEP4Game)
                  0001aaa8    00000014     libclang_rt.builtins.a : aeabi_uldivmod.S.obj (.text.__aeabi_uldivmod)
                  0001aabc    00000012     libc.a : memcpy16.S.obj (.text:TI_memcpy_small)
                  0001aace    00000012            : copy_decompress_none.c.obj (.text:decompress:none)
                  0001aae0    00000010     Clock.o (.text._Z11Clock_Delayj)
                  0001aaf0    00000010     Lab9HMain.o (.text._Z28TExaS_LaunchPadLogicPB27PB26v)
                  0001ab00    00000010     game_structs.o (.text._ZN5State7onEnterEP4Game)
                  0001ab10    00000010     Lab9HMain.o (.text.__cxx_global_var_init.1)
                  0001ab20    00000010     libc.a : wcslen.c.obj (.text.wcslen)
                  0001ab30    0000000e            : memory.c.obj (.text.OUTLINED_FUNCTION_0)
                  0001ab3e    0000000e     ST7735.o (.text._Z12ST7735_lseekili)
                  0001ab4c    0000000e     libclang_rt.builtins.a : aeabi_memset.S.obj (.text.__aeabi_memset)
                  0001ab5a    0000000e     libsysbm.a : hostrename.c.obj (.text.strcpy)
                  0001ab68    0000000e     libc.a : _printfi.c.obj (.text.strlen)
                  0001ab76    0000000e     libsysbm.a : hostrename.c.obj (.text.strlen)
                  0001ab84    0000000e     libc.a : memset16.S.obj (.text:TI_memset_small)
                  0001ab92    0000000c     Lab9HMain.o (.text._GLOBAL__sub_I_Lab9HMain.cpp)
                  0001ab9e    00000002     --HOLE-- [fill = 0]
                  0001aba0    0000000c     Clock.o (.text._Z10Clock_Freqv)
                  0001abac    0000000c     ST7735.o (.text._Z13ST7735_renamePKcS0_)
                  0001abb8    0000000c     libclang_rt.builtins.a : aeabi_memset.S.obj (.text.__aeabi_memclr)
                  0001abc4    0000000c     libc.a : memory.c.obj (.text.malloc)
                  0001abd0    0000000a     ST7735.o (.text._Z12ST7735_closei)
                  0001abda    0000000a     ST7735.o (.text._Z13ST7735_unlinkPKc)
                  0001abe4    0000000a     Lab9HMain.o (.text._Z8PLL_Initv)
                  0001abee    0000000a     game_structs.o (.text._ZN10StartState10play_soundEP4Game)
                  0001abf8    0000000a     game_structs.o (.text._ZN18RoundFeedbackState10play_soundEP4Game)
                  0001ac02    0000000a     game_structs.o (.text._ZN18SwitchOffenceState10play_soundEP4Game)
                  0001ac0c    0000000a     game_structs.o (.text._ZN4Game10directionsEv)
                  0001ac16    0000000a     game_structs.o (.text._ZN5State10play_soundEP4Game)
                  0001ac20    0000000a     game_structs.o (.text._ZN5State5logicEP4Game)
                  0001ac2a    0000000a     game_structs.o (.text._ZN8WinState10play_soundEP4Game)
                  0001ac34    0000000a     game_structs.o (.text._ZN8WinState7displayEP4Game)
                  0001ac3e    0000000a     game_structs.o (.text._ZN9Atk1State10play_soundEP4Game)
                  0001ac48    0000000a     game_structs.o (.text._ZN9Atk2State10play_soundEP4Game)
                  0001ac52    0000000a     game_structs.o (.text._ZN9Atk3State10play_soundEP4Game)
                  0001ac5c    00000008     libclang_rt.builtins.a : aeabi_memcpy.S.obj (.text.__aeabi_memcpy)
                  0001ac64    00000008     libsysbm.a : remove.c.obj (.text.remove)
                  0001ac6c    00000006     libc.a : exit.c.obj (.text:abort)
                  0001ac72    00000004     libsysbm.a : hostexit.c.obj (.text.HOSTexit)
                  0001ac76    00000004     startup_mspm0g3507_ticlang.o (.text.Reset_Handler)
                  0001ac7a    00000004     libc.a : pre_init.c.obj (.text._system_pre_init)
                  0001ac7e    00000002     --HOLE-- [fill = 0]

.cinit     0    0001ac88    00000098     
                  0001ac88    0000006e     (.cinit..data.load) [load image, compression = lzss]
                  0001acf6    00000002     --HOLE-- [fill = 0]
                  0001acf8    0000000c     (__TI_handler_table)
                  0001ad04    00000008     (.cinit..bss.load) [load image, compression = zero_init]
                  0001ad0c    00000010     (__TI_cinit_table)
                  0001ad1c    00000004     --HOLE-- [fill = 0]

.rodata    0    000000c0    000167c0     
                  000000c0    00007080     game_structs.o (.rodata._ZL7valvano)
                  00007140    00004002     Sound.o (.rodata._ZL11boxing_bell)
                  0000b142    000036b0     game_structs.o (.rodata._ZL8yerballi)
                  0000e7f2    00002440     game_structs.o (.rodata._ZL14boxing_ring_bg)
                  00010c32    00002328     game_structs.o (.rodata._ZL12cover_splash)
                  00012f5a    00001974     Sound.o (.rodata._ZL3hit)
                  000148ce    00001734     Sound.o (.rodata._ZL4miss)
                  00016002    000004fb     ST7735.o (.rodata._ZL4Font)
                  000164fd    00000002     game_structs.o (.rodata.str1.14592636505333487246.1)
                  000164ff    00000001     --HOLE-- [fill = 0]
                  00016500    00000101     libc.a : aeabi_ctype.S.obj (.rodata:__aeabi_ctype_table_)
                  00016601    0000003b     ST7735.o (.rodata._ZL5Rcmd1)
                  0001663c    0000002b     ST7735.o (.rodata._ZL5Rcmd3)
                  00016667    0000001a     game_structs.o (.rodata.str1.17679974583974502919.1)
                  00016681    00000002     ST7735.o (.rodata.str1.18358205720993799461.1)
                  00016683    00000001     --HOLE-- [fill = 0]
                  00016684    00000018     game_structs.o (.rodata._ZTV10StartState)
                  0001669c    00000018     game_structs.o (.rodata._ZTV18RoundFeedbackState)
                  000166b4    00000018     game_structs.o (.rodata._ZTV18SwitchOffenceState)
                  000166cc    00000018     game_structs.o (.rodata._ZTV5State)
                  000166e4    00000018     game_structs.o (.rodata._ZTV8WinState)
                  000166fc    00000018     game_structs.o (.rodata._ZTV9Atk1State)
                  00016714    00000018     game_structs.o (.rodata._ZTV9Atk2State)
                  0001672c    00000018     game_structs.o (.rodata._ZTV9Atk3State)
                  00016744    00000016     ST7735.o (.rodata.str1.14736978382213673245.1)
                  0001675a    00000015     game_structs.o (.rodata.str1.13835767611687241610.1)
                  0001676f    00000015     game_structs.o (.rodata.str1.6340018968352854695.1)
                  00016784    00000014     game_structs.o (.rodata.str1.10821656762219671030.1)
                  00016798    00000014     game_structs.o (.rodata.str1.9776997114013541529.1)
                  000167ac    00000013     game_structs.o (.rodata.str1.12459122091221191539.1)
                  000167bf    00000012     game_structs.o (.rodata.str1.3295804324984720742.1)
                  000167d1    00000011     libc.a : _printfi.c.obj (.rodata.str1.10348868589481759720.1)
                  000167e2    00000011            : _printfi.c.obj (.rodata.str1.15363888844622738466.1)
                  000167f3    0000000f     game_structs.o (.rodata.str1.1876938374215399292.1)
                  00016802    0000000d     ST7735.o (.rodata._ZL10Rcmd2green)
                  0001680f    0000000d     ST7735.o (.rodata._ZL8Rcmd2red)
                  0001681c    0000000b     game_structs.o (.rodata.str1.13031987076347950009.1)
                  00016827    00000009     game_structs.o (.rodata.str1.15856950605285521293.1)
                  00016830    00000008     game_structs.o (.rodata.str1.15918645729875841078.1)
                  00016838    00000008     ST7735.o (.rodata.str1.7209918599617305731.1)
                  00016840    00000008     game_structs.o (.rodata.str1.756431122810206414.1)
                  00016848    00000008     game_structs.o (.rodata.str1.9079934376650958619.1)
                  00016850    00000007     ST7735.o (.rodata.str1.10208736415454880443.1)
                  00016857    00000007     game_structs.o (.rodata.str1.7480764971921489808.1)
                  0001685e    00000007     ST7735.o (.rodata.str1.8723687351022562626.1)
                  00016865    00000006     game_structs.o (.rodata.str1.9634431226793688465.1)
                  0001686b    00000005     game_structs.o (.rodata.str1.13661545893789683143.1)
                  00016870    00000005     game_structs.o (.rodata.str1.4999439703787095262.1)
                  00016875    00000004     connors_display_helper.o (.rodata.str1.16435377500231430742.1)
                  00016879    00000002     game_structs.o (.rodata.str1.9463065910988973633.1)
                  0001687b    00000005     --HOLE-- [fill = 0]

.init_array 
*          0    0001ac80    00000008     
                  0001ac80    00000004     Lab9HMain.o (.init_array)
                  0001ac84    00000004     --HOLE-- [fill = 0]

.data      0    20200000    00000319     UNINITIALIZED
                  20200000    00000118     Lab9HMain.o (.data.game)
                  20200118    000000f0     libc.a : defs.c.obj (.data._ftable)
                  20200208    00000078     libsysbm.a : host_device.c.obj (.data._device)
                  20200280    00000050                : host_device.c.obj (.data._stream)
                  202002d0    00000014     Lab9HMain.o (.data.Sensor)
                  202002e4    00000008     libc.a : exit.c.obj (.data..L_MergedGlobals)
                  202002ec    00000004     Clock.o (.data.BusFreq)
                  202002f0    00000004     ST7735.o (.data.StX)
                  202002f4    00000004     ST7735.o (.data.StY)
                  202002f8    00000004     libc.a : defs.c.obj (.data.__TI_ft_end)
                  202002fc    00000004            : aeabi_portable.c.obj (.data.__aeabi_errno)
                  20200300    00000004            : _lock.c.obj (.data._lock)
                  20200304    00000004            : _lock.c.obj (.data._unlock)
                  20200308    00000002     ST7735.o (.data.StTextColor)
                  2020030a    00000002     ST7735.o (.data._ZL6_width)
                  2020030c    00000002     ST7735.o (.data._ZL7_height)
                  2020030e    00000002     --HOLE--
                  20200310    00000001     libsysbm.a : add_device.c.obj (.data.add_device.device_init)
                  20200311    00000003     --HOLE--
                  20200314    00000001     libc.a : memory.c.obj (.data.memory_is_initialized)
                  20200315    00000003     --HOLE--
                  20200318    00000001     libsysbm.a : open.c.obj (.data.open.stream_init)

.sysmem    0    20200320    00000200     UNINITIALIZED
                  20200320    00000010     libc.a : memory.c.obj (.sysmem)
                  20200330    000001f0     --HOLE--

.bss       0    20200520    000001e0     UNINITIALIZED
                  20200520    00000120     libsysbm.a : trgmsg.c.obj (.bss:_CIOBUF_)
                  20200640    000000a0     libc.a : defs.c.obj (.bss.__TI_tmpnams)
                  202006e0    00000008     libsysbm.a : hostopen.c.obj (.bss.parmbuf)
                  202006e8    00000004     Sound.o (.bss.SoundArr)
                  202006ec    00000004     Sound.o (.bss.SoundCount)
                  202006f0    00000004     TExaS.o (.bss.TExaSLogic)
                  202006f4    00000004     TExaS.o (.bss.TExaSadc)
                  202006f8    00000004     libc.a : memory.c.obj (.bss.sys_free)
                  202006fc    00000001     ST7735.o (.bss._ZL8ColStart)
                  202006fd    00000001     ST7735.o (.bss._ZL8Rotation)
                  202006fe    00000001     ST7735.o (.bss._ZL8RowStart)
                  202006ff    00000001     ST7735.o (.bss._ZL8TabColor)

.stack     0    20207e00    00000200     UNINITIALIZED
                  20207e00    00000004     libc.a : boot_cortex_m.c.obj (.stack)
                  20207e04    000001fc     --HOLE--

__llvm_prf_cnts 
*          0    20200000    00000000     UNINITIALIZED

__llvm_prf_bits 
*          0    20200000    00000000     UNINITIALIZED

MODULE SUMMARY

       Module                         code    ro data   rw data
       ------                         ----    -------   -------
    .\
       game_structs.o                 3840    61503     0      
       Sound.o                        372     28842     8      
       ST7735.o                       2846    1449      18     
       connors_display_helper.o       846     4         0      
       TExaS.o                        720     0         8      
       Lab9HMain.o                    370     4         300    
       Clock.o                        516     0         4      
       SPI.o                          440     0         0      
       Timer.o                        316     0         0      
       LaunchPad.o                    180     0         0      
       SlidePot.o                     150     0         0      
       LED.o                          52      0         0      
       Switch.o                       40      0         0      
    +--+------------------------------+-------+---------+---------+
       Total:                         10688   91802     338    
                                                               
    .\ticlang\
       startup_mspm0g3507_ticlang.o   60      192       0      
    +--+------------------------------+-------+---------+---------+
       Total:                         60      192       0      
                                                               
    C:\ti\ccs2030\ccs\tools\compiler\ti-cgt-armllvm_4.0.4.LTS\lib\armv6m-ti-none-eabi/c/libc.a
       _printfi.c.obj                 2166    34        0      
       memory.c.obj                   702     0         5      
       fopen.c.obj                    556     0         0      
       defs.c.obj                     0       0         404    
       aeabi_ctype.S.obj              0       257       0      
       setvbuf.c.obj                  224     0         0      
       getdevice.c.obj                160     0         0      
       snprintf.c.obj                 148     0         0      
       strcmp-armv6m.S.obj            136     0         0      
       copy_decompress_lzss.c.obj     124     0         0      
       fclose.c.obj                   124     0         0      
       autoinit.c.obj                 84      0         0      
       fflush.c.obj                   82      0         0      
       exit.c.obj                     58      0         8      
       atoi.c.obj                     64      0         0      
       boot_cortex_m.c.obj            40      0         0      
       memccpy.c.obj                  34      0         0      
       copy_zero_init.c.obj           22      0         0      
       copy_decompress_none.c.obj     18      0         0      
       memcpy16.S.obj                 18      0         0      
       wcslen.c.obj                   16      0         0      
       memset16.S.obj                 14      0         0      
       aeabi_portable.c.obj           8       0         4      
       _lock.c.obj                    2       0         8      
       pre_init.c.obj                 4       0         0      
    +--+------------------------------+-------+---------+---------+
       Total:                         4804    291       429    
                                                               
    C:\ti\ccs2030\ccs\tools\compiler\ti-cgt-armllvm_4.0.4.LTS\lib\armv6m-ti-none-eabi/c/libsysbm.a
       trgmsg.c.obj                   104     0         288    
       add_device.c.obj               236     0         1      
       host_device.c.obj              0       0         200    
       open.c.obj                     160     0         1      
       hostrename.c.obj               136     0         0      
       hostlseek.c.obj                108     0         0      
       hostopen.c.obj                 96      0         8      
       hostread.c.obj                 88      0         0      
       hostwrite.c.obj                88      0         0      
       close.c.obj                    80      0         0      
       hostclose.c.obj                72      0         0      
       hostunlink.c.obj               72      0         0      
       unlink.c.obj                   44      0         0      
       write.c.obj                    40      0         0      
       remove.c.obj                   8       0         0      
       hostexit.c.obj                 4       0         0      
    +--+------------------------------+-------+---------+---------+
       Total:                         1336    0         498    
                                                               
    C:\ti\ccs2030\ccs\tools\compiler\ti-cgt-armllvm_4.0.4.LTS\lib\armv6m-ti-none-eabi/libclang_rt.builtins.a
       udivmoddi4.S.obj               162     0         0      
       aeabi_idivmod.S.obj            86      0         0      
       aeabi_uidivmod.S.obj           64      0         0      
       muldsi3.S.obj                  58      0         0      
       muldi3.S.obj                   36      0         0      
       ashldi3.S.obj                  30      0         0      
       aeabi_memset.S.obj             26      0         0      
       aeabi_uldivmod.S.obj           20      0         0      
       aeabi_memcpy.S.obj             8       0         0      
       aeabi_div0.c.obj               4       0         0      
    +--+------------------------------+-------+---------+---------+
       Total:                         494     0         0      
                                                               
       Heap:                          0       0         512    
       Stack:                         0       0         512    
       Linker Generated:              0       146       0      
    +--+------------------------------+-------+---------+---------+
       Grand Total:                   17382   92431     2289   


LINKER GENERATED COPY TABLES

__TI_cinit_table @ 0001ad0c records: 2, size/record: 8, table size: 16
	.data: load addr=0001ac88, load size=0000006e bytes, run addr=20200000, run size=00000319 bytes, compression=lzss
	.bss: load addr=0001ad04, load size=00000008 bytes, run addr=20200520, run size=000001e0 bytes, compression=zero_init


LINKER GENERATED HANDLER TABLE

__TI_handler_table @ 0001acf8 records: 3, size/record: 4, table size: 12
	index: 0, handler: __TI_decompress_lzss
	index: 1, handler: __TI_decompress_none
	index: 2, handler: __TI_zero_init


GLOBAL SYMBOLS: SORTED ALPHABETICALLY BY Name 

address   name                                      
-------   ----                                      
0001a941  ADC0_IRQHandler                           
0001a941  ADC1_IRQHandler                           
0001a941  AES_IRQHandler                            
202002ec  BusFreq                                   
0001ac72  C$$EXIT                                   
0001a53d  C$$IO$$                                   
0001a941  CANFD0_IRQHandler                         
0001a941  DAC0_IRQHandler                           
0001a941  DMA_IRQHandler                            
0001a941  Default_Handler                           
0001a941  GROUP0_IRQHandler                         
0001a941  GROUP1_IRQHandler                         
00019f59  HOSTclose                                 
0001ac73  HOSTexit                                  
00019561  HOSTlseek                                 
00019839  HOSTopen                                  
00019a71  HOSTread                                  
000195cd  HOSTrename                                
00019fa1  HOSTunlink                                
00019ac9  HOSTwrite                                 
0001a95d  HardFault_Handler                         
0001a941  I2C0_IRQHandler                           
0001a941  I2C1_IRQHandler                           
0001a941  NMI_Handler                               
0001a941  PendSV_Handler                            
0001a941  RTC_IRQHandler                            
0001ac77  Reset_Handler                             
0001ac80  SHT$$INIT_ARRAY$$Base                     
0001ac84  SHT$$INIT_ARRAY$$Limit                    
0001a941  SPI0_IRQHandler                           
0001a941  SPI1_IRQHandler                           
0001a941  SVC_Handler                               
202002d0  Sensor                                    
202006e8  SoundArr                                  
202006ec  SoundCount                                
20200308  StTextColor                               
202002f0  StX                                       
202002f4  StY                                       
0001a031  SysTick_Handler                           
202006f0  TExaSLogic                                
202006f4  TExaSadc                                  
0001a941  TIMA0_IRQHandler                          
0001a941  TIMA1_IRQHandler                          
0001a941  TIMG0_IRQHandler                          
0001a075  TIMG12_IRQHandler                         
0001a941  TIMG6_IRQHandler                          
0001a0fd  TIMG7_IRQHandler                          
0001a941  TIMG8_IRQHandler                          
0001aabd  TI_memcpy_small                           
0001ab85  TI_memset_small                           
0001a941  UART0_IRQHandler                          
0001a941  UART1_IRQHandler                          
0001a941  UART2_IRQHandler                          
0001a941  UART3_IRQHandler                          
20200520  _CIOBUF_                                  
0001aba1  _Z10Clock_Freqv                           
0001aa59  _Z10Sound_Bellv                           
00019dcd  _Z10Sound_Initv                           
0001aa6d  _Z10Sound_Missv                           
00019b21  _Z10TExaS_InitP10ADC12_RegsjPFhvE         
00019e1d  _Z11CDH_OutUDecttjsii                     
0001aae1  _Z11Clock_Delayj                          
0001a335  _Z11SPI_OutDatac                          
0001aa15  _Z11ST7735_openPKcji                      
0001aa2b  _Z11ST7735_readiPcj                       
0001a13d  _Z11Sound_StartPKhj                       
0001a6f9  _Z11Switch_Initv                          
00018ead  _Z12ST7735_InitR10initRFlags              
0001abd1  _Z12ST7735_closei                         
0001ab3f  _Z12ST7735_lseekili                       
0001a3a5  _Z12ST7735_writeiPKcj                     
0001abad  _Z13ST7735_renamePKcS0_                   
0001abdb  _Z13ST7735_unlinkPKc                      
00018fd9  _Z14CDH_DrawStringttPcsii                 
0001a3d9  _Z14Clock_Delay1msj                       
0001928d  _Z14LaunchPad_Initv                       
00019fe9  _Z14SPI_OutCommandc                       
00018aad  _Z14ST7735_OutCharc                       
0001a0b9  _Z14SysTick_IntArmjj                      
00018b7d  _Z14TimerG7_IntArmtjj                     
0001a36d  _Z15ActivatePortA_Bv                      
000172f9  _Z15Clock_Init80MHzi                      
00017df9  _Z15ST7735_FillRectsssst                  
00018f45  _Z15TimerG12_IntArmjj                     
00017bb1  _Z16CDH_DrawBitmap2xssPKtss               
000174ad  _Z16ST7735_DrawCharSsscssh                
000194f1  _Z16ST7735_DrawPixelsst                   
0001a40d  _Z16ST7735_SetCursorjj                    
000170e9  _Z17ST7735_DrawBitmapssPKtss              
00019209  _Z17ST7735_DrawStringttPcs                
0001a6a1  _Z17ST7735_FillScreent                    
00018d6d  _Z17ST7735_InitPrintf10initRFlags         
0001844d  _Z18ST7735_SetRotationh                   
0001793d  _Z25CDH_DrawBitmapTransparentssPKtsstbb   
0001aaf1  _Z28TExaS_LaunchPadLogicPB27PB26v         
00017a89  _Z8ADC_InitP10ADC12_Regsjj                
0001a8c1  _Z8DAC5_Outj                              
0001a441  _Z8LED_Initv                              
0001abe5  _Z8PLL_Initv                              
00018355  _Z8SPI_Initv                              
0001a721  _Z9ADC_StartP10ADC12_Regs                 
0001a17d  _Z9SPI_Resetv                             
0001aa81  _Z9Sound_Hitv                             
0001871d  _Z9UART_Initv                             
0001abef  _ZN10StartState10play_soundEP4Game        
00019899  _ZN10StartState5logicEP4Game              
000196a5  _ZN10StartState7displayEP4Game            
0001aa95  _ZN10StartState7onEnterEP4Game            
0001a611  _ZN10StartStateC1Ev                       
0001a611  _ZN10StartStateC2Ev                       
0001abf9  _ZN18RoundFeedbackState10play_soundEP4Game
00019bd1  _ZN18RoundFeedbackState5logicEP4Game      
00017cd5  _ZN18RoundFeedbackState7displayEP4Game    
00018541  _ZN18RoundFeedbackState7onEnterEP4Game    
0001a749  _ZN18RoundFeedbackStateC1Ev               
0001a749  _ZN18RoundFeedbackStateC2Ev               
0001ac03  _ZN18SwitchOffenceState10play_soundEP4Game
0001947d  _ZN18SwitchOffenceState5logicEP4Game      
000188ed  _ZN18SwitchOffenceState7displayEP4Game    
00019c81  _ZN18SwitchOffenceState7onEnterEP4Game    
0001a7e9  _ZN18SwitchOffenceStateC1Ev               
0001a7e9  _ZN18SwitchOffenceStateC2Ev               
0001ac0d  _ZN4Game10directionsEv                    
0001a475  _ZN4Game10get_inputsEv                    
0001a9cb  _ZN4Game11updateStateEv                   
00019ebd  _ZN4Game12switchStatesEi                  
000198f9  _ZN4Game4initEv                           
00019b79  _ZN4GameC2Ev                              
0001ac17  _ZN5State10play_soundEP4Game              
0001ac21  _ZN5State5logicEP4Game                    
0001a2bb  _ZN5State7displayEP4Game                  
0001ab01  _ZN5State7onEnterEP4Game                  
0001a979  _ZN5StateC2Ev                             
00019309  _ZN8SlidePot4InitEv                       
0001a9b1  _ZN8SlidePotC1Ejj                         
0001a9b1  _ZN8SlidePotC2Ejj                         
0001ac2b  _ZN8WinState10play_soundEP4Game           
0001a27d  _ZN8WinState5logicEP4Game                 
0001ac35  _ZN8WinState7displayEP4Game               
0001764d  _ZN8WinState7onEnterEP4Game               
0001a8e1  _ZN8WinStateC1Ev                          
0001a8e1  _ZN8WinStateC2Ev                          
0001ac3f  _ZN9Atk1State10play_soundEP4Game          
000199b9  _ZN9Atk1State5logicEP4Game                
00018025  _ZN9Atk1State7displayEP4Game              
0001970d  _ZN9Atk1State7onEnterEP4Game              
0001a80d  _ZN9Atk1StateC1Ev                         
0001a80d  _ZN9Atk1StateC2Ev                         
0001ac49  _ZN9Atk2State10play_soundEP4Game          
00019a15  _ZN9Atk2State5logicEP4Game                
00018135  _ZN9Atk2State7displayEP4Game              
00019771  _ZN9Atk2State7onEnterEP4Game              
0001a831  _ZN9Atk2StateC1Ev                         
0001a831  _ZN9Atk2StateC2Ev                         
0001ac53  _ZN9Atk3State10play_soundEP4Game          
00019d29  _ZN9Atk3State5logicEP4Game                
00018245  _ZN9Atk3State7displayEP4Game              
00019959  _ZN9Atk3State7onEnterEP4Game              
0001a855  _ZN9Atk3StateC1Ev                         
0001a855  _ZN9Atk3StateC2Ev                         
00016684  _ZTV10StartState                          
0001669c  _ZTV18RoundFeedbackState                  
000166b4  _ZTV18SwitchOffenceState                  
000166cc  _ZTV5State                                
000166e4  _ZTV8WinState                             
000166fc  _ZTV9Atk1State                            
00016714  _ZTV9Atk2State                            
0001672c  _ZTV9Atk3State                            
20200520  __CIOBUF_                                 
20208000  __STACK_END                               
00000200  __STACK_SIZE                              
00000200  __SYSMEM_SIZE                             
00000000  __TI_ATRegion0_region_sz                  
00000000  __TI_ATRegion0_src_addr                   
00000000  __TI_ATRegion0_trg_addr                   
00000000  __TI_ATRegion1_region_sz                  
00000000  __TI_ATRegion1_src_addr                   
00000000  __TI_ATRegion1_trg_addr                   
00000000  __TI_ATRegion2_region_sz                  
00000000  __TI_ATRegion2_src_addr                   
00000000  __TI_ATRegion2_trg_addr                   
0001ad0c  __TI_CINIT_Base                           
0001ad1c  __TI_CINIT_Limit                          
0001ad1c  __TI_CINIT_Warm                           
0001acf8  __TI_Handler_Table_Base                   
0001ad04  __TI_Handler_Table_Limit                  
00019cd5  __TI_auto_init_nobinit                    
0001a4a9  __TI_cleanup                              
202002e4  __TI_cleanup_ptr                          
00019385  __TI_closefile                            
00019401  __TI_decompress_lzss                      
0001aacf  __TI_decompress_none                      
00019d7b  __TI_doflush                              
202002e8  __TI_dtors_ptr                            
202002f8  __TI_ft_end                               
ffffffff  __TI_pprof_out_hndl                       
00016881  __TI_printfi_nofloat                      
ffffffff  __TI_prof_data_size                       
ffffffff  __TI_prof_data_start                      
0001a4dd  __TI_readmsg                              
00000000  __TI_static_base__                        
20200640  __TI_tmpnams                              
0001a511  __TI_writemsg                             
0001aa41  __TI_zero_init_nomemset                   
00016500  __aeabi_ctype_table_                      
00016500  __aeabi_ctype_table_C                     
202002fc  __aeabi_errno                             
00019179  __aeabi_errno_addr                        
00019c29  __aeabi_idiv                              
00018cc7  __aeabi_idiv0                             
00019c29  __aeabi_idivmod                           
00018d6b  __aeabi_ldiv0                             
0001a921  __aeabi_llsl                              
0001a879  __aeabi_lmul                              
0001abb9  __aeabi_memclr                            
0001abb9  __aeabi_memclr4                           
0001abb9  __aeabi_memclr8                           
0001ac5d  __aeabi_memcpy                            
0001ac5d  __aeabi_memcpy4                           
0001ac5d  __aeabi_memcpy8                           
0001ab4d  __aeabi_memset                            
0001ab4d  __aeabi_memset4                           
0001ab4d  __aeabi_memset8                           
0001a1bd  __aeabi_uidiv                             
0001a1bd  __aeabi_uidivmod                          
0001aaa9  __aeabi_uldivmod                          
0001a921  __ashldi3                                 
ffffffff  __binit__                                 
UNDEFED   __mpu_init                                
0001a879  __muldi3                                  
0001a2f9  __muldsi3                                 
20207e00  __stack                                   
20200000  __start___llvm_prf_bits                   
20200000  __start___llvm_prf_cnts                   
20200000  __stop___llvm_prf_bits                    
20200000  __stop___llvm_prf_cnts                    
00018cc9  __udivmoddi4                              
0001a7c1  _c_int00_noargs                           
20200208  _device                                   
20200118  _ftable                                   
20200300  _lock                                     
00019067  _nop                                      
20200280  _stream                                   
20200320  _sys_memory                               
UNDEFED   _system_post_cinit                        
0001ac7b  _system_pre_init                          
20200304  _unlock                                   
0001ac6d  abort                                     
00018631  add_device                                
00017f11  aligned_alloc                             
0001a23d  atoi                                      
ffffffff  binit                                     
00019e6d  close                                     
0001a545  exit                                      
0001a579  finddevice                                
0001a671  fopen                                     
00018805  free                                      
0001a5ad  freopen                                   
20200000  game                                      
00019639  getdevice                                 
00000000  interruptVectors                          
000190f1  main                                      
0001abc5  malloc                                    
00017f11  memalign                                  
0001a89d  memccpy                                   
00018e0d  open                                      
202006e0  parmbuf                                   
0001ac65  remove                                    
000189cd  setvbuf                                   
00019f0d  snprintf                                  
00019181  strcmp                                    
0001a6cd  unlink                                    
0001ab21  wcslen                                    
0001a799  write                                     


GLOBAL SYMBOLS: SORTED BY Symbol Address 

address   name                                      
-------   ----                                      
00000000  __TI_ATRegion0_region_sz                  
00000000  __TI_ATRegion0_src_addr                   
00000000  __TI_ATRegion0_trg_addr                   
00000000  __TI_ATRegion1_region_sz                  
00000000  __TI_ATRegion1_src_addr                   
00000000  __TI_ATRegion1_trg_addr                   
00000000  __TI_ATRegion2_region_sz                  
00000000  __TI_ATRegion2_src_addr                   
00000000  __TI_ATRegion2_trg_addr                   
00000000  __TI_static_base__                        
00000000  interruptVectors                          
00000200  __STACK_SIZE                              
00000200  __SYSMEM_SIZE                             
00016500  __aeabi_ctype_table_                      
00016500  __aeabi_ctype_table_C                     
00016684  _ZTV10StartState                          
0001669c  _ZTV18RoundFeedbackState                  
000166b4  _ZTV18SwitchOffenceState                  
000166cc  _ZTV5State                                
000166e4  _ZTV8WinState                             
000166fc  _ZTV9Atk1State                            
00016714  _ZTV9Atk2State                            
0001672c  _ZTV9Atk3State                            
00016881  __TI_printfi_nofloat                      
000170e9  _Z17ST7735_DrawBitmapssPKtss              
000172f9  _Z15Clock_Init80MHzi                      
000174ad  _Z16ST7735_DrawCharSsscssh                
0001764d  _ZN8WinState7onEnterEP4Game               
0001793d  _Z25CDH_DrawBitmapTransparentssPKtsstbb   
00017a89  _Z8ADC_InitP10ADC12_Regsjj                
00017bb1  _Z16CDH_DrawBitmap2xssPKtss               
00017cd5  _ZN18RoundFeedbackState7displayEP4Game    
00017df9  _Z15ST7735_FillRectsssst                  
00017f11  aligned_alloc                             
00017f11  memalign                                  
00018025  _ZN9Atk1State7displayEP4Game              
00018135  _ZN9Atk2State7displayEP4Game              
00018245  _ZN9Atk3State7displayEP4Game              
00018355  _Z8SPI_Initv                              
0001844d  _Z18ST7735_SetRotationh                   
00018541  _ZN18RoundFeedbackState7onEnterEP4Game    
00018631  add_device                                
0001871d  _Z9UART_Initv                             
00018805  free                                      
000188ed  _ZN18SwitchOffenceState7displayEP4Game    
000189cd  setvbuf                                   
00018aad  _Z14ST7735_OutCharc                       
00018b7d  _Z14TimerG7_IntArmtjj                     
00018cc7  __aeabi_idiv0                             
00018cc9  __udivmoddi4                              
00018d6b  __aeabi_ldiv0                             
00018d6d  _Z17ST7735_InitPrintf10initRFlags         
00018e0d  open                                      
00018ead  _Z12ST7735_InitR10initRFlags              
00018f45  _Z15TimerG12_IntArmjj                     
00018fd9  _Z14CDH_DrawStringttPcsii                 
00019067  _nop                                      
000190f1  main                                      
00019179  __aeabi_errno_addr                        
00019181  strcmp                                    
00019209  _Z17ST7735_DrawStringttPcs                
0001928d  _Z14LaunchPad_Initv                       
00019309  _ZN8SlidePot4InitEv                       
00019385  __TI_closefile                            
00019401  __TI_decompress_lzss                      
0001947d  _ZN18SwitchOffenceState5logicEP4Game      
000194f1  _Z16ST7735_DrawPixelsst                   
00019561  HOSTlseek                                 
000195cd  HOSTrename                                
00019639  getdevice                                 
000196a5  _ZN10StartState7displayEP4Game            
0001970d  _ZN9Atk1State7onEnterEP4Game              
00019771  _ZN9Atk2State7onEnterEP4Game              
00019839  HOSTopen                                  
00019899  _ZN10StartState5logicEP4Game              
000198f9  _ZN4Game4initEv                           
00019959  _ZN9Atk3State7onEnterEP4Game              
000199b9  _ZN9Atk1State5logicEP4Game                
00019a15  _ZN9Atk2State5logicEP4Game                
00019a71  HOSTread                                  
00019ac9  HOSTwrite                                 
00019b21  _Z10TExaS_InitP10ADC12_RegsjPFhvE         
00019b79  _ZN4GameC2Ev                              
00019bd1  _ZN18RoundFeedbackState5logicEP4Game      
00019c29  __aeabi_idiv                              
00019c29  __aeabi_idivmod                           
00019c81  _ZN18SwitchOffenceState7onEnterEP4Game    
00019cd5  __TI_auto_init_nobinit                    
00019d29  _ZN9Atk3State5logicEP4Game                
00019d7b  __TI_doflush                              
00019dcd  _Z10Sound_Initv                           
00019e1d  _Z11CDH_OutUDecttjsii                     
00019e6d  close                                     
00019ebd  _ZN4Game12switchStatesEi                  
00019f0d  snprintf                                  
00019f59  HOSTclose                                 
00019fa1  HOSTunlink                                
00019fe9  _Z14SPI_OutCommandc                       
0001a031  SysTick_Handler                           
0001a075  TIMG12_IRQHandler                         
0001a0b9  _Z14SysTick_IntArmjj                      
0001a0fd  TIMG7_IRQHandler                          
0001a13d  _Z11Sound_StartPKhj                       
0001a17d  _Z9SPI_Resetv                             
0001a1bd  __aeabi_uidiv                             
0001a1bd  __aeabi_uidivmod                          
0001a23d  atoi                                      
0001a27d  _ZN8WinState5logicEP4Game                 
0001a2bb  _ZN5State7displayEP4Game                  
0001a2f9  __muldsi3                                 
0001a335  _Z11SPI_OutDatac                          
0001a36d  _Z15ActivatePortA_Bv                      
0001a3a5  _Z12ST7735_writeiPKcj                     
0001a3d9  _Z14Clock_Delay1msj                       
0001a40d  _Z16ST7735_SetCursorjj                    
0001a441  _Z8LED_Initv                              
0001a475  _ZN4Game10get_inputsEv                    
0001a4a9  __TI_cleanup                              
0001a4dd  __TI_readmsg                              
0001a511  __TI_writemsg                             
0001a53d  C$$IO$$                                   
0001a545  exit                                      
0001a579  finddevice                                
0001a5ad  freopen                                   
0001a611  _ZN10StartStateC1Ev                       
0001a611  _ZN10StartStateC2Ev                       
0001a671  fopen                                     
0001a6a1  _Z17ST7735_FillScreent                    
0001a6cd  unlink                                    
0001a6f9  _Z11Switch_Initv                          
0001a721  _Z9ADC_StartP10ADC12_Regs                 
0001a749  _ZN18RoundFeedbackStateC1Ev               
0001a749  _ZN18RoundFeedbackStateC2Ev               
0001a799  write                                     
0001a7c1  _c_int00_noargs                           
0001a7e9  _ZN18SwitchOffenceStateC1Ev               
0001a7e9  _ZN18SwitchOffenceStateC2Ev               
0001a80d  _ZN9Atk1StateC1Ev                         
0001a80d  _ZN9Atk1StateC2Ev                         
0001a831  _ZN9Atk2StateC1Ev                         
0001a831  _ZN9Atk2StateC2Ev                         
0001a855  _ZN9Atk3StateC1Ev                         
0001a855  _ZN9Atk3StateC2Ev                         
0001a879  __aeabi_lmul                              
0001a879  __muldi3                                  
0001a89d  memccpy                                   
0001a8c1  _Z8DAC5_Outj                              
0001a8e1  _ZN8WinStateC1Ev                          
0001a8e1  _ZN8WinStateC2Ev                          
0001a921  __aeabi_llsl                              
0001a921  __ashldi3                                 
0001a941  ADC0_IRQHandler                           
0001a941  ADC1_IRQHandler                           
0001a941  AES_IRQHandler                            
0001a941  CANFD0_IRQHandler                         
0001a941  DAC0_IRQHandler                           
0001a941  DMA_IRQHandler                            
0001a941  Default_Handler                           
0001a941  GROUP0_IRQHandler                         
0001a941  GROUP1_IRQHandler                         
0001a941  I2C0_IRQHandler                           
0001a941  I2C1_IRQHandler                           
0001a941  NMI_Handler                               
0001a941  PendSV_Handler                            
0001a941  RTC_IRQHandler                            
0001a941  SPI0_IRQHandler                           
0001a941  SPI1_IRQHandler                           
0001a941  SVC_Handler                               
0001a941  TIMA0_IRQHandler                          
0001a941  TIMA1_IRQHandler                          
0001a941  TIMG0_IRQHandler                          
0001a941  TIMG6_IRQHandler                          
0001a941  TIMG8_IRQHandler                          
0001a941  UART0_IRQHandler                          
0001a941  UART1_IRQHandler                          
0001a941  UART2_IRQHandler                          
0001a941  UART3_IRQHandler                          
0001a95d  HardFault_Handler                         
0001a979  _ZN5StateC2Ev                             
0001a9b1  _ZN8SlidePotC1Ejj                         
0001a9b1  _ZN8SlidePotC2Ejj                         
0001a9cb  _ZN4Game11updateStateEv                   
0001aa15  _Z11ST7735_openPKcji                      
0001aa2b  _Z11ST7735_readiPcj                       
0001aa41  __TI_zero_init_nomemset                   
0001aa59  _Z10Sound_Bellv                           
0001aa6d  _Z10Sound_Missv                           
0001aa81  _Z9Sound_Hitv                             
0001aa95  _ZN10StartState7onEnterEP4Game            
0001aaa9  __aeabi_uldivmod                          
0001aabd  TI_memcpy_small                           
0001aacf  __TI_decompress_none                      
0001aae1  _Z11Clock_Delayj                          
0001aaf1  _Z28TExaS_LaunchPadLogicPB27PB26v         
0001ab01  _ZN5State7onEnterEP4Game                  
0001ab21  wcslen                                    
0001ab3f  _Z12ST7735_lseekili                       
0001ab4d  __aeabi_memset                            
0001ab4d  __aeabi_memset4                           
0001ab4d  __aeabi_memset8                           
0001ab85  TI_memset_small                           
0001aba1  _Z10Clock_Freqv                           
0001abad  _Z13ST7735_renamePKcS0_                   
0001abb9  __aeabi_memclr                            
0001abb9  __aeabi_memclr4                           
0001abb9  __aeabi_memclr8                           
0001abc5  malloc                                    
0001abd1  _Z12ST7735_closei                         
0001abdb  _Z13ST7735_unlinkPKc                      
0001abe5  _Z8PLL_Initv                              
0001abef  _ZN10StartState10play_soundEP4Game        
0001abf9  _ZN18RoundFeedbackState10play_soundEP4Game
0001ac03  _ZN18SwitchOffenceState10play_soundEP4Game
0001ac0d  _ZN4Game10directionsEv                    
0001ac17  _ZN5State10play_soundEP4Game              
0001ac21  _ZN5State5logicEP4Game                    
0001ac2b  _ZN8WinState10play_soundEP4Game           
0001ac35  _ZN8WinState7displayEP4Game               
0001ac3f  _ZN9Atk1State10play_soundEP4Game          
0001ac49  _ZN9Atk2State10play_soundEP4Game          
0001ac53  _ZN9Atk3State10play_soundEP4Game          
0001ac5d  __aeabi_memcpy                            
0001ac5d  __aeabi_memcpy4                           
0001ac5d  __aeabi_memcpy8                           
0001ac65  remove                                    
0001ac6d  abort                                     
0001ac72  C$$EXIT                                   
0001ac73  HOSTexit                                  
0001ac77  Reset_Handler                             
0001ac7b  _system_pre_init                          
0001ac80  SHT$$INIT_ARRAY$$Base                     
0001ac84  SHT$$INIT_ARRAY$$Limit                    
0001acf8  __TI_Handler_Table_Base                   
0001ad04  __TI_Handler_Table_Limit                  
0001ad0c  __TI_CINIT_Base                           
0001ad1c  __TI_CINIT_Limit                          
0001ad1c  __TI_CINIT_Warm                           
20200000  __start___llvm_prf_bits                   
20200000  __start___llvm_prf_cnts                   
20200000  __stop___llvm_prf_bits                    
20200000  __stop___llvm_prf_cnts                    
20200000  game                                      
20200118  _ftable                                   
20200208  _device                                   
20200280  _stream                                   
202002d0  Sensor                                    
202002e4  __TI_cleanup_ptr                          
202002e8  __TI_dtors_ptr                            
202002ec  BusFreq                                   
202002f0  StX                                       
202002f4  StY                                       
202002f8  __TI_ft_end                               
202002fc  __aeabi_errno                             
20200300  _lock                                     
20200304  _unlock                                   
20200308  StTextColor                               
20200320  _sys_memory                               
20200520  _CIOBUF_                                  
20200520  __CIOBUF_                                 
20200640  __TI_tmpnams                              
202006e0  parmbuf                                   
202006e8  SoundArr                                  
202006ec  SoundCount                                
202006f0  TExaSLogic                                
202006f4  TExaSadc                                  
20207e00  __stack                                   
20208000  __STACK_END                               
ffffffff  __TI_pprof_out_hndl                       
ffffffff  __TI_prof_data_size                       
ffffffff  __TI_prof_data_start                      
ffffffff  __binit__                                 
ffffffff  binit                                     
UNDEFED   __mpu_init                                
UNDEFED   _system_post_cinit                        

[274 symbols]
